Architecture:                         aarch64
CPU op-mode(s):                       64-bit
Byte Order:                           Little Endian
CPU(s):                               14
On-line CPU(s) list:                  0-13
Vendor ID:                            ARM
Model name:                           -
Model:                                0
Thread(s) per core:                   1
Core(s) per cluster:                  14
Socket(s):                            -
Cluster(s):                           1
Stepping:                             r0p0
CPU(s) scaling MHz:                   45%
CPU max MHz:                          2601.0000
CPU min MHz:                          54.0000
BogoMIPS:                             2000.00
Flags:                                fp asimd evtstrm aes pmull sha1 sha2 crc32 atomics fphp asimdhp cpuid asimdrdm jscvt fcma lrcpc dcpop sha3 sm3 sm4 asimddp sha512 sve asimdfhm dit uscat ilrcpc flagm ssbs sb paca pacg dcpodp sve2 sveaes svepmull svebitperm svesha3 svesm4 flagm2 frint svei8mm svebf16 i8mm bf16 dgh bti ecv afp wfxt
L1d cache:                            896 KiB (14 instances)
L1i cache:                            896 KiB (14 instances)
L2 cache:                             14 MiB (14 instances)
NUMA node(s):                         1
NUMA node0 CPU(s):                    0-13
Vulnerability Gather data sampling:   Not affected
Vulnerability Itlb multihit:          Not affected
Vulnerability L1tf:                   Not affected
Vulnerability Mds:                    Not affected
Vulnerability Meltdown:               Not affected
Vulnerability Mmio stale data:        Not affected
Vulnerability Reg file data sampling: Not affected
Vulnerability Retbleed:               Not affected
Vulnerability Spec rstack overflow:   Not affected
Vulnerability Spec store bypass:      Mitigation; Speculative Store Bypass disabled via prctl
Vulnerability Spectre v1:             Mitigation; __user pointer sanitization
Vulnerability Spectre v2:             Not affected
Vulnerability Srbds:                  Not affected
Vulnerability Tsx async abort:        Not affected
