{
  "ulog_start_us": 4552000,
  "ulog_end_us": 86060000,
  "dropouts": 0,
  "missing_topics": [],
  "windows": {
    "classic_before_0": {
      "start_us": 36680235.463381864,
      "end_us": 46720234.43643972,
      "duration_s": 10.039998973057859,
      "position_error_m": {
        "count": 1255,
        "mean": 0.1005686218866637,
        "p95": 0.3504443443758946,
        "p99": 0.427404680069487,
        "max": 0.44922251464499197
      },
      "velocity_error_m_s": {
        "count": 1255,
        "mean": 0.048778507858514786,
        "p95": 0.18366595953702924,
        "p99": 0.22448970913887026,
        "max": 0.233688086271286
      },
      "tilt_deg": {
        "count": 2510,
        "mean": 0.13364648818969727,
        "p95": 0.23948056325316408,
        "p99": 0.25564438104629517,
        "max": 0.2586878836154938
      },
      "attitude_error_deg": {
        "count": 2510,
        "mean": 0.0739496499300003,
        "p95": 0.14803747832775116,
        "p99": 0.16785873472690582,
        "max": 0.18130816519260406
      },
      "angular_rate_rad_s": {
        "count": 2476,
        "mean": 0.0055968426167964935,
        "p95": 0.009746331721544266,
        "p99": 0.011099619092419744,
        "max": 0.012392687611281872
      },
      "status": "PASS"
    },
    "neural_1": {
      "start_us": 46959651.8257642,
      "end_us": 51960302.53116875,
      "duration_s": 5.00065070540455,
      "position_error_m": {
        "count": 626,
        "mean": 0.053025386739029026,
        "p95": 0.07567582299374134,
        "p99": 0.07917348873621655,
        "max": 0.07932966088274955
      },
      "velocity_error_m_s": {
        "count": 626,
        "mean": 0.023829547688364983,
        "p95": 0.05417982395738363,
        "p99": 0.11225724779069424,
        "max": 0.166951522231102
      },
      "tilt_deg": {
        "count": 1251,
        "mean": 0.41921013593673706,
        "p95": 1.214660108089447,
        "p99": 1.4642003178596497,
        "max": 1.4838488101959229
      },
      "attitude_error_deg": {
        "count": 1251,
        "mean": 0.5393310189247131,
        "p95": 1.169655978679657,
        "p99": 1.3688544631004333,
        "max": 1.4633684158325195
      },
      "angular_rate_rad_s": {
        "count": 1233,
        "mean": 0.042206671088933945,
        "p95": 0.12626373171806332,
        "p99": 0.26960266947746286,
        "max": 0.2839380204677582
      },
      "status": "PASS"
    },
    "classic_after_2": {
      "start_us": 52243464.42770795,
      "end_us": 62280242.90817348,
      "duration_s": 10.036778480465532,
      "position_error_m": {
        "count": 1255,
        "mean": 0.061082038838668994,
        "p95": 0.0894736563192161,
        "p99": 0.09321427778553971,
        "max": 0.09339781877453972
      },
      "velocity_error_m_s": {
        "count": 1255,
        "mean": 0.015038518235087395,
        "p95": 0.030688264966011042,
        "p99": 0.03336321264505386,
        "max": 0.03346802666783333
      },
      "tilt_deg": {
        "count": 2510,
        "mean": 0.14545153081417084,
        "p95": 0.33016396760940536,
        "p99": 0.391626129746437,
        "max": 0.3941611051559448
      },
      "attitude_error_deg": {
        "count": 2510,
        "mean": 0.07064920663833618,
        "p95": 0.17693863809108734,
        "p99": 0.21272883206605858,
        "max": 0.2564084827899933
      },
      "angular_rate_rad_s": {
        "count": 2473,
        "mean": 0.005823986139148474,
        "p95": 0.011714448779821396,
        "p99": 0.01661392569541933,
        "max": 0.022783011198043823
      },
      "status": "PASS"
    },
    "neural_restored_3": {
      "start_us": 62582430.84837339,
      "end_us": 67600216.38347633,
      "duration_s": 5.0177855351029415,
      "position_error_m": {
        "count": 628,
        "mean": 0.04996092254898011,
        "p95": 0.061597762140442706,
        "p99": 0.06184444629871026,
        "max": 0.06185997856662319
      },
      "velocity_error_m_s": {
        "count": 628,
        "mean": 0.02037067711353302,
        "p95": 0.038302147760987275,
        "p99": 0.05042580142617226,
        "max": 0.05331079661846161
      },
      "tilt_deg": {
        "count": 1255,
        "mean": 0.30339252948760986,
        "p95": 0.6306534707546234,
        "p99": 0.7268911516666413,
        "max": 0.7584719061851501
      },
      "attitude_error_deg": {
        "count": 1255,
        "mean": 0.43230631947517395,
        "p95": 0.6238182067871093,
        "p99": 0.7589835524559021,
        "max": 0.7912951707839966
      },
      "angular_rate_rad_s": {
        "count": 1243,
        "mean": 0.02426484413444996,
        "p95": 0.04446393735706802,
        "p99": 0.11165252104401574,
        "max": 0.11828865855932236
      },
      "status": "PASS"
    },
    "classic_after_restore_4": {
      "start_us": 67800199.24976817,
      "end_us": 77840229.23140888,
      "duration_s": 10.04002998164071,
      "position_error_m": {
        "count": 1255,
        "mean": 0.06527668530615763,
        "p95": 0.08506242977778218,
        "p99": 0.08724965601730132,
        "max": 0.08737007891856427
      },
      "velocity_error_m_s": {
        "count": 1255,
        "mean": 0.01880355179309845,
        "p95": 0.04318898767232894,
        "p99": 0.046600080132484435,
        "max": 0.046937234699726105
      },
      "tilt_deg": {
        "count": 2510,
        "mean": 0.19701915979385376,
        "p95": 0.4589336618781085,
        "p99": 0.5188537418842315,
        "max": 0.5218957662582397
      },
      "attitude_error_deg": {
        "count": 2510,
        "mean": 0.1226283609867096,
        "p95": 0.22381165623664856,
        "p99": 0.30036387294530714,
        "max": 0.44762352108955383
      },
      "angular_rate_rad_s": {
        "count": 2478,
        "mean": 0.008615399710834026,
        "p95": 0.015116141317412258,
        "p99": 0.026575367599725726,
        "max": 0.030138399451971054
      },
      "status": "PASS"
    }
  },
  "unavailable": {},
  "time_alignment": {
    "method": "exact position-vector matches, monotonic->ULog interpolation",
    "matched_samples": 733,
    "telemetry_samples": 733,
    "sampling_uncertainty_s": 0.1
  },
  "armed_motor_values_valid": true,
  "actuator_step": {
    "count": 19659,
    "mean": 0.0004291216318961233,
    "p95": 0.0017827212810516357,
    "p99": 0.00474303841590878,
    "max": 0.24109125137329102
  },
  "handovers": [
    {
      "from": "C",
      "to": "N",
      "request_to_mode_confirmation_ms": 201.071122,
      "confirmation_px4_us": 1791547860622589
    },
    {
      "from": "N",
      "to": "C",
      "request_to_mode_confirmation_ms": 201.061599,
      "confirmation_px4_us": 1791547865878589
    },
    {
      "from": "C",
      "to": "N",
      "request_to_mode_confirmation_ms": 201.286571,
      "confirmation_px4_us": 1791547876234589
    },
    {
      "from": "N",
      "to": "C",
      "request_to_mode_confirmation_ms": 201.177894,
      "confirmation_px4_us": 1791547881454589
    }
  ],
  "raptor_active_samples": 2580,
  "active_loop_interval_us": {
    "count": 2579,
    "mean": 8075.998449011245,
    "p95": 4000.0,
    "p99": 8000.0,
    "max": 10348000.0
  },
  "inference_duration_us": {
    "count": 19625,
    "mean": 6.490394904458599,
    "p95": 11.0,
    "p99": 15.0,
    "max": 271.0
  },
  "inference_nonfinite_count": 0,
  "executor_warning_count": 0,
  "inference_timing_status": "PASS",
  "control_period_us": {
    "count": 19624,
    "mean": 4109.050142682429,
    "p95": 4000.0,
    "p99": 8000.0,
    "max": 8000.0
  },
  "control_period_jitter_std_us": 651.3897735692973,
  "observation_age_us": {
    "vehicle_local_position": {
      "count": 19625,
      "mean": 1974.4203821656051,
      "p95": 4000.0,
      "p99": 4000.0,
      "max": 4000.0
    },
    "vehicle_attitude": {
      "count": 19625,
      "mean": 0.20382165605095542,
      "p95": 0.0,
      "p99": 0.0,
      "max": 4000.0
    },
    "vehicle_angular_velocity": {
      "count": 19625,
      "mean": 0.6114649681528662,
      "p95": 0.0,
      "p99": 0.0,
      "max": 4000.0
    }
  },
  "ownership_windows": {
    "classic_before_0": {
      "expected_owner": 2,
      "samples": 2426,
      "status": "PASS"
    },
    "neural_1": {
      "expected_owner": 1,
      "samples": 1229,
      "status": "PASS"
    },
    "classic_after_2": {
      "expected_owner": 2,
      "samples": 2421,
      "status": "PASS"
    },
    "neural_restored_3": {
      "expected_owner": 1,
      "samples": 1232,
      "status": "PASS"
    },
    "classic_after_restore_4": {
      "expected_owner": 2,
      "samples": 2437,
      "status": "PASS"
    }
  },
  "actuator_owner_transitions": [
    {
      "px4_us": 46812000,
      "from": 2,
      "to": 1,
      "max_motor_step": 0.2205095887184143,
      "mode_change_us": 46800000,
      "mode_to_actuator_owner_us": 12000,
      "settling_time_s": 0.004
    },
    {
      "px4_us": 52056000,
      "from": 1,
      "to": 2,
      "max_motor_step": 0.0014410018920898438,
      "mode_change_us": 52056000,
      "mode_to_actuator_owner_us": 0,
      "settling_time_s": 0.0
    },
    {
      "px4_us": 62412000,
      "from": 2,
      "to": 1,
      "max_motor_step": 0.04359859228134155,
      "mode_change_us": 62400000,
      "mode_to_actuator_owner_us": 12000,
      "settling_time_s": 0.004
    },
    {
      "px4_us": 67632000,
      "from": 1,
      "to": 2,
      "max_motor_step": 0.005132138729095459,
      "mode_change_us": 67632000,
      "mode_to_actuator_owner_us": 0,
      "settling_time_s": 0.0
    }
  ],
  "ownership_log_matching": {
    "events": 19709,
    "matched_actuator_samples": 19649
  },
  "state_log_validation": {
    "operations": 48,
    "missing_requests": [],
    "status": "PASS"
  },
  "state_values_validation": {
    "errors": [],
    "status": "PASS"
  },
  "safety_failure_events": 0,
  "host_resources": {
    "cpu_percent": {
      "count": 87,
      "mean": 10.913793103448276,
      "p95": 18.03,
      "p99": 21.766000000000002,
      "max": 23.4
    },
    "min_available_memory_bytes": 116353933312
  },
  "gazebo_real_time_factor": {
    "count": 841,
    "mean": 1.002623096683812,
    "p95": 1.0004717224171196,
    "p99": 1.0014832969237262,
    "max": 5.403098136471453
  },
  "temperature_c": {
    "count": 88,
    "mean": 45.30280681818183,
    "p95": 45.468,
    "p99": 46.97619,
    "max": 47.031
  },
  "board_power_mw": {
    "count": 88,
    "mean": 31437.272727272728,
    "p95": 35241.8,
    "p99": 36561.54,
    "max": 36612.0
  },
  "status": "PASS"
}
