Fri Oct  9 20:24:29 2026       
+-----------------------------------------------------------------------------------------+
| NVIDIA-SMI 580.00                 Driver Version: 580.00         CUDA Version: 13.0     |
+-----------------------------------------+------------------------+----------------------+
| GPU  Name                 Persistence-M | Bus-Id          Disp.A | Volatile Uncorr. ECC |
| Fan  Temp   Perf          Pwr:Usage/Cap |           Memory-Usage | GPU-Util  Compute M. |
|                                         |                        |               MIG M. |
|=========================================+========================+======================|
|   0  NVIDIA Thor                    Off |   00000000:01:00.0 Off |                  N/A |
| N/A   N/A  N/A             N/A  /  N/A  | Not Supported          |      3%      Default |
|                                         |                        |             Disabled |
+-----------------------------------------+------------------------+----------------------+

+-----------------------------------------------------------------------------------------+
| Processes:                                                                              |
|  GPU   GI   CI              PID   Type   Process name                        GPU Memory |
|        ID   ID                                                               Usage      |
|=========================================================================================|
|    0   N/A  N/A            2650      G   /usr/lib/xorg/Xorg                        0MiB |
|    0   N/A  N/A            2792    C+G   ...c/gnome-remote-desktop-daemon          0MiB |
|    0   N/A  N/A            2867      G   /usr/bin/gnome-shell                      0MiB |
|    0   N/A  N/A          516421      G   /usr/share/code/code                      0MiB |
|    0   N/A  N/A          518069      G   /usr/bin/nautilus                         0MiB |
|    0   N/A  N/A          528326      G   /usr/bin/gnome-control-center             0MiB |
+-----------------------------------------------------------------------------------------+
