{
  "ulog_start_us": 3564000,
  "ulog_end_us": 58380000,
  "dropouts": 0,
  "missing_topics": [],
  "windows": {},
  "unavailable": {
    "settling_time": "requires an explicitly defined settling band and dwell time; not inferred",
    "control_source_switch_latency": "requires publication owner event correlated with actual actuator output"
  },
  "time_alignment": {
    "method": "exact position-vector matches, monotonic->ULog interpolation",
    "matched_samples": 499,
    "telemetry_samples": 499,
    "sampling_uncertainty_s": 0.1
  },
  "armed_motor_values_valid": true,
  "actuator_step": {
    "count": 12262,
    "mean": 0.00032749472302384675,
    "p95": 0.0008666217327117913,
    "p99": 0.002996768206357938,
    "max": 0.03467601537704468
  },
  "handovers": [],
  "status": "FAIL"
}
