sim_time {
  nsec: 4000000
}
real_time {
  sec: 1
  nsec: 772579785
}
iterations: 1
real_time_factor: 0.0022565980013136617
step_size {
  nsec: 4000000
}

sim_time {
  nsec: 108000000
}
real_time {
  sec: 1
  nsec: 876562401
}
iterations: 27
real_time_factor: 1.0000832569311395
step_size {
  nsec: 4000000
}

sim_time {
  nsec: 212000000
}
real_time {
  sec: 1
  nsec: 980562748
}
iterations: 53
real_time_factor: 0.999905258976712
step_size {
  nsec: 4000000
}

sim_time {
  nsec: 316000000
}
real_time {
  sec: 2
  nsec: 84561874
}
iterations: 79
real_time_factor: 1.0001042608691957
step_size {
  nsec: 4000000
}

sim_time {
  nsec: 420000000
}
real_time {
  sec: 2
  nsec: 188562328
}
iterations: 105
real_time_factor: 1.0000027500075626
step_size {
  nsec: 4000000
}

sim_time {
  nsec: 520000000
}
real_time {
  sec: 2
  nsec: 288562581
}
iterations: 130
real_time_factor: 0.99995625191397874
step_size {
  nsec: 4000000
}

sim_time {
  nsec: 624000000
}
real_time {
  sec: 2
  nsec: 392562280
}
iterations: 156
real_time_factor: 1.0000117501380641
step_size {
  nsec: 4000000
}

sim_time {
  nsec: 724000000
}
real_time {
  sec: 2
  nsec: 492562737
}
iterations: 181
real_time_factor: 0.99989376128786311
step_size {
  nsec: 4000000
}

sim_time {
  nsec: 828000000
}
real_time {
  sec: 2
  nsec: 596561923
}
iterations: 207
real_time_factor: 1.00008375701465
step_size {
  nsec: 4000000
}

sim_time {
  nsec: 928000000
}
real_time {
  sec: 2
  nsec: 696562250
}
iterations: 232
real_time_factor: 0.99987976445832394
step_size {
  nsec: 4000000
}

sim_time {
  sec: 1
  nsec: 32000000
}
real_time {
  sec: 2
  nsec: 800562501
}
iterations: 258
real_time_factor: 0.99994700280885118
step_size {
  nsec: 4000000
}

sim_time {
  sec: 1
  nsec: 136000000
}
real_time {
  sec: 2
  nsec: 904562316
}
iterations: 284
real_time_factor: 0.99998650018224755
step_size {
  nsec: 4000000
}

sim_time {
  sec: 1
  nsec: 236000000
}
real_time {
  sec: 3
  nsec: 4564189
}
iterations: 309
real_time_factor: 0.99981278505599824
step_size {
  nsec: 4000000
}

sim_time {
  sec: 1
  nsec: 340000000
}
real_time {
  sec: 3
  nsec: 108562533
}
iterations: 335
real_time_factor: 0.99999550002025
step_size {
  nsec: 4000000
}

sim_time {
  sec: 1
  nsec: 440000000
}
real_time {
  sec: 3
  nsec: 208563290
}
iterations: 360
real_time_factor: 0.99985926980777451
step_size {
  nsec: 4000000
}

sim_time {
  sec: 1
  nsec: 544000000
}
real_time {
  sec: 3
  nsec: 312563001
}
iterations: 386
real_time_factor: 0.99997025088503622
step_size {
  nsec: 4000000
}

sim_time {
  sec: 1
  nsec: 648000000
}
real_time {
  sec: 3
  nsec: 416563211
}
iterations: 412
real_time_factor: 0.99998650018224755
step_size {
  nsec: 4000000
}

sim_time {
  sec: 1
  nsec: 712000000
}
real_time {
  sec: 3
  nsec: 744603883
}
iterations: 428
real_time_factor: 0.014923142959706421
step_size {
  nsec: 4000000
}

sim_time {
  sec: 1
  nsec: 816000000
}
real_time {
  sec: 3
  nsec: 848601103
}
iterations: 454
real_time_factor: 0.99989826035200924
step_size {
  nsec: 4000000
}

sim_time {
  sec: 1
  nsec: 920000000
}
real_time {
  sec: 3
  nsec: 952602294
}
iterations: 480
real_time_factor: 0.99971807950158054
step_size {
  nsec: 4000000
}

sim_time {
  sec: 2
  nsec: 24000000
}
real_time {
  sec: 4
  nsec: 56601467
}
iterations: 506
real_time_factor: 0.999847523252704
step_size {
  nsec: 4000000
}

sim_time {
  sec: 2
  nsec: 124000000
}
real_time {
  sec: 4
  nsec: 156603075
}
iterations: 531
real_time_factor: 0.99979204325500293
step_size {
  nsec: 4000000
}

sim_time {
  sec: 2
  nsec: 228000000
}
real_time {
  sec: 4
  nsec: 260600346
}
iterations: 557
real_time_factor: 1.0005355366459898
step_size {
  nsec: 4000000
}

sim_time {
  sec: 2
  nsec: 328000000
}
real_time {
  sec: 4
  nsec: 360601656
}
iterations: 582
real_time_factor: 1.00024556028505
step_size {
  nsec: 4000000
}

sim_time {
  sec: 2
  nsec: 432000000
}
real_time {
  sec: 4
  nsec: 464601612
}
iterations: 608
real_time_factor: 0.99985202190075873
step_size {
  nsec: 4000000
}

sim_time {
  sec: 2
  nsec: 536000000
}
real_time {
  sec: 4
  nsec: 568600337
}
iterations: 634
real_time_factor: 1.0000512526266971
step_size {
  nsec: 4000000
}

sim_time {
  sec: 2
  nsec: 640000000
}
real_time {
  sec: 4
  nsec: 672600691
}
iterations: 660
real_time_factor: 0.99989376128786311
step_size {
  nsec: 4000000
}

sim_time {
  sec: 2
  nsec: 744000000
}
real_time {
  sec: 4
  nsec: 776599935
}
iterations: 686
real_time_factor: 1.0000717551484319
step_size {
  nsec: 4000000
}

sim_time {
  sec: 2
  nsec: 844000000
}
real_time {
  sec: 4
  nsec: 876601207
}
iterations: 711
real_time_factor: 1.0002343048859195
step_size {
  nsec: 4000000
}

sim_time {
  sec: 2
  nsec: 944000000
}
real_time {
  sec: 4
  nsec: 976608924
}
iterations: 736
real_time_factor: 0.9990334351514909
step_size {
  nsec: 4000000
}

sim_time {
  sec: 3
  nsec: 48000000
}
real_time {
  sec: 5
  nsec: 80607130
}
iterations: 762
real_time_factor: 0.99981728339146025
step_size {
  nsec: 4000000
}

sim_time {
  sec: 3
  nsec: 152000000
}
real_time {
  sec: 5
  nsec: 184602732
}
iterations: 788
real_time_factor: 1.0000487523766783
step_size {
  nsec: 4000000
}

sim_time {
  sec: 3
  nsec: 256000000
}
real_time {
  sec: 5
  nsec: 288601009
}
iterations: 814
real_time_factor: 0.99987751500441191
step_size {
  nsec: 4000000
}

sim_time {
  sec: 3
  nsec: 356000000
}
real_time {
  sec: 5
  nsec: 388603101
}
iterations: 839
real_time_factor: 1.0002225495172676
step_size {
  nsec: 4000000
}

sim_time {
  sec: 3
  nsec: 460000000
}
real_time {
  sec: 5
  nsec: 492605081
}
iterations: 865
real_time_factor: 0.99931571856171486
step_size {
  nsec: 4000000
}

sim_time {
  sec: 3
  nsec: 564000000
}
real_time {
  sec: 5
  nsec: 596605876
}
iterations: 891
real_time_factor: 0.99931322198818862
step_size {
  nsec: 4000000
}

sim_time {
  sec: 3
  nsec: 668000000
}
real_time {
  sec: 5
  nsec: 700600828
}
iterations: 917
real_time_factor: 1.0001210146427717
step_size {
  nsec: 4000000
}

sim_time {
  sec: 3
  nsec: 768000000
}
real_time {
  sec: 5
  nsec: 800601745
}
iterations: 942
real_time_factor: 0.99999825000306253
step_size {
  nsec: 4000000
}

sim_time {
  sec: 3
  nsec: 872000000
}
real_time {
  sec: 5
  nsec: 904601411
}
iterations: 968
real_time_factor: 0.99975506001029746
step_size {
  nsec: 4000000
}

sim_time {
  sec: 3
  nsec: 976000000
}
real_time {
  sec: 6
  nsec: 8601243
}
iterations: 994
real_time_factor: 1.0000535028624031
step_size {
  nsec: 4000000
}

sim_time {
  sec: 4
  nsec: 80000000
}
real_time {
  sec: 6
  nsec: 112600157
}
iterations: 1020
real_time_factor: 1.0001765311577493
step_size {
  nsec: 4000000
}

sim_time {
  sec: 4
  nsec: 180000000
}
real_time {
  sec: 6
  nsec: 212600172
}
iterations: 1045
real_time_factor: 1.0000697548654018
step_size {
  nsec: 4000000
}

sim_time {
  sec: 4
  nsec: 280000000
}
real_time {
  sec: 6
  nsec: 312601484
}
iterations: 1070
real_time_factor: 0.99991700688842822
step_size {
  nsec: 4000000
}

sim_time {
  sec: 4
  nsec: 384000000
}
real_time {
  sec: 6
  nsec: 416600599
}
iterations: 1096
real_time_factor: 0.99997275074254222
step_size {
  nsec: 4000000
}

sim_time {
  sec: 4
  nsec: 488000000
}
real_time {
  sec: 6
  nsec: 520601325
}
iterations: 1122
real_time_factor: 0.99994475305239383
step_size {
  nsec: 4000000
}

sim_time {
  sec: 4
  nsec: 592000000
}
real_time {
  sec: 6
  nsec: 624601006
}
iterations: 1148
real_time_factor: 1.000058003364195
step_size {
  nsec: 4000000
}

sim_time {
  sec: 4
  nsec: 692000000
}
real_time {
  sec: 6
  nsec: 724601659
}
iterations: 1173
real_time_factor: 0.99983852607803836
step_size {
  nsec: 4000000
}

sim_time {
  sec: 4
  nsec: 792000000
}
real_time {
  sec: 6
  nsec: 824602063
}
iterations: 1198
real_time_factor: 1.0001440207389865
step_size {
  nsec: 4000000
}

sim_time {
  sec: 4
  nsec: 896000000
}
real_time {
  sec: 6
  nsec: 928601919
}
iterations: 1224
real_time_factor: 1.0000512526266971
step_size {
  nsec: 4000000
}

sim_time {
  sec: 5
}
real_time {
  sec: 7
  nsec: 32601136
}
iterations: 1250
real_time_factor: 1.0000560031361756
step_size {
  nsec: 4000000
}

sim_time {
  sec: 5
  nsec: 100000000
}
real_time {
  sec: 7
  nsec: 132604956
}
iterations: 1275
real_time_factor: 0.99999825000306253
step_size {
  nsec: 4000000
}

sim_time {
  sec: 5
  nsec: 204000000
}
real_time {
  sec: 7
  nsec: 236600280
}
iterations: 1301
real_time_factor: 1.0001510228044435
step_size {
  nsec: 4000000
}

sim_time {
  sec: 5
  nsec: 304000000
}
real_time {
  sec: 7
  nsec: 336604986
}
iterations: 1326
real_time_factor: 0.999569935035451
step_size {
  nsec: 4000000
}

sim_time {
  sec: 5
  nsec: 408000000
}
real_time {
  sec: 7
  nsec: 440600903
}
iterations: 1352
real_time_factor: 1.0001067613967791
step_size {
  nsec: 4000000
}

sim_time {
  sec: 5
  nsec: 508000000
}
real_time {
  sec: 7
  nsec: 540602683
}
iterations: 1377
real_time_factor: 0.99967635478013994
step_size {
  nsec: 4000000
}

sim_time {
  sec: 5
  nsec: 612000000
}
real_time {
  sec: 7
  nsec: 644602391
}
iterations: 1403
real_time_factor: 0.99974331590364174
step_size {
  nsec: 4000000
}

sim_time {
  sec: 5
  nsec: 712000000
}
real_time {
  sec: 7
  nsec: 744602940
}
iterations: 1428
real_time_factor: 0.99977804927306135
step_size {
  nsec: 4000000
}

sim_time {
  sec: 5
  nsec: 816000000
}
real_time {
  sec: 7
  nsec: 848601302
}
iterations: 1454
real_time_factor: 0.99980803685692343
step_size {
  nsec: 4000000
}

sim_time {
  sec: 5
  nsec: 920000000
}
real_time {
  sec: 7
  nsec: 952601005
}
iterations: 1480
real_time_factor: 0.99999825000306253
step_size {
  nsec: 4000000
}

sim_time {
  sec: 6
  nsec: 20000000
}
real_time {
  sec: 8
  nsec: 52600701
}
iterations: 1505
real_time_factor: 1.0001880353506458
step_size {
  nsec: 4000000
}

sim_time {
  sec: 6
  nsec: 120000000
}
real_time {
  sec: 8
  nsec: 152603507
}
iterations: 1530
real_time_factor: 0.9995332179872
step_size {
  nsec: 4000000
}

sim_time {
  sec: 6
  nsec: 224000000
}
real_time {
  sec: 8
  nsec: 256600698
}
iterations: 1556
real_time_factor: 1.0001580249679449
step_size {
  nsec: 4000000
}

sim_time {
  sec: 6
  nsec: 324000000
}
real_time {
  sec: 8
  nsec: 356601382
}
iterations: 1581
real_time_factor: 1.0005563093079752
step_size {
  nsec: 4000000
}

sim_time {
  sec: 6
  nsec: 424000000
}
real_time {
  sec: 8
  nsec: 456607306
}
iterations: 1606
real_time_factor: 0.9985189467722001
step_size {
  nsec: 4000000
}

sim_time {
  sec: 6
  nsec: 528000000
}
real_time {
  sec: 8
  nsec: 560602395
}
iterations: 1632
real_time_factor: 1.0002227996286173
step_size {
  nsec: 4000000
}

sim_time {
  sec: 6
  nsec: 628000000
}
real_time {
  sec: 8
  nsec: 660602310
}
iterations: 1657
real_time_factor: 1.000241308215607
step_size {
  nsec: 4000000
}

sim_time {
  sec: 6
  nsec: 728000000
}
real_time {
  sec: 8
  nsec: 760604660
}
iterations: 1682
real_time_factor: 0.9996928443735662
step_size {
  nsec: 4000000
}

sim_time {
  sec: 6
  nsec: 832000000
}
real_time {
  sec: 8
  nsec: 864601925
}
iterations: 1708
real_time_factor: 0.99990100980002983
step_size {
  nsec: 4000000
}

sim_time {
  sec: 6
  nsec: 932000000
}
real_time {
  sec: 8
  nsec: 964602952
}
iterations: 1733
real_time_factor: 0.99999100008099928
step_size {
  nsec: 4000000
}

sim_time {
  sec: 7
  nsec: 32000000
}
real_time {
  sec: 9
  nsec: 64607107
}
iterations: 1758
real_time_factor: 0.9986575545822528
step_size {
  nsec: 4000000
}

sim_time {
  sec: 7
  nsec: 136000000
}
real_time {
  sec: 9
  nsec: 168600526
}
iterations: 1784
real_time_factor: 1.0000515026523866
step_size {
  nsec: 4000000
}

sim_time {
  sec: 7
  nsec: 240000000
}
real_time {
  sec: 9
  nsec: 272606445
}
iterations: 1810
real_time_factor: 0.998548858870846
step_size {
  nsec: 4000000
}

sim_time {
  sec: 7
  nsec: 340000000
}
real_time {
  sec: 9
  nsec: 372604495
}
iterations: 1835
real_time_factor: 0.99918641246365147
step_size {
  nsec: 4000000
}

sim_time {
  sec: 7
  nsec: 444000000
}
real_time {
  sec: 9
  nsec: 476602164
}
iterations: 1861
real_time_factor: 0.99982003239416906
step_size {
  nsec: 4000000
}

sim_time {
  sec: 7
  nsec: 548000000
}
real_time {
  sec: 9
  nsec: 580601026
}
iterations: 1887
real_time_factor: 1.0000237505640759
step_size {
  nsec: 4000000
}

sim_time {
  sec: 7
  nsec: 648000000
}
real_time {
  sec: 9
  nsec: 680601882
}
iterations: 1912
real_time_factor: 0.99982927915058506
step_size {
  nsec: 4000000
}

sim_time {
  sec: 7
  nsec: 752000000
}
real_time {
  sec: 9
  nsec: 784601069
}
iterations: 1938
real_time_factor: 0.99994750275610533
step_size {
  nsec: 4000000
}

sim_time {
  sec: 7
  nsec: 856000000
}
real_time {
  sec: 9
  nsec: 888600201
}
iterations: 1964
real_time_factor: 1.0001717795031297
step_size {
  nsec: 4000000
}

sim_time {
  sec: 7
  nsec: 956000000
}
real_time {
  sec: 9
  nsec: 988601010
}
iterations: 1989
real_time_factor: 1.0011037168478247
step_size {
  nsec: 4000000
}

sim_time {
  sec: 8
  nsec: 56000000
}
real_time {
  sec: 10
  nsec: 88601227
}
iterations: 2014
real_time_factor: 0.99963738153984638
step_size {
  nsec: 4000000
}

sim_time {
  sec: 8
  nsec: 160000000
}
real_time {
  sec: 10
  nsec: 192600846
}
iterations: 2040
real_time_factor: 0.99996600115596068
step_size {
  nsec: 4000000
}

sim_time {
  sec: 8
  nsec: 264000000
}
real_time {
  sec: 10
  nsec: 296600594
}
iterations: 2066
real_time_factor: 1.0000770059294566
step_size {
  nsec: 4000000
}

sim_time {
  sec: 8
  nsec: 364000000
}
real_time {
  sec: 10
  nsec: 396601446
}
iterations: 2091
real_time_factor: 1.0001092619368666
step_size {
  nsec: 4000000
}

sim_time {
  sec: 8
  nsec: 464000000
}
real_time {
  sec: 10
  nsec: 496602771
}
iterations: 2116
real_time_factor: 1.000095509121121
step_size {
  nsec: 4000000
}

sim_time {
  sec: 8
  nsec: 564000000
}
real_time {
  sec: 10
  nsec: 596604429
}
iterations: 2141
real_time_factor: 0.99971807950158054
step_size {
  nsec: 4000000
}

sim_time {
  sec: 8
  nsec: 668000000
}
real_time {
  sec: 10
  nsec: 700602945
}
iterations: 2167
real_time_factor: 0.99955394905023631
step_size {
  nsec: 4000000
}

sim_time {
  sec: 8
  nsec: 768000000
}
real_time {
  sec: 10
  nsec: 800604399
}
iterations: 2192
real_time_factor: 0.99966486235489549
step_size {
  nsec: 4000000
}

sim_time {
  sec: 8
  nsec: 872000000
}
real_time {
  sec: 10
  nsec: 904601220
}
iterations: 2218
real_time_factor: 0.99990125975059962
step_size {
  nsec: 4000000
}

sim_time {
  sec: 8
  nsec: 972000000
}
real_time {
  sec: 11
  nsec: 4601267
}
iterations: 2243
real_time_factor: 0.9999472527824157
step_size {
  nsec: 4000000
}

sim_time {
  sec: 9
  nsec: 72000000
}
real_time {
  sec: 11
  nsec: 104600870
}
iterations: 2268
real_time_factor: 1.0000905081909912
step_size {
  nsec: 4000000
}

sim_time {
  sec: 9
  nsec: 172000000
}
real_time {
  sec: 11
  nsec: 204604116
}
iterations: 2293
real_time_factor: 0.99914248596142363
step_size {
  nsec: 4000000
}

sim_time {
  sec: 9
  nsec: 276000000
}
real_time {
  sec: 11
  nsec: 308605472
}
iterations: 2319
real_time_factor: 0.999813034962462
step_size {
  nsec: 4000000
}

sim_time {
  sec: 9
  nsec: 376000000
}
real_time {
  sec: 11
  nsec: 408884665
}
iterations: 2344
real_time_factor: 0.93421339349044774
step_size {
  nsec: 4000000
}

sim_time {
  sec: 9
  nsec: 480000000
}
real_time {
  sec: 11
  nsec: 512605277
}
iterations: 2370
real_time_factor: 0.99880742393582067
step_size {
  nsec: 4000000
}

sim_time {
  sec: 9
  nsec: 584000000
}
real_time {
  sec: 11
  nsec: 616600271
}
iterations: 2396
real_time_factor: 1.000290084124396
step_size {
  nsec: 4000000
}

sim_time {
  sec: 9
  nsec: 688000000
}
real_time {
  sec: 11
  nsec: 720606181
}
iterations: 2422
real_time_factor: 0.99868996843390678
step_size {
  nsec: 4000000
}

sim_time {
  sec: 9
  nsec: 792000000
}
real_time {
  sec: 11
  nsec: 824601861
}
iterations: 2448
real_time_factor: 1.0007513140490223
step_size {
  nsec: 4000000
}

sim_time {
  sec: 9
  nsec: 896000000
}
real_time {
  sec: 11
  nsec: 928603012
}
iterations: 2474
real_time_factor: 0.99953796357633684
step_size {
  nsec: 4000000
}

sim_time {
  sec: 10
}
real_time {
  sec: 12
  nsec: 32602174
}
iterations: 2500
real_time_factor: 0.99989176171679417
step_size {
  nsec: 4000000
}

sim_time {
  sec: 10
  nsec: 100000000
}
real_time {
  sec: 12
  nsec: 132601206
}
iterations: 2525
real_time_factor: 1.0005588120965558
step_size {
  nsec: 4000000
}

sim_time {
  sec: 10
  nsec: 204000000
}
real_time {
  sec: 12
  nsec: 236601723
}
iterations: 2551
real_time_factor: 1.0000080000640006
step_size {
  nsec: 4000000
}

sim_time {
  sec: 10
  nsec: 304000000
}
real_time {
  sec: 12
  nsec: 336601994
}
iterations: 2576
real_time_factor: 1.0007931285543794
step_size {
  nsec: 4000000
}

sim_time {
  sec: 10
  nsec: 404000000
}
real_time {
  sec: 12
  nsec: 436601987
}
iterations: 2601
real_time_factor: 1.0008532273763384
step_size {
  nsec: 4000000
}

sim_time {
  sec: 10
  nsec: 508000000
}
real_time {
  sec: 12
  nsec: 540604978
}
iterations: 2627
real_time_factor: 0.99946603527065669
step_size {
  nsec: 4000000
}

sim_time {
  sec: 10
  nsec: 612000000
}
real_time {
  sec: 12
  nsec: 644599847
}
iterations: 2653
real_time_factor: 1.0002645699787593
step_size {
  nsec: 4000000
}

sim_time {
  sec: 10
  nsec: 712000000
}
real_time {
  sec: 12
  nsec: 744604038
}
iterations: 2678
real_time_factor: 0.999422084179823
step_size {
  nsec: 4000000
}

sim_time {
  sec: 10
  nsec: 816000000
}
real_time {
  sec: 12
  nsec: 848601735
}
iterations: 2704
real_time_factor: 0.9999820003239942
step_size {
  nsec: 4000000
}

sim_time {
  sec: 10
  nsec: 916000000
}
real_time {
  sec: 12
  nsec: 948601421
}
iterations: 2729
real_time_factor: 1.0004849850965256
step_size {
  nsec: 4000000
}

sim_time {
  sec: 11
  nsec: 16000000
}
real_time {
  sec: 13
  nsec: 48603423
}
iterations: 2754
real_time_factor: 1.0002948369031772
step_size {
  nsec: 4000000
}

sim_time {
  sec: 11
  nsec: 120000000
}
real_time {
  sec: 13
  nsec: 152602301
}
iterations: 2780
real_time_factor: 0.99959116721261
step_size {
  nsec: 4000000
}

sim_time {
  sec: 11
  nsec: 220000000
}
real_time {
  sec: 13
  nsec: 252605179
}
iterations: 2805
real_time_factor: 0.99976480532954626
step_size {
  nsec: 4000000
}

sim_time {
  sec: 11
  nsec: 324000000
}
real_time {
  sec: 13
  nsec: 356602305
}
iterations: 2831
real_time_factor: 1.0000957591689403
step_size {
  nsec: 4000000
}

sim_time {
  sec: 11
  nsec: 428000000
}
real_time {
  sec: 13
  nsec: 460602023
}
iterations: 2857
real_time_factor: 0.99966261386781963
step_size {
  nsec: 4000000
}

sim_time {
  sec: 11
  nsec: 528000000
}
real_time {
  sec: 13
  nsec: 560601966
}
iterations: 2882
real_time_factor: 1.0003108465955797
step_size {
  nsec: 4000000
}

sim_time {
  sec: 11
  nsec: 628000000
}
real_time {
  sec: 13
  nsec: 660602945
}
iterations: 2907
real_time_factor: 0.999589168851602
step_size {
  nsec: 4000000
}

sim_time {
  sec: 11
  nsec: 732000000
}
real_time {
  sec: 13
  nsec: 764601154
}
iterations: 2933
real_time_factor: 1.0002438094285482
step_size {
  nsec: 4000000
}

sim_time {
  sec: 11
  nsec: 832000000
}
real_time {
  sec: 13
  nsec: 864600838
}
iterations: 2958
real_time_factor: 1.0004014110661903
step_size {
  nsec: 4000000
}

sim_time {
  sec: 11
  nsec: 932000000
}
real_time {
  sec: 13
  nsec: 964601521
}
iterations: 2983
real_time_factor: 1.000932368501259
step_size {
  nsec: 4000000
}

sim_time {
  sec: 12
  nsec: 32000000
}
real_time {
  sec: 14
  nsec: 64601594
}
iterations: 3008
real_time_factor: 1.0004684693607782
step_size {
  nsec: 4000000
}

sim_time {
  sec: 12
  nsec: 136000000
}
real_time {
  sec: 14
  nsec: 168601403
}
iterations: 3034
real_time_factor: 0.99998650018224755
step_size {
  nsec: 4000000
}

sim_time {
  sec: 12
  nsec: 240000000
}
real_time {
  sec: 14
  nsec: 272600857
}
iterations: 3060
real_time_factor: 0.99998250030624469
step_size {
  nsec: 4000000
}

sim_time {
  sec: 12
  nsec: 340000000
}
real_time {
  sec: 14
  nsec: 372601612
}
iterations: 3085
real_time_factor: 0.99982702992382322
step_size {
  nsec: 4000000
}

sim_time {
  sec: 12
  nsec: 440000000
}
real_time {
  sec: 14
  nsec: 472601467
}
iterations: 3110
real_time_factor: 0.9997183293607026
step_size {
  nsec: 4000000
}

sim_time {
  sec: 12
  nsec: 540000000
}
real_time {
  sec: 14
  nsec: 572603619
}
iterations: 3135
real_time_factor: 0.99973706915081328
step_size {
  nsec: 4000000
}

sim_time {
  sec: 12
  nsec: 644000000
}
real_time {
  sec: 14
  nsec: 676601982
}
iterations: 3161
real_time_factor: 0.99993125472623756
step_size {
  nsec: 4000000
}

sim_time {
  sec: 12
  nsec: 748000000
}
real_time {
  sec: 14
  nsec: 780602825
}
iterations: 3187
real_time_factor: 0.99985502102195178
step_size {
  nsec: 4000000
}

sim_time {
  sec: 12
  nsec: 852000000
}
real_time {
  sec: 14
  nsec: 884600930
}
iterations: 3213
real_time_factor: 0.99993575412779734
step_size {
  nsec: 4000000
}

sim_time {
  sec: 12
  nsec: 956000000
}
real_time {
  sec: 14
  nsec: 988601143
}
iterations: 3239
real_time_factor: 1.0000240005760139
step_size {
  nsec: 4000000
}

sim_time {
  sec: 13
  nsec: 56000000
}
real_time {
  sec: 15
  nsec: 88603860
}
iterations: 3264
real_time_factor: 0.99982927915058506
step_size {
  nsec: 4000000
}

sim_time {
  sec: 13
  nsec: 160000000
}
real_time {
  sec: 15
  nsec: 192601108
}
iterations: 3290
real_time_factor: 1.0000285008122731
step_size {
  nsec: 4000000
}

sim_time {
  sec: 13
  nsec: 260000000
}
real_time {
  sec: 15
  nsec: 292601784
}
iterations: 3315
real_time_factor: 1.0000910082817536
step_size {
  nsec: 4000000
}

sim_time {
  sec: 13
  nsec: 360000000
}
real_time {
  sec: 15
  nsec: 392601544
}
iterations: 3340
real_time_factor: 0.99996600115596068
step_size {
  nsec: 4000000
}

sim_time {
  sec: 13
  nsec: 460000000
}
real_time {
  sec: 15
  nsec: 492604220
}
iterations: 3365
real_time_factor: 0.99973257153711381
step_size {
  nsec: 4000000
}

sim_time {
  sec: 13
  nsec: 564000000
}
real_time {
  sec: 15
  nsec: 596601736
}
iterations: 3391
real_time_factor: 1.000047252232668
step_size {
  nsec: 4000000
}

sim_time {
  sec: 13
  nsec: 664000000
}
real_time {
  sec: 15
  nsec: 696605014
}
iterations: 3416
real_time_factor: 0.99947802260269569
step_size {
  nsec: 4000000
}

sim_time {
  sec: 13
  nsec: 768000000
}
real_time {
  sec: 15
  nsec: 800606910
}
iterations: 3442
real_time_factor: 0.9994270784272915
step_size {
  nsec: 4000000
}

sim_time {
  sec: 13
  nsec: 872000000
}
real_time {
  sec: 15
  nsec: 904601361
}
iterations: 3468
real_time_factor: 1.0002137956988306
step_size {
  nsec: 4000000
}

sim_time {
  sec: 13
  nsec: 976000000
}
real_time {
  sec: 16
  nsec: 8601719
}
iterations: 3494
real_time_factor: 0.99969784132745876
step_size {
  nsec: 4000000
}

sim_time {
  sec: 14
  nsec: 80000000
}
real_time {
  sec: 16
  nsec: 112604134
}
iterations: 3520
real_time_factor: 0.9992974938618151
step_size {
  nsec: 4000000
}

sim_time {
  sec: 14
  nsec: 184000000
}
real_time {
  sec: 16
  nsec: 216600785
}
iterations: 3546
real_time_factor: 1.0000517526782011
step_size {
  nsec: 4000000
}

sim_time {
  sec: 14
  nsec: 288000000
}
real_time {
  sec: 16
  nsec: 320600584
}
iterations: 3572
real_time_factor: 1.0001535235658674
step_size {
  nsec: 4000000
}

sim_time {
  sec: 14
  nsec: 388000000
}
real_time {
  sec: 16
  nsec: 420600506
}
iterations: 3597
real_time_factor: 1.0002510630168173
step_size {
  nsec: 4000000
}

sim_time {
  sec: 14
  nsec: 488000000
}
real_time {
  sec: 16
  nsec: 520602346
}
iterations: 3622
real_time_factor: 1.0005332842405001
step_size {
  nsec: 4000000
}

sim_time {
  sec: 14
  nsec: 592000000
}
real_time {
  sec: 16
  nsec: 624607516
}
iterations: 3648
real_time_factor: 0.99883535797260392
step_size {
  nsec: 4000000
}

sim_time {
  sec: 14
  nsec: 696000000
}
real_time {
  sec: 16
  nsec: 728602001
}
iterations: 3674
real_time_factor: 1.0002853313907791
step_size {
  nsec: 4000000
}

sim_time {
  sec: 14
  nsec: 800000000
}
real_time {
  sec: 16
  nsec: 832601651
}
iterations: 3700
real_time_factor: 1.0002207987413221
step_size {
  nsec: 4000000
}

sim_time {
  sec: 14
  nsec: 904000000
}
real_time {
  sec: 16
  nsec: 936600941
}
iterations: 3726
real_time_factor: 0.99997075085553744
step_size {
  nsec: 4000000
}

sim_time {
  sec: 15
  nsec: 4000000
}
real_time {
  sec: 17
  nsec: 36601077
}
iterations: 3751
real_time_factor: 0.99981553403397072
step_size {
  nsec: 4000000
}

sim_time {
  sec: 15
  nsec: 108000000
}
real_time {
  sec: 17
  nsec: 140602014
}
iterations: 3777
real_time_factor: 0.999857270374654
step_size {
  nsec: 4000000
}

sim_time {
  sec: 15
  nsec: 208000000
}
real_time {
  sec: 17
  nsec: 240601451
}
iterations: 3802
real_time_factor: 1.000007750060063
step_size {
  nsec: 4000000
}

sim_time {
  sec: 15
  nsec: 312000000
}
real_time {
  sec: 17
  nsec: 344610163
}
iterations: 3828
real_time_factor: 0.99766372098139178
step_size {
  nsec: 4000000
}

sim_time {
  sec: 15
  nsec: 416000000
}
real_time {
  sec: 17
  nsec: 448601052
}
iterations: 3854
real_time_factor: 0.99997275074254222
step_size {
  nsec: 4000000
}

sim_time {
  sec: 15
  nsec: 516000000
}
real_time {
  sec: 17
  nsec: 548601304
}
iterations: 3879
real_time_factor: 1.0002833302532943
step_size {
  nsec: 4000000
}

sim_time {
  sec: 15
  nsec: 616000000
}
real_time {
  sec: 17
  nsec: 648602140
}
iterations: 3904
real_time_factor: 1.0007535674362795
step_size {
  nsec: 4000000
}

sim_time {
  sec: 15
  nsec: 716000000
}
real_time {
  sec: 17
  nsec: 748602068
}
iterations: 3929
real_time_factor: 1.0003040924441029
step_size {
  nsec: 4000000
}

sim_time {
  sec: 15
  nsec: 816000000
}
real_time {
  sec: 17
  nsec: 848603830
}
iterations: 3954
real_time_factor: 1.0006631895288602
step_size {
  nsec: 4000000
}

sim_time {
  sec: 15
  nsec: 920000000
}
real_time {
  sec: 17
  nsec: 952601830
}
iterations: 3980
real_time_factor: 1.0001210146427717
step_size {
  nsec: 4000000
}

sim_time {
  sec: 16
  nsec: 20000000
}
real_time {
  sec: 18
  nsec: 52601225
}
iterations: 4005
real_time_factor: 0.999961501482193
step_size {
  nsec: 4000000
}

sim_time {
  sec: 16
  nsec: 120000000
}
real_time {
  sec: 18
  nsec: 152603976
}
iterations: 4030
real_time_factor: 1.000075005625422
step_size {
  nsec: 4000000
}

sim_time {
  sec: 16
  nsec: 224000000
}
real_time {
  sec: 18
  nsec: 256602249
}
iterations: 4056
real_time_factor: 0.99999400003599981
step_size {
  nsec: 4000000
}

sim_time {
  sec: 16
  nsec: 328000000
}
real_time {
  sec: 18
  nsec: 360602921
}
iterations: 4082
real_time_factor: 0.99946178982617861
step_size {
  nsec: 4000000
}

sim_time {
  sec: 16
  nsec: 432000000
}
real_time {
  sec: 18
  nsec: 464602600
}
iterations: 4108
real_time_factor: 1.0001237653159578
step_size {
  nsec: 4000000
}

sim_time {
  sec: 16
  nsec: 536000000
}
real_time {
  sec: 18
  nsec: 568603170
}
iterations: 4134
real_time_factor: 1.0001002600510702
step_size {
  nsec: 4000000
}

sim_time {
  sec: 16
  nsec: 640000000
}
real_time {
  sec: 18
  nsec: 672603129
}
iterations: 4160
real_time_factor: 1.0001627764918741
step_size {
  nsec: 4000000
}

sim_time {
  sec: 16
  nsec: 744000000
}
real_time {
  sec: 18
  nsec: 776606050
}
iterations: 4186
real_time_factor: 0.99907111363210055
step_size {
  nsec: 4000000
}

sim_time {
  sec: 16
  nsec: 848000000
}
real_time {
  sec: 18
  nsec: 880603444
}
iterations: 4212
real_time_factor: 1.0003271069639772
step_size {
  nsec: 4000000
}

sim_time {
  sec: 16
  nsec: 952000000
}
real_time {
  sec: 18
  nsec: 984600680
}
iterations: 4238
real_time_factor: 1.0000865074828973
step_size {
  nsec: 4000000
}

sim_time {
  sec: 17
  nsec: 52000000
}
real_time {
  sec: 19
  nsec: 84601836
}
iterations: 4263
real_time_factor: 1.0002995897271232
step_size {
  nsec: 4000000
}

sim_time {
  sec: 17
  nsec: 156000000
}
real_time {
  sec: 19
  nsec: 188601902
}
iterations: 4289
real_time_factor: 0.999915007224386
step_size {
  nsec: 4000000
}

sim_time {
  sec: 17
  nsec: 260000000
}
real_time {
  sec: 19
  nsec: 292600634
}
iterations: 4315
real_time_factor: 1.0000567532207454
step_size {
  nsec: 4000000
}

sim_time {
  sec: 17
  nsec: 360000000
}
real_time {
  sec: 19
  nsec: 392601130
}
iterations: 4340
real_time_factor: 1.0002323039525929
step_size {
  nsec: 4000000
}

sim_time {
  sec: 17
  nsec: 460000000
}
real_time {
  sec: 19
  nsec: 492788173
}
iterations: 4365
real_time_factor: 0.95571434749439177
step_size {
  nsec: 4000000
}

sim_time {
  sec: 17
  nsec: 564000000
}
real_time {
  sec: 19
  nsec: 596601172
}
iterations: 4391
real_time_factor: 1.0003758912411338
step_size {
  nsec: 4000000
}

sim_time {
  sec: 17
  nsec: 664000000
}
real_time {
  sec: 19
  nsec: 696604417
}
iterations: 4416
real_time_factor: 0.99941758939977732
step_size {
  nsec: 4000000
}

sim_time {
  sec: 17
  nsec: 768000000
}
real_time {
  sec: 19
  nsec: 800602269
}
iterations: 4442
real_time_factor: 1.0002720740041291
step_size {
  nsec: 4000000
}

sim_time {
  sec: 17
  nsec: 872000000
}
real_time {
  sec: 19
  nsec: 904601197
}
iterations: 4468
real_time_factor: 0.99998450024024632
step_size {
  nsec: 4000000
}

sim_time {
  sec: 17
  nsec: 976000000
}
real_time {
  sec: 20
  nsec: 8601503
}
iterations: 4494
real_time_factor: 0.9999407535103545
step_size {
  nsec: 4000000
}

sim_time {
  sec: 18
  nsec: 76000000
}
real_time {
  sec: 20
  nsec: 108602091
}
iterations: 4519
real_time_factor: 0.99972757423602066
step_size {
  nsec: 4000000
}

sim_time {
  sec: 18
  nsec: 180000000
}
real_time {
  sec: 20
  nsec: 212606967
}
iterations: 4545
real_time_factor: 0.99888424629688632
step_size {
  nsec: 4000000
}

sim_time {
  sec: 18
  nsec: 284000000
}
real_time {
  sec: 20
  nsec: 316602280
}
iterations: 4571
real_time_factor: 1.0001650272294929
step_size {
  nsec: 4000000
}

sim_time {
  sec: 18
  nsec: 388000000
}
real_time {
  sec: 20
  nsec: 420600915
}
iterations: 4597
real_time_factor: 0.99990150970129443
step_size {
  nsec: 4000000
}

sim_time {
  sec: 18
  nsec: 488000000
}
real_time {
  sec: 20
  nsec: 520602472
}
iterations: 4622
real_time_factor: 0.99995675187048161
step_size {
  nsec: 4000000
}

sim_time {
  sec: 18
  nsec: 592000000
}
real_time {
  sec: 20
  nsec: 624601367
}
iterations: 4648
real_time_factor: 0.99990125975059962
step_size {
  nsec: 4000000
}

sim_time {
  sec: 18
  nsec: 696000000
}
real_time {
  sec: 20
  nsec: 728600808
}
iterations: 4674
real_time_factor: 1.000116763632154
step_size {
  nsec: 4000000
}

sim_time {
  sec: 18
  nsec: 800000000
}
real_time {
  sec: 20
  nsec: 832600519
}
iterations: 4700
real_time_factor: 1.0000540029161575
step_size {
  nsec: 4000000
}

sim_time {
  sec: 18
  nsec: 900000000
}
real_time {
  sec: 20
  nsec: 932602473
}
iterations: 4725
real_time_factor: 1.0002025410145554
step_size {
  nsec: 4000000
}

sim_time {
  sec: 19
}
real_time {
  sec: 21
  nsec: 32603761
}
iterations: 4750
real_time_factor: 0.99965362002066283
step_size {
  nsec: 4000000
}

sim_time {
  sec: 19
  nsec: 104000000
}
real_time {
  sec: 21
  nsec: 136602386
}
iterations: 4776
real_time_factor: 1.0000915083730162
step_size {
  nsec: 4000000
}

sim_time {
  sec: 19
  nsec: 208000000
}
real_time {
  sec: 21
  nsec: 240601269
}
iterations: 4802
real_time_factor: 0.99980178929527219
step_size {
  nsec: 4000000
}

sim_time {
  sec: 19
  nsec: 308000000
}
real_time {
  sec: 21
  nsec: 340602136
}
iterations: 4827
real_time_factor: 1.0004249304892252
step_size {
  nsec: 4000000
}

sim_time {
  sec: 19
  nsec: 412000000
}
real_time {
  sec: 21
  nsec: 444601175
}
iterations: 4853
real_time_factor: 1.0000590034812054
step_size {
  nsec: 4000000
}

sim_time {
  sec: 19
  nsec: 516000000
}
real_time {
  sec: 21
  nsec: 548600790
}
iterations: 4879
real_time_factor: 1.0000147502175658
step_size {
  nsec: 4000000
}

sim_time {
  sec: 19
  nsec: 616000000
}
real_time {
  sec: 21
  nsec: 648605027
}
iterations: 4904
real_time_factor: 0.99991325752490967
step_size {
  nsec: 4000000
}

sim_time {
  sec: 19
  nsec: 720000000
}
real_time {
  sec: 21
  nsec: 752601438
}
iterations: 4930
real_time_factor: 0.99999375003906221
step_size {
  nsec: 4000000
}

sim_time {
  sec: 19
  nsec: 824000000
}
real_time {
  sec: 21
  nsec: 856600940
}
iterations: 4956
real_time_factor: 1.0000912583273223
step_size {
  nsec: 4000000
}

sim_time {
  sec: 19
  nsec: 924000000
}
real_time {
  sec: 21
  nsec: 956600817
}
iterations: 4981
real_time_factor: 1.0000195003802574
step_size {
  nsec: 4000000
}

sim_time {
  sec: 20
  nsec: 28000000
}
real_time {
  sec: 22
  nsec: 60600746
}
iterations: 5007
real_time_factor: 1.0000520027041406
step_size {
  nsec: 4000000
}

sim_time {
  sec: 20
  nsec: 128000000
}
real_time {
  sec: 22
  nsec: 160606657
}
iterations: 5032
real_time_factor: 1.0004897397275967
step_size {
  nsec: 4000000
}

sim_time {
  sec: 20
  nsec: 232000000
}
real_time {
  sec: 22
  nsec: 264601842
}
iterations: 5058
real_time_factor: 1.0003203525929178
step_size {
  nsec: 4000000
}

sim_time {
  sec: 20
  nsec: 336000000
}
real_time {
  sec: 22
  nsec: 368602581
}
iterations: 5084
real_time_factor: 0.99960290774489835
step_size {
  nsec: 4000000
}

sim_time {
  sec: 20
  nsec: 440000000
}
real_time {
  sec: 22
  nsec: 472603070
}
iterations: 5110
real_time_factor: 0.99957543033596485
step_size {
  nsec: 4000000
}

sim_time {
  sec: 20
  nsec: 544000000
}
real_time {
  sec: 22
  nsec: 576602514
}
iterations: 5136
real_time_factor: 0.99975106198556563
step_size {
  nsec: 4000000
}

sim_time {
  sec: 20
  nsec: 644000000
}
real_time {
  sec: 22
  nsec: 676604785
}
iterations: 5161
real_time_factor: 1.0001145131117513
step_size {
  nsec: 4000000
}

sim_time {
  sec: 20
  nsec: 748000000
}
real_time {
  sec: 22
  nsec: 780602562
}
iterations: 5187
real_time_factor: 0.99981803311797257
step_size {
  nsec: 4000000
}

sim_time {
  sec: 20
  nsec: 848000000
}
real_time {
  sec: 22
  nsec: 880606111
}
iterations: 5212
real_time_factor: 0.99919614669997991
step_size {
  nsec: 4000000
}

sim_time {
  sec: 20
  nsec: 952000000
}
real_time {
  sec: 22
  nsec: 984601823
}
iterations: 5238
real_time_factor: 1.0007257763693118
step_size {
  nsec: 4000000
}

sim_time {
  sec: 21
  nsec: 56000000
}
real_time {
  sec: 23
  nsec: 88602277
}
iterations: 5264
real_time_factor: 1.0000055000302501
step_size {
  nsec: 4000000
}

sim_time {
  sec: 21
  nsec: 156000000
}
real_time {
  sec: 23
  nsec: 188603252
}
iterations: 5289
real_time_factor: 0.99967485575316628
step_size {
  nsec: 4000000
}

sim_time {
  sec: 21
  nsec: 256000000
}
real_time {
  sec: 23
  nsec: 288603622
}
iterations: 5314
real_time_factor: 1.0001122626014771
step_size {
  nsec: 4000000
}

sim_time {
  sec: 21
  nsec: 360000000
}
real_time {
  sec: 23
  nsec: 392601210
}
iterations: 5340
real_time_factor: 1.000001000001
step_size {
  nsec: 4000000
}

sim_time {
  sec: 21
  nsec: 460000000
}
real_time {
  sec: 23
  nsec: 492604255
}
iterations: 5365
real_time_factor: 0.99949450565376563
step_size {
  nsec: 4000000
}

sim_time {
  sec: 21
  nsec: 564000000
}
real_time {
  sec: 23
  nsec: 596602862
}
iterations: 5391
real_time_factor: 0.99996175146300659
step_size {
  nsec: 4000000
}

sim_time {
  sec: 21
  nsec: 664000000
}
real_time {
  sec: 23
  nsec: 696605092
}
iterations: 5416
real_time_factor: 1.000376391617346
step_size {
  nsec: 4000000
}

sim_time {
  sec: 21
  nsec: 768000000
}
real_time {
  sec: 23
  nsec: 800601134
}
iterations: 5442
real_time_factor: 0.99984602371234832
step_size {
  nsec: 4000000
}

sim_time {
  sec: 21
  nsec: 868000000
}
real_time {
  sec: 23
  nsec: 900609939
}
iterations: 5467
real_time_factor: 0.99856082421210435
step_size {
  nsec: 4000000
}

sim_time {
  sec: 21
  nsec: 972000000
}
real_time {
  sec: 24
  nsec: 4601517
}
iterations: 5493
real_time_factor: 1.0002558154247949
step_size {
  nsec: 4000000
}

sim_time {
  sec: 22
  nsec: 76000000
}
real_time {
  sec: 24
  nsec: 108600910
}
iterations: 5519
real_time_factor: 1.0001355183627381
step_size {
  nsec: 4000000
}

sim_time {
  sec: 22
  nsec: 176000000
}
real_time {
  sec: 24
  nsec: 208601620
}
iterations: 5544
real_time_factor: 0.99986676775319694
step_size {
  nsec: 4000000
}

sim_time {
  sec: 22
  nsec: 276000000
}
real_time {
  sec: 24
  nsec: 308604226
}
iterations: 5569
real_time_factor: 0.99977654994108822
step_size {
  nsec: 4000000
}

sim_time {
  sec: 22
  nsec: 380000000
}
real_time {
  sec: 24
  nsec: 412600615
}
iterations: 5595
real_time_factor: 1.0000755057006805
step_size {
  nsec: 4000000
}

sim_time {
  sec: 22
  nsec: 480000000
}
real_time {
  sec: 24
  nsec: 512603889
}
iterations: 5620
real_time_factor: 0.99955669660505564
step_size {
  nsec: 4000000
}

sim_time {
  sec: 22
  nsec: 580000000
}
real_time {
  sec: 24
  nsec: 612606042
}
iterations: 5645
real_time_factor: 0.998925904920734
step_size {
  nsec: 4000000
}

sim_time {
  sec: 22
  nsec: 684000000
}
real_time {
  sec: 24
  nsec: 716602857
}
iterations: 5671
real_time_factor: 1.0003298587709297
step_size {
  nsec: 4000000
}

sim_time {
  sec: 22
  nsec: 784000000
}
real_time {
  sec: 24
  nsec: 816606261
}
iterations: 5696
real_time_factor: 0.99947827234183761
step_size {
  nsec: 4000000
}

sim_time {
  sec: 22
  nsec: 888000000
}
real_time {
  sec: 24
  nsec: 920602715
}
iterations: 5722
real_time_factor: 0.99970258847992721
step_size {
  nsec: 4000000
}

sim_time {
  sec: 22
  nsec: 988000000
}
real_time {
  sec: 25
  nsec: 20604192
}
iterations: 5747
real_time_factor: 0.99967935284757414
step_size {
  nsec: 4000000
}

sim_time {
  sec: 23
  nsec: 92000000
}
real_time {
  sec: 25
  nsec: 124601007
}
iterations: 5773
real_time_factor: 1.0000797563605697
step_size {
  nsec: 4000000
}

sim_time {
  sec: 23
  nsec: 192000000
}
real_time {
  sec: 25
  nsec: 224601341
}
iterations: 5798
real_time_factor: 1.0003298587709297
step_size {
  nsec: 4000000
}

sim_time {
  sec: 23
  nsec: 292000000
}
real_time {
  sec: 25
  nsec: 324603111
}
iterations: 5823
real_time_factor: 1.0006496717994158
step_size {
  nsec: 4000000
}

sim_time {
  sec: 23
  nsec: 396000000
}
real_time {
  sec: 25
  nsec: 428608775
}
iterations: 5849
real_time_factor: 0.99863960320054
step_size {
  nsec: 4000000
}

sim_time {
  sec: 23
  nsec: 500000000
}
real_time {
  sec: 25
  nsec: 532609596
}
iterations: 5875
real_time_factor: 0.99814345317709063
step_size {
  nsec: 4000000
}

sim_time {
  sec: 23
  nsec: 604000000
}
real_time {
  sec: 25
  nsec: 636603074
}
iterations: 5901
real_time_factor: 1.0000982596540111
step_size {
  nsec: 4000000
}

sim_time {
  sec: 23
  nsec: 704000000
}
real_time {
  sec: 25
  nsec: 736604548
}
iterations: 5926
real_time_factor: 0.99908758326458358
step_size {
  nsec: 4000000
}

sim_time {
  sec: 23
  nsec: 808000000
}
real_time {
  sec: 25
  nsec: 840601803
}
iterations: 5952
real_time_factor: 0.99997800048398933
step_size {
  nsec: 4000000
}

sim_time {
  sec: 23
  nsec: 908000000
}
real_time {
  sec: 25
  nsec: 940604240
}
iterations: 5977
real_time_factor: 0.99974656424596364
step_size {
  nsec: 4000000
}

sim_time {
  sec: 24
  nsec: 12000000
}
real_time {
  sec: 26
  nsec: 44602117
}
iterations: 6003
real_time_factor: 0.99982752975111788
step_size {
  nsec: 4000000
}

sim_time {
  sec: 24
  nsec: 116000000
}
real_time {
  sec: 26
  nsec: 148605983
}
iterations: 6029
real_time_factor: 0.99897929290747178
step_size {
  nsec: 4000000
}

sim_time {
  sec: 24
  nsec: 220000000
}
real_time {
  sec: 26
  nsec: 252602698
}
iterations: 6055
real_time_factor: 0.99993625406380349
step_size {
  nsec: 4000000
}

sim_time {
  sec: 24
  nsec: 320000000
}
real_time {
  sec: 26
  nsec: 352605113
}
iterations: 6080
real_time_factor: 1.0004204266843142
step_size {
  nsec: 4000000
}

sim_time {
  sec: 24
  nsec: 424000000
}
real_time {
  sec: 26
  nsec: 456603393
}
iterations: 6106
real_time_factor: 1.0004734740716044
step_size {
  nsec: 4000000
}

sim_time {
  sec: 24
  nsec: 524000000
}
real_time {
  sec: 26
  nsec: 556606205
}
iterations: 6131
real_time_factor: 0.999210374001945
step_size {
  nsec: 4000000
}

sim_time {
  sec: 24
  nsec: 628000000
}
real_time {
  sec: 26
  nsec: 660600245
}
iterations: 6157
real_time_factor: 1.0008675019072781
step_size {
  nsec: 4000000
}

sim_time {
  sec: 24
  nsec: 728000000
}
real_time {
  sec: 26
  nsec: 760602123
}
iterations: 6182
real_time_factor: 0.99978129784109726
step_size {
  nsec: 4000000
}

sim_time {
  sec: 24
  nsec: 828000000
}
real_time {
  sec: 26
  nsec: 860602537
}
iterations: 6207
real_time_factor: 0.99968185125083942
step_size {
  nsec: 4000000
}

sim_time {
  sec: 24
  nsec: 932000000
}
real_time {
  sec: 26
  nsec: 964601714
}
iterations: 6233
real_time_factor: 0.99998025039005478
step_size {
  nsec: 4000000
}

sim_time {
  sec: 25
  nsec: 36000000
}
real_time {
  sec: 27
  nsec: 68605360
}
iterations: 6259
real_time_factor: 0.99897679801463346
step_size {
  nsec: 4000000
}

sim_time {
  sec: 25
  nsec: 140000000
}
real_time {
  sec: 27
  nsec: 172601365
}
iterations: 6285
real_time_factor: 1.00021204495353
step_size {
  nsec: 4000000
}

sim_time {
  sec: 25
  nsec: 240000000
}
real_time {
  sec: 27
  nsec: 272604411
}
iterations: 6310
real_time_factor: 0.99976280627421144
step_size {
  nsec: 4000000
}

sim_time {
  sec: 25
  nsec: 344000000
}
real_time {
  sec: 27
  nsec: 376601205
}
iterations: 6336
real_time_factor: 1.0001145131117513
step_size {
  nsec: 4000000
}

sim_time {
  sec: 25
  nsec: 444000000
}
real_time {
  sec: 27
  nsec: 476601477
}
iterations: 6361
real_time_factor: 1.0003808950257811
step_size {
  nsec: 4000000
}

sim_time {
  sec: 25
  nsec: 544000000
}
real_time {
  sec: 27
  nsec: 576603295
}
iterations: 6386
real_time_factor: 1.000281579264563
step_size {
  nsec: 4000000
}

sim_time {
  sec: 25
  nsec: 648000000
}
real_time {
  sec: 27
  nsec: 680601460
}
iterations: 6412
real_time_factor: 0.99997375068904437
step_size {
  nsec: 4000000
}

sim_time {
  sec: 25
  nsec: 752000000
}
real_time {
  sec: 27
  nsec: 784600867
}
iterations: 6438
real_time_factor: 1.0000775060067155
step_size {
  nsec: 4000000
}

sim_time {
  sec: 25
  nsec: 852000000
}
real_time {
  sec: 27
  nsec: 884604009
}
iterations: 6463
real_time_factor: 0.999376638821535
step_size {
  nsec: 4000000
}

sim_time {
  sec: 25
  nsec: 952000000
}
real_time {
  sec: 27
  nsec: 984606525
}
iterations: 6488
real_time_factor: 0.99899052007945965
step_size {
  nsec: 4000000
}

sim_time {
  sec: 26
  nsec: 56000000
}
real_time {
  sec: 28
  nsec: 88602954
}
iterations: 6514
real_time_factor: 1.0003786433164954
step_size {
  nsec: 4000000
}

sim_time {
  sec: 26
  nsec: 160000000
}
real_time {
  sec: 28
  nsec: 192601888
}
iterations: 6540
real_time_factor: 1.000124015377907
step_size {
  nsec: 4000000
}

sim_time {
  sec: 26
  nsec: 260000000
}
real_time {
  sec: 28
  nsec: 292603860
}
iterations: 6565
real_time_factor: 1.0008444625152473
step_size {
  nsec: 4000000
}

sim_time {
  sec: 26
  nsec: 364000000
}
real_time {
  sec: 28
  nsec: 396601429
}
iterations: 6591
real_time_factor: 1.0001307670977981
step_size {
  nsec: 4000000
}

sim_time {
  sec: 26
  nsec: 464000000
}
real_time {
  sec: 28
  nsec: 496602382
}
iterations: 6616
real_time_factor: 1.0005640679933312
step_size {
  nsec: 4000000
}

sim_time {
  sec: 26
  nsec: 568000000
}
real_time {
  sec: 28
  nsec: 600601165
}
iterations: 6642
real_time_factor: 0.99999400003599981
step_size {
  nsec: 4000000
}

sim_time {
  sec: 26
  nsec: 668000000
}
real_time {
  sec: 28
  nsec: 700601405
}
iterations: 6667
real_time_factor: 0.99988326362897129
step_size {
  nsec: 4000000
}

sim_time {
  sec: 26
  nsec: 772000000
}
real_time {
  sec: 28
  nsec: 804602910
}
iterations: 6693
real_time_factor: 0.99958467256854777
step_size {
  nsec: 4000000
}

sim_time {
  sec: 26
  nsec: 876000000
}
real_time {
  sec: 28
  nsec: 908601016
}
iterations: 6719
real_time_factor: 1.0002695726498292
step_size {
  nsec: 4000000
}

sim_time {
  sec: 26
  nsec: 976000000
}
real_time {
  sec: 29
  nsec: 8604766
}
iterations: 6744
real_time_factor: 0.999563690449119
step_size {
  nsec: 4000000
}

sim_time {
  sec: 27
  nsec: 80000000
}
real_time {
  sec: 29
  nsec: 112604604
}
iterations: 6770
real_time_factor: 0.99980903647403341
step_size {
  nsec: 4000000
}

sim_time {
  sec: 27
  nsec: 184000000
}
real_time {
  sec: 29
  nsec: 216602474
}
iterations: 6796
real_time_factor: 1.0001007601515852
step_size {
  nsec: 4000000
}

sim_time {
  sec: 27
  nsec: 284000000
}
real_time {
  sec: 29
  nsec: 316603137
}
iterations: 6821
real_time_factor: 0.9998347773030507
step_size {
  nsec: 4000000
}

sim_time {
  sec: 27
  nsec: 388000000
}
real_time {
  sec: 29
  nsec: 420604157
}
iterations: 6847
real_time_factor: 0.9992862597889457
step_size {
  nsec: 4000000
}

sim_time {
  sec: 27
  nsec: 492000000
}
real_time {
  sec: 29
  nsec: 524604047
}
iterations: 6873
real_time_factor: 0.99960065953651511
step_size {
  nsec: 4000000
}

sim_time {
  sec: 27
  nsec: 596000000
}
real_time {
  sec: 29
  nsec: 628601491
}
iterations: 6899
real_time_factor: 1.0000660043562875
step_size {
  nsec: 4000000
}

sim_time {
  sec: 27
  nsec: 696000000
}
real_time {
  sec: 29
  nsec: 728605599
}
iterations: 6924
real_time_factor: 0.999550202408916
step_size {
  nsec: 4000000
}

sim_time {
  sec: 27
  nsec: 800000000
}
real_time {
  sec: 29
  nsec: 832606201
}
iterations: 6950
real_time_factor: 0.9987480692951386
step_size {
  nsec: 4000000
}

sim_time {
  sec: 27
  nsec: 904000000
}
real_time {
  sec: 29
  nsec: 936602406
}
iterations: 6976
real_time_factor: 1.000133017691353
step_size {
  nsec: 4000000
}

sim_time {
  sec: 28
  nsec: 4000000
}
real_time {
  sec: 30
  nsec: 36603707
}
iterations: 7001
real_time_factor: 1.0002167969907478
step_size {
  nsec: 4000000
}

sim_time {
  sec: 28
  nsec: 108000000
}
real_time {
  sec: 30
  nsec: 140602402
}
iterations: 7027
real_time_factor: 0.999999000001
step_size {
  nsec: 4000000
}

sim_time {
  sec: 28
  nsec: 212000000
}
real_time {
  sec: 30
  nsec: 244601306
}
iterations: 7053
real_time_factor: 1.0000892579662735
step_size {
  nsec: 4000000
}

sim_time {
  sec: 28
  nsec: 312000000
}
real_time {
  sec: 30
  nsec: 344601132
}
iterations: 7078
real_time_factor: 0.99982078212480407
step_size {
  nsec: 4000000
}

sim_time {
  sec: 28
  nsec: 412000000
}
real_time {
  sec: 30
  nsec: 444601310
}
iterations: 7103
real_time_factor: 1.0003603798268326
step_size {
  nsec: 4000000
}

sim_time {
  sec: 28
  nsec: 512000000
}
real_time {
  sec: 30
  nsec: 544606146
}
iterations: 7128
real_time_factor: 1.0001655273947838
step_size {
  nsec: 4000000
}

sim_time {
  sec: 28
  nsec: 616000000
}
real_time {
  sec: 30
  nsec: 648600494
}
iterations: 7154
real_time_factor: 1.0001287665786971
step_size {
  nsec: 4000000
}

sim_time {
  sec: 28
  nsec: 716000000
}
real_time {
  sec: 30
  nsec: 748603432
}
iterations: 7179
real_time_factor: 0.99954995263382662
step_size {
  nsec: 4000000
}

sim_time {
  sec: 28
  nsec: 820000000
}
real_time {
  sec: 30
  nsec: 852603882
}
iterations: 7205
real_time_factor: 0.99973057261068143
step_size {
  nsec: 4000000
}

sim_time {
  sec: 28
  nsec: 924000000
}
real_time {
  sec: 30
  nsec: 956601036
}
iterations: 7231
real_time_factor: 1.0005595629355717
step_size {
  nsec: 4000000
}

sim_time {
  sec: 29
  nsec: 24000000
}
real_time {
  sec: 31
  nsec: 56601640
}
iterations: 7256
real_time_factor: 1.000038501482307
step_size {
  nsec: 4000000
}

sim_time {
  sec: 29
  nsec: 124000000
}
real_time {
  sec: 31
  nsec: 156602807
}
iterations: 7281
real_time_factor: 0.99971433162973677
step_size {
  nsec: 4000000
}

sim_time {
  sec: 29
  nsec: 228000000
}
real_time {
  sec: 31
  nsec: 260602921
}
iterations: 7307
real_time_factor: 0.99991800672344866
step_size {
  nsec: 4000000
}

sim_time {
  sec: 29
  nsec: 328000000
}
real_time {
  sec: 31
  nsec: 360605364
}
iterations: 7332
real_time_factor: 0.999166445392931
step_size {
  nsec: 4000000
}

sim_time {
  sec: 29
  nsec: 432000000
}
real_time {
  sec: 31
  nsec: 464601034
}
iterations: 7358
real_time_factor: 0.99990625878823858
step_size {
  nsec: 4000000
}

sim_time {
  sec: 29
  nsec: 536000000
}
real_time {
  sec: 31
  nsec: 568601702
}
iterations: 7384
real_time_factor: 0.99985802016113712
step_size {
  nsec: 4000000
}

sim_time {
  sec: 29
  nsec: 636000000
}
real_time {
  sec: 31
  nsec: 668602239
}
iterations: 7409
real_time_factor: 1.0002883331120196
step_size {
  nsec: 4000000
}

sim_time {
  sec: 29
  nsec: 736000000
}
real_time {
  sec: 31
  nsec: 768602422
}
iterations: 7434
real_time_factor: 0.99983002889508787
step_size {
  nsec: 4000000
}

sim_time {
  sec: 29
  nsec: 840000000
}
real_time {
  sec: 31
  nsec: 872601850
}
iterations: 7460
real_time_factor: 0.99988776259864831
step_size {
  nsec: 4000000
}

sim_time {
  sec: 29
  nsec: 944000000
}
real_time {
  sec: 31
  nsec: 976601946
}
iterations: 7486
real_time_factor: 0.99976280627421144
step_size {
  nsec: 4000000
}

sim_time {
  sec: 30
  nsec: 44000000
}
real_time {
  sec: 32
  nsec: 76604962
}
iterations: 7511
real_time_factor: 0.99928201587159626
step_size {
  nsec: 4000000
}

sim_time {
  sec: 30
  nsec: 144000000
}
real_time {
  sec: 32
  nsec: 176606468
}
iterations: 7536
real_time_factor: 0.999908508371484
step_size {
  nsec: 4000000
}

sim_time {
  sec: 30
  nsec: 248000000
}
real_time {
  sec: 32
  nsec: 280604485
}
iterations: 7562
real_time_factor: 0.99946228928836289
step_size {
  nsec: 4000000
}

sim_time {
  sec: 30
  nsec: 348000000
}
real_time {
  sec: 32
  nsec: 380605307
}
iterations: 7587
real_time_factor: 0.99968434966659281
step_size {
  nsec: 4000000
}

sim_time {
  sec: 30
  nsec: 448000000
}
real_time {
  sec: 32
  nsec: 480714639
}
iterations: 7612
real_time_factor: 0.97378118503814426
step_size {
  nsec: 4000000
}

sim_time {
  sec: 30
  nsec: 552000000
}
real_time {
  sec: 32
  nsec: 584600710
}
iterations: 7638
real_time_factor: 1.0002863319625244
step_size {
  nsec: 4000000
}

sim_time {
  sec: 30
  nsec: 656000000
}
real_time {
  sec: 32
  nsec: 688600672
}
iterations: 7664
real_time_factor: 0.99992275596710156
step_size {
  nsec: 4000000
}

sim_time {
  sec: 30
  nsec: 756000000
}
real_time {
  sec: 32
  nsec: 788605001
}
iterations: 7689
real_time_factor: 1.0002187978620323
step_size {
  nsec: 4000000
}

sim_time {
  sec: 30
  nsec: 860000000
}
real_time {
  sec: 32
  nsec: 892601185
}
iterations: 7715
real_time_factor: 1.0002653203762297
step_size {
  nsec: 4000000
}

sim_time {
  sec: 30
  nsec: 964000000
}
real_time {
  sec: 32
  nsec: 996600915
}
iterations: 7741
real_time_factor: 0.99999450003024981
step_size {
  nsec: 4000000
}

sim_time {
  sec: 31
  nsec: 64000000
}
real_time {
  sec: 33
  nsec: 96602901
}
iterations: 7766
real_time_factor: 1.0004344386549859
step_size {
  nsec: 4000000
}

sim_time {
  sec: 31
  nsec: 168000000
}
real_time {
  sec: 33
  nsec: 200605378
}
iterations: 7792
real_time_factor: 0.9990461606780926
step_size {
  nsec: 4000000
}

sim_time {
  sec: 31
  nsec: 268000000
}
real_time {
  sec: 33
  nsec: 300705555
}
iterations: 7817
real_time_factor: 0.97461398585688919
step_size {
  nsec: 4000000
}

sim_time {
  sec: 31
  nsec: 372000000
}
real_time {
  sec: 33
  nsec: 404605217
}
iterations: 7843
real_time_factor: 0.9998347773030507
step_size {
  nsec: 4000000
}

sim_time {
  sec: 31
  nsec: 476000000
}
real_time {
  sec: 33
  nsec: 508601647
}
iterations: 7869
real_time_factor: 1.0002838305369148
step_size {
  nsec: 4000000
}

sim_time {
  sec: 31
  nsec: 580000000
}
real_time {
  sec: 33
  nsec: 612600439
}
iterations: 7895
real_time_factor: 1.0001492722788876
step_size {
  nsec: 4000000
}

sim_time {
  sec: 31
  nsec: 680000000
}
real_time {
  sec: 33
  nsec: 712602069
}
iterations: 7920
real_time_factor: 1.000825931600053
step_size {
  nsec: 4000000
}

sim_time {
  sec: 31
  nsec: 780000000
}
real_time {
  sec: 33
  nsec: 812604894
}
iterations: 7945
real_time_factor: 0.9995756801237875
step_size {
  nsec: 4000000
}

sim_time {
  sec: 31
  nsec: 884000000
}
real_time {
  sec: 33
  nsec: 916601361
}
iterations: 7971
real_time_factor: 1.0003833969368761
step_size {
  nsec: 4000000
}

sim_time {
  sec: 31
  nsec: 984000000
}
real_time {
  sec: 34
  nsec: 16603528
}
iterations: 7996
real_time_factor: 0.99962414132286259
step_size {
  nsec: 4000000
}

sim_time {
  sec: 32
  nsec: 88000000
}
real_time {
  sec: 34
  nsec: 120602866
}
iterations: 8022
real_time_factor: 0.99969359391346557
step_size {
  nsec: 4000000
}

sim_time {
  sec: 32
  nsec: 192000000
}
real_time {
  sec: 34
  nsec: 224600820
}
iterations: 8048
real_time_factor: 1.0004879880161548
step_size {
  nsec: 4000000
}

sim_time {
  sec: 32
  nsec: 292000000
}
real_time {
  sec: 34
  nsec: 324600993
}
iterations: 8073
real_time_factor: 1.0006872219496739
step_size {
  nsec: 4000000
}

sim_time {
  sec: 32
  nsec: 396000000
}
real_time {
  sec: 34
  nsec: 428603458
}
iterations: 8099
real_time_factor: 0.99946903207670923
step_size {
  nsec: 4000000
}

sim_time {
  sec: 32
  nsec: 500000000
}
real_time {
  sec: 34
  nsec: 532600532
}
iterations: 8125
real_time_factor: 1.0002978386814674
step_size {
  nsec: 4000000
}

sim_time {
  sec: 32
  nsec: 600000000
}
real_time {
  sec: 34
  nsec: 632601289
}
iterations: 8150
real_time_factor: 1.0474294379519822
step_size {
  nsec: 4000000
}

sim_time {
  sec: 32
  nsec: 700000000
}
real_time {
  sec: 34
  nsec: 732602231
}
iterations: 8175
real_time_factor: 1.0002398074938466
step_size {
  nsec: 4000000
}

sim_time {
  sec: 32
  nsec: 804000000
}
real_time {
  sec: 34
  nsec: 836601046
}
iterations: 8201
real_time_factor: 1.0001657774776169
step_size {
  nsec: 4000000
}

sim_time {
  sec: 32
  nsec: 908000000
}
real_time {
  sec: 34
  nsec: 940600464
}
iterations: 8227
real_time_factor: 1.0001217648248675
step_size {
  nsec: 4000000
}

sim_time {
  sec: 33
  nsec: 8000000
}
real_time {
  sec: 35
  nsec: 40607257
}
iterations: 8252
real_time_factor: 0.998771511041419
step_size {
  nsec: 4000000
}

sim_time {
  sec: 33
  nsec: 112000000
}
real_time {
  sec: 35
  nsec: 144601163
}
iterations: 8278
real_time_factor: 1.0000850072256142
step_size {
  nsec: 4000000
}

sim_time {
  sec: 33
  nsec: 216000000
}
real_time {
  sec: 35
  nsec: 248601123
}
iterations: 8304
real_time_factor: 0.99997850046224
step_size {
  nsec: 4000000
}

sim_time {
  sec: 33
  nsec: 320000000
}
real_time {
  sec: 35
  nsec: 352600741
}
iterations: 8330
real_time_factor: 0.99992750525586893
step_size {
  nsec: 4000000
}

sim_time {
  sec: 33
  nsec: 420000000
}
real_time {
  sec: 35
  nsec: 452602438
}
iterations: 8355
real_time_factor: 1.0007267778223936
step_size {
  nsec: 4000000
}

sim_time {
  sec: 33
  nsec: 524000000
}
real_time {
  sec: 35
  nsec: 556604528
}
iterations: 8381
real_time_factor: 0.99941409348769283
step_size {
  nsec: 4000000
}

sim_time {
  sec: 33
  nsec: 628000000
}
real_time {
  sec: 35
  nsec: 660601322
}
iterations: 8407
real_time_factor: 0.99996675110552569
step_size {
  nsec: 4000000
}

sim_time {
  sec: 33
  nsec: 732000000
}
real_time {
  sec: 35
  nsec: 764600319
}
iterations: 8433
real_time_factor: 1.0000360012960468
step_size {
  nsec: 4000000
}

sim_time {
  sec: 33
  nsec: 832000000
}
real_time {
  sec: 35
  nsec: 864601887
}
iterations: 8458
real_time_factor: 1.0000895080109671
step_size {
  nsec: 4000000
}

sim_time {
  sec: 33
  nsec: 936000000
}
real_time {
  sec: 35
  nsec: 968600671
}
iterations: 8484
real_time_factor: 1.0001730299341787
step_size {
  nsec: 4000000
}

sim_time {
  sec: 34
  nsec: 36000000
}
real_time {
  sec: 36
  nsec: 68602572
}
iterations: 8509
real_time_factor: 1.0000802564405793
step_size {
  nsec: 4000000
}

sim_time {
  sec: 34
  nsec: 140000000
}
real_time {
  sec: 36
  nsec: 172604299
}
iterations: 8535
real_time_factor: 0.9990693668847469
step_size {
  nsec: 4000000
}

sim_time {
  sec: 34
  nsec: 244000000
}
real_time {
  sec: 36
  nsec: 276602635
}
iterations: 8561
real_time_factor: 0.999617396441512
step_size {
  nsec: 4000000
}

sim_time {
  sec: 34
  nsec: 344000000
}
real_time {
  sec: 36
  nsec: 376603847
}
iterations: 8586
real_time_factor: 0.99952722362322621
step_size {
  nsec: 4000000
}

sim_time {
  sec: 34
  nsec: 444000000
}
real_time {
  sec: 36
  nsec: 476604763
}
iterations: 8611
real_time_factor: 0.99913649628308732
step_size {
  nsec: 4000000
}

sim_time {
  sec: 34
  nsec: 548000000
}
real_time {
  sec: 36
  nsec: 580602553
}
iterations: 8637
real_time_factor: 1.0005272778754404
step_size {
  nsec: 4000000
}

sim_time {
  sec: 34
  nsec: 652000000
}
real_time {
  sec: 36
  nsec: 684600241
}
iterations: 8663
real_time_factor: 1.0000850072256142
step_size {
  nsec: 4000000
}

sim_time {
  sec: 34
  nsec: 752000000
}
real_time {
  sec: 36
  nsec: 784601000
}
iterations: 8688
real_time_factor: 1.0000917584188349
step_size {
  nsec: 4000000
}

sim_time {
  sec: 34
  nsec: 856000000
}
real_time {
  sec: 36
  nsec: 888600623
}
iterations: 8714
real_time_factor: 1.0000732553659555
step_size {
  nsec: 4000000
}

sim_time {
  sec: 34
  nsec: 960000000
}
real_time {
  sec: 36
  nsec: 992600718
}
iterations: 8740
real_time_factor: 0.99995525200247293
step_size {
  nsec: 4000000
}

sim_time {
  sec: 35
  nsec: 64000000
}
real_time {
  sec: 37
  nsec: 96600379
}
iterations: 8766
real_time_factor: 1.0000130001690022
step_size {
  nsec: 4000000
}

sim_time {
  sec: 35
  nsec: 164000000
}
real_time {
  sec: 37
  nsec: 196604802
}
iterations: 8791
real_time_factor: 0.9989837837459844
step_size {
  nsec: 4000000
}

sim_time {
  sec: 35
  nsec: 264000000
}
real_time {
  sec: 37
  nsec: 296605640
}
iterations: 8816
real_time_factor: 0.99963813099657928
step_size {
  nsec: 4000000
}

sim_time {
  sec: 35
  nsec: 368000000
}
real_time {
  sec: 37
  nsec: 400600814
}
iterations: 8842
real_time_factor: 1.0006849688611854
step_size {
  nsec: 4000000
}

sim_time {
  sec: 35
  nsec: 468000000
}
real_time {
  sec: 37
  nsec: 500602348
}
iterations: 8867
real_time_factor: 1.0001242654399809
step_size {
  nsec: 4000000
}

sim_time {
  sec: 35
  nsec: 572000000
}
real_time {
  sec: 37
  nsec: 604601164
}
iterations: 8893
real_time_factor: 0.999939003720773
step_size {
  nsec: 4000000
}

sim_time {
  sec: 35
  nsec: 676000000
}
real_time {
  sec: 37
  nsec: 708601916
}
iterations: 8919
real_time_factor: 0.99968909669092909
step_size {
  nsec: 4000000
}

sim_time {
  sec: 35
  nsec: 780000000
}
real_time {
  sec: 37
  nsec: 812600517
}
iterations: 8945
real_time_factor: 0.99996450126020531
step_size {
  nsec: 4000000
}

sim_time {
  sec: 35
  nsec: 880000000
}
real_time {
  sec: 37
  nsec: 912602096
}
iterations: 8970
real_time_factor: 1.0005503026664666
step_size {
  nsec: 4000000
}

sim_time {
  sec: 35
  nsec: 984000000
}
real_time {
  sec: 38
  nsec: 16601919
}
iterations: 8996
real_time_factor: 1.0000965093131486
step_size {
  nsec: 4000000
}

sim_time {
  sec: 36
  nsec: 88000000
}
real_time {
  sec: 38
  nsec: 120600464
}
iterations: 9022
real_time_factor: 1.0001452711006273
step_size {
  nsec: 4000000
}

sim_time {
  sec: 36
  nsec: 192000000
}
real_time {
  sec: 38
  nsec: 224600978
}
iterations: 9048
real_time_factor: 0.99981878284560921
step_size {
  nsec: 4000000
}

sim_time {
  sec: 36
  nsec: 296000000
}
real_time {
  sec: 38
  nsec: 328601270
}
iterations: 9074
real_time_factor: 0.99992750525586893
step_size {
  nsec: 4000000
}

sim_time {
  sec: 36
  nsec: 396000000
}
real_time {
  sec: 38
  nsec: 428604976
}
iterations: 9099
real_time_factor: 0.9993329452590396
step_size {
  nsec: 4000000
}

sim_time {
  sec: 36
  nsec: 500000000
}
real_time {
  sec: 38
  nsec: 532601481
}
iterations: 9125
real_time_factor: 1.0000987597525255
step_size {
  nsec: 4000000
}

sim_time {
  sec: 36
  nsec: 600000000
}
real_time {
  sec: 38
  nsec: 632601205
}
iterations: 9150
real_time_factor: 1.0005898477152282
step_size {
  nsec: 4000000
}

sim_time {
  sec: 36
  nsec: 700000000
}
real_time {
  sec: 38
  nsec: 732604281
}
iterations: 9175
real_time_factor: 0.99944156202721735
step_size {
  nsec: 4000000
}

sim_time {
  sec: 36
  nsec: 804000000
}
real_time {
  sec: 38
  nsec: 836603165
}
iterations: 9201
real_time_factor: 1.0002285522241832
step_size {
  nsec: 4000000
}

sim_time {
  sec: 36
  nsec: 908000000
}
real_time {
  sec: 38
  nsec: 940601633
}
iterations: 9227
real_time_factor: 0.99999700000899994
step_size {
  nsec: 4000000
}

sim_time {
  sec: 37
  nsec: 8000000
}
real_time {
  sec: 39
  nsec: 40602745
}
iterations: 9252
real_time_factor: 0.99994375316388451
step_size {
  nsec: 4000000
}

sim_time {
  sec: 37
  nsec: 112000000
}
real_time {
  sec: 39
  nsec: 144600369
}
iterations: 9278
real_time_factor: 1.000017750315068
step_size {
  nsec: 4000000
}

sim_time {
  sec: 37
  nsec: 212000000
}
real_time {
  sec: 39
  nsec: 244601089
}
iterations: 9303
real_time_factor: 1.0006178815418521
step_size {
  nsec: 4000000
}

sim_time {
  sec: 37
  nsec: 312000000
}
real_time {
  sec: 39
  nsec: 344601726
}
iterations: 9328
real_time_factor: 1.0000480023041105
step_size {
  nsec: 4000000
}

sim_time {
  sec: 37
  nsec: 412000000
}
real_time {
  sec: 39
  nsec: 444607114
}
iterations: 9353
real_time_factor: 0.99852916653769
step_size {
  nsec: 4000000
}

sim_time {
  sec: 37
  nsec: 516000000
}
real_time {
  sec: 39
  nsec: 548605652
}
iterations: 9379
real_time_factor: 0.99885705781159906
step_size {
  nsec: 4000000
}

sim_time {
  sec: 37
  nsec: 620000000
}
real_time {
  sec: 39
  nsec: 652601542
}
iterations: 9405
real_time_factor: 1.0002608180082957
step_size {
  nsec: 4000000
}

sim_time {
  sec: 37
  nsec: 720000000
}
real_time {
  sec: 39
  nsec: 752601605
}
iterations: 9430
real_time_factor: 1.0008079021790339
step_size {
  nsec: 4000000
}

sim_time {
  sec: 37
  nsec: 820000000
}
real_time {
  sec: 39
  nsec: 852603261
}
iterations: 9455
real_time_factor: 0.99962888777541337
step_size {
  nsec: 4000000
}

sim_time {
  sec: 37
  nsec: 924000000
}
real_time {
  sec: 39
  nsec: 956600984
}
iterations: 9481
real_time_factor: 1.0001287665786971
step_size {
  nsec: 4000000
}

sim_time {
  sec: 38
  nsec: 24000000
}
real_time {
  sec: 40
  nsec: 56601686
}
iterations: 9506
real_time_factor: 0.99987201638190315
step_size {
  nsec: 4000000
}

sim_time {
  sec: 38
  nsec: 124000000
}
real_time {
  sec: 40
  nsec: 156603267
}
iterations: 9531
real_time_factor: 0.99962189301896553
step_size {
  nsec: 4000000
}

sim_time {
  sec: 38
  nsec: 228000000
}
real_time {
  sec: 40
  nsec: 260603634
}
iterations: 9557
real_time_factor: 0.99926154571771464
step_size {
  nsec: 4000000
}

sim_time {
  sec: 38
  nsec: 332000000
}
real_time {
  sec: 40
  nsec: 364600484
}
iterations: 9583
real_time_factor: 1.0006661935183347
step_size {
  nsec: 4000000
}

sim_time {
  sec: 38
  nsec: 432000000
}
real_time {
  sec: 40
  nsec: 464605210
}
iterations: 9608
real_time_factor: 0.99989976004905512
step_size {
  nsec: 4000000
}

sim_time {
  sec: 38
  nsec: 536000000
}
real_time {
  sec: 40
  nsec: 568605179
}
iterations: 9634
real_time_factor: 0.99932870094514015
step_size {
  nsec: 4000000
}

sim_time {
  sec: 38
  nsec: 640000000
}
real_time {
  sec: 40
  nsec: 672605408
}
iterations: 9660
real_time_factor: 0.99955744594080975
step_size {
  nsec: 4000000
}

sim_time {
  sec: 38
  nsec: 744000000
}
real_time {
  sec: 40
  nsec: 776601360
}
iterations: 9686
real_time_factor: 1.0002515632681619
step_size {
  nsec: 4000000
}

sim_time {
  sec: 38
  nsec: 844000000
}
real_time {
  sec: 40
  nsec: 876606484
}
iterations: 9711
real_time_factor: 0.99886628676452227
step_size {
  nsec: 4000000
}

sim_time {
  sec: 38
  nsec: 948000000
}
real_time {
  sec: 40
  nsec: 980604491
}
iterations: 9737
real_time_factor: 0.99932620430674612
step_size {
  nsec: 4000000
}

sim_time {
  sec: 39
  nsec: 48000000
}
real_time {
  sec: 41
  nsec: 80607143
}
iterations: 9762
real_time_factor: 0.99977005288783583
step_size {
  nsec: 4000000
}

sim_time {
  sec: 39
  nsec: 152000000
}
real_time {
  sec: 41
  nsec: 184601129
}
iterations: 9788
real_time_factor: 1.0004487012425072
step_size {
  nsec: 4000000
}

sim_time {
  sec: 39
  nsec: 252000000
}
real_time {
  sec: 41
  nsec: 285423082
}
iterations: 9813
real_time_factor: 0.82948332106043632
step_size {
  nsec: 4000000
}

sim_time {
  sec: 39
  nsec: 356000000
}
real_time {
  sec: 41
  nsec: 388601383
}
iterations: 9839
real_time_factor: 1.0010232960644019
step_size {
  nsec: 4000000
}

sim_time {
  sec: 39
  nsec: 456000000
}
real_time {
  sec: 41
  nsec: 488605068
}
iterations: 9864
real_time_factor: 0.999914007395364
step_size {
  nsec: 4000000
}

sim_time {
  sec: 39
  nsec: 560000000
}
real_time {
  sec: 41
  nsec: 592601544
}
iterations: 9890
real_time_factor: 0.99975181161276716
step_size {
  nsec: 4000000
}

sim_time {
  sec: 39
  nsec: 660000000
}
real_time {
  sec: 41
  nsec: 692603619
}
iterations: 9915
real_time_factor: 0.99951323705355488
step_size {
  nsec: 4000000
}

sim_time {
  sec: 39
  nsec: 760000000
}
real_time {
  sec: 41
  nsec: 792603276
}
iterations: 9940
real_time_factor: 0.99998325028055779
step_size {
  nsec: 4000000
}

sim_time {
  sec: 39
  nsec: 864000000
}
real_time {
  sec: 41
  nsec: 896601409
}
iterations: 9966
real_time_factor: 1.0000227505175743
step_size {
  nsec: 4000000
}

sim_time {
  sec: 39
  nsec: 964000000
}
real_time {
  sec: 41
  nsec: 996603049
}
iterations: 9991
real_time_factor: 0.99986276883497738
step_size {
  nsec: 4000000
}

sim_time {
  sec: 40
  nsec: 68000000
}
real_time {
  sec: 42
  nsec: 100603710
}
iterations: 10017
real_time_factor: 0.99930523303673124
step_size {
  nsec: 4000000
}

sim_time {
  sec: 40
  nsec: 168000000
}
real_time {
  sec: 42
  nsec: 200605170
}
iterations: 10042
real_time_factor: 0.99965911624136172
step_size {
  nsec: 4000000
}

sim_time {
  sec: 40
  nsec: 272000000
}
real_time {
  sec: 42
  nsec: 304602085
}
iterations: 10068
real_time_factor: 1.0000830068895719
step_size {
  nsec: 4000000
}

sim_time {
  sec: 40
  nsec: 376000000
}
real_time {
  sec: 42
  nsec: 408602826
}
iterations: 10094
real_time_factor: 0.99981428449665477
step_size {
  nsec: 4000000
}

sim_time {
  sec: 40
  nsec: 480000000
}
real_time {
  sec: 42
  nsec: 512606288
}
iterations: 10120
real_time_factor: 0.998815903746109
step_size {
  nsec: 4000000
}

sim_time {
  sec: 40
  nsec: 584000000
}
real_time {
  sec: 42
  nsec: 616601372
}
iterations: 10146
real_time_factor: 1.0005758313909654
step_size {
  nsec: 4000000
}

sim_time {
  sec: 40
  nsec: 688000000
}
real_time {
  sec: 42
  nsec: 720600586
}
iterations: 10172
real_time_factor: 0.99991850664170867
step_size {
  nsec: 4000000
}

sim_time {
  sec: 40
  nsec: 788000000
}
real_time {
  sec: 42
  nsec: 820602660
}
iterations: 10197
real_time_factor: 0.9999302548647232
step_size {
  nsec: 4000000
}

sim_time {
  sec: 40
  nsec: 888000000
}
real_time {
  sec: 42
  nsec: 920603852
}
iterations: 10222
real_time_factor: 0.99990700864819571
step_size {
  nsec: 4000000
}

sim_time {
  sec: 40
  nsec: 988000000
}
real_time {
  sec: 43
  nsec: 20604747
}
iterations: 10247
real_time_factor: 0.99914373382011612
step_size {
  nsec: 4000000
}

sim_time {
  sec: 41
  nsec: 92000000
}
real_time {
  sec: 43
  nsec: 124602728
}
iterations: 10273
real_time_factor: 0.99943506932706283
step_size {
  nsec: 4000000
}

sim_time {
  sec: 41
  nsec: 196000000
}
real_time {
  sec: 43
  nsec: 228602826
}
iterations: 10299
real_time_factor: 0.99939561550152545
step_size {
  nsec: 4000000
}

sim_time {
  sec: 41
  nsec: 300000000
}
real_time {
  sec: 43
  nsec: 332599674
}
iterations: 10325
real_time_factor: 1.0003211030740868
step_size {
  nsec: 4000000
}

sim_time {
  sec: 41
  nsec: 400000000
}
real_time {
  sec: 43
  nsec: 432604824
}
iterations: 10350
real_time_factor: 0.99948376663453331
step_size {
  nsec: 4000000
}

sim_time {
  sec: 41
  nsec: 504000000
}
real_time {
  sec: 43
  nsec: 536601765
}
iterations: 10376
real_time_factor: 1.0002170470992204
step_size {
  nsec: 4000000
}

sim_time {
  sec: 41
  nsec: 604000000
}
real_time {
  sec: 43
  nsec: 636604101
}
iterations: 10401
real_time_factor: 0.999490509712674
step_size {
  nsec: 4000000
}

sim_time {
  sec: 41
  nsec: 708000000
}
real_time {
  sec: 43
  nsec: 740603764
}
iterations: 10427
real_time_factor: 0.99968459950885491
step_size {
  nsec: 4000000
}

sim_time {
  sec: 41
  nsec: 808000000
}
real_time {
  sec: 43
  nsec: 840603795
}
iterations: 10452
real_time_factor: 0.999661614543477
step_size {
  nsec: 4000000
}

sim_time {
  sec: 41
  nsec: 912000000
}
real_time {
  sec: 43
  nsec: 944600911
}
iterations: 10478
real_time_factor: 1.0001315172945242
step_size {
  nsec: 4000000
}

sim_time {
  sec: 42
  nsec: 16000000
}
real_time {
  sec: 44
  nsec: 48601796
}
iterations: 10504
real_time_factor: 0.99971708006634119
step_size {
  nsec: 4000000
}

sim_time {
  sec: 42
  nsec: 120000000
}
real_time {
  sec: 44
  nsec: 152600540
}
iterations: 10530
real_time_factor: 1.0000690047613285
step_size {
  nsec: 4000000
}

sim_time {
  sec: 42
  nsec: 220000000
}
real_time {
  sec: 44
  nsec: 252605938
}
iterations: 10555
real_time_factor: 0.99918067184908377
step_size {
  nsec: 4000000
}

sim_time {
  sec: 42
  nsec: 324000000
}
real_time {
  sec: 44
  nsec: 356603013
}
iterations: 10581
real_time_factor: 1.0007177648168148
step_size {
  nsec: 4000000
}

sim_time {
  sec: 42
  nsec: 424000000
}
real_time {
  sec: 44
  nsec: 456604588
}
iterations: 10606
real_time_factor: 1.0000480023041105
step_size {
  nsec: 4000000
}

sim_time {
  sec: 42
  nsec: 528000000
}
real_time {
  sec: 44
  nsec: 560608071
}
iterations: 10632
real_time_factor: 0.99828943105987888
step_size {
  nsec: 4000000
}

sim_time {
  sec: 42
  nsec: 632000000
}
real_time {
  sec: 44
  nsec: 664602285
}
iterations: 10658
real_time_factor: 1.0001777816006796
step_size {
  nsec: 4000000
}

sim_time {
  sec: 42
  nsec: 732000000
}
real_time {
  sec: 44
  nsec: 764604914
}
iterations: 10683
real_time_factor: 0.999374891005676
step_size {
  nsec: 4000000
}

sim_time {
  sec: 42
  nsec: 836000000
}
real_time {
  sec: 44
  nsec: 868602324
}
iterations: 10709
real_time_factor: 1.000682465441431
step_size {
  nsec: 4000000
}

sim_time {
  sec: 42
  nsec: 940000000
}
real_time {
  sec: 44
  nsec: 972601705
}
iterations: 10735
real_time_factor: 0.9998235311467526
step_size {
  nsec: 4000000
}

sim_time {
  sec: 43
  nsec: 44000000
}
real_time {
  sec: 45
  nsec: 76601678
}
iterations: 10761
real_time_factor: 0.99969409360735617
step_size {
  nsec: 4000000
}

sim_time {
  sec: 43
  nsec: 144000000
}
real_time {
  sec: 45
  nsec: 176602009
}
iterations: 10786
real_time_factor: 0.99993250455594251
step_size {
  nsec: 4000000
}

sim_time {
  sec: 43
  nsec: 248000000
}
real_time {
  sec: 45
  nsec: 280603730
}
iterations: 10812
real_time_factor: 0.99959691254501626
step_size {
  nsec: 4000000
}

sim_time {
  sec: 43
  nsec: 352000000
}
real_time {
  sec: 45
  nsec: 384601773
}
iterations: 10838
real_time_factor: 1.0003701369506717
step_size {
  nsec: 4000000
}

sim_time {
  sec: 43
  nsec: 456000000
}
real_time {
  sec: 45
  nsec: 488602883
}
iterations: 10864
real_time_factor: 0.9995159843845618
step_size {
  nsec: 4000000
}

sim_time {
  sec: 43
  nsec: 560000000
}
real_time {
  sec: 45
  nsec: 592601742
}
iterations: 10890
real_time_factor: 1.0002590670983784
step_size {
  nsec: 4000000
}

sim_time {
  sec: 43
  nsec: 660000000
}
real_time {
  sec: 45
  nsec: 692604378
}
iterations: 10915
real_time_factor: 0.99970533685196283
step_size {
  nsec: 4000000
}

sim_time {
  sec: 43
  nsec: 764000000
}
real_time {
  sec: 45
  nsec: 796600607
}
iterations: 10941
real_time_factor: 1.0001382691157052
step_size {
  nsec: 4000000
}

sim_time {
  sec: 43
  nsec: 864000000
}
real_time {
  sec: 45
  nsec: 896601427
}
iterations: 10966
real_time_factor: 1.0005670713877091
step_size {
  nsec: 4000000
}

sim_time {
  sec: 43
  nsec: 968000000
}
real_time {
  sec: 46
  nsec: 602240
}
iterations: 10992
real_time_factor: 0.99965486915642376
step_size {
  nsec: 4000000
}

sim_time {
  sec: 44
  nsec: 72000000
}
real_time {
  sec: 46
  nsec: 104600673
}
iterations: 11018
real_time_factor: 1.0000620038442383
step_size {
  nsec: 4000000
}

sim_time {
  sec: 44
  nsec: 172000000
}
real_time {
  sec: 46
  nsec: 204602739
}
iterations: 11043
real_time_factor: 0.99973107234154013
step_size {
  nsec: 4000000
}

sim_time {
  sec: 44
  nsec: 276000000
}
real_time {
  sec: 46
  nsec: 308601428
}
iterations: 11069
real_time_factor: 0.99986751755392411
step_size {
  nsec: 4000000
}

sim_time {
  sec: 44
  nsec: 376000000
}
real_time {
  sec: 46
  nsec: 408602772
}
iterations: 11094
real_time_factor: 0.99958342360821129
step_size {
  nsec: 4000000
}

sim_time {
  sec: 44
  nsec: 480000000
}
real_time {
  sec: 46
  nsec: 512601083
}
iterations: 11120
real_time_factor: 1.000235555473314
step_size {
  nsec: 4000000
}

sim_time {
  sec: 44
  nsec: 584000000
}
real_time {
  sec: 46
  nsec: 616600438
}
iterations: 11146
real_time_factor: 1.0000642541283278
step_size {
  nsec: 4000000
}

sim_time {
  sec: 44
  nsec: 684000000
}
real_time {
  sec: 46
  nsec: 716604477
}
iterations: 11171
real_time_factor: 1.0000365013322987
step_size {
  nsec: 4000000
}

sim_time {
  sec: 44
  nsec: 788000000
}
real_time {
  sec: 46
  nsec: 820900715
}
iterations: 11197
real_time_factor: 0.93049396202468038
step_size {
  nsec: 4000000
}

sim_time {
  sec: 44
  nsec: 892000000
}
real_time {
  sec: 46
  nsec: 924600725
}
iterations: 11223
real_time_factor: 1.0006248902439574
step_size {
  nsec: 4000000
}

sim_time {
  sec: 44
  nsec: 996000000
}
real_time {
  sec: 47
  nsec: 28600914
}
iterations: 11249
real_time_factor: 1.0000295008702758
step_size {
  nsec: 4000000
}

sim_time {
  sec: 45
  nsec: 96000000
}
real_time {
  sec: 47
  nsec: 128604156
}
iterations: 11274
real_time_factor: 0.9996201443451489
step_size {
  nsec: 4000000
}

sim_time {
  sec: 45
  nsec: 200000000
}
real_time {
  sec: 47
  nsec: 232601259
}
iterations: 11300
real_time_factor: 1.0001615260864629
step_size {
  nsec: 4000000
}

sim_time {
  sec: 45
  nsec: 300000000
}
real_time {
  sec: 47
  nsec: 332602108
}
iterations: 11325
real_time_factor: 0.99990250950532322
step_size {
  nsec: 4000000
}

sim_time {
  sec: 45
  nsec: 404000000
}
real_time {
  sec: 47
  nsec: 436600553
}
iterations: 11351
real_time_factor: 1.000126766067599
step_size {
  nsec: 4000000
}

sim_time {
  sec: 45
  nsec: 504000000
}
real_time {
  sec: 47
  nsec: 536603043
}
iterations: 11376
real_time_factor: 0.99985827009021466
step_size {
  nsec: 4000000
}

sim_time {
  sec: 45
  nsec: 608000000
}
real_time {
  sec: 47
  nsec: 640603830
}
iterations: 11402
real_time_factor: 0.99990700864819571
step_size {
  nsec: 4000000
}

sim_time {
  sec: 45
  nsec: 712000000
}
real_time {
  sec: 47
  nsec: 744602784
}
iterations: 11428
real_time_factor: 0.99993925369033831
step_size {
  nsec: 4000000
}

sim_time {
  sec: 45
  nsec: 816000000
}
real_time {
  sec: 47
  nsec: 848600627
}
iterations: 11454
real_time_factor: 1.0001060112371911
step_size {
  nsec: 4000000
}

sim_time {
  sec: 45
  nsec: 916000000
}
real_time {
  sec: 47
  nsec: 948600542
}
iterations: 11479
real_time_factor: 1.0000785061627337
step_size {
  nsec: 4000000
}

sim_time {
  sec: 46
  nsec: 16000000
}
real_time {
  sec: 48
  nsec: 48601378
}
iterations: 11504
real_time_factor: 0.99982827949299713
step_size {
  nsec: 4000000
}

sim_time {
  sec: 46
  nsec: 120000000
}
real_time {
  sec: 48
  nsec: 152600673
}
iterations: 11530
real_time_factor: 1.0001802824959198
step_size {
  nsec: 4000000
}

sim_time {
  sec: 46
  nsec: 224000000
}
real_time {
  sec: 48
  nsec: 256600346
}
iterations: 11556
real_time_factor: 1.0000390015210594
step_size {
  nsec: 4000000
}

sim_time {
  sec: 46
  nsec: 328000000
}
real_time {
  sec: 48
  nsec: 360600250
}
iterations: 11582
real_time_factor: 0.99988176398140916
step_size {
  nsec: 4000000
}

sim_time {
  sec: 46
  nsec: 428000000
}
real_time {
  sec: 48
  nsec: 460600782
}
iterations: 11607
real_time_factor: 1.0000297508850888
step_size {
  nsec: 4000000
}

sim_time {
  sec: 46
  nsec: 528000000
}
real_time {
  sec: 48
  nsec: 560602407
}
iterations: 11632
real_time_factor: 0.99977505061361194
step_size {
  nsec: 4000000
}

sim_time {
  sec: 46
  nsec: 628000000
}
real_time {
  sec: 48
  nsec: 660605235
}
iterations: 11657
real_time_factor: 0.999610901456608
step_size {
  nsec: 4000000
}

sim_time {
  sec: 46
  nsec: 732000000
}
real_time {
  sec: 48
  nsec: 764603250
}
iterations: 11683
real_time_factor: 1.0003841475126449
step_size {
  nsec: 4000000
}

sim_time {
  sec: 46
  nsec: 836000000
}
real_time {
  sec: 48
  nsec: 868602386
}
iterations: 11709
real_time_factor: 0.99955045218413019
step_size {
  nsec: 4000000
}

sim_time {
  sec: 46
  nsec: 940000000
}
real_time {
  sec: 48
  nsec: 972601160
}
iterations: 11735
real_time_factor: 0.99985627066109251
step_size {
  nsec: 4000000
}

sim_time {
  sec: 47
  nsec: 40000000
}
real_time {
  sec: 49
  nsec: 72601721
}
iterations: 11760
real_time_factor: 1.000346620103866
step_size {
  nsec: 4000000
}

sim_time {
  sec: 47
  nsec: 144000000
}
real_time {
  sec: 49
  nsec: 176600612
}
iterations: 11786
real_time_factor: 1.0000320010240327
step_size {
  nsec: 4000000
}

sim_time {
  sec: 47
  nsec: 244000000
}
real_time {
  sec: 49
  nsec: 276600660
}
iterations: 11811
real_time_factor: 1.0001432705235025
step_size {
  nsec: 4000000
}

sim_time {
  sec: 47
  nsec: 348000000
}
real_time {
  sec: 49
  nsec: 380599874
}
iterations: 11837
real_time_factor: 1.0002383067765894
step_size {
  nsec: 4000000
}

sim_time {
  sec: 47
  nsec: 448000000
}
real_time {
  sec: 49
  nsec: 480605783
}
iterations: 11862
real_time_factor: 0.999349673200165
step_size {
  nsec: 4000000
}

sim_time {
  sec: 47
  nsec: 552000000
}
real_time {
  sec: 49
  nsec: 584605193
}
iterations: 11888
real_time_factor: 0.99900049999975027
step_size {
  nsec: 4000000
}

sim_time {
  sec: 47
  nsec: 656000000
}
real_time {
  sec: 49
  nsec: 688600732
}
iterations: 11914
real_time_factor: 1.0001340179584064
step_size {
  nsec: 4000000
}

sim_time {
  sec: 47
  nsec: 756000000
}
real_time {
  sec: 49
  nsec: 788601983
}
iterations: 11939
real_time_factor: 0.99986551808781721
step_size {
  nsec: 4000000
}

sim_time {
  sec: 47
  nsec: 860000000
}
real_time {
  sec: 49
  nsec: 892600615
}
iterations: 11965
real_time_factor: 1.0000830068895719
step_size {
  nsec: 4000000
}

sim_time {
  sec: 47
  nsec: 960000000
}
real_time {
  sec: 49
  nsec: 992605542
}
iterations: 11990
real_time_factor: 0.99923159090659286
step_size {
  nsec: 4000000
}

sim_time {
  sec: 48
  nsec: 64000000
}
real_time {
  sec: 50
  nsec: 96601628
}
iterations: 12016
real_time_factor: 1.0001567745744144
step_size {
  nsec: 4000000
}

sim_time {
  sec: 48
  nsec: 168000000
}
real_time {
  sec: 50
  nsec: 200601868
}
iterations: 12042
real_time_factor: 0.9999255055498365
step_size {
  nsec: 4000000
}

sim_time {
  sec: 48
  nsec: 268000000
}
real_time {
  sec: 50
  nsec: 300604041
}
iterations: 12067
real_time_factor: 0.99922035831542444
step_size {
  nsec: 4000000
}

sim_time {
  sec: 48
  nsec: 368000000
}
real_time {
  sec: 50
  nsec: 400605724
}
iterations: 12092
real_time_factor: 0.99891742324256083
step_size {
  nsec: 4000000
}

sim_time {
  sec: 48
  nsec: 472000000
}
real_time {
  sec: 50
  nsec: 504600343
}
iterations: 12118
real_time_factor: 1.0000112501265639
step_size {
  nsec: 4000000
}

sim_time {
  sec: 48
  nsec: 572000000
}
real_time {
  sec: 50
  nsec: 604600664
}
iterations: 12143
real_time_factor: 0.99989576086692966
step_size {
  nsec: 4000000
}

sim_time {
  sec: 48
  nsec: 672000000
}
real_time {
  sec: 50
  nsec: 704601976
}
iterations: 12168
real_time_factor: 1.0009033152420059
step_size {
  nsec: 4000000
}

sim_time {
  sec: 48
  nsec: 772000000
}
real_time {
  sec: 50
  nsec: 804602289
}
iterations: 12193
real_time_factor: 1.0000992598515404
step_size {
  nsec: 4000000
}

sim_time {
  sec: 48
  nsec: 876000000
}
real_time {
  sec: 50
  nsec: 908601742
}
iterations: 12219
real_time_factor: 1.0000250006250155
step_size {
  nsec: 4000000
}

sim_time {
  sec: 48
  nsec: 976000000
}
real_time {
  sec: 51
  nsec: 8605277
}
iterations: 12244
real_time_factor: 0.9994650363392994
step_size {
  nsec: 4000000
}

sim_time {
  sec: 49
  nsec: 80000000
}
real_time {
  sec: 51
  nsec: 112602284
}
iterations: 12270
real_time_factor: 1.0005810874665462
step_size {
  nsec: 4000000
}

sim_time {
  sec: 49
  nsec: 184000000
}
real_time {
  sec: 51
  nsec: 216600807
}
iterations: 12296
real_time_factor: 0.99990700864819571
step_size {
  nsec: 4000000
}

sim_time {
  sec: 49
  nsec: 284000000
}
real_time {
  sec: 51
  nsec: 316601709
}
iterations: 12321
real_time_factor: 0.99968709793834531
step_size {
  nsec: 4000000
}

sim_time {
  sec: 49
  nsec: 388000000
}
real_time {
  sec: 51
  nsec: 420630611
}
iterations: 12347
real_time_factor: 0.99251691869152525
step_size {
  nsec: 4000000
}

sim_time {
  sec: 49
  nsec: 492000000
}
real_time {
  sec: 51
  nsec: 524601033
}
iterations: 12373
real_time_factor: 1.0000715051126154
step_size {
  nsec: 4000000
}

sim_time {
  sec: 49
  nsec: 596000000
}
real_time {
  sec: 51
  nsec: 628601176
}
iterations: 12399
real_time_factor: 0.999814534403868
step_size {
  nsec: 4000000
}

sim_time {
  sec: 49
  nsec: 700000000
}
real_time {
  sec: 51
  nsec: 732601319
}
iterations: 12425
real_time_factor: 0.999895510919109
step_size {
  nsec: 4000000
}

sim_time {
  sec: 49
  nsec: 800000000
}
real_time {
  sec: 51
  nsec: 832605277
}
iterations: 12450
real_time_factor: 0.9998442742542849
step_size {
  nsec: 4000000
}

sim_time {
  sec: 49
  nsec: 904000000
}
real_time {
  sec: 51
  nsec: 936604494
}
iterations: 12476
real_time_factor: 0.99994425310788926
step_size {
  nsec: 4000000
}

sim_time {
  sec: 50
  nsec: 8000000
}
real_time {
  sec: 52
  nsec: 40605591
}
iterations: 12502
real_time_factor: 0.99956244154121532
step_size {
  nsec: 4000000
}

sim_time {
  sec: 50
  nsec: 112000000
}
real_time {
  sec: 52
  nsec: 144603548
}
iterations: 12528
real_time_factor: 1.0001015103032957
step_size {
  nsec: 4000000
}

sim_time {
  sec: 50
  nsec: 216000000
}
real_time {
  sec: 52
  nsec: 248600910
}
iterations: 12554
real_time_factor: 0.99994875262642791
step_size {
  nsec: 4000000
}

sim_time {
  sec: 50
  nsec: 316000000
}
real_time {
  sec: 52
  nsec: 348601623
}
iterations: 12579
real_time_factor: 1.0005510534927111
step_size {
  nsec: 4000000
}

sim_time {
  sec: 50
  nsec: 420000000
}
real_time {
  sec: 52
  nsec: 452604717
}
iterations: 12605
real_time_factor: 0.99934043531269368
step_size {
  nsec: 4000000
}

sim_time {
  sec: 50
  nsec: 524000000
}
real_time {
  sec: 52
  nsec: 556604116
}
iterations: 12631
real_time_factor: 0.999826280183818
step_size {
  nsec: 4000000
}

sim_time {
  sec: 50
  nsec: 628000000
}
real_time {
  sec: 52
  nsec: 660601219
}
iterations: 12657
real_time_factor: 1.0003356125980267
step_size {
  nsec: 4000000
}

sim_time {
  sec: 50
  nsec: 728000000
}
real_time {
  sec: 52
  nsec: 760601608
}
iterations: 12682
real_time_factor: 0.99987226631797788
step_size {
  nsec: 4000000
}

sim_time {
  sec: 50
  nsec: 832000000
}
real_time {
  sec: 52
  nsec: 864601062
}
iterations: 12708
real_time_factor: 1.0000160002560041
step_size {
  nsec: 4000000
}

sim_time {
  sec: 50
  nsec: 932000000
}
real_time {
  sec: 52
  nsec: 964601210
}
iterations: 12733
real_time_factor: 1.0001480219072423
step_size {
  nsec: 4000000
}

sim_time {
  sec: 51
  nsec: 32000000
}
real_time {
  sec: 53
  nsec: 64601054
}
iterations: 12758
real_time_factor: 1.0003098459747908
step_size {
  nsec: 4000000
}

sim_time {
  sec: 51
  nsec: 136000000
}
real_time {
  sec: 53
  nsec: 168600890
}
iterations: 12784
real_time_factor: 1.0000112501265639
step_size {
  nsec: 4000000
}

sim_time {
  sec: 51
  nsec: 236000000
}
real_time {
  sec: 53
  nsec: 268602266
}
iterations: 12809
real_time_factor: 1
step_size {
  nsec: 4000000
}

sim_time {
  sec: 51
  nsec: 340000000
}
real_time {
  sec: 53
  nsec: 372607588
}
iterations: 12835
real_time_factor: 0.99813274317071343
step_size {
  nsec: 4000000
}

sim_time {
  sec: 51
  nsec: 444000000
}
real_time {
  sec: 53
  nsec: 476601705
}
iterations: 12861
real_time_factor: 1.0013187367763345
step_size {
  nsec: 4000000
}

sim_time {
  sec: 51
  nsec: 544000000
}
real_time {
  sec: 53
  nsec: 576602749
}
iterations: 12886
real_time_factor: 1.0002080432730007
step_size {
  nsec: 4000000
}

sim_time {
  sec: 51
  nsec: 648000000
}
real_time {
  sec: 53
  nsec: 680605913
}
iterations: 12912
real_time_factor: 0.998952099247889
step_size {
  nsec: 4000000
}

sim_time {
  sec: 51
  nsec: 752000000
}
real_time {
  sec: 53
  nsec: 784603975
}
iterations: 12938
real_time_factor: 0.99912776146424176
step_size {
  nsec: 4000000
}

sim_time {
  sec: 51
  nsec: 856000000
}
real_time {
  sec: 53
  nsec: 888602575
}
iterations: 12964
real_time_factor: 0.99996925094553346
step_size {
  nsec: 4000000
}

sim_time {
  sec: 51
  nsec: 956000000
}
real_time {
  sec: 53
  nsec: 988604858
}
iterations: 12989
real_time_factor: 1.0002012905097151
step_size {
  nsec: 4000000
}

sim_time {
  sec: 52
  nsec: 60000000
}
real_time {
  sec: 54
  nsec: 92601281
}
iterations: 13015
real_time_factor: 0.99999275005256216
step_size {
  nsec: 4000000
}

sim_time {
  sec: 52
  nsec: 160000000
}
real_time {
  sec: 54
  nsec: 192601266
}
iterations: 13040
real_time_factor: 0.99979829069485227
step_size {
  nsec: 4000000
}

sim_time {
  sec: 52
  nsec: 260000000
}
real_time {
  sec: 54
  nsec: 292602472
}
iterations: 13065
real_time_factor: 0.999814534403868
step_size {
  nsec: 4000000
}

sim_time {
  sec: 52
  nsec: 360000000
}
real_time {
  sec: 54
  nsec: 392602400
}
iterations: 13090
real_time_factor: 1.0006972357990429
step_size {
  nsec: 4000000
}

sim_time {
  sec: 52
  nsec: 464000000
}
real_time {
  sec: 54
  nsec: 496601265
}
iterations: 13116
real_time_factor: 1.0001640269004117
step_size {
  nsec: 4000000
}

sim_time {
  sec: 52
  nsec: 564000000
}
real_time {
  sec: 54
  nsec: 596600888
}
iterations: 13141
real_time_factor: 1.0003238548480071
step_size {
  nsec: 4000000
}

sim_time {
  sec: 52
  nsec: 668000000
}
real_time {
  sec: 54
  nsec: 700601558
}
iterations: 13167
real_time_factor: 0.99972657478179716
step_size {
  nsec: 4000000
}

sim_time {
  sec: 52
  nsec: 772000000
}
real_time {
  sec: 54
  nsec: 804600718
}
iterations: 13193
real_time_factor: 0.9998932613943462
step_size {
  nsec: 4000000
}

sim_time {
  sec: 52
  nsec: 876000000
}
real_time {
  sec: 54
  nsec: 908605175
}
iterations: 13219
real_time_factor: 0.99901696730417267
step_size {
  nsec: 4000000
}

sim_time {
  sec: 52
  nsec: 976000000
}
real_time {
  sec: 55
  nsec: 8650168
}
iterations: 13244
real_time_factor: 0.98809225323322314
step_size {
  nsec: 4000000
}

sim_time {
  sec: 53
  nsec: 80000000
}
real_time {
  sec: 55
  nsec: 112601523
}
iterations: 13270
real_time_factor: 0.99999050009024915
step_size {
  nsec: 4000000
}

sim_time {
  sec: 53
  nsec: 184000000
}
real_time {
  sec: 55
  nsec: 216600838
}
iterations: 13296
real_time_factor: 1.0000622538753037
step_size {
  nsec: 4000000
}

sim_time {
  sec: 53
  nsec: 284000000
}
real_time {
  sec: 55
  nsec: 316604124
}
iterations: 13321
real_time_factor: 1.0002220492949434
step_size {
  nsec: 4000000
}

