INFO  [px4] instance: 21

______  __   __    ___ 
| ___ \ \ \ / /   /   |
| |_/ /  \ V /   / /| |
|  __/   /   \  / /_| |
| |     / /^\ \ \___  |
\_|     \/   \/     |_/

px4 starting.

INFO  [px4] startup script: /bin/sh etc/init.d-posix/rcS 21
env SYS_AUTOSTART: 4001
INFO  [param] selected parameter default file parameters.bson
INFO  [param] selected parameter backup file parameters_backup.bson
  SYS_AUTOCONFIG: curr: 0 -> new: 1
  COM_RC_IN_MODE: curr: 3 -> new: 4
  SDLOG_MODE: curr: 0 -> new: 1
  IMU_GYRO_RATEMAX: curr: 400 -> new: 250
  MIS_TAKEOFF_ALT: curr: 2.5000 -> new: 3.0000
  MAV_SYS_ID: curr: 1 -> new: 22
  UXRCE_DDS_KEY: curr: 1 -> new: 22
  SYS_AUTOSTART: curr: 0 -> new: 4001
  CAL_ACC0_ID: curr: 0 -> new: 1310988
  CAL_GYRO0_ID: curr: 0 -> new: 1310988
  CAL_ACC1_ID: curr: 0 -> new: 1310996
  CAL_GYRO1_ID: curr: 0 -> new: 1310996
  CAL_ACC2_ID: curr: 0 -> new: 1311004
  CAL_GYRO2_ID: curr: 0 -> new: 1311004
  CAL_MAG0_ID: curr: 0 -> new: 197388
  CAL_MAG0_PRIO: curr: -1 -> new: 50
  CAL_MAG1_ID: curr: 0 -> new: 197644
  CAL_MAG1_PRIO: curr: -1 -> new: 50
  SENS_BOARD_X_OFF: curr: 0.0000 -> new: 0.0000
  SENS_DPRES_OFF: curr: 0.0000 -> new: 0.0010
INFO  [dataman] data manager file './dataman' size is 1208528 bytes
INFO  [init] Gazebo simulator 8.11.0
INFO  [init] Standalone PX4 launch, waiting for Gazebo
INFO  [init] Gazebo world is ready
INFO  [init] Gazebo model pose: 0 0 0 0 0 0
INFO  [init] Spawning Gazebo model
INFO  [lockstep_scheduler] setting initial absolute time to 2572000 us
INFO  [gz_bridge] world: default, model: x500_21
INFO  [commander] LED: open /dev/led0 failed (22)
WARN  [health_and_arming_checks] Preflight Fail: ekf2 missing data
WARN  [health_and_arming_checks] Preflight Fail: system power unavailable
WARN  [health_and_arming_checks] Preflight Fail: No connection to the GCS
INFO  [tone_alarm] home set
  UXRCE_DDS_DOM_ID: curr: 0 -> new: 71
INFO  [uxrce_dds_client] init UDP agent IP:127.0.0.1, port:18888
INFO  [mavlink] mode: Normal, data rate: 4000000 B/s on udp port 18591 remote port 14550
INFO  [mavlink] mode: Onboard, data rate: 4000000 B/s on udp port 14601 remote port 14549
INFO  [mavlink] mode: Onboard, data rate: 4000 B/s on udp port 14301 remote port 14051
INFO  [mavlink] mode: Gimbal, data rate: 400000 B/s on udp port 13051 remote port 13301
INFO  [logger] logger started (mode=all)
INFO  [logger] logging 17 topics from logger_topics.txt
INFO  [logger] Start file log (type: full)
INFO  [logger] [logger] ./log/2026-10-09/12_15_45.ulg	
INFO  [logger] Opened full log file: ./log/2026-10-09/12_15_45.ulg
INFO  [mavlink] MAVLink only on localhost (set param MAV_{i}_BROADCAST = 1 to enable network)
INFO  [mavlink] MAVLink only on localhost (set param MAV_{i}_BROADCAST = 1 to enable network)
INFO  [px4] Startup script returned successfully
WARN  [health_and_arming_checks] Preflight Fail: No connection to the GCS
WARN  [health_and_arming_checks] Preflight Fail: No connection to the GCS
INFO  [uxrce_dds_client] synchronized with time offset 1791548141928741us
INFO  [uxrce_dds_client] successfully created rt/fmu/out/register_ext_component_reply data writer, topic id: 205
INFO  [uxrce_dds_client] successfully created rt/fmu/out/arming_check_request_v1 data writer, topic id: 16
INFO  [uxrce_dds_client] successfully created rt/fmu/out/mode_completed data writer, topic id: 157
INFO  [uxrce_dds_client] successfully created rt/fmu/out/battery_status_v1 data writer, topic id: 20
INFO  [uxrce_dds_client] successfully created rt/fmu/out/collision_constraints data writer, topic id: 27
INFO  [uxrce_dds_client] successfully created rt/fmu/out/estimator_status_flags data writer, topic id: 85
INFO  [uxrce_dds_client] successfully created rt/fmu/out/failsafe_flags data writer, topic id: 91
INFO  [uxrce_dds_client] successfully created rt/fmu/out/manual_control_setpoint data writer, topic id: 148
INFO  [uxrce_dds_client] successfully created rt/fmu/out/message_format_response data writer, topic id: 154
INFO  [uxrce_dds_client] successfully created rt/fmu/out/position_setpoint_triplet data writer, topic id: 192
INFO  [uxrce_dds_client] successfully created rt/fmu/out/sensor_combined data writer, topic id: 225
INFO  [uxrce_dds_client] successfully created rt/fmu/out/timesync_status data writer, topic id: 249
INFO  [uxrce_dds_client] successfully created rt/fmu/out/transponder_report data writer, topic id: 252
INFO  [uxrce_dds_client] successfully created rt/fmu/out/vehicle_land_detected data writer, topic id: 277
INFO  [uxrce_dds_client] successfully created rt/fmu/out/vehicle_attitude data writer, topic id: 264
INFO  [uxrce_dds_client] successfully created rt/fmu/out/vehicle_control_mode data writer, topic id: 271
INFO  [uxrce_dds_client] successfully created rt/fmu/out/vehicle_command_ack data writer, topic id: 268
INFO  [uxrce_dds_client] successfully created rt/fmu/out/vehicle_global_position data writer, topic id: 272
INFO  [uxrce_dds_client] successfully created rt/fmu/out/vehicle_gps_position data writer, topic id: 274
INFO  [uxrce_dds_client] successfully created rt/fmu/out/vehicle_local_position_v1 data writer, topic id: 278
INFO  [uxrce_dds_client] successfully created rt/fmu/out/vehicle_odometry data writer, topic id: 283
INFO  [uxrce_dds_client] successfully created rt/fmu/out/vehicle_status_v1 data writer, topic id: 288
INFO  [uxrce_dds_client] successfully created rt/fmu/out/airspeed_validated_v1 data writer, topic id: 13
INFO  [uxrce_dds_client] successfully created rt/fmu/out/vtol_vehicle_status data writer, topic id: 297
INFO  [uxrce_dds_client] successfully created rt/fmu/out/home_position_v1 data writer, topic id: 128
INFO  [uxrce_dds_client] successfully created rt/fmu/out/wind data writer, topic id: 299
INFO  [uxrce_dds_client] successfully created rt/fmu/out/gimbal_device_attitude_status data writer, topic id: 110
INFO  [commander] [32mReady for takeoff![0m
INFO  [mavlink] partner IP: 127.0.0.1
ERROR [uxrce_dds_client] No ping response, disconnecting
INFO  [uxrce_dds_client] init UDP agent IP:127.0.0.1, port:18888
INFO  [uxrce_dds_client] synchronized with time offset 1791548141928793us
INFO  [uxrce_dds_client] successfully created rt/fmu/out/register_ext_component_reply data writer, topic id: 205
INFO  [uxrce_dds_client] successfully created rt/fmu/out/arming_check_request_v1 data writer, topic id: 16
INFO  [uxrce_dds_client] successfully created rt/fmu/out/mode_completed data writer, topic id: 157
INFO  [uxrce_dds_client] successfully created rt/fmu/out/battery_status_v1 data writer, topic id: 20
INFO  [uxrce_dds_client] successfully created rt/fmu/out/collision_constraints data writer, topic id: 27
INFO  [uxrce_dds_client] successfully created rt/fmu/out/estimator_status_flags data writer, topic id: 85
INFO  [uxrce_dds_client] successfully created rt/fmu/out/failsafe_flags data writer, topic id: 91
INFO  [uxrce_dds_client] successfully created rt/fmu/out/manual_control_setpoint data writer, topic id: 148
INFO  [uxrce_dds_client] successfully created rt/fmu/out/message_format_response data writer, topic id: 154
INFO  [uxrce_dds_client] successfully created rt/fmu/out/position_setpoint_triplet data writer, topic id: 192
INFO  [uxrce_dds_client] successfully created rt/fmu/out/sensor_combined data writer, topic id: 225
INFO  [uxrce_dds_client] successfully created rt/fmu/out/timesync_status data writer, topic id: 249
INFO  [uxrce_dds_client] successfully created rt/fmu/out/transponder_report data writer, topic id: 252
INFO  [uxrce_dds_client] successfully created rt/fmu/out/vehicle_land_detected data writer, topic id: 277
INFO  [uxrce_dds_client] successfully created rt/fmu/out/vehicle_attitude data writer, topic id: 264
INFO  [uxrce_dds_client] successfully created rt/fmu/out/vehicle_control_mode data writer, topic id: 271
INFO  [uxrce_dds_client] successfully created rt/fmu/out/vehicle_command_ack data writer, topic id: 268
INFO  [uxrce_dds_client] successfully created rt/fmu/out/vehicle_global_position data writer, topic id: 272
INFO  [uxrce_dds_client] successfully created rt/fmu/out/vehicle_gps_position data writer, topic id: 274
INFO  [uxrce_dds_client] successfully created rt/fmu/out/vehicle_local_position_v1 data writer, topic id: 278
INFO  [uxrce_dds_client] successfully created rt/fmu/out/vehicle_odometry data writer, topic id: 283
INFO  [uxrce_dds_client] successfully created rt/fmu/out/vehicle_status_v1 data writer, topic id: 288
INFO  [uxrce_dds_client] successfully created rt/fmu/out/airspeed_validated_v1 data writer, topic id: 13
INFO  [uxrce_dds_client] successfully created rt/fmu/out/vtol_vehicle_status data writer, topic id: 297
INFO  [uxrce_dds_client] successfully created rt/fmu/out/home_position_v1 data writer, topic id: 128
INFO  [uxrce_dds_client] successfully created rt/fmu/out/wind data writer, topic id: 299
INFO  [uxrce_dds_client] successfully created rt/fmu/out/gimbal_device_attitude_status data writer, topic id: 110
INFO  [commander] Connection to ground station lost	
INFO  [commander] Armed by external command	
INFO  [tone_alarm] arming warning
INFO  [navigator] Using default takeoff altitude: 3.0 m	
INFO  [commander] Takeoff detected	
INFO  [commander] Landing at current position	
INFO  [commander] Landing detected	
INFO  [commander] Disarmed by landing	
INFO  [tone_alarm] notify neutral
INFO  [commander] Landing at current position	
Exiting NOW.
