{
  "ulog_start_us": 4552000,
  "ulog_end_us": 68368000,
  "dropouts": 0,
  "missing_topics": [],
  "windows": {
    "classic_before_0": {
      "start_us": 34672232.061598286,
      "end_us": 44712212.503634095,
      "duration_s": 10.039980442035809,
      "position_error_m": {
        "count": 1255,
        "mean": 0.11761309610291636,
        "p95": 0.36243360777461187,
        "p99": 0.44097862326564363,
        "max": 0.46205933642835795
      },
      "velocity_error_m_s": {
        "count": 1255,
        "mean": 0.05074727535247803,
        "p95": 0.1812673762440681,
        "p99": 0.21919314891099934,
        "max": 0.227685809135437
      },
      "tilt_deg": {
        "count": 2510,
        "mean": 0.13084889948368073,
        "p95": 0.23406796157360077,
        "p99": 0.26466989517211914,
        "max": 0.26834097504615784
      },
      "attitude_error_deg": {
        "count": 2510,
        "mean": 0.07100798189640045,
        "p95": 0.14803747832775116,
        "p99": 0.16269100338220527,
        "max": 0.17693863809108734
      },
      "angular_rate_rad_s": {
        "count": 2483,
        "mean": 0.005623458884656429,
        "p95": 0.0104139544069767,
        "p99": 0.011578152384608983,
        "max": 0.012572871521115303
      },
      "status": "PASS"
    },
    "neural_1": {
      "start_us": 44941911.82076328,
      "end_us": 49968260.80629341,
      "duration_s": 5.026348985530131,
      "position_error_m": {
        "count": 629,
        "mean": 0.042580080870605386,
        "p95": 0.05201340226424583,
        "p99": 0.055997888446382364,
        "max": 0.056215292118546825
      },
      "velocity_error_m_s": {
        "count": 629,
        "mean": 0.024109531193971634,
        "p95": 0.0526977151632309,
        "p99": 0.0899616804718973,
        "max": 0.13744527101516724
      },
      "tilt_deg": {
        "count": 1257,
        "mean": 0.35164669156074524,
        "p95": 1.0127833127975465,
        "p99": 1.4439377450943007,
        "max": 1.5761945247650146
      },
      "attitude_error_deg": {
        "count": 1257,
        "mean": 0.4942580461502075,
        "p95": 0.9153070688247681,
        "p99": 1.5773435878753679,
        "max": 1.727774739265442
      },
      "angular_rate_rad_s": {
        "count": 1234,
        "mean": 0.03284900262951851,
        "p95": 0.09266822375357149,
        "p99": 0.23597531899809854,
        "max": 0.25206440687179565
      },
      "status": "PASS"
    },
    "classic_after_2": {
      "start_us": 50200076.78362351,
      "end_us": 60248217.87051235,
      "duration_s": 10.048141086888842,
      "position_error_m": {
        "count": 1256,
        "mean": 0.031191214239028722,
        "p95": 0.04185489421468462,
        "p99": 0.042714528836904145,
        "max": 0.04280304854762095
      },
      "velocity_error_m_s": {
        "count": 1256,
        "mean": 0.013103737495839596,
        "p95": 0.02043081121519208,
        "p99": 0.022798992414027452,
        "max": 0.023020107299089432
      },
      "tilt_deg": {
        "count": 2512,
        "mean": 0.09079702198505402,
        "p95": 0.16551098227500916,
        "p99": 0.21306245028972626,
        "max": 0.21489134430885315
      },
      "attitude_error_deg": {
        "count": 2512,
        "mean": 0.038599979132413864,
        "p95": 0.11190581321716309,
        "p99": 0.16733850345015466,
        "max": 0.17693863809108734
      },
      "angular_rate_rad_s": {
        "count": 2488,
        "mean": 0.004021127708256245,
        "p95": 0.007228234736248851,
        "p99": 0.009620004063472163,
        "max": 0.014166153967380524
      },
      "status": "PASS"
    }
  },
  "unavailable": {
    "settling_time": "this run did not predefine a settling band and dwell time"
  },
  "time_alignment": {
    "method": "exact position-vector matches, monotonic->ULog interpolation",
    "matched_samples": 568,
    "telemetry_samples": 568,
    "sampling_uncertainty_s": 0.1
  },
  "armed_motor_values_valid": true,
  "actuator_step": {
    "count": 15347,
    "mean": 0.0004797301662620157,
    "p95": 0.0018835499882698047,
    "p99": 0.005188964605331419,
    "max": 0.2485870122909546
  },
  "handovers": [
    {
      "from": "C",
      "to": "N",
      "request_to_mode_confirmation_ms": 201.25434,
      "confirmation_px4_us": 1791547492321857
    },
    {
      "from": "N",
      "to": "C",
      "request_to_mode_confirmation_ms": 201.332813,
      "confirmation_px4_us": 1791547497565857
    }
  ],
  "raptor_active_samples": 1274,
  "active_loop_interval_us": {
    "count": 1273,
    "mean": 4122.54516889238,
    "p95": 4000.0,
    "p99": 8000.0,
    "max": 8000.0
  },
  "inference_duration_us": {
    "count": 15296,
    "mean": 6.591461820083682,
    "p95": 10.0,
    "p99": 15.0,
    "max": 96.0
  },
  "inference_nonfinite_count": 0,
  "executor_warning_count": 0,
  "inference_timing_status": "PASS",
  "control_period_us": {
    "count": 15295,
    "mean": 4115.070284406669,
    "p95": 4000.0,
    "p99": 8000.0,
    "max": 8000.0
  },
  "control_period_jitter_std_us": 668.6104749951527,
  "observation_age_us": {
    "vehicle_local_position": {
      "count": 15296,
      "mean": 1972.8033472803347,
      "p95": 4000.0,
      "p99": 4000.0,
      "max": 4000.0
    },
    "vehicle_attitude": {
      "count": 15296,
      "mean": 0.0,
      "p95": 0.0,
      "p99": 0.0,
      "max": 0.0
    },
    "vehicle_angular_velocity": {
      "count": 15296,
      "mean": 0.5230125523012552,
      "p95": 0.0,
      "p99": 0.0,
      "max": 4000.0
    }
  },
  "ownership_windows": {
    "classic_before_0": {
      "expected_owner": 2,
      "samples": 2411,
      "status": "PASS"
    },
    "neural_1": {
      "expected_owner": 1,
      "samples": 1219,
      "status": "PASS"
    },
    "classic_after_2": {
      "expected_owner": 2,
      "samples": 2443,
      "status": "PASS"
    }
  },
  "actuator_owner_transitions": [
    {
      "px4_us": 44764000,
      "from": 2,
      "to": 1,
      "max_motor_step": 0.2272549271583557
    },
    {
      "px4_us": 50008000,
      "from": 1,
      "to": 2,
      "max_motor_step": 0.00455927848815918
    }
  ],
  "ownership_log_matching": {
    "events": 15400,
    "matched_actuator_samples": 15342
  },
  "state_log_validation": {
    "operations": 37,
    "missing_requests": [],
    "status": "PASS"
  },
  "state_values_validation": {
    "errors": [],
    "status": "PASS"
  },
  "safety_failure_events": 0,
  "status": "PASS"
}
