{
  "ulog_start_us": 4588000,
  "ulog_end_us": 71320000,
  "dropouts": 0,
  "missing_topics": [],
  "windows": {
    "classic_before_0": {
      "start_us": 36803361.553706035,
      "end_us": 47024000.0,
      "duration_s": 10.220638446293965,
      "position_error_m": {
        "count": 1278,
        "mean": 0.13951747782416235,
        "p95": 0.37427804774006485,
        "p99": 0.44281127247814867,
        "max": 0.4606443722893902
      },
      "velocity_error_m_s": {
        "count": 1278,
        "mean": 0.04552995413541794,
        "p95": 0.15915992856025687,
        "p99": 0.19087203890085222,
        "max": 0.1990048587322235
      },
      "tilt_deg": {
        "count": 2556,
        "mean": 0.12814854085445404,
        "p95": 0.2220563441514969,
        "p99": 0.229850172996521,
        "max": 0.23323051631450653
      },
      "attitude_error_deg": {
        "count": 2556,
        "mean": 0.07537633180618286,
        "p95": 0.16785873472690582,
        "p99": 0.1938265711069107,
        "max": 0.20174109935760498
      },
      "angular_rate_rad_s": {
        "count": 2522,
        "mean": 0.005660995841026306,
        "p95": 0.010166255058720708,
        "p99": 0.01226361783221364,
        "max": 0.013032597489655018
      },
      "angular_rate_error_rad_s": {
        "count": 2522,
        "mean": 0.0022134878672659397,
        "p95": 0.004266780940815806,
        "p99": 0.005888535063713789,
        "max": 0.0071710688062012196
      },
      "minimum_duration_s": 10,
      "status": "PASS"
    },
    "neural_1": {
      "start_us": 47439556.450440064,
      "end_us": 52666538.786858104,
      "duration_s": 5.22698233641804,
      "position_error_m": {
        "count": 654,
        "mean": 0.07229906432653507,
        "p95": 0.08001386395009856,
        "p99": 0.08223234422278461,
        "max": 0.08240158353731089
      },
      "velocity_error_m_s": {
        "count": 654,
        "mean": 0.019639253616333008,
        "p95": 0.04983459934592248,
        "p99": 0.05198942802846432,
        "max": 0.07186050713062286
      },
      "tilt_deg": {
        "count": 1307,
        "mean": 0.3305931091308594,
        "p95": 1.1113356590270997,
        "p99": 1.2419045543670655,
        "max": 1.2510133981704712
      },
      "attitude_error_deg": {
        "count": 1307,
        "mean": 0.4877798855304718,
        "p95": 1.2175405144691471,
        "p99": 1.3497142410278322,
        "max": 1.3590993881225586
      },
      "angular_rate_rad_s": {
        "count": 1295,
        "mean": 0.026327157393097878,
        "p95": 0.06422759965062141,
        "p99": 0.2248169186711309,
        "max": 0.24911589920520782
      },
      "angular_rate_error_rad_s": {
        "count": 1295,
        "mean": 0.026745155453681946,
        "p95": 0.06588077470660206,
        "p99": 0.22725235641002633,
        "max": 0.25093144178390503
      },
      "minimum_duration_s": 5,
      "status": "PASS"
    },
    "classic_after_2": {
      "start_us": 52983356.68246706,
      "end_us": 63193516.75798744,
      "duration_s": 10.210160075520381,
      "position_error_m": {
        "count": 1277,
        "mean": 0.07319943780373678,
        "p95": 0.09453383669155682,
        "p99": 0.09829573195201355,
        "max": 0.09854156290133509
      },
      "velocity_error_m_s": {
        "count": 1277,
        "mean": 0.019534844905138016,
        "p95": 0.03574977889657021,
        "p99": 0.04143154233694077,
        "max": 0.041794050484895706
      },
      "tilt_deg": {
        "count": 2553,
        "mean": 0.16047891974449158,
        "p95": 0.3633714735507966,
        "p99": 0.4729109501838684,
        "max": 0.6486108303070068
      },
      "attitude_error_deg": {
        "count": 2553,
        "mean": 0.10090070962905884,
        "p95": 0.22028684616088867,
        "p99": 0.632562716007233,
        "max": 1.092877745628357
      },
      "angular_rate_rad_s": {
        "count": 2521,
        "mean": 0.008095715194940567,
        "p95": 0.01563972607254982,
        "p99": 0.08142021894454975,
        "max": 0.09460406750440598
      },
      "angular_rate_error_rad_s": {
        "count": 2521,
        "mean": 0.0032476745545864105,
        "p95": 0.007166976574808359,
        "p99": 0.03837529644370088,
        "max": 0.042450737208127975
      },
      "minimum_duration_s": 10,
      "status": "PASS"
    }
  },
  "unavailable": {},
  "time_alignment": {
    "method": "exact position-vector matches, monotonic->ULog interpolation",
    "matched_samples": 586,
    "telemetry_samples": 586,
    "sampling_uncertainty_s": 0.1
  },
  "armed_motor_values_valid": true,
  "actuator_step": {
    "count": 16022,
    "mean": 0.0005104057490825653,
    "p95": 0.0019203055649995783,
    "p99": 0.0055274081230163525,
    "max": 0.2453850507736206
  },
  "handovers": [
    {
      "from": "C",
      "to": "N",
      "request_to_mode_confirmation_ms": 201.127545,
      "confirmation_px4_us": 1791548957065172
    },
    {
      "from": "N",
      "to": "C",
      "request_to_mode_confirmation_ms": 201.08913,
      "confirmation_px4_us": 1791548962717172
    }
  ],
  "raptor_active_samples": 1383,
  "active_loop_interval_us": {
    "count": 1382,
    "mean": 4083.9363241678725,
    "p95": 4000.0,
    "p99": 8000.0,
    "max": 8000.0
  },
  "inference_duration_us": {
    "count": 16045,
    "mean": 6.763727017762543,
    "p95": 11.0,
    "p99": 17.0,
    "max": 663.0
  },
  "inference_nonfinite_count": 0,
  "executor_warning_count": 0,
  "inference_timing_status": "PASS",
  "control_period_us": {
    "count": 16044,
    "mean": 4104.961356270257,
    "p95": 4000.0,
    "p99": 8000.0,
    "max": 8000.0
  },
  "control_period_jitter_std_us": 639.3970118564329,
  "observation_age_us": {
    "vehicle_local_position": {
      "count": 16045,
      "mean": 1975.6933624181988,
      "p95": 4000.0,
      "p99": 4000.0,
      "max": 4000.0
    },
    "vehicle_attitude": {
      "count": 16045,
      "mean": 0.0,
      "p95": 0.0,
      "p99": 0.0,
      "max": 0.0
    },
    "vehicle_angular_velocity": {
      "count": 16045,
      "mean": 0.747896540978498,
      "p95": 0.0,
      "p99": 0.0,
      "max": 4000.0
    }
  },
  "ownership_windows": {
    "classic_before_0": {
      "expected_owner": 2,
      "samples": 2459,
      "status": "PASS"
    },
    "neural_1": {
      "expected_owner": 1,
      "samples": 1281,
      "status": "PASS"
    },
    "classic_after_2": {
      "expected_owner": 2,
      "samples": 2457,
      "status": "PASS"
    }
  },
  "ownership_transition_validation": {
    "expected": 2,
    "actual": 2,
    "status": "PASS"
  },
  "actuator_owner_transitions": [
    {
      "px4_us": 47176000,
      "from": 2,
      "to": 1,
      "max_motor_step": 0.2015175223350525,
      "mode_change_us": 47164000,
      "mode_to_actuator_owner_us": 12000,
      "settling_time_s": 0.0
    },
    {
      "px4_us": 52816000,
      "from": 1,
      "to": 2,
      "max_motor_step": 0.019693315029144287,
      "mode_change_us": 52816000,
      "mode_to_actuator_owner_us": 0,
      "settling_time_s": 0.0
    }
  ],
  "ownership_log_matching": {
    "events": 16114,
    "matched_actuator_samples": 16012
  },
  "state_log_validation": {
    "operations": 55,
    "missing_requests": [],
    "status": "PASS"
  },
  "state_values_validation": {
    "errors": [],
    "status": "PASS"
  },
  "safety_failure_events": 0,
  "host_resources": {
    "cpu_percent": {
      "count": 73,
      "mean": 9.378082191780821,
      "p95": 19.89999999999999,
      "p99": 26.060000000000002,
      "max": 27.5
    },
    "min_available_memory_bytes": 116422713344
  },
  "gazebo_real_time_factor": {
    "count": 697,
    "mean": 0.9968684334999056,
    "p95": 1.0003068941551367,
    "p99": 1.0014522864974298,
    "max": 1.098396862319523
  },
  "temperature_c": {
    "count": 73,
    "mean": 44.91831506849316,
    "p95": 45.031,
    "p99": 45.327,
    "max": 45.687
  },
  "board_power_mw": {
    "count": 73,
    "mean": 30783.50684931507,
    "p95": 34244.4,
    "p99": 34892.88,
    "max": 34962.0
  },
  "status": "PASS"
}
