{
  "ulog_start_us": 3576000,
  "ulog_end_us": 14576000,
  "dropouts": 0,
  "missing_topics": [],
  "windows": {},
  "unavailable": {
    "settling_time": "requires an explicitly defined settling band and dwell time; not inferred",
    "control_source_switch_latency": "requires publication owner event correlated with actual actuator output"
  },
  "armed_motor_values_valid": true,
  "actuator_step": {
    "count": 2713,
    "mean": 0.0001347696379525587,
    "p95": 0.00027198346797376873,
    "p99": 0.00035769955487921853,
    "max": 0.001632874133065343
  },
  "handovers": [],
  "status": "FAIL"
}
