{
  "ulog_start_us": 4508000,
  "ulog_end_us": 70108000,
  "dropouts": 0,
  "missing_topics": [],
  "windows": {
    "classic_before_0": {
      "start_us": 36544281.665382616,
      "end_us": 46584000.0,
      "duration_s": 10.039718334617383,
      "position_error_m": {
        "count": 1255,
        "mean": 0.10205272486181202,
        "p95": 0.36722101035797466,
        "p99": 0.43738439104289095,
        "max": 0.45587849082730064
      },
      "velocity_error_m_s": {
        "count": 1255,
        "mean": 0.055400196462869644,
        "p95": 0.18591439723968503,
        "p99": 0.21320481240749362,
        "max": 0.22013626992702484
      },
      "tilt_deg": {
        "count": 2510,
        "mean": 0.13860340416431427,
        "p95": 0.2541089653968811,
        "p99": 0.26827525556087484,
        "max": 0.2719624638557434
      },
      "attitude_error_deg": {
        "count": 2510,
        "mean": 0.09027276188135147,
        "p95": 0.2093566358089447,
        "p99": 0.2683407664299011,
        "max": 0.27411219477653503
      },
      "angular_rate_rad_s": {
        "count": 2492,
        "mean": 0.006561577785760164,
        "p95": 0.01197279309853911,
        "p99": 0.01416192955337465,
        "max": 0.015463302843272686
      },
      "status": "PASS"
    },
    "neural_1": {
      "start_us": 46903439.24099075,
      "end_us": 51928183.84449753,
      "duration_s": 5.0247446035067815,
      "position_error_m": {
        "count": 629,
        "mean": 0.04306513899048504,
        "p95": 0.10301894498611842,
        "p99": 0.12345837254110185,
        "max": 0.12457622759057635
      },
      "velocity_error_m_s": {
        "count": 629,
        "mean": 0.05321488901972771,
        "p95": 0.17257034182548525,
        "p99": 0.4576944780349732,
        "max": 0.46168187260627747
      },
      "tilt_deg": {
        "count": 1257,
        "mean": 0.41741517186164856,
        "p95": 0.8554649949073793,
        "p99": 0.9414482116699221,
        "max": 0.9585875272750854
      },
      "attitude_error_deg": {
        "count": 1257,
        "mean": 0.47054415941238403,
        "p95": 0.8779455542564393,
        "p99": 0.9412761926651001,
        "max": 0.9495550394058228
      },
      "angular_rate_rad_s": {
        "count": 1240,
        "mean": 0.03768741711974144,
        "p95": 0.10103511661291122,
        "p99": 0.123621891438961,
        "max": 0.13613806664943695
      },
      "status": "PASS"
    },
    "classic_after_2": {
      "start_us": 52155206.683827944,
      "end_us": 62184227.492341645,
      "duration_s": 10.029020808513701,
      "position_error_m": {
        "count": 1254,
        "mean": 0.03278604869034288,
        "p95": 0.055674064247971215,
        "p99": 0.05830482446223662,
        "max": 0.058390044926677855
      },
      "velocity_error_m_s": {
        "count": 1254,
        "mean": 0.01728491298854351,
        "p95": 0.03383962046355009,
        "p99": 0.034614181704819204,
        "max": 0.03473246842622757
      },
      "tilt_deg": {
        "count": 2508,
        "mean": 0.16636566817760468,
        "p95": 0.33899489343166356,
        "p99": 0.44490614175796384,
        "max": 0.5263757109642029
      },
      "attitude_error_deg": {
        "count": 2508,
        "mean": 0.1104562059044838,
        "p95": 0.22381165623664856,
        "p99": 0.5334479904174797,
        "max": 0.5868396759033203
      },
      "angular_rate_rad_s": {
        "count": 2476,
        "mean": 0.007873316295444965,
        "p95": 0.015391739783808589,
        "p99": 0.03451509494334459,
        "max": 0.03764430806040764
      },
      "status": "PASS"
    }
  },
  "unavailable": {},
  "time_alignment": {
    "method": "exact position-vector matches, monotonic->ULog interpolation",
    "matched_samples": 575,
    "telemetry_samples": 575,
    "sampling_uncertainty_s": 0.1
  },
  "armed_motor_values_valid": true,
  "actuator_step": {
    "count": 15831,
    "mean": 0.000508516444824636,
    "p95": 0.001893162727355957,
    "p99": 0.005610579252243059,
    "max": 0.29558253288269043
  },
  "handovers": [
    {
      "from": "C",
      "to": "N",
      "request_to_mode_confirmation_ms": 201.161591,
      "confirmation_px4_us": 1791547951625764
    },
    {
      "from": "N",
      "to": "C",
      "request_to_mode_confirmation_ms": 201.295031,
      "confirmation_px4_us": 1791547956821764
    }
  ],
  "raptor_active_samples": 1270,
  "active_loop_interval_us": {
    "count": 1269,
    "mean": 4097.714736012608,
    "p95": 4000.0,
    "p99": 8000.0,
    "max": 8000.0
  },
  "inference_duration_us": {
    "count": 15773,
    "mean": 6.631205224117163,
    "p95": 10.0,
    "p99": 15.0,
    "max": 190.0
  },
  "inference_nonfinite_count": 0,
  "executor_warning_count": 0,
  "inference_timing_status": "PASS",
  "control_period_us": {
    "count": 15772,
    "mean": 4104.23535379153,
    "p95": 4000.0,
    "p99": 8000.0,
    "max": 8000.0
  },
  "control_period_jitter_std_us": 637.2412464570007,
  "observation_age_us": {
    "vehicle_local_position": {
      "count": 15773,
      "mean": 1976.5421923540227,
      "p95": 4000.0,
      "p99": 4000.0,
      "max": 4000.0
    },
    "vehicle_attitude": {
      "count": 15773,
      "mean": 0.25359792049705193,
      "p95": 0.0,
      "p99": 0.0,
      "max": 4000.0
    },
    "vehicle_angular_velocity": {
      "count": 15773,
      "mean": 0.0,
      "p95": 0.0,
      "p99": 0.0,
      "max": 0.0
    }
  },
  "ownership_windows": {
    "classic_before_0": {
      "expected_owner": 2,
      "samples": 2427,
      "status": "PASS"
    },
    "neural_1": {
      "expected_owner": 1,
      "samples": 1228,
      "status": "PASS"
    },
    "classic_after_2": {
      "expected_owner": 2,
      "samples": 2424,
      "status": "PASS"
    }
  },
  "actuator_owner_transitions": [
    {
      "px4_us": 46752000,
      "from": 2,
      "to": 1,
      "max_motor_step": 0.29558253288269043,
      "mode_change_us": 46740000,
      "mode_to_actuator_owner_us": 12000,
      "settling_time_s": 0.0
    },
    {
      "px4_us": 51948000,
      "from": 1,
      "to": 2,
      "max_motor_step": 0.0027919411659240723,
      "mode_change_us": 51948000,
      "mode_to_actuator_owner_us": 0,
      "settling_time_s": 0.004
    }
  ],
  "ownership_log_matching": {
    "events": 15879,
    "matched_actuator_samples": 15823
  },
  "state_log_validation": {
    "operations": 45,
    "missing_requests": [],
    "status": "PASS"
  },
  "state_values_validation": {
    "errors": [],
    "status": "PASS"
  },
  "safety_failure_events": 0,
  "host_resources": {
    "cpu_percent": {
      "count": 72,
      "mean": 8.518055555555556,
      "p95": 13.570000000000002,
      "p99": 17.50600000000001,
      "max": 18.5
    },
    "min_available_memory_bytes": 116512251904
  },
  "gazebo_real_time_factor": {
    "count": 687,
    "mean": 0.9972236265430461,
    "p95": 1.000353800130274,
    "p99": 1.0013401586812396,
    "max": 1.2332950189680774
  },
  "temperature_c": {
    "count": 72,
    "mean": 45.11504166666667,
    "p95": 45.357400000000005,
    "p99": 45.636520000000004,
    "max": 46.125
  },
  "board_power_mw": {
    "count": 72,
    "mean": 30635.777777777777,
    "p95": 35085.7,
    "p99": 37752.34000000005,
    "max": 43394.0
  },
  "status": "PASS"
}
