INFO  [px4] instance: 21

______  __   __    ___ 
| ___ \ \ \ / /   /   |
| |_/ /  \ V /   / /| |
|  __/   /   \  / /_| |
| |     / /^\ \ \___  |
\_|     \/   \/     |_/

px4 starting.

INFO  [px4] startup script: /bin/sh etc/init.d-posix/rcS 21
env SYS_AUTOSTART: 4001
INFO  [param] selected parameter default file parameters.bson
INFO  [param] selected parameter backup file parameters_backup.bson
  SYS_AUTOCONFIG: curr: 0 -> new: 1
  MAV_SYS_ID: curr: 1 -> new: 22
  UXRCE_DDS_KEY: curr: 1 -> new: 22
  SYS_AUTOSTART: curr: 0 -> new: 4001
  CAL_ACC0_ID: curr: 0 -> new: 1310988
  CAL_GYRO0_ID: curr: 0 -> new: 1310988
  CAL_ACC1_ID: curr: 0 -> new: 1310996
  CAL_GYRO1_ID: curr: 0 -> new: 1310996
  CAL_ACC2_ID: curr: 0 -> new: 1311004
  CAL_GYRO2_ID: curr: 0 -> new: 1311004
  CAL_MAG0_ID: curr: 0 -> new: 197388
  CAL_MAG0_PRIO: curr: -1 -> new: 50
  CAL_MAG1_ID: curr: 0 -> new: 197644
  CAL_MAG1_PRIO: curr: -1 -> new: 50
  SENS_BOARD_X_OFF: curr: 0.0000 -> new: 0.0000
  SENS_DPRES_OFF: curr: 0.0000 -> new: 0.0010
  COM_RC_IN_MODE: curr: 1 -> new: 4
  MC_RAPTOR_ENABLE: curr: 0 -> new: 1
  IMU_GYRO_RATEMAX: curr: 800 -> new: 250
  MIS_TAKEOFF_ALT: curr: 2.5000 -> new: 3.0000
  NAV_DLL_ACT: curr: 2 -> new: 0
INFO  [dataman] data manager file './dataman' size is 1208528 bytes
INFO  [init] Gazebo simulator 8.11.0
INFO  [init] Standalone PX4 launch, waiting for Gazebo
INFO  [init] Gazebo world is ready
INFO  [init] Gazebo model pose: 0 0 0 0 0 0
INFO  [init] Spawning Gazebo model
INFO  [lockstep_scheduler] setting initial absolute time to 2608000 us
INFO  [gz_bridge] world: default, model: x500_21
INFO  [init] Setting camera to follow x500_21
INFO  [init] Camera follow offset set to -2.0, -2.0, 2.0
INFO  [commander] LED: open /dev/led0 failed (22)
WARN  [health_and_arming_checks] Preflight Fail: system power unavailable
INFO  [tone_alarm] home set
ERROR [vision_target_estimator] Vision Target Estimator cannot run with CONFIG_MODULES_LANDING_TARGET_ESTIMATOR enabled.
ERROR [px4] Task start failed (-1)
INFO  [mc_raptor] Policy checkpoint ./raptor/policy.tar exists
INFO  [mc_raptor] Policy loaded from file ./raptor/policy.tar
INFO  [mc_raptor] Input offset: 30208
INFO  [mc_raptor] Output offset: 119808
INFO  [mc_raptor] Checkpoint test diff: 0.000000
INFO  [mc_raptor] output[0]: 0.229492
INFO  [mc_raptor] output[1]: -0.870051
INFO  [mc_raptor] output[2]: -2.016715
INFO  [mc_raptor] output[3]: -1.367968
INFO  [mc_raptor] Checkpoint test passed with diff 0.0000001448
INFO  [mc_raptor] Checkpoint name: logs/2025-04-19_16-16-17
WARN  [mc_raptor] IMU_GYRO_RATEMAX=250 Hz is not a multiple of the training frequency (100 Hz)
INFO  [mc_raptor] IMU_GYRO_RATEMAX=250 Hz
INFO  [mc_raptor] POLICY_CONTROL_FREQUENCY_TRAINING=100 Hz
INFO  [mc_raptor] Setting force_sync_native = 250 Hz / 100 Hz = 2
INFO  [mc_raptor] Raptor mode registration successful, arming_check_id: 0, mode_id: 23
  UXRCE_DDS_DOM_ID: curr: 0 -> new: 71
INFO  [uxrce_dds_client] init UDP agent IP:127.0.0.1, port:18888
INFO  [mavlink] mode: Normal, data rate: 4000000 B/s on udp port 18591 remote port 14550
INFO  [mavlink] mode: Onboard, data rate: 4000000 B/s on udp port 14601 remote port 14549
INFO  [mavlink] mode: Onboard, data rate: 4000 B/s on udp port 14301 remote port 14051
INFO  [mavlink] mode: Gimbal, data rate: 400000 B/s on udp port 13051 remote port 13301
INFO  [logger] logger started (mode=all)
INFO  [logger] logging 30 topics from logger_topics.txt
INFO  [logger] Max log file size: 1024 MiB
INFO  [logger] Start file log (type: full)
INFO  [logger] [logger] ./log/2026-10-09/12_11_49.ulg	
INFO  [logger] Opened full log file: ./log/2026-10-09/12_11_49.ulg
INFO  [mavlink] MAVLink only on localhost (set param MAV_{i}_BROADCAST = 1 to enable network)
INFO  [mavlink] MAVLink only on localhost (set param MAV_{i}_BROADCAST = 1 to enable network)
WARN  [mc_raptor] trajectory_setpoint turned stale at: -0.000080 0.000751 -0.000734, yaw: -0.000089 4536000 / 200000 us
INFO  [px4] Startup script returned successfully
WARN  [mc_raptor] trajectory_setpoint turned non-stale at: -0.047129 -0.002704 -0.063049
INFO  [commander] [32mReady for takeoff![0m
INFO  [uxrce_dds_client] synchronized with time offset 1791547904873791us
INFO  [uxrce_dds_client] successfully created rt/fmu/out/register_ext_component_reply_v1 data writer, topic id: 222
INFO  [uxrce_dds_client] successfully created rt/fmu/out/arming_check_request_v1 data writer, topic id: 16
INFO  [uxrce_dds_client] successfully created rt/fmu/out/setpoint_config_reply data writer, topic id: 266
INFO  [uxrce_dds_client] successfully created rt/fmu/out/mode_completed data writer, topic id: 169
INFO  [uxrce_dds_client] successfully created rt/fmu/out/battery_status_v1 data writer, topic id: 20
INFO  [uxrce_dds_client] successfully created rt/fmu/out/collision_constraints data writer, topic id: 27
INFO  [uxrce_dds_client] successfully created rt/fmu/out/estimator_status_flags data writer, topic id: 92
INFO  [uxrce_dds_client] successfully created rt/fmu/out/failsafe_flags data writer, topic id: 98
INFO  [uxrce_dds_client] successfully created rt/fmu/out/manual_control_setpoint data writer, topic id: 160
INFO  [uxrce_dds_client] successfully created rt/fmu/out/message_format_response data writer, topic id: 166
INFO  [uxrce_dds_client] successfully created rt/fmu/out/position_setpoint_triplet data writer, topic id: 205
INFO  [uxrce_dds_client] successfully created rt/fmu/out/sensor_combined data writer, topic id: 247
INFO  [uxrce_dds_client] successfully created rt/fmu/out/timesync_status data writer, topic id: 275
INFO  [uxrce_dds_client] successfully created rt/fmu/out/transponder_report data writer, topic id: 278
INFO  [uxrce_dds_client] successfully created rt/fmu/out/vehicle_land_detected data writer, topic id: 302
INFO  [uxrce_dds_client] successfully created rt/fmu/out/vehicle_attitude data writer, topic id: 289
INFO  [uxrce_dds_client] successfully created rt/fmu/out/vehicle_control_mode data writer, topic id: 296
INFO  [uxrce_dds_client] successfully created rt/fmu/out/vehicle_command_ack_v1 data writer, topic id: 293
INFO  [uxrce_dds_client] successfully created rt/fmu/out/vehicle_global_position data writer, topic id: 297
INFO  [uxrce_dds_client] successfully created rt/fmu/out/vehicle_gps_position data writer, topic id: 299
INFO  [uxrce_dds_client] successfully created rt/fmu/out/vehicle_local_position_v1 data writer, topic id: 303
INFO  [uxrce_dds_client] successfully created rt/fmu/out/vehicle_odometry data writer, topic id: 308
INFO  [uxrce_dds_client] successfully created rt/fmu/out/vehicle_status_v4 data writer, topic id: 313
INFO  [uxrce_dds_client] successfully created rt/fmu/out/airspeed_validated_v1 data writer, topic id: 13
INFO  [uxrce_dds_client] successfully created rt/fmu/out/vtol_vehicle_status data writer, topic id: 332
INFO  [uxrce_dds_client] successfully created rt/fmu/out/home_position_v1 data writer, topic id: 139
INFO  [uxrce_dds_client] successfully created rt/fmu/out/wind data writer, topic id: 335
INFO  [uxrce_dds_client] successfully created rt/fmu/out/gimbal_device_attitude_status data writer, topic id: 121
INFO  [uxrce_dds_client] successfully created rt/fmu/out/config_overrides_confirm_v1 data writer, topic id: 29
INFO  [uxrce_dds_client] successfully created rt/fmu/out/vtx data writer, topic id: 333
INFO  [uxrce_dds_client] successfully created rt/fmu/out/input_rc data writer, topic id: 141
INFO  [mavlink] partner IP: 127.0.0.1
ERROR [uxrce_dds_client] No ping response, disconnecting
INFO  [uxrce_dds_client] session disconnected, attempting to reconnect...
INFO  [uxrce_dds_client] init UDP agent IP:127.0.0.1, port:18888
INFO  [uxrce_dds_client] synchronized with time offset 1791547904873759us
INFO  [uxrce_dds_client] successfully created rt/fmu/out/register_ext_component_reply_v1 data writer, topic id: 222
INFO  [uxrce_dds_client] successfully created rt/fmu/out/arming_check_request_v1 data writer, topic id: 16
INFO  [uxrce_dds_client] successfully created rt/fmu/out/setpoint_config_reply data writer, topic id: 266
INFO  [uxrce_dds_client] successfully created rt/fmu/out/mode_completed data writer, topic id: 169
INFO  [uxrce_dds_client] successfully created rt/fmu/out/battery_status_v1 data writer, topic id: 20
INFO  [uxrce_dds_client] successfully created rt/fmu/out/collision_constraints data writer, topic id: 27
INFO  [uxrce_dds_client] successfully created rt/fmu/out/estimator_status_flags data writer, topic id: 92
INFO  [uxrce_dds_client] successfully created rt/fmu/out/failsafe_flags data writer, topic id: 98
INFO  [uxrce_dds_client] successfully created rt/fmu/out/manual_control_setpoint data writer, topic id: 160
INFO  [uxrce_dds_client] successfully created rt/fmu/out/message_format_response data writer, topic id: 166
INFO  [uxrce_dds_client] successfully created rt/fmu/out/position_setpoint_triplet data writer, topic id: 205
INFO  [uxrce_dds_client] successfully created rt/fmu/out/sensor_combined data writer, topic id: 247
INFO  [uxrce_dds_client] successfully created rt/fmu/out/timesync_status data writer, topic id: 275
INFO  [uxrce_dds_client] successfully created rt/fmu/out/transponder_report data writer, topic id: 278
INFO  [uxrce_dds_client] successfully created rt/fmu/out/vehicle_land_detected data writer, topic id: 302
INFO  [uxrce_dds_client] successfully created rt/fmu/out/vehicle_attitude data writer, topic id: 289
INFO  [uxrce_dds_client] successfully created rt/fmu/out/vehicle_control_mode data writer, topic id: 296
INFO  [uxrce_dds_client] successfully created rt/fmu/out/vehicle_command_ack_v1 data writer, topic id: 293
INFO  [uxrce_dds_client] successfully created rt/fmu/out/vehicle_global_position data writer, topic id: 297
INFO  [uxrce_dds_client] successfully created rt/fmu/out/vehicle_gps_position data writer, topic id: 299
INFO  [uxrce_dds_client] successfully created rt/fmu/out/vehicle_local_position_v1 data writer, topic id: 303
INFO  [uxrce_dds_client] successfully created rt/fmu/out/vehicle_odometry data writer, topic id: 308
INFO  [uxrce_dds_client] successfully created rt/fmu/out/vehicle_status_v4 data writer, topic id: 313
INFO  [uxrce_dds_client] successfully created rt/fmu/out/airspeed_validated_v1 data writer, topic id: 13
INFO  [uxrce_dds_client] successfully created rt/fmu/out/vtol_vehicle_status data writer, topic id: 332
INFO  [uxrce_dds_client] successfully created rt/fmu/out/home_position_v1 data writer, topic id: 139
INFO  [uxrce_dds_client] successfully created rt/fmu/out/wind data writer, topic id: 335
INFO  [uxrce_dds_client] successfully created rt/fmu/out/gimbal_device_attitude_status data writer, topic id: 121
INFO  [uxrce_dds_client] successfully created rt/fmu/out/config_overrides_confirm_v1 data writer, topic id: 29
INFO  [uxrce_dds_client] successfully created rt/fmu/out/vtx data writer, topic id: 333
INFO  [uxrce_dds_client] successfully created rt/fmu/out/input_rc data writer, topic id: 141
INFO  [commander] Connection to ground station lost	
WARN  [mc_raptor] trajectory_setpoint turned stale at: -0.005713 0.003095 -0.078713, yaw: 1.675353 16000 / 200000 us
WARN  [mc_raptor] trajectory_setpoint turned non-stale at: -0.005703 0.003233 -0.078676
INFO  [commander] Armed by external command	
INFO  [tone_alarm] arming warning
WARN  [mc_raptor] trajectory_setpoint turned stale at: -0.006643 0.004965 -0.078105, yaw: 1.674729 204000 / 200000 us
INFO  [commander] Takeoff detected	
WARN  [mc_raptor] trajectory_setpoint turned non-stale at: -0.029639 -0.005326 -2.346516
INFO  [mc_raptor] Research mode-entry memory: preserved; timing rebased
INFO  [mc_raptor] Resetting Inference Executor (Recurrent State)
WARN  [mc_raptor] trajectory_setpoint turned stale at: -0.011934 0.016609 -3.005142, yaw: 1.672309 16000 / 200000 us
INFO  [mc_raptor] inactive
WARN  [mc_raptor] trajectory_setpoint turned non-stale at: -0.006843 0.028390 -2.987834
INFO  [commander] Landing at current position	
INFO  [commander] Landing detected	
INFO  [commander] Disarmed by landing	
INFO  [tone_alarm] notify neutral
INFO  [commander] Landing at current position	
Exiting NOW.
