{
  "ulog_start_us": 4512000,
  "ulog_end_us": 71060000,
  "dropouts": 0,
  "missing_topics": [],
  "windows": {
    "classic_before_0": {
      "start_us": 36390530.43485438,
      "end_us": 46616000.0,
      "duration_s": 10.22546956514562,
      "position_error_m": {
        "count": 1279,
        "mean": 0.09492726286790763,
        "p95": 0.3468020595026577,
        "p99": 0.4270541066637873,
        "max": 0.44915077182252616
      },
      "velocity_error_m_s": {
        "count": 1279,
        "mean": 0.06009704992175102,
        "p95": 0.19824012070894234,
        "p99": 0.23120085924863817,
        "max": 0.23310469090938568
      },
      "tilt_deg": {
        "count": 2557,
        "mean": 0.21731823682785034,
        "p95": 0.3887626707553863,
        "p99": 0.41845229744911194,
        "max": 0.4228990972042084
      },
      "attitude_error_deg": {
        "count": 2557,
        "mean": 0.11615672707557678,
        "p95": 0.2130623459815979,
        "p99": 0.2594430148601532,
        "max": 0.27411219477653503
      },
      "angular_rate_rad_s": {
        "count": 2514,
        "mean": 0.008314740844070911,
        "p95": 0.014412228669971225,
        "p99": 0.017917263377457856,
        "max": 0.019448397681117058
      },
      "angular_rate_error_rad_s": {
        "count": 2514,
        "mean": 0.0022942216601222754,
        "p95": 0.004238557373173534,
        "p99": 0.0048805895028635835,
        "max": 0.006363603286445141
      },
      "minimum_duration_s": 10,
      "status": "PASS"
    },
    "neural_1": {
      "start_us": 47095532.67736162,
      "end_us": 52328445.29060605,
      "duration_s": 5.232912613244429,
      "position_error_m": {
        "count": 655,
        "mean": 0.052181862560519654,
        "p95": 0.1179735759966937,
        "p99": 0.1454697170085536,
        "max": 0.1469569312100787
      },
      "velocity_error_m_s": {
        "count": 655,
        "mean": 0.060289230197668076,
        "p95": 0.28493073284626,
        "p99": 0.38740817129611976,
        "max": 0.40011441707611084
      },
      "tilt_deg": {
        "count": 1309,
        "mean": 0.4454796016216278,
        "p95": 1.3786792993545531,
        "p99": 1.4739660501480107,
        "max": 1.5037612915039062
      },
      "attitude_error_deg": {
        "count": 1309,
        "mean": 0.5077230930328369,
        "p95": 1.3762677907943726,
        "p99": 1.4789031696319583,
        "max": 1.508665680885315
      },
      "angular_rate_rad_s": {
        "count": 1289,
        "mean": 0.04232335090637207,
        "p95": 0.1330974131822586,
        "p99": 0.21205208301544154,
        "max": 0.23056526482105255
      },
      "angular_rate_error_rad_s": {
        "count": 1289,
        "mean": 0.042681317776441574,
        "p95": 0.13693679869174957,
        "p99": 0.20583946883678414,
        "max": 0.22335600852966309
      },
      "minimum_duration_s": 5,
      "status": "PASS"
    },
    "classic_after_2": {
      "start_us": 52615389.457399845,
      "end_us": 62844516.86186591,
      "duration_s": 10.229127404466063,
      "position_error_m": {
        "count": 1279,
        "mean": 0.04705367430961617,
        "p95": 0.06678228483930268,
        "p99": 0.06887784731206731,
        "max": 0.06900441993000754
      },
      "velocity_error_m_s": {
        "count": 1279,
        "mean": 0.014870830811560154,
        "p95": 0.023296612314879887,
        "p99": 0.024891892336308955,
        "max": 0.025078443810343742
      },
      "tilt_deg": {
        "count": 2558,
        "mean": 0.13963265717029572,
        "p95": 0.24573091045022025,
        "p99": 0.2835369813442229,
        "max": 0.28599026799201965
      },
      "attitude_error_deg": {
        "count": 2558,
        "mean": 0.0811082273721695,
        "p95": 0.1532333493232727,
        "p99": 0.22180251449346486,
        "max": 0.23738811910152435
      },
      "angular_rate_rad_s": {
        "count": 2505,
        "mean": 0.0065189553424716,
        "p95": 0.01074888166040182,
        "p99": 0.016375128254294397,
        "max": 0.05046307295560837
      },
      "angular_rate_error_rad_s": {
        "count": 2505,
        "mean": 0.002198588103055954,
        "p95": 0.004217986855655901,
        "p99": 0.02064787544310098,
        "max": 0.03939614072442055
      },
      "minimum_duration_s": 10,
      "status": "PASS"
    }
  },
  "unavailable": {},
  "time_alignment": {
    "method": "exact position-vector matches, monotonic->ULog interpolation",
    "matched_samples": 582,
    "telemetry_samples": 582,
    "sampling_uncertainty_s": 0.1
  },
  "armed_motor_values_valid": true,
  "actuator_step": {
    "count": 15933,
    "mean": 0.0005040710093453526,
    "p95": 0.0019048333168029778,
    "p99": 0.00530213117599488,
    "max": 0.2836504876613617
  },
  "handovers": [
    {
      "from": "C",
      "to": "N",
      "request_to_mode_confirmation_ms": 201.398327,
      "confirmation_px4_us": 1791549125193138
    },
    {
      "from": "N",
      "to": "C",
      "request_to_mode_confirmation_ms": 201.104155,
      "confirmation_px4_us": 1791549130809140
    }
  ],
  "raptor_active_samples": 1366,
  "active_loop_interval_us": {
    "count": 1365,
    "mean": 4117.216117216117,
    "p95": 4000.0,
    "p99": 8000.0,
    "max": 8000.0
  },
  "inference_duration_us": {
    "count": 15925,
    "mean": 6.611805337519623,
    "p95": 10.0,
    "p99": 16.0,
    "max": 933.0
  },
  "inference_nonfinite_count": 0,
  "executor_warning_count": 50,
  "inference_timing_status": "PASS",
  "control_period_us": {
    "count": 15924,
    "mean": 4124.089424767646,
    "p95": 4000.0,
    "p99": 8000.0,
    "max": 8000.0
  },
  "control_period_jitter_std_us": 693.5124467025952,
  "observation_age_us": {
    "vehicle_local_position": {
      "count": 15925,
      "mean": 1971.993720565149,
      "p95": 4000.0,
      "p99": 4000.0,
      "max": 4000.0
    },
    "vehicle_attitude": {
      "count": 15925,
      "mean": 0.0,
      "p95": 0.0,
      "p99": 0.0,
      "max": 0.0
    },
    "vehicle_angular_velocity": {
      "count": 15925,
      "mean": 1.0047095761381475,
      "p95": 0.0,
      "p99": 0.0,
      "max": 4000.0
    }
  },
  "ownership_windows": {
    "classic_before_0": {
      "expected_owner": 2,
      "samples": 2456,
      "status": "PASS"
    },
    "neural_1": {
      "expected_owner": 1,
      "samples": 1272,
      "status": "PASS"
    },
    "classic_after_2": {
      "expected_owner": 2,
      "samples": 2431,
      "status": "PASS"
    }
  },
  "ownership_transition_validation": {
    "expected": 2,
    "actual": 2,
    "status": "PASS"
  },
  "actuator_owner_transitions": [
    {
      "px4_us": 46844000,
      "from": 2,
      "to": 1,
      "max_motor_step": 0.2836504876613617,
      "mode_change_us": 46832000,
      "mode_to_actuator_owner_us": 12000,
      "settling_time_s": 0.004
    },
    {
      "px4_us": 52460000,
      "from": 1,
      "to": 2,
      "max_motor_step": 0.00541454553604126,
      "mode_change_us": 52460000,
      "mode_to_actuator_owner_us": 0,
      "settling_time_s": 0.004
    }
  ],
  "ownership_log_matching": {
    "events": 15992,
    "matched_actuator_samples": 15924
  },
  "state_log_validation": {
    "operations": 57,
    "missing_requests": [],
    "status": "PASS"
  },
  "state_values_validation": {
    "errors": [],
    "status": "PASS"
  },
  "safety_failure_events": 0,
  "host_resources": {
    "cpu_percent": {
      "count": 73,
      "mean": 13.536986301369863,
      "p95": 24.079999999999984,
      "p99": 26.712,
      "max": 27.0
    },
    "min_available_memory_bytes": 116300533760
  },
  "gazebo_real_time_factor": {
    "count": 696,
    "mean": 0.9969233426099018,
    "p95": 1.0005428570348203,
    "p99": 1.001835299671052,
    "max": 1.0242454255918987
  },
  "temperature_c": {
    "count": 73,
    "mean": 44.956397260273974,
    "p95": 45.580999999999996,
    "p99": 45.85568,
    "max": 45.968
  },
  "board_power_mw": {
    "count": 73,
    "mean": 31488.794520547945,
    "p95": 34998.0,
    "p99": 37944.0,
    "max": 38196.0
  },
  "status": "PASS"
}
