sim_time {
  nsec: 4000000
}
real_time {
  sec: 1
  nsec: 776556539
}
iterations: 1
real_time_factor: 0.00225154669282383
step_size {
  nsec: 4000000
}

sim_time {
  nsec: 108000000
}
real_time {
  sec: 1
  nsec: 880539061
}
iterations: 27
real_time_factor: 0.999966251139024
step_size {
  nsec: 4000000
}

sim_time {
  nsec: 208000000
}
real_time {
  sec: 1
  nsec: 980542580
}
iterations: 52
real_time_factor: 0.99909681647790394
step_size {
  nsec: 4000000
}

sim_time {
  nsec: 308000000
}
real_time {
  sec: 2
  nsec: 80543128
}
iterations: 77
real_time_factor: 0.99925830052643427
step_size {
  nsec: 4000000
}

sim_time {
  nsec: 412000000
}
real_time {
  sec: 2
  nsec: 184539632
}
iterations: 103
real_time_factor: 1.0007751003151941
step_size {
  nsec: 4000000
}

sim_time {
  nsec: 516000000
}
real_time {
  sec: 2
  nsec: 288539426
}
iterations: 129
real_time_factor: 0.99995025247493941
step_size {
  nsec: 4000000
}

sim_time {
  nsec: 616000000
}
real_time {
  sec: 2
  nsec: 388541062
}
iterations: 154
real_time_factor: 0.99949425590651131
step_size {
  nsec: 4000000
}

sim_time {
  nsec: 720000000
}
real_time {
  sec: 2
  nsec: 492539014
}
iterations: 180
real_time_factor: 1.0000037500140626
step_size {
  nsec: 4000000
}

sim_time {
  nsec: 820000000
}
real_time {
  sec: 2
  nsec: 592539576
}
iterations: 205
real_time_factor: 1.0001355183627381
step_size {
  nsec: 4000000
}

sim_time {
  nsec: 920000000
}
real_time {
  sec: 2
  nsec: 692539905
}
iterations: 230
real_time_factor: 0.99997150081222685
step_size {
  nsec: 4000000
}

sim_time {
  sec: 1
  nsec: 24000000
}
real_time {
  sec: 2
  nsec: 796539201
}
iterations: 256
real_time_factor: 0.99998525021755924
step_size {
  nsec: 4000000
}

sim_time {
  sec: 1
  nsec: 128000000
}
real_time {
  sec: 2
  nsec: 900538942
}
iterations: 282
real_time_factor: 1.0000175003062555
step_size {
  nsec: 4000000
}

sim_time {
  sec: 1
  nsec: 228000000
}
real_time {
  sec: 3
  nsec: 540124
}
iterations: 307
real_time_factor: 0.99991100792029508
step_size {
  nsec: 4000000
}

sim_time {
  sec: 1
  nsec: 328000000
}
real_time {
  sec: 3
  nsec: 100543546
}
iterations: 332
real_time_factor: 0.99909931197025881
step_size {
  nsec: 4000000
}

sim_time {
  sec: 1
  nsec: 432000000
}
real_time {
  sec: 3
  nsec: 204538696
}
iterations: 358
real_time_factor: 1.0003393651296202
step_size {
  nsec: 4000000
}

sim_time {
  sec: 1
  nsec: 532000000
}
real_time {
  sec: 3
  nsec: 304540276
}
iterations: 383
real_time_factor: 1.0011999381258438
step_size {
  nsec: 4000000
}

sim_time {
  sec: 1
  nsec: 632000000
}
real_time {
  sec: 3
  nsec: 404541508
}
iterations: 408
real_time_factor: 0.99941858823629348
step_size {
  nsec: 4000000
}

sim_time {
  sec: 1
  nsec: 732000000
}
real_time {
  sec: 3
  nsec: 796756613
}
iterations: 433
real_time_factor: 0.013503640709819954
step_size {
  nsec: 4000000
}

sim_time {
  sec: 1
  nsec: 836000000
}
real_time {
  sec: 3
  nsec: 900753015
}
iterations: 459
real_time_factor: 1.0000455020703443
step_size {
  nsec: 4000000
}

sim_time {
  sec: 1
  nsec: 936000000
}
real_time {
  sec: 4
  nsec: 753803
}
iterations: 484
real_time_factor: 1.0000987597525255
step_size {
  nsec: 4000000
}

sim_time {
  sec: 2
  nsec: 40000000
}
real_time {
  sec: 4
  nsec: 104752964
}
iterations: 510
real_time_factor: 1.0001082617193311
step_size {
  nsec: 4000000
}

sim_time {
  sec: 2
  nsec: 140000000
}
real_time {
  sec: 4
  nsec: 204753401
}
iterations: 535
real_time_factor: 1.0000107501155637
step_size {
  nsec: 4000000
}

sim_time {
  sec: 2
  nsec: 244000000
}
real_time {
  sec: 4
  nsec: 308759697
}
iterations: 561
real_time_factor: 0.99843719617868132
step_size {
  nsec: 4000000
}

sim_time {
  sec: 2
  nsec: 348000000
}
real_time {
  sec: 4
  nsec: 412754724
}
iterations: 587
real_time_factor: 1.0000897580557855
step_size {
  nsec: 4000000
}

sim_time {
  sec: 2
  nsec: 452000000
}
real_time {
  sec: 4
  nsec: 516759232
}
iterations: 613
real_time_factor: 0.998462118721639
step_size {
  nsec: 4000000
}

sim_time {
  sec: 2
  nsec: 556000000
}
real_time {
  sec: 4
  nsec: 620754045
}
iterations: 639
real_time_factor: 0.99986976696285312
step_size {
  nsec: 4000000
}

sim_time {
  sec: 2
  nsec: 656000000
}
real_time {
  sec: 4
  nsec: 720754403
}
iterations: 664
real_time_factor: 1.0292823097506745
step_size {
  nsec: 4000000
}

sim_time {
  sec: 2
  nsec: 760000000
}
real_time {
  sec: 4
  nsec: 824752494
}
iterations: 690
real_time_factor: 1.0002493121410512
step_size {
  nsec: 4000000
}

sim_time {
  sec: 2
  nsec: 864000000
}
real_time {
  sec: 4
  nsec: 928759503
}
iterations: 716
real_time_factor: 0.99840454952985125
step_size {
  nsec: 4000000
}

sim_time {
  sec: 2
  nsec: 968000000
}
real_time {
  sec: 5
  nsec: 32755028
}
iterations: 742
real_time_factor: 0.99958292402495064
step_size {
  nsec: 4000000
}

sim_time {
  sec: 3
  nsec: 68000000
}
real_time {
  sec: 5
  nsec: 132761146
}
iterations: 767
real_time_factor: 0.99841626220407875
step_size {
  nsec: 4000000
}

sim_time {
  sec: 3
  nsec: 172000000
}
real_time {
  sec: 5
  nsec: 236754180
}
iterations: 793
real_time_factor: 0.99984002559590468
step_size {
  nsec: 4000000
}

sim_time {
  sec: 3
  nsec: 276000000
}
real_time {
  sec: 5
  nsec: 340754492
}
iterations: 819
real_time_factor: 0.99990925823481525
step_size {
  nsec: 4000000
}

sim_time {
  sec: 3
  nsec: 380000000
}
real_time {
  sec: 5
  nsec: 444754134
}
iterations: 845
real_time_factor: 0.99998125035155594
step_size {
  nsec: 4000000
}

sim_time {
  sec: 3
  nsec: 484000000
}
real_time {
  sec: 5
  nsec: 548756100
}
iterations: 871
real_time_factor: 0.99953671473272143
step_size {
  nsec: 4000000
}

sim_time {
  sec: 3
  nsec: 588000000
}
real_time {
  sec: 5
  nsec: 652753195
}
iterations: 897
real_time_factor: 1.0000507525756932
step_size {
  nsec: 4000000
}

sim_time {
  sec: 3
  nsec: 692000000
}
real_time {
  sec: 5
  nsec: 756753910
}
iterations: 923
real_time_factor: 1.0011979333272261
step_size {
  nsec: 4000000
}

sim_time {
  sec: 3
  nsec: 796000000
}
real_time {
  sec: 5
  nsec: 860753867
}
iterations: 949
real_time_factor: 0.99990925823481525
step_size {
  nsec: 4000000
}

sim_time {
  sec: 3
  nsec: 896000000
}
real_time {
  sec: 5
  nsec: 960756276
}
iterations: 974
real_time_factor: 0.99980753704911807
step_size {
  nsec: 4000000
}

sim_time {
  sec: 4
}
real_time {
  sec: 6
  nsec: 64753982
}
iterations: 1000
real_time_factor: 0.999888512430864
step_size {
  nsec: 4000000
}

sim_time {
  sec: 4
  nsec: 100000000
}
real_time {
  sec: 6
  nsec: 164756048
}
iterations: 1025
real_time_factor: 0.999493007172112
step_size {
  nsec: 4000000
}

sim_time {
  sec: 4
  nsec: 204000000
}
real_time {
  sec: 6
  nsec: 268757483
}
iterations: 1051
real_time_factor: 0.999382131996893
step_size {
  nsec: 4000000
}

sim_time {
  sec: 4
  nsec: 308000000
}
real_time {
  sec: 6
  nsec: 372759905
}
iterations: 1077
real_time_factor: 0.99914198681881938
step_size {
  nsec: 4000000
}

sim_time {
  sec: 4
  nsec: 412000000
}
real_time {
  sec: 6
  nsec: 476753652
}
iterations: 1103
real_time_factor: 1.0006068680654818
step_size {
  nsec: 4000000
}

sim_time {
  sec: 4
  nsec: 516000000
}
real_time {
  sec: 6
  nsec: 580753520
}
iterations: 1129
real_time_factor: 0.99996525120752056
step_size {
  nsec: 4000000
}

sim_time {
  sec: 4
  nsec: 616000000
}
real_time {
  sec: 6
  nsec: 680757777
}
iterations: 1154
real_time_factor: 0.99926903470111617
step_size {
  nsec: 4000000
}

sim_time {
  sec: 4
  nsec: 720000000
}
real_time {
  sec: 6
  nsec: 784758441
}
iterations: 1180
real_time_factor: 0.99963213537418227
step_size {
  nsec: 4000000
}

sim_time {
  sec: 4
  nsec: 824000000
}
real_time {
  sec: 6
  nsec: 888755846
}
iterations: 1206
real_time_factor: 0.99938188230579383
step_size {
  nsec: 4000000
}

sim_time {
  sec: 4
  nsec: 928000000
}
real_time {
  sec: 6
  nsec: 992755158
}
iterations: 1232
real_time_factor: 0.999745314881034
step_size {
  nsec: 4000000
}

sim_time {
  sec: 5
  nsec: 32000000
}
real_time {
  sec: 7
  nsec: 96753201
}
iterations: 1258
real_time_factor: 1.0000092500855633
step_size {
  nsec: 4000000
}

sim_time {
  sec: 5
  nsec: 136000000
}
real_time {
  sec: 7
  nsec: 200758135
}
iterations: 1284
real_time_factor: 0.99870717356382166
step_size {
  nsec: 4000000
}

sim_time {
  sec: 5
  nsec: 236000000
}
real_time {
  sec: 7
  nsec: 300760510
}
iterations: 1309
real_time_factor: 0.998220671652779
step_size {
  nsec: 4000000
}

sim_time {
  sec: 5
  nsec: 340000000
}
real_time {
  sec: 7
  nsec: 404753094
}
iterations: 1335
real_time_factor: 1.0000347512076044
step_size {
  nsec: 4000000
}

sim_time {
  sec: 5
  nsec: 444000000
}
real_time {
  sec: 7
  nsec: 508756725
}
iterations: 1361
real_time_factor: 0.99916045542732723
step_size {
  nsec: 4000000
}

sim_time {
  sec: 5
  nsec: 548000000
}
real_time {
  sec: 7
  nsec: 612753218
}
iterations: 1387
real_time_factor: 0.99992125620107419
step_size {
  nsec: 4000000
}

sim_time {
  sec: 5
  nsec: 648000000
}
real_time {
  sec: 7
  nsec: 712759828
}
iterations: 1412
real_time_factor: 0.99915621257847742
step_size {
  nsec: 4000000
}

sim_time {
  sec: 5
  nsec: 752000000
}
real_time {
  sec: 7
  nsec: 816759760
}
iterations: 1438
real_time_factor: 0.99877026411231173
step_size {
  nsec: 4000000
}

sim_time {
  sec: 5
  nsec: 852000000
}
real_time {
  sec: 7
  nsec: 916760750
}
iterations: 1463
real_time_factor: 0.999218111827495
step_size {
  nsec: 4000000
}

sim_time {
  sec: 5
  nsec: 956000000
}
real_time {
  sec: 8
  nsec: 20760099
}
iterations: 1489
real_time_factor: 0.998501997378433
step_size {
  nsec: 4000000
}

sim_time {
  sec: 6
  nsec: 60000000
}
real_time {
  sec: 8
  nsec: 124762397
}
iterations: 1515
real_time_factor: 0.99802914195193038
step_size {
  nsec: 4000000
}

sim_time {
  sec: 6
  nsec: 164000000
}
real_time {
  sec: 8
  nsec: 228753424
}
iterations: 1541
real_time_factor: 0.99994475305239383
step_size {
  nsec: 4000000
}

sim_time {
  sec: 6
  nsec: 264000000
}
real_time {
  sec: 8
  nsec: 328755993
}
iterations: 1566
real_time_factor: 0.99965312036723253
step_size {
  nsec: 4000000
}

sim_time {
  sec: 6
  nsec: 368000000
}
real_time {
  sec: 8
  nsec: 432757415
}
iterations: 1592
real_time_factor: 0.99975955782634274
step_size {
  nsec: 4000000
}

sim_time {
  sec: 6
  nsec: 472000000
}
real_time {
  sec: 8
  nsec: 536753235
}
iterations: 1618
real_time_factor: 0.99999375003906221
step_size {
  nsec: 4000000
}

sim_time {
  sec: 6
  nsec: 572000000
}
real_time {
  sec: 8
  nsec: 636756030
}
iterations: 1643
real_time_factor: 0.99953296822059889
step_size {
  nsec: 4000000
}

sim_time {
  sec: 6
  nsec: 676000000
}
real_time {
  sec: 8
  nsec: 740754341
}
iterations: 1669
real_time_factor: 1.0001090118822951
step_size {
  nsec: 4000000
}

sim_time {
  sec: 6
  nsec: 776000000
}
real_time {
  sec: 8
  nsec: 840755561
}
iterations: 1694
real_time_factor: 0.999509990227291
step_size {
  nsec: 4000000
}

sim_time {
  sec: 6
  nsec: 880000000
}
real_time {
  sec: 8
  nsec: 944753140
}
iterations: 1720
real_time_factor: 1.0002112946359918
step_size {
  nsec: 4000000
}

sim_time {
  sec: 6
  nsec: 980000000
}
real_time {
  sec: 9
  nsec: 44754389
}
iterations: 1745
real_time_factor: 1.0002553151691969
step_size {
  nsec: 4000000
}

sim_time {
  sec: 7
  nsec: 80000000
}
real_time {
  sec: 9
  nsec: 144757716
}
iterations: 1770
real_time_factor: 1.0001185140439142
step_size {
  nsec: 4000000
}

sim_time {
  sec: 7
  nsec: 184000000
}
real_time {
  sec: 9
  nsec: 248753272
}
iterations: 1796
real_time_factor: 1.0000117501380641
step_size {
  nsec: 4000000
}

sim_time {
  sec: 7
  nsec: 284000000
}
real_time {
  sec: 9
  nsec: 348753962
}
iterations: 1821
real_time_factor: 0.9998987602505246
step_size {
  nsec: 4000000
}

sim_time {
  sec: 7
  nsec: 384000000
}
real_time {
  sec: 9
  nsec: 448753993
}
iterations: 1846
real_time_factor: 1.0000375014063028
step_size {
  nsec: 4000000
}

sim_time {
  sec: 7
  nsec: 484000000
}
real_time {
  sec: 9
  nsec: 548754366
}
iterations: 1871
real_time_factor: 0.9999820003239942
step_size {
  nsec: 4000000
}

sim_time {
  sec: 7
  nsec: 588000000
}
real_time {
  sec: 9
  nsec: 652754209
}
iterations: 1897
real_time_factor: 1.0004244300644549
step_size {
  nsec: 4000000
}

sim_time {
  sec: 7
  nsec: 692000000
}
real_time {
  sec: 9
  nsec: 756753413
}
iterations: 1923
real_time_factor: 0.99996350133220135
step_size {
  nsec: 4000000
}

sim_time {
  sec: 7
  nsec: 792000000
}
real_time {
  sec: 9
  nsec: 856757916
}
iterations: 1948
real_time_factor: 0.9989785444383118
step_size {
  nsec: 4000000
}

sim_time {
  sec: 7
  nsec: 896000000
}
real_time {
  sec: 9
  nsec: 960754056
}
iterations: 1974
real_time_factor: 1.0001950380324163
step_size {
  nsec: 4000000
}

sim_time {
  sec: 8
}
real_time {
  sec: 10
  nsec: 64753334
}
iterations: 2000
real_time_factor: 1.0000352512426063
step_size {
  nsec: 4000000
}

sim_time {
  sec: 8
  nsec: 100000000
}
real_time {
  sec: 10
  nsec: 164757068
}
iterations: 2025
real_time_factor: 0.9992672872616154
step_size {
  nsec: 4000000
}

sim_time {
  sec: 8
  nsec: 204000000
}
real_time {
  sec: 10
  nsec: 268753676
}
iterations: 2051
real_time_factor: 0.99983877599737048
step_size {
  nsec: 4000000
}

sim_time {
  sec: 8
  nsec: 304000000
}
real_time {
  sec: 10
  nsec: 368756249
}
iterations: 2076
real_time_factor: 0.99981128561983923
step_size {
  nsec: 4000000
}

sim_time {
  sec: 8
  nsec: 408000000
}
real_time {
  sec: 10
  nsec: 472754059
}
iterations: 2102
real_time_factor: 0.99991750680568858
step_size {
  nsec: 4000000
}

sim_time {
  sec: 8
  nsec: 508000000
}
real_time {
  sec: 10
  nsec: 572758966
}
iterations: 2127
real_time_factor: 0.998939625587439
step_size {
  nsec: 4000000
}

sim_time {
  sec: 8
  nsec: 608000000
}
real_time {
  sec: 10
  nsec: 672758974
}
iterations: 2152
real_time_factor: 0.99916369998311416
step_size {
  nsec: 4000000
}

sim_time {
  sec: 8
  nsec: 712000000
}
real_time {
  sec: 10
  nsec: 776753849
}
iterations: 2178
real_time_factor: 1.0001282664501723
step_size {
  nsec: 4000000
}

sim_time {
  sec: 8
  nsec: 812000000
}
real_time {
  sec: 10
  nsec: 876755792
}
iterations: 2203
real_time_factor: 0.99999850000225
step_size {
  nsec: 4000000
}

sim_time {
  sec: 8
  nsec: 916000000
}
real_time {
  sec: 10
  nsec: 980753177
}
iterations: 2229
real_time_factor: 0.99994050354003938
step_size {
  nsec: 4000000
}

sim_time {
  sec: 9
  nsec: 16000000
}
real_time {
  sec: 11
  nsec: 80757990
}
iterations: 2254
real_time_factor: 0.99994775272991987
step_size {
  nsec: 4000000
}

sim_time {
  sec: 9
  nsec: 120000000
}
real_time {
  sec: 11
  nsec: 184752772
}
iterations: 2280
real_time_factor: 1.0000310009610298
step_size {
  nsec: 4000000
}

sim_time {
  sec: 9
  nsec: 220000000
}
real_time {
  sec: 11
  nsec: 284754273
}
iterations: 2305
real_time_factor: 0.99975805854983091
step_size {
  nsec: 4000000
}

sim_time {
  sec: 9
  nsec: 320000000
}
real_time {
  sec: 11
  nsec: 384756537
}
iterations: 2330
real_time_factor: 0.99979504201638669
step_size {
  nsec: 4000000
}

sim_time {
  sec: 9
  nsec: 420000000
}
real_time {
  sec: 11
  nsec: 484758921
}
iterations: 2355
real_time_factor: 0.99915446553354226
step_size {
  nsec: 4000000
}

sim_time {
  sec: 9
  nsec: 520000000
}
real_time {
  sec: 11
  nsec: 584760249
}
iterations: 2380
real_time_factor: 0.99840380192167777
step_size {
  nsec: 4000000
}

sim_time {
  sec: 9
  nsec: 624000000
}
real_time {
  sec: 11
  nsec: 688763027
}
iterations: 2406
real_time_factor: 0.99876851841679215
step_size {
  nsec: 4000000
}

sim_time {
  sec: 9
  nsec: 728000000
}
real_time {
  sec: 11
  nsec: 792754100
}
iterations: 2432
real_time_factor: 0.99982977898012859
step_size {
  nsec: 4000000
}

sim_time {
  sec: 9
  nsec: 828000000
}
real_time {
  sec: 11
  nsec: 892755113
}
iterations: 2457
real_time_factor: 1.0010488489314679
step_size {
  nsec: 4000000
}

sim_time {
  sec: 9
  nsec: 932000000
}
real_time {
  sec: 11
  nsec: 996754243
}
iterations: 2483
real_time_factor: 0.99979254304731768
step_size {
  nsec: 4000000
}

sim_time {
  sec: 10
  nsec: 32000000
}
real_time {
  sec: 12
  nsec: 96753737
}
iterations: 2508
real_time_factor: 0.99991325752490967
step_size {
  nsec: 4000000
}

sim_time {
  sec: 10
  nsec: 132000000
}
real_time {
  sec: 12
  nsec: 196757630
}
iterations: 2533
real_time_factor: 1.0036422176076982
step_size {
  nsec: 4000000
}

sim_time {
  sec: 10
  nsec: 236000000
}
real_time {
  sec: 12
  nsec: 300756462
}
iterations: 2559
real_time_factor: 0.99940185798799419
step_size {
  nsec: 4000000
}

sim_time {
  sec: 10
  nsec: 336000000
}
real_time {
  sec: 12
  nsec: 400756462
}
iterations: 2584
real_time_factor: 1.0013550837671079
step_size {
  nsec: 4000000
}

sim_time {
  sec: 10
  nsec: 440000000
}
real_time {
  sec: 12
  nsec: 504754386
}
iterations: 2610
real_time_factor: 1.0001100121013311
step_size {
  nsec: 4000000
}

sim_time {
  sec: 10
  nsec: 540000000
}
real_time {
  sec: 12
  nsec: 604758869
}
iterations: 2635
real_time_factor: 0.999612650098087
step_size {
  nsec: 4000000
}

sim_time {
  sec: 10
  nsec: 644000000
}
real_time {
  sec: 12
  nsec: 708752863
}
iterations: 2661
real_time_factor: 1.0001007601515852
step_size {
  nsec: 4000000
}

sim_time {
  sec: 10
  nsec: 744000000
}
real_time {
  sec: 12
  nsec: 808758327
}
iterations: 2686
real_time_factor: 0.99972132767990918
step_size {
  nsec: 4000000
}

sim_time {
  sec: 10
  nsec: 844000000
}
real_time {
  sec: 12
  nsec: 908758327
}
iterations: 2711
real_time_factor: 1.0001957883255648
step_size {
  nsec: 4000000
}

sim_time {
  sec: 10
  nsec: 948000000
}
real_time {
  sec: 13
  nsec: 12756905
}
iterations: 2737
real_time_factor: 0.999936504031994
step_size {
  nsec: 4000000
}

sim_time {
  sec: 11
  nsec: 52000000
}
real_time {
  sec: 13
  nsec: 116755261
}
iterations: 2763
real_time_factor: 1.0003253558219811
step_size {
  nsec: 4000000
}

sim_time {
  sec: 11
  nsec: 156000000
}
real_time {
  sec: 13
  nsec: 220754302
}
iterations: 2789
real_time_factor: 0.99978829482857
step_size {
  nsec: 4000000
}

sim_time {
  sec: 11
  nsec: 256000000
}
real_time {
  sec: 13
  nsec: 320762148
}
iterations: 2814
real_time_factor: 0.99974681411932431
step_size {
  nsec: 4000000
}

sim_time {
  sec: 11
  nsec: 360000000
}
real_time {
  sec: 13
  nsec: 424759351
}
iterations: 2840
real_time_factor: 0.99978629567929855
step_size {
  nsec: 4000000
}

sim_time {
  sec: 11
  nsec: 460000000
}
real_time {
  sec: 13
  nsec: 524760903
}
iterations: 2865
real_time_factor: 0.99814594390918865
step_size {
  nsec: 4000000
}

sim_time {
  sec: 11
  nsec: 564000000
}
real_time {
  sec: 13
  nsec: 628754688
}
iterations: 2891
real_time_factor: 0.99958742029227432
step_size {
  nsec: 4000000
}

sim_time {
  sec: 11
  nsec: 664000000
}
real_time {
  sec: 13
  nsec: 728758036
}
iterations: 2916
real_time_factor: 1.0002885832562693
step_size {
  nsec: 4000000
}

sim_time {
  sec: 11
  nsec: 768000000
}
real_time {
  sec: 13
  nsec: 832754906
}
iterations: 2942
real_time_factor: 1.0002238000752668
step_size {
  nsec: 4000000
}

sim_time {
  sec: 11
  nsec: 868000000
}
real_time {
  sec: 13
  nsec: 932757383
}
iterations: 2967
real_time_factor: 0.99999700000899994
step_size {
  nsec: 4000000
}

sim_time {
  sec: 11
  nsec: 972000000
}
real_time {
  sec: 14
  nsec: 36754521
}
iterations: 2993
real_time_factor: 1.0001102621564026
step_size {
  nsec: 4000000
}

sim_time {
  sec: 12
  nsec: 76000000
}
real_time {
  sec: 14
  nsec: 140753900
}
iterations: 3019
real_time_factor: 0.99993875375133268
step_size {
  nsec: 4000000
}

sim_time {
  sec: 12
  nsec: 176000000
}
real_time {
  sec: 14
  nsec: 240754405
}
iterations: 3044
real_time_factor: 0.999987500156248
step_size {
  nsec: 4000000
}

sim_time {
  sec: 12
  nsec: 280000000
}
real_time {
  sec: 14
  nsec: 344754218
}
iterations: 3070
real_time_factor: 0.9998442742542849
step_size {
  nsec: 4000000
}

sim_time {
  sec: 12
  nsec: 384000000
}
real_time {
  sec: 14
  nsec: 448753657
}
iterations: 3096
real_time_factor: 1.000004000016
step_size {
  nsec: 4000000
}

sim_time {
  sec: 12
  nsec: 484000000
}
real_time {
  sec: 14
  nsec: 548755010
}
iterations: 3121
real_time_factor: 1.0005900980103015
step_size {
  nsec: 4000000
}

sim_time {
  sec: 12
  nsec: 588000000
}
real_time {
  sec: 14
  nsec: 652754495
}
iterations: 3147
real_time_factor: 1.0000365013322987
step_size {
  nsec: 4000000
}

sim_time {
  sec: 12
  nsec: 688000000
}
real_time {
  sec: 14
  nsec: 752760414
}
iterations: 3172
real_time_factor: 0.99839283713042926
step_size {
  nsec: 4000000
}

sim_time {
  sec: 12
  nsec: 792000000
}
real_time {
  sec: 14
  nsec: 856754832
}
iterations: 3198
real_time_factor: 0.99970333803443823
step_size {
  nsec: 4000000
}

sim_time {
  sec: 12
  nsec: 896000000
}
real_time {
  sec: 14
  nsec: 960752994
}
iterations: 3224
real_time_factor: 1.0000157502480664
step_size {
  nsec: 4000000
}

sim_time {
  sec: 13
}
real_time {
  sec: 15
  nsec: 64753312
}
iterations: 3250
real_time_factor: 0.99995100240088231
step_size {
  nsec: 4000000
}

sim_time {
  sec: 13
  nsec: 100000000
}
real_time {
  sec: 15
  nsec: 164753684
}
iterations: 3275
real_time_factor: 1.0003976580690825
step_size {
  nsec: 4000000
}

sim_time {
  sec: 13
  nsec: 200000000
}
real_time {
  sec: 15
  nsec: 264756147
}
iterations: 3300
real_time_factor: 1.0003216033954916
step_size {
  nsec: 4000000
}

sim_time {
  sec: 13
  nsec: 304000000
}
real_time {
  sec: 15
  nsec: 368753765
}
iterations: 3326
real_time_factor: 0.99981703348287265
step_size {
  nsec: 4000000
}

sim_time {
  sec: 13
  nsec: 404000000
}
real_time {
  sec: 15
  nsec: 468760745
}
iterations: 3351
real_time_factor: 0.999002995010979
step_size {
  nsec: 4000000
}

sim_time {
  sec: 13
  nsec: 508000000
}
real_time {
  sec: 15
  nsec: 572754651
}
iterations: 3377
real_time_factor: 1.000113012770443
step_size {
  nsec: 4000000
}

sim_time {
  sec: 13
  nsec: 612000000
}
real_time {
  sec: 15
  nsec: 676754390
}
iterations: 3403
real_time_factor: 0.99977530050121233
step_size {
  nsec: 4000000
}

sim_time {
  sec: 13
  nsec: 716000000
}
real_time {
  sec: 15
  nsec: 780753157
}
iterations: 3429
real_time_factor: 1.0000482523281748
step_size {
  nsec: 4000000
}

sim_time {
  sec: 13
  nsec: 816000000
}
real_time {
  sec: 15
  nsec: 880755692
}
iterations: 3454
real_time_factor: 0.9998352771380915
step_size {
  nsec: 4000000
}

sim_time {
  sec: 13
  nsec: 916000000
}
real_time {
  sec: 15
  nsec: 980758977
}
iterations: 3479
real_time_factor: 0.99970358788619174
step_size {
  nsec: 4000000
}

sim_time {
  sec: 14
  nsec: 16000000
}
real_time {
  sec: 16
  nsec: 80759918
}
iterations: 3504
real_time_factor: 1.0009198453378656
step_size {
  nsec: 4000000
}

sim_time {
  sec: 14
  nsec: 120000000
}
real_time {
  sec: 16
  nsec: 184753278
}
iterations: 3530
real_time_factor: 1.0000645041605183
step_size {
  nsec: 4000000
}

sim_time {
  sec: 14
  nsec: 220000000
}
real_time {
  sec: 16
  nsec: 284753982
}
iterations: 3555
real_time_factor: 1.0005210213218534
step_size {
  nsec: 4000000
}

sim_time {
  sec: 14
  nsec: 320000000
}
real_time {
  sec: 16
  nsec: 384755439
}
iterations: 3580
real_time_factor: 1.0155617059100868
step_size {
  nsec: 4000000
}

sim_time {
  sec: 14
  nsec: 424000000
}
real_time {
  sec: 16
  nsec: 488754127
}
iterations: 3606
real_time_factor: 0.99988876237518576
step_size {
  nsec: 4000000
}

sim_time {
  sec: 14
  nsec: 528000000
}
real_time {
  sec: 16
  nsec: 592752954
}
iterations: 3632
real_time_factor: 0.9999952500225624
step_size {
  nsec: 4000000
}

sim_time {
  sec: 14
  nsec: 628000000
}
real_time {
  sec: 16
  nsec: 692841484
}
iterations: 3657
real_time_factor: 0.978475974745535
step_size {
  nsec: 4000000
}

sim_time {
  sec: 14
  nsec: 732000000
}
real_time {
  sec: 16
  nsec: 796753979
}
iterations: 3683
real_time_factor: 0.99993250455594251
step_size {
  nsec: 4000000
}

sim_time {
  sec: 14
  nsec: 832000000
}
real_time {
  sec: 16
  nsec: 896759130
}
iterations: 3708
real_time_factor: 0.99906312855120116
step_size {
  nsec: 4000000
}

sim_time {
  sec: 14
  nsec: 936000000
}
real_time {
  sec: 17
  nsec: 753439
}
iterations: 3734
real_time_factor: 0.99995325218546038
step_size {
  nsec: 4000000
}

sim_time {
  sec: 15
  nsec: 40000000
}
real_time {
  sec: 17
  nsec: 104753478
}
iterations: 3760
real_time_factor: 0.99989576086692966
step_size {
  nsec: 4000000
}

sim_time {
  sec: 15
  nsec: 140000000
}
real_time {
  sec: 17
  nsec: 204754249
}
iterations: 3785
real_time_factor: 1.0001482719813213
step_size {
  nsec: 4000000
}

sim_time {
  sec: 15
  nsec: 240000000
}
real_time {
  sec: 17
  nsec: 304755649
}
iterations: 3810
real_time_factor: 1.0001020104050613
step_size {
  nsec: 4000000
}

sim_time {
  sec: 15
  nsec: 344000000
}
real_time {
  sec: 17
  nsec: 408753741
}
iterations: 3836
real_time_factor: 1.0001065113434582
step_size {
  nsec: 4000000
}

sim_time {
  sec: 15
  nsec: 444000000
}
real_time {
  sec: 17
  nsec: 508754655
}
iterations: 3861
real_time_factor: 0.99995625191397874
step_size {
  nsec: 4000000
}

sim_time {
  sec: 15
  nsec: 544000000
}
real_time {
  sec: 17
  nsec: 608759239
}
iterations: 3886
real_time_factor: 0.99853689381633559
step_size {
  nsec: 4000000
}

sim_time {
  sec: 15
  nsec: 648000000
}
real_time {
  sec: 17
  nsec: 712755138
}
iterations: 3912
real_time_factor: 0.999960751540502
step_size {
  nsec: 4000000
}

sim_time {
  sec: 15
  nsec: 748000000
}
real_time {
  sec: 17
  nsec: 812756528
}
iterations: 3937
real_time_factor: 0.99915346722489373
step_size {
  nsec: 4000000
}

sim_time {
  sec: 15
  nsec: 852000000
}
real_time {
  sec: 17
  nsec: 916756730
}
iterations: 3963
real_time_factor: 0.999863518629707
step_size {
  nsec: 4000000
}

sim_time {
  sec: 15
  nsec: 956000000
}
real_time {
  sec: 18
  nsec: 20753932
}
iterations: 3989
real_time_factor: 1.0002640697144045
step_size {
  nsec: 4000000
}

sim_time {
  sec: 16
  nsec: 60000000
}
real_time {
  sec: 18
  nsec: 124753153
}
iterations: 4015
real_time_factor: 1
step_size {
  nsec: 4000000
}

sim_time {
  sec: 16
  nsec: 164000000
}
real_time {
  sec: 18
  nsec: 228753050
}
iterations: 4041
real_time_factor: 1.0000277507700839
step_size {
  nsec: 4000000
}

sim_time {
  sec: 16
  nsec: 264000000
}
real_time {
  sec: 18
  nsec: 328755802
}
iterations: 4066
real_time_factor: 0.999863518629707
step_size {
  nsec: 4000000
}

sim_time {
  sec: 16
  nsec: 368000000
}
real_time {
  sec: 18
  nsec: 432753350
}
iterations: 4092
real_time_factor: 1.0001810327669307
step_size {
  nsec: 4000000
}

sim_time {
  sec: 16
  nsec: 468000000
}
real_time {
  sec: 18
  nsec: 532753984
}
iterations: 4117
real_time_factor: 1.0000557531082357
step_size {
  nsec: 4000000
}

sim_time {
  sec: 16
  nsec: 572000000
}
real_time {
  sec: 18
  nsec: 636753683
}
iterations: 4143
real_time_factor: 1.0001367687031202
step_size {
  nsec: 4000000
}

sim_time {
  sec: 16
  nsec: 672000000
}
real_time {
  sec: 18
  nsec: 736754186
}
iterations: 4168
real_time_factor: 1.000816165583033
step_size {
  nsec: 4000000
}

sim_time {
  sec: 16
  nsec: 772000000
}
real_time {
  sec: 18
  nsec: 836756950
}
iterations: 4193
real_time_factor: 1.000099759951055
step_size {
  nsec: 4000000
}

sim_time {
  sec: 16
  nsec: 872000000
}
real_time {
  sec: 18
  nsec: 936756889
}
iterations: 4218
real_time_factor: 0.99945230013952358
step_size {
  nsec: 4000000
}

sim_time {
  sec: 16
  nsec: 976000000
}
real_time {
  sec: 19
  nsec: 40753207
}
iterations: 4244
real_time_factor: 0.99998425024805859
step_size {
  nsec: 4000000
}

sim_time {
  sec: 17
  nsec: 76000000
}
real_time {
  sec: 19
  nsec: 140757074
}
iterations: 4269
real_time_factor: 1.0003451190660777
step_size {
  nsec: 4000000
}

sim_time {
  sec: 17
  nsec: 180000000
}
real_time {
  sec: 19
  nsec: 244752696
}
iterations: 4295
real_time_factor: 1.000095509121121
step_size {
  nsec: 4000000
}

sim_time {
  sec: 17
  nsec: 280000000
}
real_time {
  sec: 19
  nsec: 344755412
}
iterations: 4320
real_time_factor: 0.99995925166049482
step_size {
  nsec: 4000000
}

sim_time {
  sec: 17
  nsec: 380000000
}
real_time {
  sec: 19
  nsec: 444759330
}
iterations: 4345
real_time_factor: 0.999961501482193
step_size {
  nsec: 4000000
}

sim_time {
  sec: 17
  nsec: 484000000
}
real_time {
  sec: 19
  nsec: 548754329
}
iterations: 4371
real_time_factor: 0.99978754514665635
step_size {
  nsec: 4000000
}

sim_time {
  sec: 17
  nsec: 588000000
}
real_time {
  sec: 19
  nsec: 652754901
}
iterations: 4397
real_time_factor: 0.999926505401853
step_size {
  nsec: 4000000
}

sim_time {
  sec: 17
  nsec: 692000000
}
real_time {
  sec: 19
  nsec: 756754131
}
iterations: 4423
real_time_factor: 1.0001930372561905
step_size {
  nsec: 4000000
}

sim_time {
  sec: 17
  nsec: 792000000
}
real_time {
  sec: 19
  nsec: 856756493
}
iterations: 4448
real_time_factor: 0.99974131693424328
step_size {
  nsec: 4000000
}

sim_time {
  sec: 17
  nsec: 892000000
}
real_time {
  sec: 19
  nsec: 956760207
}
iterations: 4473
real_time_factor: 1.0001210146427717
step_size {
  nsec: 4000000
}

sim_time {
  sec: 17
  nsec: 996000000
}
real_time {
  sec: 20
  nsec: 60753650
}
iterations: 4499
real_time_factor: 1.0006837171497425
step_size {
  nsec: 4000000
}

sim_time {
  sec: 18
  nsec: 96000000
}
real_time {
  sec: 20
  nsec: 160757253
}
iterations: 4524
real_time_factor: 0.99934792547862517
step_size {
  nsec: 4000000
}

sim_time {
  sec: 18
  nsec: 200000000
}
real_time {
  sec: 20
  nsec: 264754895
}
iterations: 4550
real_time_factor: 1.0001075115574924
step_size {
  nsec: 4000000
}

sim_time {
  sec: 18
  nsec: 300000000
}
real_time {
  sec: 20
  nsec: 364758893
}
iterations: 4575
real_time_factor: 0.99942932585493682
step_size {
  nsec: 4000000
}

sim_time {
  sec: 18
  nsec: 404000000
}
real_time {
  sec: 20
  nsec: 468752998
}
iterations: 4601
real_time_factor: 0.99990825841729025
step_size {
  nsec: 4000000
}

sim_time {
  sec: 18
  nsec: 504000000
}
real_time {
  sec: 20
  nsec: 568753754
}
iterations: 4626
real_time_factor: 1.000572827943998
step_size {
  nsec: 4000000
}

sim_time {
  sec: 18
  nsec: 608000000
}
real_time {
  sec: 20
  nsec: 672759832
}
iterations: 4652
real_time_factor: 0.99852119011743612
step_size {
  nsec: 4000000
}

sim_time {
  sec: 18
  nsec: 712000000
}
real_time {
  sec: 20
  nsec: 776758890
}
iterations: 4678
real_time_factor: 0.99954720511608242
step_size {
  nsec: 4000000
}

sim_time {
  sec: 18
  nsec: 816000000
}
real_time {
  sec: 20
  nsec: 880761320
}
iterations: 4704
real_time_factor: 0.99887227320355321
step_size {
  nsec: 4000000
}

sim_time {
  sec: 18
  nsec: 920000000
}
real_time {
  sec: 20
  nsec: 984753378
}
iterations: 4730
real_time_factor: 0.99998450024024632
step_size {
  nsec: 4000000
}

sim_time {
  sec: 19
  nsec: 20000000
}
real_time {
  sec: 21
  nsec: 84754440
}
iterations: 4755
real_time_factor: 1.0008953008466073
step_size {
  nsec: 4000000
}

sim_time {
  sec: 19
  nsec: 120000000
}
real_time {
  sec: 21
  nsec: 184755112
}
iterations: 4780
real_time_factor: 0.999554198827323
step_size {
  nsec: 4000000
}

sim_time {
  sec: 19
  nsec: 224000000
}
real_time {
  sec: 21
  nsec: 288753432
}
iterations: 4806
real_time_factor: 1.0000632540008156
step_size {
  nsec: 4000000
}

sim_time {
  sec: 19
  nsec: 328000000
}
real_time {
  sec: 21
  nsec: 392753245
}
iterations: 4832
real_time_factor: 1.0000102501050636
step_size {
  nsec: 4000000
}

sim_time {
  sec: 19
  nsec: 432000000
}
real_time {
  sec: 21
  nsec: 496756597
}
iterations: 4858
real_time_factor: 0.999158957947148
step_size {
  nsec: 4000000
}

sim_time {
  sec: 19
  nsec: 536000000
}
real_time {
  sec: 21
  nsec: 600754762
}
iterations: 4884
real_time_factor: 0.99993375438877174
step_size {
  nsec: 4000000
}

sim_time {
  sec: 19
  nsec: 640000000
}
real_time {
  sec: 21
  nsec: 704755372
}
iterations: 4910
real_time_factor: 1.0000450020250911
step_size {
  nsec: 4000000
}

sim_time {
  sec: 19
  nsec: 740000000
}
real_time {
  sec: 21
  nsec: 804755540
}
iterations: 4935
real_time_factor: 1.0002745753709392
step_size {
  nsec: 4000000
}

sim_time {
  sec: 19
  nsec: 844000000
}
real_time {
  sec: 21
  nsec: 908755955
}
iterations: 4961
real_time_factor: 0.99978129784109726
step_size {
  nsec: 4000000
}

sim_time {
  sec: 19
  nsec: 944000000
}
real_time {
  sec: 22
  nsec: 8762218
}
iterations: 4986
real_time_factor: 0.99795170412727874
step_size {
  nsec: 4000000
}

sim_time {
  sec: 20
  nsec: 48000000
}
real_time {
  sec: 22
  nsec: 112752883
}
iterations: 5012
real_time_factor: 1.0001790320467363
step_size {
  nsec: 4000000
}

sim_time {
  sec: 20
  nsec: 148000000
}
real_time {
  sec: 22
  nsec: 212754728
}
iterations: 5037
real_time_factor: 1.0006589339079783
step_size {
  nsec: 4000000
}

sim_time {
  sec: 20
  nsec: 252000000
}
real_time {
  sec: 22
  nsec: 316752851
}
iterations: 5063
real_time_factor: 1.0000892579662735
step_size {
  nsec: 4000000
}

sim_time {
  sec: 20
  nsec: 352000000
}
real_time {
  sec: 22
  nsec: 416759026
}
iterations: 5088
real_time_factor: 0.99845289723573327
step_size {
  nsec: 4000000
}

sim_time {
  sec: 20
  nsec: 452000000
}
real_time {
  sec: 22
  nsec: 516758266
}
iterations: 5113
real_time_factor: 0.999429825284675
step_size {
  nsec: 4000000
}

sim_time {
  sec: 20
  nsec: 556000000
}
real_time {
  sec: 22
  nsec: 620756409
}
iterations: 5139
real_time_factor: 0.99977405106445938
step_size {
  nsec: 4000000
}

sim_time {
  sec: 20
  nsec: 660000000
}
real_time {
  sec: 22
  nsec: 724753115
}
iterations: 5165
real_time_factor: 1.0001007601515852
step_size {
  nsec: 4000000
}

sim_time {
  sec: 20
  nsec: 760000000
}
real_time {
  sec: 22
  nsec: 824757006
}
iterations: 5190
real_time_factor: 0.99998025039005478
step_size {
  nsec: 4000000
}

sim_time {
  sec: 20
  nsec: 864000000
}
real_time {
  sec: 22
  nsec: 928756466
}
iterations: 5216
real_time_factor: 0.99948726303406354
step_size {
  nsec: 4000000
}

sim_time {
  sec: 20
  nsec: 968000000
}
real_time {
  sec: 23
  nsec: 32757590
}
iterations: 5242
real_time_factor: 0.99946878234218517
step_size {
  nsec: 4000000
}

sim_time {
  sec: 21
  nsec: 72000000
}
real_time {
  sec: 23
  nsec: 136754268
}
iterations: 5268
real_time_factor: 0.99997350070223134
step_size {
  nsec: 4000000
}

sim_time {
  sec: 21
  nsec: 172000000
}
real_time {
  sec: 23
  nsec: 236754804
}
iterations: 5293
real_time_factor: 0.99981153552555346
step_size {
  nsec: 4000000
}

sim_time {
  sec: 21
  nsec: 272000000
}
real_time {
  sec: 23
  nsec: 336759924
}
iterations: 5318
real_time_factor: 0.999446057022895
step_size {
  nsec: 4000000
}

sim_time {
  sec: 21
  nsec: 376000000
}
real_time {
  sec: 23
  nsec: 440753358
}
iterations: 5344
real_time_factor: 1.0003348620950863
step_size {
  nsec: 4000000
}

sim_time {
  sec: 21
  nsec: 476000000
}
real_time {
  sec: 23
  nsec: 540754474
}
iterations: 5369
real_time_factor: 1.0005455474597524
step_size {
  nsec: 4000000
}

sim_time {
  sec: 21
  nsec: 576000000
}
real_time {
  sec: 23
  nsec: 640759432
}
iterations: 5394
real_time_factor: 1.000166027560575
step_size {
  nsec: 4000000
}

sim_time {
  sec: 21
  nsec: 680000000
}
real_time {
  sec: 23
  nsec: 744754394
}
iterations: 5420
real_time_factor: 1.0002840806789128
step_size {
  nsec: 4000000
}

sim_time {
  sec: 21
  nsec: 780000000
}
real_time {
  sec: 23
  nsec: 844815035
}
iterations: 5445
real_time_factor: 0.98611209037520087
step_size {
  nsec: 4000000
}

sim_time {
  sec: 21
  nsec: 884000000
}
real_time {
  sec: 23
  nsec: 948755454
}
iterations: 5471
real_time_factor: 1.0004181747970651
step_size {
  nsec: 4000000
}

sim_time {
  sec: 21
  nsec: 988000000
}
real_time {
  sec: 24
  nsec: 52755147
}
iterations: 5497
real_time_factor: 0.9997837967539519
step_size {
  nsec: 4000000
}

sim_time {
  sec: 22
  nsec: 88000000
}
real_time {
  sec: 24
  nsec: 152755632
}
iterations: 5522
real_time_factor: 0.99978629567929855
step_size {
  nsec: 4000000
}

sim_time {
  sec: 22
  nsec: 188000000
}
real_time {
  sec: 24
  nsec: 252760165
}
iterations: 5547
real_time_factor: 0.99834673780219951
step_size {
  nsec: 4000000
}

sim_time {
  sec: 22
  nsec: 292000000
}
real_time {
  sec: 24
  nsec: 356753308
}
iterations: 5573
real_time_factor: 1.0001380190466285
step_size {
  nsec: 4000000
}

sim_time {
  sec: 22
  nsec: 392000000
}
real_time {
  sec: 24
  nsec: 456753689
}
iterations: 5598
real_time_factor: 1.0005390404080199
step_size {
  nsec: 4000000
}

sim_time {
  sec: 22
  nsec: 496000000
}
real_time {
  sec: 24
  nsec: 560758452
}
iterations: 5624
real_time_factor: 0.99873909189648069
step_size {
  nsec: 4000000
}

sim_time {
  sec: 22
  nsec: 596000000
}
real_time {
  sec: 24
  nsec: 660762444
}
iterations: 5649
real_time_factor: 0.99808392837849536
step_size {
  nsec: 4000000
}

sim_time {
  sec: 22
  nsec: 700000000
}
real_time {
  sec: 24
  nsec: 764753549
}
iterations: 5675
real_time_factor: 0.9999855002102469
step_size {
  nsec: 4000000
}

sim_time {
  sec: 22
  nsec: 800000000
}
real_time {
  sec: 24
  nsec: 864757468
}
iterations: 5700
real_time_factor: 0.99937214445024913
step_size {
  nsec: 4000000
}

sim_time {
  sec: 22
  nsec: 904000000
}
real_time {
  sec: 24
  nsec: 968754785
}
iterations: 5726
real_time_factor: 1.000638657623228
step_size {
  nsec: 4000000
}

sim_time {
  sec: 23
  nsec: 8000000
}
real_time {
  sec: 25
  nsec: 72753196
}
iterations: 5752
real_time_factor: 1.0003491218435234
step_size {
  nsec: 4000000
}

sim_time {
  sec: 23
  nsec: 108000000
}
real_time {
  sec: 25
  nsec: 172755559
}
iterations: 5777
real_time_factor: 0.99984202496005636
step_size {
  nsec: 4000000
}

sim_time {
  sec: 23
  nsec: 212000000
}
real_time {
  sec: 25
  nsec: 276753058
}
iterations: 5803
real_time_factor: 1.0002448099172272
step_size {
  nsec: 4000000
}

sim_time {
  sec: 23
  nsec: 316000000
}
real_time {
  sec: 25
  nsec: 380756316
}
iterations: 5829
real_time_factor: 0.99916669497638966
step_size {
  nsec: 4000000
}

sim_time {
  sec: 23
  nsec: 420000000
}
real_time {
  sec: 25
  nsec: 484758881
}
iterations: 5855
real_time_factor: 0.99863062775169553
step_size {
  nsec: 4000000
}

sim_time {
  sec: 23
  nsec: 524000000
}
real_time {
  sec: 25
  nsec: 588754278
}
iterations: 5881
real_time_factor: 0.99996250140619725
step_size {
  nsec: 4000000
}

sim_time {
  sec: 23
  nsec: 628000000
}
real_time {
  sec: 25
  nsec: 692753342
}
iterations: 5907
real_time_factor: 1.0003816455977956
step_size {
  nsec: 4000000
}

sim_time {
  sec: 23
  nsec: 728000000
}
real_time {
  sec: 25
  nsec: 792757960
}
iterations: 5932
real_time_factor: 1.000094508931094
step_size {
  nsec: 4000000
}

sim_time {
  sec: 23
  nsec: 832000000
}
real_time {
  sec: 25
  nsec: 896754218
}
iterations: 5958
real_time_factor: 0.99998350027224547
step_size {
  nsec: 4000000
}

sim_time {
  sec: 23
  nsec: 936000000
}
real_time {
  sec: 26
  nsec: 754765
}
iterations: 5984
real_time_factor: 0.99997850046224
step_size {
  nsec: 4000000
}

sim_time {
  sec: 24
  nsec: 36000000
}
real_time {
  sec: 26
  nsec: 100759772
}
iterations: 6009
real_time_factor: 0.998277970500886
step_size {
  nsec: 4000000
}

sim_time {
  sec: 24
  nsec: 140000000
}
real_time {
  sec: 26
  nsec: 204761207
}
iterations: 6035
real_time_factor: 0.99806798988857315
step_size {
  nsec: 4000000
}

sim_time {
  sec: 24
  nsec: 244000000
}
real_time {
  sec: 26
  nsec: 308758750
}
iterations: 6061
real_time_factor: 0.99901447222315187
step_size {
  nsec: 4000000
}

sim_time {
  sec: 24
  nsec: 348000000
}
real_time {
  sec: 26
  nsec: 412755494
}
iterations: 6087
real_time_factor: 1.0000390015210594
step_size {
  nsec: 4000000
}

sim_time {
  sec: 24
  nsec: 448000000
}
real_time {
  sec: 26
  nsec: 512755507
}
iterations: 6112
real_time_factor: 1.0003100961298002
step_size {
  nsec: 4000000
}

sim_time {
  sec: 24
  nsec: 552000000
}
real_time {
  sec: 26
  nsec: 616752854
}
iterations: 6138
real_time_factor: 1.0000182503330686
step_size {
  nsec: 4000000
}

sim_time {
  sec: 24
  nsec: 652000000
}
real_time {
  sec: 26
  nsec: 716754274
}
iterations: 6163
real_time_factor: 1.0007039952606658
step_size {
  nsec: 4000000
}

sim_time {
  sec: 24
  nsec: 752000000
}
real_time {
  sec: 26
  nsec: 816756278
}
iterations: 6188
real_time_factor: 0.99933569159900959
step_size {
  nsec: 4000000
}

sim_time {
  sec: 24
  nsec: 856000000
}
real_time {
  sec: 26
  nsec: 920764802
}
iterations: 6214
real_time_factor: 0.99788797011125951
step_size {
  nsec: 4000000
}

sim_time {
  sec: 24
  nsec: 960000000
}
real_time {
  sec: 27
  nsec: 24753814
}
iterations: 6240
real_time_factor: 0.99977979849938048
step_size {
  nsec: 4000000
}

sim_time {
  sec: 25
  nsec: 64000000
}
real_time {
  sec: 27
  nsec: 128753225
}
iterations: 6266
real_time_factor: 0.99994650286209685
step_size {
  nsec: 4000000
}

sim_time {
  sec: 25
  nsec: 168000000
}
real_time {
  sec: 27
  nsec: 232753341
}
iterations: 6292
real_time_factor: 0.99999750000625
step_size {
  nsec: 4000000
}

sim_time {
  sec: 25
  nsec: 268000000
}
real_time {
  sec: 27
  nsec: 332757827
}
iterations: 6317
real_time_factor: 0.99903318563460208
step_size {
  nsec: 4000000
}

sim_time {
  sec: 25
  nsec: 372000000
}
real_time {
  sec: 27
  nsec: 436759106
}
iterations: 6343
real_time_factor: 0.9985852543409125
step_size {
  nsec: 4000000
}

sim_time {
  sec: 25
  nsec: 476000000
}
real_time {
  sec: 27
  nsec: 540755466
}
iterations: 6369
real_time_factor: 0.99969459330174637
step_size {
  nsec: 4000000
}

sim_time {
  sec: 25
  nsec: 580000000
}
real_time {
  sec: 27
  nsec: 644753577
}
iterations: 6395
real_time_factor: 1.0004261815533417
step_size {
  nsec: 4000000
}

sim_time {
  sec: 25
  nsec: 680000000
}
real_time {
  sec: 27
  nsec: 744756643
}
iterations: 6420
real_time_factor: 0.99983552705579937
step_size {
  nsec: 4000000
}

sim_time {
  sec: 25
  nsec: 780000000
}
real_time {
  sec: 27
  nsec: 844758745
}
iterations: 6445
real_time_factor: 0.99882737665980137
step_size {
  nsec: 4000000
}

sim_time {
  sec: 25
  nsec: 884000000
}
real_time {
  sec: 27
  nsec: 948754235
}
iterations: 6471
real_time_factor: 1.0001087618278488
step_size {
  nsec: 4000000
}

sim_time {
  sec: 25
  nsec: 984000000
}
real_time {
  sec: 28
  nsec: 48812826
}
iterations: 6496
real_time_factor: 0.98576190153470811
step_size {
  nsec: 4000000
}

sim_time {
  sec: 26
  nsec: 88000000
}
real_time {
  sec: 28
  nsec: 152753296
}
iterations: 6522
real_time_factor: 1.0001387692542341
step_size {
  nsec: 4000000
}

sim_time {
  sec: 26
  nsec: 192000000
}
real_time {
  sec: 28
  nsec: 256753166
}
iterations: 6548
real_time_factor: 0.999970000899973
step_size {
  nsec: 4000000
}

sim_time {
  sec: 26
  nsec: 292000000
}
real_time {
  sec: 28
  nsec: 356755857
}
iterations: 6573
real_time_factor: 1.0003198522727643
step_size {
  nsec: 4000000
}

sim_time {
  sec: 26
  nsec: 396000000
}
real_time {
  sec: 28
  nsec: 460754483
}
iterations: 6599
real_time_factor: 0.99995375213896354
step_size {
  nsec: 4000000
}

sim_time {
  sec: 26
  nsec: 496000000
}
real_time {
  sec: 28
  nsec: 560754054
}
iterations: 6624
real_time_factor: 1.0000767558910146
step_size {
  nsec: 4000000
}

sim_time {
  sec: 26
  nsec: 600000000
}
real_time {
  sec: 28
  nsec: 664753957
}
iterations: 6650
real_time_factor: 0.99982203167836126
step_size {
  nsec: 4000000
}

sim_time {
  sec: 26
  nsec: 700000000
}
real_time {
  sec: 28
  nsec: 764756750
}
iterations: 6675
real_time_factor: 0.99937564006886692
step_size {
  nsec: 4000000
}

sim_time {
  sec: 26
  nsec: 804000000
}
real_time {
  sec: 28
  nsec: 868758644
}
iterations: 6701
real_time_factor: 0.999296994564324
step_size {
  nsec: 4000000
}

sim_time {
  sec: 26
  nsec: 908000000
}
real_time {
  sec: 28
  nsec: 972758335
}
iterations: 6727
real_time_factor: 0.9990541454877595
step_size {
  nsec: 4000000
}

sim_time {
  sec: 27
  nsec: 12000000
}
real_time {
  sec: 29
  nsec: 76755359
}
iterations: 6753
real_time_factor: 0.99995150235213592
step_size {
  nsec: 4000000
}

sim_time {
  sec: 27
  nsec: 116000000
}
real_time {
  sec: 29
  nsec: 180753789
}
iterations: 6779
real_time_factor: 0.99982428088263486
step_size {
  nsec: 4000000
}

sim_time {
  sec: 27
  nsec: 220000000
}
real_time {
  sec: 29
  nsec: 284755408
}
iterations: 6805
real_time_factor: 0.99948676354691868
step_size {
  nsec: 4000000
}

sim_time {
  sec: 27
  nsec: 320000000
}
real_time {
  sec: 29
  nsec: 384757568
}
iterations: 6830
real_time_factor: 0.998941371881149
step_size {
  nsec: 4000000
}

sim_time {
  sec: 27
  nsec: 424000000
}
real_time {
  sec: 29
  nsec: 488761356
}
iterations: 6856
real_time_factor: 0.99825554842912012
step_size {
  nsec: 4000000
}

sim_time {
  sec: 27
  nsec: 528000000
}
real_time {
  sec: 29
  nsec: 592754653
}
iterations: 6882
real_time_factor: 1.0001230151308611
step_size {
  nsec: 4000000
}

sim_time {
  sec: 27
  nsec: 628000000
}
real_time {
  sec: 29
  nsec: 692757138
}
iterations: 6907
real_time_factor: 0.99897130929425426
step_size {
  nsec: 4000000
}

sim_time {
  sec: 27
  nsec: 732000000
}
real_time {
  sec: 29
  nsec: 796755193
}
iterations: 6933
real_time_factor: 1.000417424170235
step_size {
  nsec: 4000000
}

sim_time {
  sec: 27
  nsec: 836000000
}
real_time {
  sec: 29
  nsec: 900757038
}
iterations: 6959
real_time_factor: 0.9994335710236224
step_size {
  nsec: 4000000
}

sim_time {
  sec: 27
  nsec: 936000000
}
real_time {
  sec: 30
  nsec: 776801
}
iterations: 6984
real_time_factor: 0.99597253605731817
step_size {
  nsec: 4000000
}

sim_time {
  sec: 28
  nsec: 40000000
}
real_time {
  sec: 30
  nsec: 104762255
}
iterations: 7010
real_time_factor: 0.99901522074614946
step_size {
  nsec: 4000000
}

sim_time {
  sec: 28
  nsec: 144000000
}
real_time {
  sec: 30
  nsec: 208754107
}
iterations: 7036
real_time_factor: 1.000806650160029
step_size {
  nsec: 4000000
}

sim_time {
  sec: 28
  nsec: 248000000
}
real_time {
  sec: 30
  nsec: 312754196
}
iterations: 7062
real_time_factor: 0.99982253150065858
step_size {
  nsec: 4000000
}

sim_time {
  sec: 28
  nsec: 348000000
}
real_time {
  sec: 30
  nsec: 412755215
}
iterations: 7087
real_time_factor: 1.0001230151308611
step_size {
  nsec: 4000000
}

sim_time {
  sec: 28
  nsec: 452000000
}
real_time {
  sec: 30
  nsec: 516752776
}
iterations: 7113
real_time_factor: 1.0000725052566311
step_size {
  nsec: 4000000
}

sim_time {
  sec: 28
  nsec: 556000000
}
real_time {
  sec: 30
  nsec: 620753717
}
iterations: 7139
real_time_factor: 0.99977605016476312
step_size {
  nsec: 4000000
}

sim_time {
  sec: 28
  nsec: 660000000
}
real_time {
  sec: 30
  nsec: 724757677
}
iterations: 7165
real_time_factor: 0.9988031840846705
step_size {
  nsec: 4000000
}

sim_time {
  sec: 28
  nsec: 764000000
}
real_time {
  sec: 30
  nsec: 828754924
}
iterations: 7191
real_time_factor: 1.0001580249679449
step_size {
  nsec: 4000000
}

sim_time {
  sec: 28
  nsec: 864000000
}
real_time {
  sec: 30
  nsec: 928780740
}
iterations: 7216
real_time_factor: 0.99335692556031541
step_size {
  nsec: 4000000
}

sim_time {
  sec: 28
  nsec: 968000000
}
real_time {
  sec: 31
  nsec: 32752957
}
iterations: 7242
real_time_factor: 1.0001002600510702
step_size {
  nsec: 4000000
}

sim_time {
  sec: 29
  nsec: 68000000
}
real_time {
  sec: 31
  nsec: 132752929
}
iterations: 7267
real_time_factor: 1.0004544564368365
step_size {
  nsec: 4000000
}

sim_time {
  sec: 29
  nsec: 168000000
}
real_time {
  sec: 31
  nsec: 232754493
}
iterations: 7292
real_time_factor: 0.99968834715777355
step_size {
  nsec: 4000000
}

sim_time {
  sec: 29
  nsec: 268000000
}
real_time {
  sec: 31
  nsec: 332759383
}
iterations: 7317
real_time_factor: 0.99929075338778306
step_size {
  nsec: 4000000
}

sim_time {
  sec: 29
  nsec: 372000000
}
real_time {
  sec: 31
  nsec: 436752606
}
iterations: 7343
real_time_factor: 1.0000290008410244
step_size {
  nsec: 4000000
}

sim_time {
  sec: 29
  nsec: 472000000
}
real_time {
  sec: 31
  nsec: 536752908
}
iterations: 7368
real_time_factor: 0.99999625001406245
step_size {
  nsec: 4000000
}

sim_time {
  sec: 29
  nsec: 576000000
}
real_time {
  sec: 31
  nsec: 640753762
}
iterations: 7394
real_time_factor: 0.99983902591682738
step_size {
  nsec: 4000000
}

sim_time {
  sec: 29
  nsec: 680000000
}
real_time {
  sec: 31
  nsec: 744755977
}
iterations: 7420
real_time_factor: 0.99943182300861955
step_size {
  nsec: 4000000
}

sim_time {
  sec: 29
  nsec: 780000000
}
real_time {
  sec: 31
  nsec: 844757020
}
iterations: 7445
real_time_factor: 0.99990150970129443
step_size {
  nsec: 4000000
}

sim_time {
  sec: 29
  nsec: 884000000
}
real_time {
  sec: 31
  nsec: 948753115
}
iterations: 7471
real_time_factor: 0.99999825000306253
step_size {
  nsec: 4000000
}

sim_time {
  sec: 29
  nsec: 984000000
}
real_time {
  sec: 32
  nsec: 48754046
}
iterations: 7496
real_time_factor: 0.99998925011556128
step_size {
  nsec: 4000000
}

sim_time {
  sec: 30
  nsec: 84000000
}
real_time {
  sec: 32
  nsec: 148760312
}
iterations: 7521
real_time_factor: 0.99891617594909521
step_size {
  nsec: 4000000
}

sim_time {
  sec: 30
  nsec: 188000000
}
real_time {
  sec: 32
  nsec: 252755396
}
iterations: 7547
real_time_factor: 1.0004827329186332
step_size {
  nsec: 4000000
}

sim_time {
  sec: 30
  nsec: 292000000
}
real_time {
  sec: 32
  nsec: 356753292
}
iterations: 7573
real_time_factor: 1.0005733285172405
step_size {
  nsec: 4000000
}

sim_time {
  sec: 30
  nsec: 392000000
}
real_time {
  sec: 32
  nsec: 456758998
}
iterations: 7598
real_time_factor: 0.99860494888640572
step_size {
  nsec: 4000000
}

sim_time {
  sec: 30
  nsec: 496000000
}
real_time {
  sec: 32
  nsec: 560775664
}
iterations: 7624
real_time_factor: 0.99513107244529331
step_size {
  nsec: 4000000
}

sim_time {
  sec: 30
  nsec: 600000000
}
real_time {
  sec: 32
  nsec: 664756198
}
iterations: 7650
real_time_factor: 0.99966761051950226
step_size {
  nsec: 4000000
}

sim_time {
  sec: 30
  nsec: 704000000
}
real_time {
  sec: 32
  nsec: 768754594
}
iterations: 7676
real_time_factor: 0.99980203919623911
step_size {
  nsec: 4000000
}

sim_time {
  sec: 30
  nsec: 808000000
}
real_time {
  sec: 32
  nsec: 872754027
}
iterations: 7702
real_time_factor: 0.99990400921511535
step_size {
  nsec: 4000000
}

sim_time {
  sec: 30
  nsec: 912000000
}
real_time {
  sec: 32
  nsec: 976753302
}
iterations: 7728
real_time_factor: 1.0000870075696586
step_size {
  nsec: 4000000
}

sim_time {
  sec: 31
  nsec: 12000000
}
real_time {
  sec: 33
  nsec: 76755610
}
iterations: 7753
real_time_factor: 1.0007818608287724
step_size {
  nsec: 4000000
}

sim_time {
  sec: 31
  nsec: 116000000
}
real_time {
  sec: 33
  nsec: 180757480
}
iterations: 7779
real_time_factor: 0.99944580729985222
step_size {
  nsec: 4000000
}

sim_time {
  sec: 31
  nsec: 220000000
}
real_time {
  sec: 33
  nsec: 284754114
}
iterations: 7805
real_time_factor: 1.0003974078702764
step_size {
  nsec: 4000000
}

sim_time {
  sec: 31
  nsec: 320000000
}
real_time {
  sec: 33
  nsec: 384753474
}
iterations: 7830
real_time_factor: 1.0003488716689946
step_size {
  nsec: 4000000
}

sim_time {
  sec: 31
  nsec: 424000000
}
real_time {
  sec: 33
  nsec: 488768571
}
iterations: 7856
real_time_factor: 0.99633374091686122
step_size {
  nsec: 4000000
}

sim_time {
  sec: 31
  nsec: 528000000
}
real_time {
  sec: 33
  nsec: 592754833
}
iterations: 7882
real_time_factor: 1.0005452971869668
step_size {
  nsec: 4000000
}

sim_time {
  sec: 31
  nsec: 628000000
}
real_time {
  sec: 33
  nsec: 692765101
}
iterations: 7907
real_time_factor: 0.99835122295528933
step_size {
  nsec: 4000000
}

sim_time {
  sec: 31
  nsec: 732000000
}
real_time {
  sec: 33
  nsec: 796760113
}
iterations: 7933
real_time_factor: 0.99958492236098961
step_size {
  nsec: 4000000
}

sim_time {
  sec: 31
  nsec: 836000000
}
real_time {
  sec: 33
  nsec: 900753004
}
iterations: 7959
real_time_factor: 1.0001080116652599
step_size {
  nsec: 4000000
}

sim_time {
  sec: 31
  nsec: 936000000
}
real_time {
  sec: 34
  nsec: 761496
}
iterations: 7984
real_time_factor: 0.99848704250883846
step_size {
  nsec: 4000000
}

sim_time {
  sec: 32
  nsec: 40000000
}
real_time {
  sec: 34
  nsec: 104755193
}
iterations: 8010
real_time_factor: 0.99964237793929223
step_size {
  nsec: 4000000
}

sim_time {
  sec: 32
  nsec: 144000000
}
real_time {
  sec: 34
  nsec: 208759613
}
iterations: 8036
real_time_factor: 0.99855409367236236
step_size {
  nsec: 4000000
}

sim_time {
  sec: 32
  nsec: 248000000
}
real_time {
  sec: 34
  nsec: 312755288
}
iterations: 8062
real_time_factor: 0.99969609238791413
step_size {
  nsec: 4000000
}

sim_time {
  sec: 32
  nsec: 348000000
}
real_time {
  sec: 34
  nsec: 412761905
}
iterations: 8087
real_time_factor: 0.99913425017222579
step_size {
  nsec: 4000000
}

sim_time {
  sec: 32
  nsec: 448000000
}
real_time {
  sec: 34
  nsec: 512764272
}
iterations: 8112
real_time_factor: 0.99734158600251033
step_size {
  nsec: 4000000
}

sim_time {
  sec: 32
  nsec: 552000000
}
real_time {
  sec: 34
  nsec: 616753399
}
iterations: 8138
real_time_factor: 0.99997850046224
step_size {
  nsec: 4000000
}

sim_time {
  sec: 32
  nsec: 656000000
}
real_time {
  sec: 34
  nsec: 720753343
}
iterations: 8164
real_time_factor: 0.999939003720773
step_size {
  nsec: 4000000
}

sim_time {
  sec: 32
  nsec: 756000000
}
real_time {
  sec: 34
  nsec: 820753580
}
iterations: 8189
real_time_factor: 1.0001287665786971
step_size {
  nsec: 4000000
}

sim_time {
  sec: 32
  nsec: 860000000
}
real_time {
  sec: 34
  nsec: 924757997
}
iterations: 8215
real_time_factor: 0.99896307632677284
step_size {
  nsec: 4000000
}

sim_time {
  sec: 32
  nsec: 960000000
}
real_time {
  sec: 35
  nsec: 24759409
}
iterations: 8240
real_time_factor: 0.99923608401377151
step_size {
  nsec: 4000000
}

sim_time {
  sec: 33
  nsec: 64000000
}
real_time {
  sec: 35
  nsec: 128756991
}
iterations: 8266
real_time_factor: 0.99909981107022572
step_size {
  nsec: 4000000
}

sim_time {
  sec: 33
  nsec: 168000000
}
real_time {
  sec: 35
  nsec: 232756219
}
iterations: 8292
real_time_factor: 0.99926129608686776
step_size {
  nsec: 4000000
}

sim_time {
  sec: 33
  nsec: 272000000
}
real_time {
  sec: 35
  nsec: 336757066
}
iterations: 8318
real_time_factor: 0.999342432679297
step_size {
  nsec: 4000000
}

sim_time {
  sec: 33
  nsec: 376000000
}
real_time {
  sec: 35
  nsec: 440753066
}
iterations: 8344
real_time_factor: 1.0000642541283278
step_size {
  nsec: 4000000
}

sim_time {
  sec: 33
  nsec: 476000000
}
real_time {
  sec: 35
  nsec: 540753760
}
iterations: 8369
real_time_factor: 0.99993675400030946
step_size {
  nsec: 4000000
}

sim_time {
  sec: 33
  nsec: 576000000
}
real_time {
  sec: 35
  nsec: 640761873
}
iterations: 8394
real_time_factor: 0.99822241543371637
step_size {
  nsec: 4000000
}

sim_time {
  sec: 33
  nsec: 680000000
}
real_time {
  sec: 35
  nsec: 744753423
}
iterations: 8420
real_time_factor: 0.99992775521968535
step_size {
  nsec: 4000000
}

sim_time {
  sec: 33
  nsec: 780000000
}
real_time {
  sec: 35
  nsec: 844757040
}
iterations: 8445
real_time_factor: 0.99945105150995817
step_size {
  nsec: 4000000
}

sim_time {
  sec: 33
  nsec: 884000000
}
real_time {
  sec: 35
  nsec: 948753716
}
iterations: 8471
real_time_factor: 1.0001265160042745
step_size {
  nsec: 4000000
}

sim_time {
  sec: 33
  nsec: 984000000
}
real_time {
  sec: 36
  nsec: 48755138
}
iterations: 8496
real_time_factor: 1.0005087587038008
step_size {
  nsec: 4000000
}

sim_time {
  sec: 34
  nsec: 88000000
}
real_time {
  sec: 36
  nsec: 152753419
}
iterations: 8522
real_time_factor: 0.99998575020305958
step_size {
  nsec: 4000000
}

sim_time {
  sec: 34
  nsec: 188000000
}
real_time {
  sec: 36
  nsec: 252755997
}
iterations: 8547
real_time_factor: 1.0005065064188745
step_size {
  nsec: 4000000
}

sim_time {
  sec: 34
  nsec: 292000000
}
real_time {
  sec: 36
  nsec: 356753701
}
iterations: 8573
real_time_factor: 0.99985377138593479
step_size {
  nsec: 4000000
}

sim_time {
  sec: 34
  nsec: 392000000
}
real_time {
  sec: 36
  nsec: 456757559
}
iterations: 8598
real_time_factor: 0.99897729699220428
step_size {
  nsec: 4000000
}

sim_time {
  sec: 34
  nsec: 496000000
}
real_time {
  sec: 36
  nsec: 560753786
}
iterations: 8624
real_time_factor: 0.99979379253029066
step_size {
  nsec: 4000000
}

sim_time {
  sec: 34
  nsec: 596000000
}
real_time {
  sec: 36
  nsec: 660757569
}
iterations: 8649
real_time_factor: 1.0001872850691291
step_size {
  nsec: 4000000
}

sim_time {
  sec: 34
  nsec: 700000000
}
real_time {
  sec: 36
  nsec: 764755838
}
iterations: 8675
real_time_factor: 1.0001087618278488
step_size {
  nsec: 4000000
}

sim_time {
  sec: 34
  nsec: 804000000
}
real_time {
  sec: 36
  nsec: 868753305
}
iterations: 8701
real_time_factor: 1.0001110123223678
step_size {
  nsec: 4000000
}

sim_time {
  sec: 34
  nsec: 904000000
}
real_time {
  sec: 36
  nsec: 968754022
}
iterations: 8726
real_time_factor: 1.0000112501265639
step_size {
  nsec: 4000000
}

sim_time {
  sec: 35
  nsec: 4000000
}
real_time {
  sec: 37
  nsec: 68754933
}
iterations: 8751
real_time_factor: 1.0002913348512754
step_size {
  nsec: 4000000
}

sim_time {
  sec: 35
  nsec: 104000000
}
real_time {
  sec: 37
  nsec: 168829759
}
iterations: 8776
real_time_factor: 0.98206600170977687
step_size {
  nsec: 4000000
}

sim_time {
  sec: 35
  nsec: 208000000
}
real_time {
  sec: 37
  nsec: 272754418
}
iterations: 8802
real_time_factor: 1.0006694478606188
step_size {
  nsec: 4000000
}

sim_time {
  sec: 35
  nsec: 308000000
}
real_time {
  sec: 37
  nsec: 372759416
}
iterations: 8827
real_time_factor: 0.99941908765530041
step_size {
  nsec: 4000000
}

sim_time {
  sec: 35
  nsec: 412000000
}
real_time {
  sec: 37
  nsec: 476757440
}
iterations: 8853
real_time_factor: 0.99967360656745574
step_size {
  nsec: 4000000
}

sim_time {
  sec: 35
  nsec: 512000000
}
real_time {
  sec: 37
  nsec: 576758436
}
iterations: 8878
real_time_factor: 0.99975006248437892
step_size {
  nsec: 4000000
}

sim_time {
  sec: 35
  nsec: 616000000
}
real_time {
  sec: 37
  nsec: 680754099
}
iterations: 8904
real_time_factor: 1.0003471204507963
step_size {
  nsec: 4000000
}

sim_time {
  sec: 35
  nsec: 716000000
}
real_time {
  sec: 37
  nsec: 780760610
}
iterations: 8929
real_time_factor: 0.99827821964067476
step_size {
  nsec: 4000000
}

sim_time {
  sec: 35
  nsec: 820000000
}
real_time {
  sec: 37
  nsec: 884755592
}
iterations: 8955
real_time_factor: 1.0000277507700839
step_size {
  nsec: 4000000
}

sim_time {
  sec: 35
  nsec: 920000000
}
real_time {
  sec: 37
  nsec: 984756887
}
iterations: 8980
real_time_factor: 0.99945854333414874
step_size {
  nsec: 4000000
}

sim_time {
  sec: 36
  nsec: 24000000
}
real_time {
  sec: 38
  nsec: 88756405
}
iterations: 9006
real_time_factor: 0.9995929157850465
step_size {
  nsec: 4000000
}

sim_time {
  sec: 36
  nsec: 128000000
}
real_time {
  sec: 38
  nsec: 192759287
}
iterations: 9032
real_time_factor: 0.99882787548811469
step_size {
  nsec: 4000000
}

sim_time {
  sec: 36
  nsec: 228000000
}
real_time {
  sec: 38
  nsec: 292760031
}
iterations: 9057
real_time_factor: 0.99870069040178733
step_size {
  nsec: 4000000
}

sim_time {
  sec: 36
  nsec: 332000000
}
real_time {
  sec: 38
  nsec: 396755662
}
iterations: 9083
real_time_factor: 1.000787870250855
step_size {
  nsec: 4000000
}

sim_time {
  sec: 36
  nsec: 432000000
}
real_time {
  sec: 38
  nsec: 496760160
}
iterations: 9108
real_time_factor: 0.99857129412093648
step_size {
  nsec: 4000000
}

sim_time {
  sec: 36
  nsec: 536000000
}
real_time {
  sec: 38
  nsec: 600754657
}
iterations: 9134
real_time_factor: 1.0007948813345
step_size {
  nsec: 4000000
}

sim_time {
  sec: 36
  nsec: 636000000
}
real_time {
  sec: 38
  nsec: 700762093
}
iterations: 9159
real_time_factor: 0.99886678563170084
step_size {
  nsec: 4000000
}

sim_time {
  sec: 36
  nsec: 740000000
}
real_time {
  sec: 38
  nsec: 804758455
}
iterations: 9185
real_time_factor: 0.99916719414368127
step_size {
  nsec: 4000000
}

sim_time {
  sec: 36
  nsec: 844000000
}
real_time {
  sec: 38
  nsec: 908756623
}
iterations: 9211
real_time_factor: 0.99916719414368127
step_size {
  nsec: 4000000
}

sim_time {
  sec: 36
  nsec: 948000000
}
real_time {
  sec: 39
  nsec: 12756556
}
iterations: 9237
real_time_factor: 1.0005165166517214
step_size {
  nsec: 4000000
}

sim_time {
  sec: 37
  nsec: 48000000
}
real_time {
  sec: 39
  nsec: 112759988
}
iterations: 9262
real_time_factor: 0.99979879049341325
step_size {
  nsec: 4000000
}

sim_time {
  sec: 37
  nsec: 152000000
}
real_time {
  sec: 39
  nsec: 216754964
}
iterations: 9288
real_time_factor: 1.000308094893227
step_size {
  nsec: 4000000
}

sim_time {
  sec: 37
  nsec: 256000000
}
real_time {
  sec: 39
  nsec: 320753035
}
iterations: 9314
real_time_factor: 0.99996800102396721
step_size {
  nsec: 4000000
}

sim_time {
  sec: 37
  nsec: 360000000
}
real_time {
  sec: 39
  nsec: 424752802
}
iterations: 9340
real_time_factor: 0.9998915117709728
step_size {
  nsec: 4000000
}

sim_time {
  sec: 37
  nsec: 464000000
}
real_time {
  sec: 39
  nsec: 528759862
}
iterations: 9366
real_time_factor: 0.99825779059097108
step_size {
  nsec: 4000000
}

sim_time {
  sec: 37
  nsec: 568000000
}
real_time {
  sec: 39
  nsec: 632755022
}
iterations: 9392
real_time_factor: 1.0001162635156338
step_size {
  nsec: 4000000
}

sim_time {
  sec: 37
  nsec: 672000000
}
real_time {
  sec: 39
  nsec: 736758504
}
iterations: 9418
real_time_factor: 0.99885556124070851
step_size {
  nsec: 4000000
}

sim_time {
  sec: 37
  nsec: 776000000
}
real_time {
  sec: 39
  nsec: 840758345
}
iterations: 9444
real_time_factor: 0.9999472527824157
step_size {
  nsec: 4000000
}

sim_time {
  sec: 37
  nsec: 876000000
}
real_time {
  sec: 39
  nsec: 940758311
}
iterations: 9469
real_time_factor: 1.0006884736698849
step_size {
  nsec: 4000000
}

sim_time {
  sec: 37
  nsec: 976000000
}
real_time {
  sec: 40
  nsec: 40759011
}
iterations: 9494
real_time_factor: 1.000211044530396
step_size {
  nsec: 4000000
}

sim_time {
  sec: 38
  nsec: 80000000
}
real_time {
  sec: 40
  nsec: 144753398
}
iterations: 9520
real_time_factor: 1.0013748877208408
step_size {
  nsec: 4000000
}

sim_time {
  sec: 38
  nsec: 180000000
}
real_time {
  sec: 40
  nsec: 244757611
}
iterations: 9545
real_time_factor: 0.99942882642569775
step_size {
  nsec: 4000000
}

sim_time {
  sec: 38
  nsec: 284000000
}
real_time {
  sec: 40
  nsec: 348753573
}
iterations: 9571
real_time_factor: 1.0000792562810603
step_size {
  nsec: 4000000
}

sim_time {
  sec: 38
  nsec: 384000000
}
real_time {
  sec: 40
  nsec: 448756029
}
iterations: 9596
real_time_factor: 1.0009386302004706
step_size {
  nsec: 4000000
}

sim_time {
  sec: 38
  nsec: 488000000
}
real_time {
  sec: 40
  nsec: 552754241
}
iterations: 9622
real_time_factor: 0.99987751500441191
step_size {
  nsec: 4000000
}

sim_time {
  sec: 38
  nsec: 588000000
}
real_time {
  sec: 40
  nsec: 652755473
}
iterations: 9647
real_time_factor: 1.0002875826800206
step_size {
  nsec: 4000000
}

sim_time {
  sec: 38
  nsec: 688000000
}
real_time {
  sec: 40
  nsec: 752759701
}
iterations: 9672
real_time_factor: 0.99915845878808573
step_size {
  nsec: 4000000
}

sim_time {
  sec: 38
  nsec: 792000000
}
real_time {
  sec: 40
  nsec: 856756358
}
iterations: 9698
real_time_factor: 0.99985702044607616
step_size {
  nsec: 4000000
}

sim_time {
  sec: 38
  nsec: 896000000
}
real_time {
  sec: 40
  nsec: 960760152
}
iterations: 9724
real_time_factor: 0.9983803774327098
step_size {
  nsec: 4000000
}

sim_time {
  sec: 39
}
real_time {
  sec: 41
  nsec: 64761415
}
iterations: 9750
real_time_factor: 0.9979168485785922
step_size {
  nsec: 4000000
}

sim_time {
  sec: 39
  nsec: 104000000
}
real_time {
  sec: 41
  nsec: 168770244
}
iterations: 9776
real_time_factor: 0.99624143014442268
step_size {
  nsec: 4000000
}

sim_time {
  sec: 39
  nsec: 208000000
}
real_time {
  sec: 41
  nsec: 272753678
}
iterations: 9802
real_time_factor: 1.0004544564368365
step_size {
  nsec: 4000000
}

sim_time {
  sec: 39
  nsec: 308000000
}
real_time {
  sec: 41
  nsec: 372755724
}
iterations: 9827
real_time_factor: 0.99963038666453075
step_size {
  nsec: 4000000
}

sim_time {
  sec: 39
  nsec: 408000000
}
real_time {
  sec: 41
  nsec: 472755232
}
iterations: 9852
real_time_factor: 1.0007816104377518
step_size {
  nsec: 4000000
}

sim_time {
  sec: 39
  nsec: 508000000
}
real_time {
  sec: 41
  nsec: 572758493
}
iterations: 9877
real_time_factor: 0.99876602457663555
step_size {
  nsec: 4000000
}

sim_time {
  sec: 39
  nsec: 612000000
}
real_time {
  sec: 41
  nsec: 676754214
}
iterations: 9903
real_time_factor: 1.0003343617604183
step_size {
  nsec: 4000000
}

sim_time {
  sec: 39
  nsec: 712000000
}
real_time {
  sec: 41
  nsec: 776807408
}
iterations: 9928
real_time_factor: 0.98771943730611378
step_size {
  nsec: 4000000
}

sim_time {
  sec: 39
  nsec: 816000000
}
real_time {
  sec: 41
  nsec: 880760784
}
iterations: 9954
real_time_factor: 0.99826078015577357
step_size {
  nsec: 4000000
}

sim_time {
  sec: 39
  nsec: 920000000
}
real_time {
  sec: 41
  nsec: 984755720
}
iterations: 9980
real_time_factor: 1.0002553151691969
step_size {
  nsec: 4000000
}

sim_time {
  sec: 40
  nsec: 24000000
}
real_time {
  sec: 42
  nsec: 88754683
}
iterations: 10006
real_time_factor: 0.99975081211008154
step_size {
  nsec: 4000000
}

sim_time {
  sec: 40
  nsec: 128000000
}
real_time {
  sec: 42
  nsec: 192754647
}
iterations: 10032
real_time_factor: 0.99965337019388523
step_size {
  nsec: 4000000
}

sim_time {
  sec: 40
  nsec: 232000000
}
real_time {
  sec: 42
  nsec: 296752933
}
iterations: 10058
real_time_factor: 1.0005060059124902
step_size {
  nsec: 4000000
}

sim_time {
  sec: 40
  nsec: 336000000
}
real_time {
  sec: 42
  nsec: 400753110
}
iterations: 10084
real_time_factor: 0.99987851476045664
step_size {
  nsec: 4000000
}

sim_time {
  sec: 40
  nsec: 436000000
}
real_time {
  sec: 42
  nsec: 500753500
}
iterations: 10109
real_time_factor: 0.99998025039005478
step_size {
  nsec: 4000000
}

sim_time {
  sec: 40
  nsec: 536000000
}
real_time {
  sec: 42
  nsec: 600754417
}
iterations: 10134
real_time_factor: 1.0001355183627381
step_size {
  nsec: 4000000
}

sim_time {
  sec: 40
  nsec: 636000000
}
real_time {
  sec: 42
  nsec: 700759023
}
iterations: 10159
real_time_factor: 0.99935291898495726
step_size {
  nsec: 4000000
}

sim_time {
  sec: 40
  nsec: 740000000
}
real_time {
  sec: 42
  nsec: 804758005
}
iterations: 10185
real_time_factor: 0.99906662200838869
step_size {
  nsec: 4000000
}

sim_time {
  sec: 40
  nsec: 844000000
}
real_time {
  sec: 42
  nsec: 908753830
}
iterations: 10211
real_time_factor: 1.0002463106539985
step_size {
  nsec: 4000000
}

sim_time {
  sec: 40
  nsec: 948000000
}
real_time {
  sec: 43
  nsec: 12753377
}
iterations: 10237
real_time_factor: 1.0000380014440549
step_size {
  nsec: 4000000
}

sim_time {
  sec: 41
  nsec: 52000000
}
real_time {
  sec: 43
  nsec: 116752801
}
iterations: 10263
real_time_factor: 0.99997775049505144
step_size {
  nsec: 4000000
}

sim_time {
  sec: 41
  nsec: 152000000
}
real_time {
  sec: 43
  nsec: 216755765
}
iterations: 10288
real_time_factor: 1.0006681961880046
step_size {
  nsec: 4000000
}

sim_time {
  sec: 41
  nsec: 256000000
}
real_time {
  sec: 43
  nsec: 320754970
}
iterations: 10314
real_time_factor: 0.99965162140993868
step_size {
  nsec: 4000000
}

sim_time {
  sec: 41
  nsec: 356000000
}
real_time {
  sec: 43
  nsec: 420755207
}
iterations: 10339
real_time_factor: 1.0003186014745697
step_size {
  nsec: 4000000
}

sim_time {
  sec: 41
  nsec: 460000000
}
real_time {
  sec: 43
  nsec: 524753192
}
iterations: 10365
real_time_factor: 0.99996400129595331
step_size {
  nsec: 4000000
}

sim_time {
  sec: 41
  nsec: 560000000
}
real_time {
  sec: 43
  nsec: 624753529
}
iterations: 10390
real_time_factor: 1.0000057500330626
step_size {
  nsec: 4000000
}

sim_time {
  sec: 41
  nsec: 660000000
}
real_time {
  sec: 43
  nsec: 724754245
}
iterations: 10415
real_time_factor: 1.0000080000640006
step_size {
  nsec: 4000000
}

sim_time {
  sec: 41
  nsec: 760000000
}
real_time {
  sec: 43
  nsec: 824761805
}
iterations: 10440
real_time_factor: 0.99793377811241823
step_size {
  nsec: 4000000
}

sim_time {
  sec: 41
  nsec: 864000000
}
real_time {
  sec: 43
  nsec: 928753214
}
iterations: 10466
real_time_factor: 1.0000245006002646
step_size {
  nsec: 4000000
}

sim_time {
  sec: 41
  nsec: 964000000
}
real_time {
  sec: 44
  nsec: 28753223
}
iterations: 10491
real_time_factor: 1.0014079796193447
step_size {
  nsec: 4000000
}

sim_time {
  sec: 42
  nsec: 64000000
}
real_time {
  sec: 44
  nsec: 128755369
}
iterations: 10516
real_time_factor: 0.99939012217794088
step_size {
  nsec: 4000000
}

sim_time {
  sec: 42
  nsec: 168000000
}
real_time {
  sec: 44
  nsec: 232754865
}
iterations: 10542
real_time_factor: 0.99958692070501864
step_size {
  nsec: 4000000
}

