{
  "ulog_start_us": 3576000,
  "ulog_end_us": 53052000,
  "dropouts": 0,
  "missing_topics": [],
  "windows": {
    "classic_before_0": {
      "start_us": 34828272.042042814,
      "end_us": 44868213.99259324,
      "duration_s": 10.03994195055043,
      "position_error_m": {
        "count": 1255,
        "mean": 0.08933664377481224,
        "p95": 0.33813384593223783,
        "p99": 0.417834003332376,
        "max": 0.44050253909799386
      },
      "velocity_error_m_s": {
        "count": 1255,
        "mean": 0.048575036227703094,
        "p95": 0.18603037446737286,
        "p99": 0.22549858301877979,
        "max": 0.23315614461898804
      },
      "tilt_deg": {
        "count": 2510,
        "mean": 0.12164545059204102,
        "p95": 0.29408594965934753,
        "p99": 0.33571791648864746,
        "max": 0.338619589805603
      },
      "attitude_error_deg": {
        "count": 2510,
        "mean": 0.06380772590637207,
        "p95": 0.17693863809108734,
        "p99": 0.1938265711069107,
        "max": 0.20174109935760498
      },
      "angular_rate_rad_s": {
        "count": 2477,
        "mean": 0.0058739278465509415,
        "p95": 0.012450495548546313,
        "p99": 0.013903479985892772,
        "max": 0.016059866175055504
      },
      "angular_rate_error_rad_s": {
        "count": 2477,
        "mean": 0.0026324684731662273,
        "p95": 0.005112862773239612,
        "p99": 0.0066178940981626464,
        "max": 0.00776151055470109
      },
      "minimum_duration_s": 10,
      "status": "PASS"
    }
  },
  "unavailable": {},
  "time_alignment": {
    "method": "exact position-vector matches, monotonic->ULog interpolation",
    "matched_samples": 424,
    "telemetry_samples": 424,
    "sampling_uncertainty_s": 0.1
  },
  "armed_motor_values_valid": true,
  "actuator_step": {
    "count": 12148,
    "mean": 0.0005342599470168352,
    "p95": 0.0021109759807586663,
    "p99": 0.005462449193000808,
    "max": 0.24809688329696655
  },
  "handovers": [],
  "safety_failure_events": 0,
  "host_resources": {
    "cpu_percent": {
      "count": 55,
      "mean": 13.454545454545455,
      "p95": 18.629999999999995,
      "p99": 21.042,
      "max": 22.5
    },
    "min_available_memory_bytes": 116487065600
  },
  "gazebo_real_time_factor": {
    "count": 520,
    "mean": 0.9953018092893785,
    "p95": 1.0007840393065135,
    "p99": 1.0013962802069016,
    "max": 1.0676577377560343
  },
  "temperature_c": {
    "count": 55,
    "mean": 45.42343636363636,
    "p95": 45.5995,
    "p99": 45.74698,
    "max": 45.781
  },
  "board_power_mw": {
    "count": 55,
    "mean": 31911.927272727273,
    "p95": 34675.6,
    "p99": 35559.24,
    "max": 35880.0
  },
  "status": "PASS"
}
