sim_time {
  nsec: 4000000
}
real_time {
  sec: 1
  nsec: 773352770
}
iterations: 1
real_time_factor: 0.0022556143750236454
step_size {
  nsec: 4000000
}

sim_time {
  nsec: 108000000
}
real_time {
  sec: 1
  nsec: 877334885
}
iterations: 27
real_time_factor: 0.99998625018906
step_size {
  nsec: 4000000
}

sim_time {
  nsec: 212000000
}
real_time {
  sec: 1
  nsec: 981334437
}
iterations: 53
real_time_factor: 0.999914007395364
step_size {
  nsec: 4000000
}

sim_time {
  nsec: 316000000
}
real_time {
  sec: 2
  nsec: 85335940
}
iterations: 79
real_time_factor: 0.99961814586827835
step_size {
  nsec: 4000000
}

sim_time {
  nsec: 420000000
}
real_time {
  sec: 2
  nsec: 189334843
}
iterations: 105
real_time_factor: 1.0000692547958947
step_size {
  nsec: 4000000
}

sim_time {
  nsec: 524000000
}
real_time {
  sec: 2
  nsec: 293334199
}
iterations: 131
real_time_factor: 1.00000450002025
step_size {
  nsec: 4000000
}

sim_time {
  nsec: 624000000
}
real_time {
  sec: 2
  nsec: 393335286
}
iterations: 156
real_time_factor: 0.99968509919375392
step_size {
  nsec: 4000000
}

sim_time {
  nsec: 728000000
}
real_time {
  sec: 2
  nsec: 497334240
}
iterations: 182
real_time_factor: 1.0000210004410093
step_size {
  nsec: 4000000
}

sim_time {
  nsec: 828000000
}
real_time {
  sec: 2
  nsec: 597334843
}
iterations: 207
real_time_factor: 0.99992375581361925
step_size {
  nsec: 4000000
}

sim_time {
  nsec: 932000000
}
real_time {
  sec: 2
  nsec: 701334158
}
iterations: 233
real_time_factor: 1.0000232505405751
step_size {
  nsec: 4000000
}

sim_time {
  sec: 1
  nsec: 32000000
}
real_time {
  sec: 2
  nsec: 801336224
}
iterations: 258
real_time_factor: 0.99966211420539852
step_size {
  nsec: 4000000
}

sim_time {
  sec: 1
  nsec: 136000000
}
real_time {
  sec: 2
  nsec: 905393115
}
iterations: 284
real_time_factor: 0.98549766276910555
step_size {
  nsec: 4000000
}

sim_time {
  sec: 1
  nsec: 240000000
}
real_time {
  sec: 3
  nsec: 9334198
}
iterations: 310
real_time_factor: 1.0002708233254154
step_size {
  nsec: 4000000
}

sim_time {
  sec: 1
  nsec: 340000000
}
real_time {
  sec: 3
  nsec: 109468348
}
iterations: 335
real_time_factor: 0.96768957099176323
step_size {
  nsec: 4000000
}

sim_time {
  sec: 1
  nsec: 444000000
}
real_time {
  sec: 3
  nsec: 213335746
}
iterations: 361
real_time_factor: 0.9998657680206432
step_size {
  nsec: 4000000
}

sim_time {
  sec: 1
  nsec: 548000000
}
real_time {
  sec: 3
  nsec: 317334487
}
iterations: 387
real_time_factor: 0.99989376128786311
step_size {
  nsec: 4000000
}

sim_time {
  sec: 1
  nsec: 652000000
}
real_time {
  sec: 3
  nsec: 421340811
}
iterations: 413
real_time_factor: 0.99831285128133451
step_size {
  nsec: 4000000
}

sim_time {
  sec: 1
  nsec: 696000000
}
real_time {
  sec: 3
  nsec: 739291228
}
iterations: 424
real_time_factor: 0.014390709777976064
step_size {
  nsec: 4000000
}

sim_time {
  sec: 1
  nsec: 800000000
}
real_time {
  sec: 3
  nsec: 843288429
}
iterations: 450
real_time_factor: 0.99999775000506252
step_size {
  nsec: 4000000
}

sim_time {
  sec: 1
  nsec: 904000000
}
real_time {
  sec: 3
  nsec: 947288112
}
iterations: 476
real_time_factor: 0.99986101931831473
step_size {
  nsec: 4000000
}

sim_time {
  sec: 2
  nsec: 8000000
}
real_time {
  sec: 4
  nsec: 51287443
}
iterations: 502
real_time_factor: 0.999886512880788
step_size {
  nsec: 4000000
}

sim_time {
  sec: 2
  nsec: 112000000
}
real_time {
  sec: 4
  nsec: 155287319
}
iterations: 528
real_time_factor: 1
step_size {
  nsec: 4000000
}

sim_time {
  sec: 2
  nsec: 212000000
}
real_time {
  sec: 4
  nsec: 255287520
}
iterations: 553
real_time_factor: 1.000340615979741
step_size {
  nsec: 4000000
}

sim_time {
  sec: 2
  nsec: 316000000
}
real_time {
  sec: 4
  nsec: 359287907
}
iterations: 579
real_time_factor: 0.99980778695295824
step_size {
  nsec: 4000000
}

sim_time {
  sec: 2
  nsec: 416000000
}
real_time {
  sec: 4
  nsec: 459287782
}
iterations: 604
real_time_factor: 1.0002012905097151
step_size {
  nsec: 4000000
}

sim_time {
  sec: 2
  nsec: 516000000
}
real_time {
  sec: 4
  nsec: 559288627
}
iterations: 629
real_time_factor: 0.99965312036723253
step_size {
  nsec: 4000000
}

sim_time {
  sec: 2
  nsec: 616000000
}
real_time {
  sec: 4
  nsec: 659295808
}
iterations: 654
real_time_factor: 0.9985595778090105
step_size {
  nsec: 4000000
}

sim_time {
  sec: 2
  nsec: 720000000
}
real_time {
  sec: 4
  nsec: 763289263
}
iterations: 680
real_time_factor: 1.0003751406777541
step_size {
  nsec: 4000000
}

sim_time {
  sec: 2
  nsec: 824000000
}
real_time {
  sec: 4
  nsec: 867289341
}
iterations: 706
real_time_factor: 0.99979854059407025
step_size {
  nsec: 4000000
}

sim_time {
  sec: 2
  nsec: 928000000
}
real_time {
  sec: 4
  nsec: 971287112
}
iterations: 732
real_time_factor: 1.0000465021623506
step_size {
  nsec: 4000000
}

sim_time {
  sec: 3
  nsec: 32000000
}
real_time {
  sec: 5
  nsec: 75287106
}
iterations: 758
real_time_factor: 1.0000185003422564
step_size {
  nsec: 4000000
}

sim_time {
  sec: 3
  nsec: 132000000
}
real_time {
  sec: 5
  nsec: 175287841
}
iterations: 783
real_time_factor: 0.9997525612410928
step_size {
  nsec: 4000000
}

sim_time {
  sec: 3
  nsec: 232000000
}
real_time {
  sec: 5
  nsec: 275288752
}
iterations: 808
real_time_factor: 0.99997675054054991
step_size {
  nsec: 4000000
}

sim_time {
  sec: 3
  nsec: 332000000
}
real_time {
  sec: 5
  nsec: 375289033
}
iterations: 833
real_time_factor: 1.0001042608691957
step_size {
  nsec: 4000000
}

sim_time {
  sec: 3
  nsec: 432000000
}
real_time {
  sec: 5
  nsec: 475289542
}
iterations: 858
real_time_factor: 1.0001437706670333
step_size {
  nsec: 4000000
}

sim_time {
  sec: 3
  nsec: 532000000
}
real_time {
  sec: 5
  nsec: 575405932
}
iterations: 883
real_time_factor: 0.97125332957782051
step_size {
  nsec: 4000000
}

sim_time {
  sec: 3
  nsec: 636000000
}
real_time {
  sec: 5
  nsec: 679288709
}
iterations: 909
real_time_factor: 0.99988901231963256
step_size {
  nsec: 4000000
}

sim_time {
  sec: 3
  nsec: 740000000
}
real_time {
  sec: 5
  nsec: 783920107
}
iterations: 935
real_time_factor: 0.86337034745907948
step_size {
  nsec: 4000000
}

sim_time {
  sec: 3
  nsec: 844000000
}
real_time {
  sec: 5
  nsec: 887289528
}
iterations: 961
real_time_factor: 0.9995744311859226
step_size {
  nsec: 4000000
}

sim_time {
  sec: 3
  nsec: 944000000
}
real_time {
  sec: 5
  nsec: 987290889
}
iterations: 986
real_time_factor: 0.9995581952776873
step_size {
  nsec: 4000000
}

sim_time {
  sec: 4
  nsec: 48000000
}
real_time {
  sec: 6
  nsec: 91288704
}
iterations: 1012
real_time_factor: 1.0004747252571344
step_size {
  nsec: 4000000
}

sim_time {
  sec: 4
  nsec: 148000000
}
real_time {
  sec: 6
  nsec: 191291259
}
iterations: 1037
real_time_factor: 1.0414637981976427
step_size {
  nsec: 4000000
}

sim_time {
  sec: 4
  nsec: 252000000
}
real_time {
  sec: 6
  nsec: 295287018
}
iterations: 1063
real_time_factor: 1.0002963377900702
step_size {
  nsec: 4000000
}

sim_time {
  sec: 4
  nsec: 352000000
}
real_time {
  sec: 6
  nsec: 395290537
}
iterations: 1088
real_time_factor: 0.99956269132254638
step_size {
  nsec: 4000000
}

sim_time {
  sec: 4
  nsec: 456000000
}
real_time {
  sec: 6
  nsec: 499287486
}
iterations: 1114
real_time_factor: 1.0001112623779396
step_size {
  nsec: 4000000
}

sim_time {
  sec: 4
  nsec: 556000000
}
real_time {
  sec: 6
  nsec: 599288196
}
iterations: 1139
real_time_factor: 1.0000165002722545
step_size {
  nsec: 4000000
}

sim_time {
  sec: 4
  nsec: 656000000
}
real_time {
  sec: 6
  nsec: 699289166
}
iterations: 1164
real_time_factor: 0.99984477409882111
step_size {
  nsec: 4000000
}

sim_time {
  sec: 4
  nsec: 756000000
}
real_time {
  sec: 6
  nsec: 799288208
}
iterations: 1189
real_time_factor: 1.0004749754946161
step_size {
  nsec: 4000000
}

sim_time {
  sec: 4
  nsec: 860000000
}
real_time {
  sec: 6
  nsec: 903288288
}
iterations: 1215
real_time_factor: 1.000085757353693
step_size {
  nsec: 4000000
}

sim_time {
  sec: 4
  nsec: 960000000
}
real_time {
  sec: 7
  nsec: 3289544
}
iterations: 1240
real_time_factor: 0.9995581952776873
step_size {
  nsec: 4000000
}

sim_time {
  sec: 5
  nsec: 60000000
}
real_time {
  sec: 7
  nsec: 103293068
}
iterations: 1265
real_time_factor: 0.99888798794741751
step_size {
  nsec: 4000000
}

sim_time {
  sec: 5
  nsec: 164000000
}
real_time {
  sec: 7
  nsec: 207289370
}
iterations: 1291
real_time_factor: 1.0006023626222986
step_size {
  nsec: 4000000
}

sim_time {
  sec: 5
  nsec: 268000000
}
real_time {
  sec: 7
  nsec: 311288459
}
iterations: 1317
real_time_factor: 1.000210794424925
step_size {
  nsec: 4000000
}

sim_time {
  sec: 5
  nsec: 372000000
}
real_time {
  sec: 7
  nsec: 415287556
}
iterations: 1343
real_time_factor: 1.0000095000902509
step_size {
  nsec: 4000000
}

sim_time {
  sec: 5
  nsec: 476000000
}
real_time {
  sec: 7
  nsec: 519287614
}
iterations: 1369
real_time_factor: 0.99980803685692343
step_size {
  nsec: 4000000
}

sim_time {
  sec: 5
  nsec: 580000000
}
real_time {
  sec: 7
  nsec: 623289874
}
iterations: 1395
real_time_factor: 0.99938038416181962
step_size {
  nsec: 4000000
}

sim_time {
  sec: 5
  nsec: 684000000
}
real_time {
  sec: 7
  nsec: 727288506
}
iterations: 1421
real_time_factor: 0.99991250765558015
step_size {
  nsec: 4000000
}

sim_time {
  sec: 5
  nsec: 784000000
}
real_time {
  sec: 7
  nsec: 827289731
}
iterations: 1446
real_time_factor: 1.0007067491415813
step_size {
  nsec: 4000000
}

sim_time {
  sec: 5
  nsec: 888000000
}
real_time {
  sec: 7
  nsec: 931287178
}
iterations: 1472
real_time_factor: 1.0004169237529741
step_size {
  nsec: 4000000
}

sim_time {
  sec: 5
  nsec: 992000000
}
real_time {
  sec: 8
  nsec: 35287847
}
iterations: 1498
real_time_factor: 0.99988676282411015
step_size {
  nsec: 4000000
}

sim_time {
  sec: 6
  nsec: 92000000
}
real_time {
  sec: 8
  nsec: 135288202
}
iterations: 1523
real_time_factor: 1.0004144216741786
step_size {
  nsec: 4000000
}

sim_time {
  sec: 6
  nsec: 196000000
}
real_time {
  sec: 8
  nsec: 239287518
}
iterations: 1549
real_time_factor: 0.99994925257543177
step_size {
  nsec: 4000000
}

sim_time {
  sec: 6
  nsec: 296000000
}
real_time {
  sec: 8
  nsec: 339289808
}
iterations: 1574
real_time_factor: 0.99980103959312094
step_size {
  nsec: 4000000
}

sim_time {
  sec: 6
  nsec: 396000000
}
real_time {
  sec: 8
  nsec: 439290087
}
iterations: 1599
real_time_factor: 1.0001112623779396
step_size {
  nsec: 4000000
}

sim_time {
  sec: 6
  nsec: 496000000
}
real_time {
  sec: 8
  nsec: 539291179
}
iterations: 1624
real_time_factor: 0.9995212293311504
step_size {
  nsec: 4000000
}

sim_time {
  sec: 6
  nsec: 600000000
}
real_time {
  sec: 8
  nsec: 643287631
}
iterations: 1650
real_time_factor: 1.0003683856580186
step_size {
  nsec: 4000000
}

sim_time {
  sec: 6
  nsec: 700000000
}
real_time {
  sec: 8
  nsec: 743288908
}
iterations: 1675
real_time_factor: 1.0006233883709552
step_size {
  nsec: 4000000
}

sim_time {
  sec: 6
  nsec: 804000000
}
real_time {
  sec: 8
  nsec: 847288416
}
iterations: 1701
real_time_factor: 1.0001482719813213
step_size {
  nsec: 4000000
}

sim_time {
  sec: 6
  nsec: 904000000
}
real_time {
  sec: 8
  nsec: 947289999
}
iterations: 1726
real_time_factor: 0.999833527717635
step_size {
  nsec: 4000000
}

sim_time {
  sec: 7
  nsec: 8000000
}
real_time {
  sec: 9
  nsec: 51287840
}
iterations: 1752
real_time_factor: 1.0001182639847161
step_size {
  nsec: 4000000
}

sim_time {
  sec: 7
  nsec: 108000000
}
real_time {
  sec: 9
  nsec: 151288311
}
iterations: 1777
real_time_factor: 1.00008375701465
step_size {
  nsec: 4000000
}

sim_time {
  sec: 7
  nsec: 212000000
}
real_time {
  sec: 9
  nsec: 255287328
}
iterations: 1803
real_time_factor: 1.0000397515801254
step_size {
  nsec: 4000000
}

sim_time {
  sec: 7
  nsec: 312000000
}
real_time {
  sec: 9
  nsec: 355289022
}
iterations: 1828
real_time_factor: 0.9998035386046642
step_size {
  nsec: 4000000
}

sim_time {
  sec: 7
  nsec: 412000000
}
real_time {
  sec: 9
  nsec: 455289760
}
iterations: 1853
real_time_factor: 1.0001737801943087
step_size {
  nsec: 4000000
}

sim_time {
  sec: 7
  nsec: 516000000
}
real_time {
  sec: 9
  nsec: 559287949
}
iterations: 1879
real_time_factor: 0.9998290292360007
step_size {
  nsec: 4000000
}

sim_time {
  sec: 7
  nsec: 616000000
}
real_time {
  sec: 9
  nsec: 659288020
}
iterations: 1904
real_time_factor: 1.0000232505405751
step_size {
  nsec: 4000000
}

sim_time {
  sec: 7
  nsec: 716000000
}
real_time {
  sec: 9
  nsec: 759290488
}
iterations: 1929
real_time_factor: 1.001593033720132
step_size {
  nsec: 4000000
}

sim_time {
  sec: 7
  nsec: 816000000
}
real_time {
  sec: 9
  nsec: 859292429
}
iterations: 1954
real_time_factor: 0.99914897486066245
step_size {
  nsec: 4000000
}

sim_time {
  sec: 7
  nsec: 920000000
}
real_time {
  sec: 9
  nsec: 963289415
}
iterations: 1980
real_time_factor: 1.0001760309814527
step_size {
  nsec: 4000000
}

sim_time {
  sec: 8
  nsec: 20000000
}
real_time {
  sec: 10
  nsec: 63289309
}
iterations: 2005
real_time_factor: 1.0000095000902509
step_size {
  nsec: 4000000
}

sim_time {
  sec: 8
  nsec: 124000000
}
real_time {
  sec: 10
  nsec: 167288017
}
iterations: 2031
real_time_factor: 0.99990075984958493
step_size {
  nsec: 4000000
}

sim_time {
  sec: 8
  nsec: 228000000
}
real_time {
  sec: 10
  nsec: 271287326
}
iterations: 2057
real_time_factor: 1.0001025105073269
step_size {
  nsec: 4000000
}

sim_time {
  sec: 8
  nsec: 328000000
}
real_time {
  sec: 10
  nsec: 371289684
}
iterations: 2082
real_time_factor: 0.999905258976712
step_size {
  nsec: 4000000
}

sim_time {
  sec: 8
  nsec: 432000000
}
real_time {
  sec: 10
  nsec: 475288147
}
iterations: 2108
real_time_factor: 1.000100010001
step_size {
  nsec: 4000000
}

sim_time {
  sec: 8
  nsec: 532000000
}
real_time {
  sec: 10
  nsec: 575288515
}
iterations: 2133
real_time_factor: 0.999799040392881
step_size {
  nsec: 4000000
}

sim_time {
  sec: 8
  nsec: 636000000
}
real_time {
  sec: 10
  nsec: 679290374
}
iterations: 2159
real_time_factor: 0.9993521699558261
step_size {
  nsec: 4000000
}

sim_time {
  sec: 8
  nsec: 740000000
}
real_time {
  sec: 10
  nsec: 783287102
}
iterations: 2185
real_time_factor: 1.0000395015603116
step_size {
  nsec: 4000000
}

sim_time {
  sec: 8
  nsec: 844000000
}
real_time {
  sec: 10
  nsec: 887287147
}
iterations: 2211
real_time_factor: 1.0000605036604715
step_size {
  nsec: 4000000
}

sim_time {
  sec: 8
  nsec: 948000000
}
real_time {
  sec: 10
  nsec: 991286862
}
iterations: 2237
real_time_factor: 1.0000347512076044
step_size {
  nsec: 4000000
}

sim_time {
  sec: 9
  nsec: 48000000
}
real_time {
  sec: 11
  nsec: 91288419
}
iterations: 2262
real_time_factor: 1.0002040416244915
step_size {
  nsec: 4000000
}

sim_time {
  sec: 9
  nsec: 148000000
}
real_time {
  sec: 11
  nsec: 191289013
}
iterations: 2287
real_time_factor: 1.00087376279492
step_size {
  nsec: 4000000
}

sim_time {
  sec: 9
  nsec: 252000000
}
real_time {
  sec: 11
  nsec: 295287264
}
iterations: 2313
real_time_factor: 1.0000930086498043
step_size {
  nsec: 4000000
}

sim_time {
  sec: 9
  nsec: 352000000
}
real_time {
  sec: 11
  nsec: 395287923
}
iterations: 2338
real_time_factor: 1.0010318135418081
step_size {
  nsec: 4000000
}

sim_time {
  sec: 9
  nsec: 452000000
}
real_time {
  sec: 11
  nsec: 495289496
}
iterations: 2363
real_time_factor: 1.0007232727453768
step_size {
  nsec: 4000000
}

sim_time {
  sec: 9
  nsec: 556000000
}
real_time {
  sec: 11
  nsec: 599288348
}
iterations: 2389
real_time_factor: 1.0000462521391615
step_size {
  nsec: 4000000
}

sim_time {
  sec: 9
  nsec: 656000000
}
real_time {
  sec: 11
  nsec: 699288869
}
iterations: 2414
real_time_factor: 1.0017510608543734
step_size {
  nsec: 4000000
}

sim_time {
  sec: 9
  nsec: 756000000
}
real_time {
  sec: 11
  nsec: 799288686
}
iterations: 2439
real_time_factor: 1.0003013407789096
step_size {
  nsec: 4000000
}

sim_time {
  sec: 9
  nsec: 856000000
}
real_time {
  sec: 11
  nsec: 899289649
}
iterations: 2464
real_time_factor: 1.00000050000025
step_size {
  nsec: 4000000
}

sim_time {
  sec: 9
  nsec: 960000000
}
real_time {
  sec: 12
  nsec: 3287832
}
iterations: 2490
real_time_factor: 1.000078756202051
step_size {
  nsec: 4000000
}

sim_time {
  sec: 10
  nsec: 64000000
}
real_time {
  sec: 12
  nsec: 107288357
}
iterations: 2516
real_time_factor: 0.9998915117709728
step_size {
  nsec: 4000000
}

sim_time {
  sec: 10
  nsec: 168000000
}
real_time {
  sec: 12
  nsec: 211290818
}
iterations: 2542
real_time_factor: 0.99912127284053676
step_size {
  nsec: 4000000
}

sim_time {
  sec: 10
  nsec: 272000000
}
real_time {
  sec: 12
  nsec: 315288213
}
iterations: 2568
real_time_factor: 0.99986151917959365
step_size {
  nsec: 4000000
}

sim_time {
  sec: 10
  nsec: 376000000
}
real_time {
  sec: 12
  nsec: 419288802
}
iterations: 2594
real_time_factor: 0.999903259359657
step_size {
  nsec: 4000000
}

sim_time {
  sec: 10
  nsec: 480000000
}
real_time {
  sec: 12
  nsec: 523288676
}
iterations: 2620
real_time_factor: 0.999940003599784
step_size {
  nsec: 4000000
}

sim_time {
  sec: 10
  nsec: 584000000
}
real_time {
  sec: 12
  nsec: 627287790
}
iterations: 2646
real_time_factor: 0.99991250765558015
step_size {
  nsec: 4000000
}

sim_time {
  sec: 10
  nsec: 688000000
}
real_time {
  sec: 12
  nsec: 731287665
}
iterations: 2672
real_time_factor: 0.99999325004556217
step_size {
  nsec: 4000000
}

sim_time {
  sec: 10
  nsec: 788000000
}
real_time {
  sec: 12
  nsec: 831290225
}
iterations: 2697
real_time_factor: 0.9998290292360007
step_size {
  nsec: 4000000
}

sim_time {
  sec: 10
  nsec: 892000000
}
real_time {
  sec: 12
  nsec: 935288219
}
iterations: 2723
real_time_factor: 1.0000187503515692
step_size {
  nsec: 4000000
}

sim_time {
  sec: 10
  nsec: 992000000
}
real_time {
  sec: 13
  nsec: 35288372
}
iterations: 2748
real_time_factor: 1.0005305313142294
step_size {
  nsec: 4000000
}

sim_time {
  sec: 11
  nsec: 96000000
}
real_time {
  sec: 13
  nsec: 139287894
}
iterations: 2774
real_time_factor: 0.99993100476067154
step_size {
  nsec: 4000000
}

sim_time {
  sec: 11
  nsec: 196000000
}
real_time {
  sec: 13
  nsec: 239288750
}
iterations: 2799
real_time_factor: 1.0002713235965255
step_size {
  nsec: 4000000
}

sim_time {
  sec: 11
  nsec: 300000000
}
real_time {
  sec: 13
  nsec: 343288097
}
iterations: 2825
real_time_factor: 1.0001992897084744
step_size {
  nsec: 4000000
}

sim_time {
  sec: 11
  nsec: 400000000
}
real_time {
  sec: 13
  nsec: 443287989
}
iterations: 2850
real_time_factor: 0.99987051676807859
step_size {
  nsec: 4000000
}

sim_time {
  sec: 11
  nsec: 500000000
}
real_time {
  sec: 13
  nsec: 543290879
}
iterations: 2875
real_time_factor: 0.99942408187282084
step_size {
  nsec: 4000000
}

sim_time {
  sec: 11
  nsec: 604000000
}
real_time {
  sec: 13
  nsec: 647288934
}
iterations: 2901
real_time_factor: 0.99971358205874017
step_size {
  nsec: 4000000
}

sim_time {
  sec: 11
  nsec: 704000000
}
real_time {
  sec: 13
  nsec: 747291390
}
iterations: 2926
real_time_factor: 0.99918616287034212
step_size {
  nsec: 4000000
}

sim_time {
  sec: 11
  nsec: 808000000
}
real_time {
  sec: 13
  nsec: 851289084
}
iterations: 2952
real_time_factor: 0.99998650018224755
step_size {
  nsec: 4000000
}

sim_time {
  sec: 11
  nsec: 908000000
}
real_time {
  sec: 13
  nsec: 951291308
}
iterations: 2977
real_time_factor: 1.0005237741957915
step_size {
  nsec: 4000000
}

sim_time {
  sec: 12
  nsec: 12000000
}
real_time {
  sec: 14
  nsec: 55290465
}
iterations: 3003
real_time_factor: 1.0001140129974817
step_size {
  nsec: 4000000
}

sim_time {
  sec: 12
  nsec: 116000000
}
real_time {
  sec: 14
  nsec: 159288252
}
iterations: 3029
real_time_factor: 0.99988026433834554
step_size {
  nsec: 4000000
}

sim_time {
  sec: 12
  nsec: 216000000
}
real_time {
  sec: 14
  nsec: 259289513
}
iterations: 3054
real_time_factor: 1.0002595673577293
step_size {
  nsec: 4000000
}

sim_time {
  sec: 12
  nsec: 316000000
}
real_time {
  sec: 14
  nsec: 359292949
}
iterations: 3079
real_time_factor: 0.99991275761189835
step_size {
  nsec: 4000000
}

sim_time {
  sec: 12
  nsec: 420000000
}
real_time {
  sec: 14
  nsec: 463293105
}
iterations: 3105
real_time_factor: 0.99860644470641224
step_size {
  nsec: 4000000
}

sim_time {
  sec: 12
  nsec: 524000000
}
real_time {
  sec: 14
  nsec: 567289250
}
iterations: 3131
real_time_factor: 0.99963938009363118
step_size {
  nsec: 4000000
}

sim_time {
  sec: 12
  nsec: 624000000
}
real_time {
  sec: 14
  nsec: 667291313
}
iterations: 3156
real_time_factor: 0.99944505813147255
step_size {
  nsec: 4000000
}

sim_time {
  sec: 12
  nsec: 728000000
}
real_time {
  sec: 14
  nsec: 771288429
}
iterations: 3182
real_time_factor: 1.000417424170235
step_size {
  nsec: 4000000
}

sim_time {
  sec: 12
  nsec: 832000000
}
real_time {
  sec: 14
  nsec: 875287954
}
iterations: 3208
real_time_factor: 1.0001347681600095
step_size {
  nsec: 4000000
}

sim_time {
  sec: 12
  nsec: 932000000
}
real_time {
  sec: 14
  nsec: 975289888
}
iterations: 3233
real_time_factor: 1.0002343048859195
step_size {
  nsec: 4000000
}

sim_time {
  sec: 13
  nsec: 36000000
}
real_time {
  sec: 15
  nsec: 79287371
}
iterations: 3259
real_time_factor: 0.99994475305239383
step_size {
  nsec: 4000000
}

sim_time {
  sec: 13
  nsec: 140000000
}
real_time {
  sec: 15
  nsec: 183287182
}
iterations: 3285
real_time_factor: 0.99998650018224755
step_size {
  nsec: 4000000
}

sim_time {
  sec: 13
  nsec: 240000000
}
real_time {
  sec: 15
  nsec: 283289819
}
iterations: 3310
real_time_factor: 1.0005075074331455
step_size {
  nsec: 4000000
}

sim_time {
  sec: 13
  nsec: 344000000
}
real_time {
  sec: 15
  nsec: 387288233
}
iterations: 3336
real_time_factor: 0.99987751500441191
step_size {
  nsec: 4000000
}

sim_time {
  sec: 13
  nsec: 448000000
}
real_time {
  sec: 15
  nsec: 491290911
}
iterations: 3362
real_time_factor: 0.9992949973793489
step_size {
  nsec: 4000000
}

sim_time {
  sec: 13
  nsec: 552000000
}
real_time {
  sec: 15
  nsec: 595287608
}
iterations: 3388
real_time_factor: 0.9999610015209407
step_size {
  nsec: 4000000
}

sim_time {
  sec: 13
  nsec: 656000000
}
real_time {
  sec: 15
  nsec: 699287991
}
iterations: 3414
real_time_factor: 0.99992375581361925
step_size {
  nsec: 4000000
}

sim_time {
  sec: 13
  nsec: 756000000
}
real_time {
  sec: 15
  nsec: 799287486
}
iterations: 3439
real_time_factor: 1.0003150992562657
step_size {
  nsec: 4000000
}

sim_time {
  sec: 13
  nsec: 860000000
}
real_time {
  sec: 15
  nsec: 903288766
}
iterations: 3465
real_time_factor: 1.0000765058526977
step_size {
  nsec: 4000000
}

sim_time {
  sec: 13
  nsec: 964000000
}
real_time {
  sec: 16
  nsec: 7288203
}
iterations: 3491
real_time_factor: 0.99993350442195594
step_size {
  nsec: 4000000
}

sim_time {
  sec: 14
  nsec: 68000000
}
real_time {
  sec: 16
  nsec: 111292381
}
iterations: 3517
real_time_factor: 0.99885381524700412
step_size {
  nsec: 4000000
}

sim_time {
  sec: 14
  nsec: 168000000
}
real_time {
  sec: 16
  nsec: 211434239
}
iterations: 3542
real_time_factor: 0.96472948985104579
step_size {
  nsec: 4000000
}

sim_time {
  sec: 14
  nsec: 272000000
}
real_time {
  sec: 16
  nsec: 315286778
}
iterations: 3568
real_time_factor: 1.0002918351429029
step_size {
  nsec: 4000000
}

sim_time {
  sec: 14
  nsec: 372000000
}
real_time {
  sec: 16
  nsec: 415287678
}
iterations: 3593
real_time_factor: 1.0002528138987128
step_size {
  nsec: 4000000
}

sim_time {
  sec: 14
  nsec: 472000000
}
real_time {
  sec: 16
  nsec: 515289226
}
iterations: 3618
real_time_factor: 1.0002343048859195
step_size {
  nsec: 4000000
}

sim_time {
  sec: 14
  nsec: 576000000
}
real_time {
  sec: 16
  nsec: 619288003
}
iterations: 3644
real_time_factor: 0.999903259359657
step_size {
  nsec: 4000000
}

sim_time {
  sec: 14
  nsec: 680000000
}
real_time {
  sec: 16
  nsec: 723287715
}
iterations: 3670
real_time_factor: 0.99984552386656267
step_size {
  nsec: 4000000
}

sim_time {
  sec: 14
  nsec: 784000000
}
real_time {
  sec: 16
  nsec: 827287455
}
iterations: 3696
real_time_factor: 1.0000885078329431
step_size {
  nsec: 4000000
}

sim_time {
  sec: 14
  nsec: 884000000
}
real_time {
  sec: 16
  nsec: 927288391
}
iterations: 3721
real_time_factor: 1.0002550650415856
step_size {
  nsec: 4000000
}

sim_time {
  sec: 14
  nsec: 988000000
}
real_time {
  sec: 17
  nsec: 31291019
}
iterations: 3747
real_time_factor: 0.99926029756472767
step_size {
  nsec: 4000000
}

sim_time {
  sec: 15
  nsec: 92000000
}
real_time {
  sec: 17
  nsec: 135287815
}
iterations: 3773
real_time_factor: 1.0001207645823234
step_size {
  nsec: 4000000
}

sim_time {
  sec: 15
  nsec: 192000000
}
real_time {
  sec: 17
  nsec: 235289362
}
iterations: 3798
real_time_factor: 1.000100010001
step_size {
  nsec: 4000000
}

sim_time {
  sec: 15
  nsec: 292000000
}
real_time {
  sec: 17
  nsec: 335290401
}
iterations: 3823
real_time_factor: 1.0002503126407383
step_size {
  nsec: 4000000
}

sim_time {
  sec: 15
  nsec: 392000000
}
real_time {
  sec: 17
  nsec: 435291715
}
iterations: 3848
real_time_factor: 0.99997275074254222
step_size {
  nsec: 4000000
}

sim_time {
  sec: 15
  nsec: 496000000
}
real_time {
  sec: 17
  nsec: 539288637
}
iterations: 3874
real_time_factor: 1.0001322674923758
step_size {
  nsec: 4000000
}

sim_time {
  sec: 15
  nsec: 600000000
}
real_time {
  sec: 17
  nsec: 643287345
}
iterations: 3900
real_time_factor: 1.000014500210253
step_size {
  nsec: 4000000
}

sim_time {
  sec: 15
  nsec: 704000000
}
real_time {
  sec: 17
  nsec: 747287062
}
iterations: 3926
real_time_factor: 1.0000032500105625
step_size {
  nsec: 4000000
}

sim_time {
  sec: 15
  nsec: 804000000
}
real_time {
  sec: 17
  nsec: 847287829
}
iterations: 3951
real_time_factor: 1.000014500210253
step_size {
  nsec: 4000000
}

sim_time {
  sec: 15
  nsec: 904000000
}
real_time {
  sec: 17
  nsec: 947291077
}
iterations: 3976
real_time_factor: 0.999056890295561
step_size {
  nsec: 4000000
}

sim_time {
  sec: 16
  nsec: 4000000
}
real_time {
  sec: 18
  nsec: 47293269
}
iterations: 4001
real_time_factor: 0.99910779673751338
step_size {
  nsec: 4000000
}

sim_time {
  sec: 16
  nsec: 108000000
}
real_time {
  sec: 18
  nsec: 151291062
}
iterations: 4027
real_time_factor: 1.0003451190660777
step_size {
  nsec: 4000000
}

sim_time {
  sec: 16
  nsec: 212000000
}
real_time {
  sec: 18
  nsec: 255288613
}
iterations: 4053
real_time_factor: 0.99978054816967676
step_size {
  nsec: 4000000
}

sim_time {
  sec: 16
  nsec: 312000000
}
real_time {
  sec: 18
  nsec: 355291323
}
iterations: 4078
real_time_factor: 0.999903259359657
step_size {
  nsec: 4000000
}

sim_time {
  sec: 16
  nsec: 416000000
}
real_time {
  sec: 18
  nsec: 459287974
}
iterations: 4104
real_time_factor: 1.0008299382262742
step_size {
  nsec: 4000000
}

sim_time {
  sec: 16
  nsec: 516000000
}
real_time {
  sec: 18
  nsec: 559289246
}
iterations: 4129
real_time_factor: 1.0001025105073269
step_size {
  nsec: 4000000
}

sim_time {
  sec: 16
  nsec: 620000000
}
real_time {
  sec: 18
  nsec: 663287785
}
iterations: 4155
real_time_factor: 1.00006300396925
step_size {
  nsec: 4000000
}

sim_time {
  sec: 16
  nsec: 720000000
}
real_time {
  sec: 18
  nsec: 763287798
}
iterations: 4180
real_time_factor: 1.0004659670241416
step_size {
  nsec: 4000000
}

sim_time {
  sec: 16
  nsec: 820000000
}
real_time {
  sec: 18
  nsec: 863292199
}
iterations: 4205
real_time_factor: 1.0000980096049412
step_size {
  nsec: 4000000
}

sim_time {
  sec: 16
  nsec: 924000000
}
real_time {
  sec: 18
  nsec: 967287887
}
iterations: 4231
real_time_factor: 0.99974606449961712
step_size {
  nsec: 4000000
}

sim_time {
  sec: 17
  nsec: 24000000
}
real_time {
  sec: 19
  nsec: 67291770
}
iterations: 4256
real_time_factor: 1.0001532734891623
step_size {
  nsec: 4000000
}

sim_time {
  sec: 17
  nsec: 128000000
}
real_time {
  sec: 19
  nsec: 171287179
}
iterations: 4282
real_time_factor: 1.0002853313907791
step_size {
  nsec: 4000000
}

sim_time {
  sec: 17
  nsec: 228000000
}
real_time {
  sec: 19
  nsec: 271287572
}
iterations: 4307
real_time_factor: 0.99991950647972838
step_size {
  nsec: 4000000
}

sim_time {
  sec: 17
  nsec: 332000000
}
real_time {
  sec: 19
  nsec: 375287767
}
iterations: 4333
real_time_factor: 0.99983427746850961
step_size {
  nsec: 4000000
}

sim_time {
  sec: 17
  nsec: 436000000
}
real_time {
  sec: 19
  nsec: 479287230
}
iterations: 4359
real_time_factor: 1.00006300396925
step_size {
  nsec: 4000000
}

sim_time {
  sec: 17
  nsec: 536000000
}
real_time {
  sec: 19
  nsec: 579292295
}
iterations: 4384
real_time_factor: 0.99886079925844573
step_size {
  nsec: 4000000
}

sim_time {
  sec: 17
  nsec: 640000000
}
real_time {
  sec: 19
  nsec: 683290460
}
iterations: 4410
real_time_factor: 0.99938288107093864
step_size {
  nsec: 4000000
}

sim_time {
  sec: 17
  nsec: 744000000
}
real_time {
  sec: 19
  nsec: 787287450
}
iterations: 4436
real_time_factor: 0.999970000899973
step_size {
  nsec: 4000000
}

sim_time {
  sec: 17
  nsec: 848000000
}
real_time {
  sec: 19
  nsec: 891288049
}
iterations: 4462
real_time_factor: 0.99995425209296673
step_size {
  nsec: 4000000
}

sim_time {
  sec: 17
  nsec: 948000000
}
real_time {
  sec: 19
  nsec: 991287855
}
iterations: 4487
real_time_factor: 1.0002620686619894
step_size {
  nsec: 4000000
}

sim_time {
  sec: 18
  nsec: 52000000
}
real_time {
  sec: 20
  nsec: 95287539
}
iterations: 4513
real_time_factor: 1.0001070114502251
step_size {
  nsec: 4000000
}

sim_time {
  sec: 18
  nsec: 152000000
}
real_time {
  sec: 20
  nsec: 195287715
}
iterations: 4538
real_time_factor: 1.0000792562810603
step_size {
  nsec: 4000000
}

sim_time {
  sec: 18
  nsec: 256000000
}
real_time {
  sec: 20
  nsec: 299287403
}
iterations: 4564
real_time_factor: 0.99999125007656187
step_size {
  nsec: 4000000
}

sim_time {
  sec: 18
  nsec: 356000000
}
real_time {
  sec: 20
  nsec: 399287357
}
iterations: 4589
real_time_factor: 1.0005958548315521
step_size {
  nsec: 4000000
}

sim_time {
  sec: 18
  nsec: 456000000
}
real_time {
  sec: 20
  nsec: 499288382
}
iterations: 4614
real_time_factor: 1.0000122501500643
step_size {
  nsec: 4000000
}

sim_time {
  sec: 18
  nsec: 560000000
}
real_time {
  sec: 20
  nsec: 603287609
}
iterations: 4640
real_time_factor: 1.0002250506363932
step_size {
  nsec: 4000000
}

sim_time {
  sec: 18
  nsec: 660000000
}
real_time {
  sec: 20
  nsec: 703289699
}
iterations: 4665
real_time_factor: 0.99973881823373645
step_size {
  nsec: 4000000
}

sim_time {
  sec: 18
  nsec: 760000000
}
real_time {
  sec: 20
  nsec: 803297706
}
iterations: 4690
real_time_factor: 0.99891817162013541
step_size {
  nsec: 4000000
}

sim_time {
  sec: 18
  nsec: 864000000
}
real_time {
  sec: 20
  nsec: 907289885
}
iterations: 4716
real_time_factor: 0.99988951220890088
step_size {
  nsec: 4000000
}

sim_time {
  sec: 18
  nsec: 964000000
}
real_time {
  sec: 21
  nsec: 7289920
}
iterations: 4741
real_time_factor: 0.99946378767791078
step_size {
  nsec: 4000000
}

sim_time {
  sec: 19
  nsec: 64000000
}
real_time {
  sec: 21
  nsec: 107290269
}
iterations: 4766
real_time_factor: 0.9999472527824157
step_size {
  nsec: 4000000
}

sim_time {
  sec: 19
  nsec: 168000000
}
real_time {
  sec: 21
  nsec: 211288495
}
iterations: 4792
real_time_factor: 1.0000885078329431
step_size {
  nsec: 4000000
}

sim_time {
  sec: 19
  nsec: 268000000
}
real_time {
  sec: 21
  nsec: 311289354
}
iterations: 4817
real_time_factor: 0.99992875507620083
step_size {
  nsec: 4000000
}

sim_time {
  sec: 19
  nsec: 372000000
}
real_time {
  sec: 21
  nsec: 415290357
}
iterations: 4843
real_time_factor: 0.99991025805433964
step_size {
  nsec: 4000000
}

sim_time {
  sec: 19
  nsec: 476000000
}
real_time {
  sec: 21
  nsec: 519288155
}
iterations: 4869
real_time_factor: 1.0001137629405346
step_size {
  nsec: 4000000
}

sim_time {
  sec: 19
  nsec: 580000000
}
real_time {
  sec: 21
  nsec: 623286756
}
iterations: 4895
real_time_factor: 1.0002160466660799
step_size {
  nsec: 4000000
}

sim_time {
  sec: 19
  nsec: 680000000
}
real_time {
  sec: 21
  nsec: 723287547
}
iterations: 4920
real_time_factor: 1.0014102359647974
step_size {
  nsec: 4000000
}

sim_time {
  sec: 19
  nsec: 780000000
}
real_time {
  sec: 21
  nsec: 823292014
}
iterations: 4945
real_time_factor: 1.0005237741957915
step_size {
  nsec: 4000000
}

sim_time {
  sec: 19
  nsec: 884000000
}
real_time {
  sec: 21
  nsec: 927287264
}
iterations: 4971
real_time_factor: 0.99993575412779734
step_size {
  nsec: 4000000
}

sim_time {
  sec: 19
  nsec: 984000000
}
real_time {
  sec: 22
  nsec: 27288665
}
iterations: 4996
real_time_factor: 1.000851223965983
step_size {
  nsec: 4000000
}

sim_time {
  sec: 20
  nsec: 88000000
}
real_time {
  sec: 22
  nsec: 131287648
}
iterations: 5022
real_time_factor: 1.0001325175585765
step_size {
  nsec: 4000000
}

sim_time {
  sec: 20
  nsec: 188000000
}
real_time {
  sec: 22
  nsec: 231290003
}
iterations: 5047
real_time_factor: 0.99979229315109786
step_size {
  nsec: 4000000
}

sim_time {
  sec: 20
  nsec: 292000000
}
real_time {
  sec: 22
  nsec: 335288587
}
iterations: 5073
real_time_factor: 1.0000817566836089
step_size {
  nsec: 4000000
}

sim_time {
  sec: 20
  nsec: 392000000
}
real_time {
  sec: 22
  nsec: 435290811
}
iterations: 5098
real_time_factor: 0.99951723317637586
step_size {
  nsec: 4000000
}

sim_time {
  sec: 20
  nsec: 496000000
}
real_time {
  sec: 22
  nsec: 539287865
}
iterations: 5124
real_time_factor: 1.0001210146427717
step_size {
  nsec: 4000000
}

sim_time {
  sec: 20
  nsec: 596000000
}
real_time {
  sec: 22
  nsec: 639290364
}
iterations: 5149
real_time_factor: 0.9996908456059963
step_size {
  nsec: 4000000
}

sim_time {
  sec: 20
  nsec: 700000000
}
real_time {
  sec: 22
  nsec: 743291084
}
iterations: 5175
real_time_factor: 0.99997075085553744
step_size {
  nsec: 4000000
}

sim_time {
  sec: 20
  nsec: 804000000
}
real_time {
  sec: 22
  nsec: 847291934
}
iterations: 5201
real_time_factor: 0.99954470738578582
step_size {
  nsec: 4000000
}

sim_time {
  sec: 20
  nsec: 908000000
}
real_time {
  sec: 22
  nsec: 951293413
}
iterations: 5227
real_time_factor: 0.99912626408206029
step_size {
  nsec: 4000000
}

sim_time {
  sec: 21
  nsec: 12000000
}
real_time {
  sec: 23
  nsec: 55292308
}
iterations: 5253
real_time_factor: 1.0003851482820887
step_size {
  nsec: 4000000
}

sim_time {
  sec: 21
  nsec: 116000000
}
real_time {
  sec: 23
  nsec: 159288704
}
iterations: 5279
real_time_factor: 0.9997183293607026
step_size {
  nsec: 4000000
}

sim_time {
  sec: 21
  nsec: 216000000
}
real_time {
  sec: 23
  nsec: 259292797
}
iterations: 5304
real_time_factor: 1.0008206729518205
step_size {
  nsec: 4000000
}

sim_time {
  sec: 21
  nsec: 320000000
}
real_time {
  sec: 23
  nsec: 363288053
}
iterations: 5330
real_time_factor: 1.0005265270848784
step_size {
  nsec: 4000000
}

sim_time {
  sec: 21
  nsec: 420000000
}
real_time {
  sec: 23
  nsec: 463291772
}
iterations: 5355
real_time_factor: 0.99998225031505694
step_size {
  nsec: 4000000
}

sim_time {
  sec: 21
  nsec: 524000000
}
real_time {
  sec: 23
  nsec: 567288971
}
iterations: 5381
real_time_factor: 0.99960965243072575
step_size {
  nsec: 4000000
}

sim_time {
  sec: 21
  nsec: 628000000
}
real_time {
  sec: 23
  nsec: 671287262
}
iterations: 5407
real_time_factor: 1.000139519462965
step_size {
  nsec: 4000000
}

sim_time {
  sec: 21
  nsec: 728000000
}
real_time {
  sec: 23
  nsec: 771288063
}
iterations: 5432
real_time_factor: 0.99988051427854374
step_size {
  nsec: 4000000
}

sim_time {
  sec: 21
  nsec: 828000000
}
real_time {
  sec: 23
  nsec: 871290394
}
iterations: 5457
real_time_factor: 1.0003108465955797
step_size {
  nsec: 4000000
}

sim_time {
  sec: 21
  nsec: 928000000
}
real_time {
  sec: 23
  nsec: 971293086
}
iterations: 5482
real_time_factor: 0.999725325466828
step_size {
  nsec: 4000000
}

sim_time {
  sec: 22
  nsec: 28000000
}
real_time {
  sec: 24
  nsec: 71294749
}
iterations: 5507
real_time_factor: 0.99835296719237443
step_size {
  nsec: 4000000
}

sim_time {
  sec: 22
  nsec: 132000000
}
real_time {
  sec: 24
  nsec: 175290911
}
iterations: 5533
real_time_factor: 1.0002598174875923
step_size {
  nsec: 4000000
}

sim_time {
  sec: 22
  nsec: 236000000
}
real_time {
  sec: 24
  nsec: 279289932
}
iterations: 5559
real_time_factor: 0.999762056630522
step_size {
  nsec: 4000000
}

sim_time {
  sec: 22
  nsec: 340000000
}
real_time {
  sec: 24
  nsec: 383288861
}
iterations: 5585
real_time_factor: 0.99998450024024632
step_size {
  nsec: 4000000
}

sim_time {
  sec: 22
  nsec: 440000000
}
real_time {
  sec: 24
  nsec: 483295401
}
iterations: 5610
real_time_factor: 0.99985027242170488
step_size {
  nsec: 4000000
}

sim_time {
  sec: 22
  nsec: 544000000
}
real_time {
  sec: 24
  nsec: 587291680
}
iterations: 5636
real_time_factor: 1.0002643198465195
step_size {
  nsec: 4000000
}

sim_time {
  sec: 22
  nsec: 648000000
}
real_time {
  sec: 24
  nsec: 691289716
}
iterations: 5662
real_time_factor: 0.99969984012300306
step_size {
  nsec: 4000000
}

sim_time {
  sec: 22
  nsec: 752000000
}
real_time {
  sec: 24
  nsec: 795287161
}
iterations: 5688
real_time_factor: 1.000014500210253
step_size {
  nsec: 4000000
}

sim_time {
  sec: 22
  nsec: 852000000
}
real_time {
  sec: 24
  nsec: 895293229
}
iterations: 5713
real_time_factor: 0.99977155220032221
step_size {
  nsec: 4000000
}

sim_time {
  sec: 22
  nsec: 956000000
}
real_time {
  sec: 24
  nsec: 999287933
}
iterations: 5739
real_time_factor: 1.0006586835784654
step_size {
  nsec: 4000000
}

sim_time {
  sec: 23
  nsec: 60000000
}
real_time {
  sec: 25
  nsec: 103288988
}
iterations: 5765
real_time_factor: 0.999672107548724
step_size {
  nsec: 4000000
}

sim_time {
  sec: 23
  nsec: 160000000
}
real_time {
  sec: 25
  nsec: 203291056
}
iterations: 5790
real_time_factor: 0.99926029756472767
step_size {
  nsec: 4000000
}

sim_time {
  sec: 23
  nsec: 264000000
}
real_time {
  sec: 25
  nsec: 307287519
}
iterations: 5816
real_time_factor: 1.0000285008122731
step_size {
  nsec: 4000000
}

sim_time {
  sec: 23
  nsec: 364000000
}
real_time {
  sec: 25
  nsec: 407290012
}
iterations: 5841
real_time_factor: 0.99963288482304868
step_size {
  nsec: 4000000
}

sim_time {
  sec: 23
  nsec: 464000000
}
real_time {
  sec: 25
  nsec: 507294246
}
iterations: 5866
real_time_factor: 0.99862065521997745
step_size {
  nsec: 4000000
}

sim_time {
  sec: 23
  nsec: 568000000
}
real_time {
  sec: 25
  nsec: 611287116
}
iterations: 5892
real_time_factor: 1.0000795063207526
step_size {
  nsec: 4000000
}

sim_time {
  sec: 23
  nsec: 668000000
}
real_time {
  sec: 25
  nsec: 711290365
}
iterations: 5917
real_time_factor: 0.99948251792634368
step_size {
  nsec: 4000000
}

sim_time {
  sec: 23
  nsec: 768000000
}
real_time {
  sec: 25
  nsec: 811290208
}
iterations: 5942
real_time_factor: 0.9998525217530414
step_size {
  nsec: 4000000
}

sim_time {
  sec: 23
  nsec: 872000000
}
real_time {
  sec: 25
  nsec: 915288455
}
iterations: 5968
real_time_factor: 0.99990575888222533
step_size {
  nsec: 4000000
}

sim_time {
  sec: 23
  nsec: 972000000
}
real_time {
  sec: 26
  nsec: 15295259
}
iterations: 5993
real_time_factor: 0.99832306682849481
step_size {
  nsec: 4000000
}

sim_time {
  sec: 24
  nsec: 76000000
}
real_time {
  sec: 26
  nsec: 119289608
}
iterations: 6019
real_time_factor: 0.99978329697038171
step_size {
  nsec: 4000000
}

sim_time {
  sec: 24
  nsec: 176000000
}
real_time {
  sec: 26
  nsec: 219288488
}
iterations: 6044
real_time_factor: 1.0000840070565928
step_size {
  nsec: 4000000
}

sim_time {
  sec: 24
  nsec: 280000000
}
real_time {
  sec: 26
  nsec: 323288254
}
iterations: 6070
real_time_factor: 0.99975081211008154
step_size {
  nsec: 4000000
}

sim_time {
  sec: 24
  nsec: 384000000
}
real_time {
  sec: 26
  nsec: 427287554
}
iterations: 6096
real_time_factor: 0.99995925166049482
step_size {
  nsec: 4000000
}

sim_time {
  sec: 24
  nsec: 488000000
}
real_time {
  sec: 26
  nsec: 531287104
}
iterations: 6122
real_time_factor: 1.000014500210253
step_size {
  nsec: 4000000
}

sim_time {
  sec: 24
  nsec: 588000000
}
real_time {
  sec: 26
  nsec: 631288581
}
iterations: 6147
real_time_factor: 1.0000680046243144
step_size {
  nsec: 4000000
}

sim_time {
  sec: 24
  nsec: 688000000
}
real_time {
  sec: 26
  nsec: 731289523
}
iterations: 6172
real_time_factor: 1.0000492524256819
step_size {
  nsec: 4000000
}

sim_time {
  sec: 24
  nsec: 792000000
}
real_time {
  sec: 26
  nsec: 835287303
}
iterations: 6198
real_time_factor: 0.99999150007224935
step_size {
  nsec: 4000000
}

sim_time {
  sec: 24
  nsec: 892000000
}
real_time {
  sec: 26
  nsec: 935289402
}
iterations: 6223
real_time_factor: 0.9997345704715398
step_size {
  nsec: 4000000
}

sim_time {
  sec: 24
  nsec: 992000000
}
real_time {
  sec: 27
  nsec: 35290287
}
iterations: 6248
real_time_factor: 0.999221107146979
step_size {
  nsec: 4000000
}

sim_time {
  sec: 25
  nsec: 96000000
}
real_time {
  sec: 27
  nsec: 139290095
}
iterations: 6274
real_time_factor: 0.99948726303406354
step_size {
  nsec: 4000000
}

sim_time {
  sec: 25
  nsec: 196000000
}
real_time {
  sec: 27
  nsec: 239289685
}
iterations: 6299
real_time_factor: 1.0000260006760175
step_size {
  nsec: 4000000
}

sim_time {
  sec: 25
  nsec: 296000000
}
real_time {
  sec: 27
  nsec: 339290107
}
iterations: 6324
real_time_factor: 1.0010110211313425
step_size {
  nsec: 4000000
}

sim_time {
  sec: 25
  nsec: 400000000
}
real_time {
  sec: 27
  nsec: 443287626
}
iterations: 6350
real_time_factor: 1.00007475558798
step_size {
  nsec: 4000000
}

sim_time {
  sec: 25
  nsec: 500000000
}
real_time {
  sec: 27
  nsec: 543288509
}
iterations: 6375
real_time_factor: 0.99963038666453075
step_size {
  nsec: 4000000
}

sim_time {
  sec: 25
  nsec: 600000000
}
real_time {
  sec: 27
  nsec: 643289030
}
iterations: 6400
real_time_factor: 1.0001975390139553
step_size {
  nsec: 4000000
}

sim_time {
  sec: 25
  nsec: 700000000
}
real_time {
  sec: 27
  nsec: 743290337
}
iterations: 6425
real_time_factor: 0.9999895001102489
step_size {
  nsec: 4000000
}

sim_time {
  sec: 25
  nsec: 800000000
}
real_time {
  sec: 27
  nsec: 843291201
}
iterations: 6450
real_time_factor: 0.99945729468898392
step_size {
  nsec: 4000000
}

sim_time {
  sec: 25
  nsec: 904000000
}
real_time {
  sec: 27
  nsec: 947287775
}
iterations: 6476
real_time_factor: 1.0010691418434889
step_size {
  nsec: 4000000
}

sim_time {
  sec: 26
  nsec: 4000000
}
real_time {
  sec: 28
  nsec: 47289176
}
iterations: 6501
real_time_factor: 0.9998987602505246
step_size {
  nsec: 4000000
}

sim_time {
  sec: 26
  nsec: 104000000
}
real_time {
  sec: 28
  nsec: 147292105
}
iterations: 6526
real_time_factor: 0.99890470099535855
step_size {
  nsec: 4000000
}

sim_time {
  sec: 26
  nsec: 208000000
}
real_time {
  sec: 28
  nsec: 251287262
}
iterations: 6552
real_time_factor: 1.0000260006760175
step_size {
  nsec: 4000000
}

sim_time {
  sec: 26
  nsec: 308000000
}
real_time {
  sec: 28
  nsec: 351287884
}
iterations: 6577
real_time_factor: 1.0000285008122731
step_size {
  nsec: 4000000
}

sim_time {
  sec: 26
  nsec: 412000000
}
real_time {
  sec: 28
  nsec: 455289844
}
iterations: 6603
real_time_factor: 0.99969309422007446
step_size {
  nsec: 4000000
}

sim_time {
  sec: 26
  nsec: 516000000
}
real_time {
  sec: 28
  nsec: 559288017
}
iterations: 6629
real_time_factor: 1.0001280163860975
step_size {
  nsec: 4000000
}

sim_time {
  sec: 26
  nsec: 616000000
}
real_time {
  sec: 28
  nsec: 659289284
}
iterations: 6654
real_time_factor: 1.0000332511055992
step_size {
  nsec: 4000000
}

sim_time {
  sec: 26
  nsec: 720000000
}
real_time {
  sec: 28
  nsec: 763287725
}
iterations: 6680
real_time_factor: 1.0000517526782011
step_size {
  nsec: 4000000
}

sim_time {
  sec: 26
  nsec: 824000000
}
real_time {
  sec: 28
  nsec: 867287990
}
iterations: 6706
real_time_factor: 0.99982478070718106
step_size {
  nsec: 4000000
}

sim_time {
  sec: 26
  nsec: 924000000
}
real_time {
  sec: 28
  nsec: 967287850
}
iterations: 6731
real_time_factor: 1.0003203525929178
step_size {
  nsec: 4000000
}

sim_time {
  sec: 27
  nsec: 24000000
}
real_time {
  sec: 29
  nsec: 67290748
}
iterations: 6756
real_time_factor: 0.99982028230425579
step_size {
  nsec: 4000000
}

sim_time {
  sec: 27
  nsec: 128000000
}
real_time {
  sec: 29
  nsec: 171290550
}
iterations: 6782
real_time_factor: 0.99920513231724162
step_size {
  nsec: 4000000
}

sim_time {
  sec: 27
  nsec: 232000000
}
real_time {
  sec: 29
  nsec: 275288481
}
iterations: 6808
real_time_factor: 0.9999430032488148
step_size {
  nsec: 4000000
}

sim_time {
  sec: 27
  nsec: 332000000
}
real_time {
  sec: 29
  nsec: 375289767
}
iterations: 6833
real_time_factor: 1.0000125001562519
step_size {
  nsec: 4000000
}

sim_time {
  sec: 27
  nsec: 436000000
}
real_time {
  sec: 29
  nsec: 479291900
}
iterations: 6859
real_time_factor: 0.9991612041691
step_size {
  nsec: 4000000
}

sim_time {
  sec: 27
  nsec: 540000000
}
real_time {
  sec: 29
  nsec: 583289920
}
iterations: 6885
real_time_factor: 1.0003298587709297
step_size {
  nsec: 4000000
}

sim_time {
  sec: 27
  nsec: 644000000
}
real_time {
  sec: 29
  nsec: 687287802
}
iterations: 6911
real_time_factor: 1.0000542529432221
step_size {
  nsec: 4000000
}

sim_time {
  sec: 27
  nsec: 748000000
}
real_time {
  sec: 29
  nsec: 791288480
}
iterations: 6937
real_time_factor: 0.99999625001406245
step_size {
  nsec: 4000000
}

sim_time {
  sec: 27
  nsec: 852000000
}
real_time {
  sec: 29
  nsec: 895287371
}
iterations: 6963
real_time_factor: 0.99990375926317088
step_size {
  nsec: 4000000
}

sim_time {
  sec: 27
  nsec: 952000000
}
real_time {
  sec: 29
  nsec: 995288043
}
iterations: 6988
real_time_factor: 1.0001607758447171
step_size {
  nsec: 4000000
}

sim_time {
  sec: 28
  nsec: 56000000
}
real_time {
  sec: 30
  nsec: 99294203
}
iterations: 7014
real_time_factor: 0.99850299438566725
step_size {
  nsec: 4000000
}

sim_time {
  sec: 28
  nsec: 160000000
}
real_time {
  sec: 30
  nsec: 203289510
}
iterations: 7040
real_time_factor: 1.0000195003802574
step_size {
  nsec: 4000000
}

sim_time {
  sec: 28
  nsec: 264000000
}
real_time {
  sec: 30
  nsec: 307291994
}
iterations: 7066
real_time_factor: 0.99920288589777506
step_size {
  nsec: 4000000
}

sim_time {
  sec: 28
  nsec: 368000000
}
real_time {
  sec: 30
  nsec: 411287718
}
iterations: 7092
real_time_factor: 1.0008279349091536
step_size {
  nsec: 4000000
}

sim_time {
  sec: 28
  nsec: 472000000
}
real_time {
  sec: 30
  nsec: 515288327
}
iterations: 7118
real_time_factor: 0.99991775676450612
step_size {
  nsec: 4000000
}

sim_time {
  sec: 28
  nsec: 572000000
}
real_time {
  sec: 30
  nsec: 615292267
}
iterations: 7143
real_time_factor: 0.9995332179872
step_size {
  nsec: 4000000
}

sim_time {
  sec: 28
  nsec: 676000000
}
real_time {
  sec: 30
  nsec: 719289760
}
iterations: 7169
real_time_factor: 0.99941059760006534
step_size {
  nsec: 4000000
}

sim_time {
  sec: 28
  nsec: 776000000
}
real_time {
  sec: 30
  nsec: 819822961
}
iterations: 7194
real_time_factor: 0.88226795801286784
step_size {
  nsec: 4000000
}

sim_time {
  sec: 28
  nsec: 880000000
}
real_time {
  sec: 30
  nsec: 923288307
}
iterations: 7220
real_time_factor: 1.0002995897271232
step_size {
  nsec: 4000000
}

sim_time {
  sec: 28
  nsec: 984000000
}
real_time {
  sec: 31
  nsec: 27288732
}
iterations: 7246
real_time_factor: 1.000007750060063
step_size {
  nsec: 4000000
}

sim_time {
  sec: 29
  nsec: 88000000
}
real_time {
  sec: 31
  nsec: 131287703
}
iterations: 7272
real_time_factor: 0.999961501482193
step_size {
  nsec: 4000000
}

sim_time {
  sec: 29
  nsec: 188000000
}
real_time {
  sec: 31
  nsec: 231291908
}
iterations: 7297
real_time_factor: 1.0000797563605697
step_size {
  nsec: 4000000
}

sim_time {
  sec: 29
  nsec: 292000000
}
real_time {
  sec: 31
  nsec: 335289325
}
iterations: 7323
real_time_factor: 0.99951948100950472
step_size {
  nsec: 4000000
}

sim_time {
  sec: 29
  nsec: 396000000
}
real_time {
  sec: 31
  nsec: 439287636
}
iterations: 7349
real_time_factor: 1.000047252232668
step_size {
  nsec: 4000000
}

sim_time {
  sec: 29
  nsec: 496000000
}
real_time {
  sec: 31
  nsec: 539288450
}
iterations: 7374
real_time_factor: 0.99994750275610533
step_size {
  nsec: 4000000
}

sim_time {
  sec: 29
  nsec: 600000000
}
real_time {
  sec: 31
  nsec: 643289131
}
iterations: 7400
real_time_factor: 0.9997418166758435
step_size {
  nsec: 4000000
}

sim_time {
  sec: 29
  nsec: 704000000
}
real_time {
  sec: 31
  nsec: 747287978
}
iterations: 7426
real_time_factor: 0.99998500022499659
step_size {
  nsec: 4000000
}

sim_time {
  sec: 29
  nsec: 804000000
}
real_time {
  sec: 31
  nsec: 847290236
}
iterations: 7451
real_time_factor: 1.0005152653616614
step_size {
  nsec: 4000000
}

sim_time {
  sec: 29
  nsec: 908000000
}
real_time {
  sec: 31
  nsec: 951288037
}
iterations: 7477
real_time_factor: 1.0000982596540111
step_size {
  nsec: 4000000
}

sim_time {
  sec: 30
  nsec: 8000000
}
real_time {
  sec: 32
  nsec: 51289537
}
iterations: 7502
real_time_factor: 0.99998025039005478
step_size {
  nsec: 4000000
}

sim_time {
  sec: 30
  nsec: 112000000
}
real_time {
  sec: 32
  nsec: 155288255
}
iterations: 7528
real_time_factor: 1.0000635040325061
step_size {
  nsec: 4000000
}

sim_time {
  sec: 30
  nsec: 212000000
}
real_time {
  sec: 32
  nsec: 255290699
}
iterations: 7553
real_time_factor: 1.0008301886414781
step_size {
  nsec: 4000000
}

sim_time {
  sec: 30
  nsec: 316000000
}
real_time {
  sec: 32
  nsec: 359291657
}
iterations: 7579
real_time_factor: 0.99910355433587217
step_size {
  nsec: 4000000
}

sim_time {
  sec: 30
  nsec: 416000000
}
real_time {
  sec: 32
  nsec: 459291487
}
iterations: 7604
real_time_factor: 0.998909690073285
step_size {
  nsec: 4000000
}

sim_time {
  sec: 30
  nsec: 520000000
}
real_time {
  sec: 32
  nsec: 563288109
}
iterations: 7630
real_time_factor: 0.99979279294366241
step_size {
  nsec: 4000000
}

sim_time {
  sec: 30
  nsec: 624000000
}
real_time {
  sec: 32
  nsec: 667288231
}
iterations: 7656
real_time_factor: 0.99995925166049482
step_size {
  nsec: 4000000
}

sim_time {
  sec: 30
  nsec: 728000000
}
real_time {
  sec: 32
  nsec: 771287464
}
iterations: 7682
real_time_factor: 1.0001327676249021
step_size {
  nsec: 4000000
}

sim_time {
  sec: 30
  nsec: 832000000
}
real_time {
  sec: 32
  nsec: 875286725
}
iterations: 7708
real_time_factor: 1.0000147502175658
step_size {
  nsec: 4000000
}

sim_time {
  sec: 30
  nsec: 932000000
}
real_time {
  sec: 32
  nsec: 975292388
}
iterations: 7733
real_time_factor: 0.999050402592336
step_size {
  nsec: 4000000
}

sim_time {
  sec: 31
  nsec: 36000000
}
real_time {
  sec: 33
  nsec: 79289018
}
iterations: 7759
real_time_factor: 1.0001630265733314
step_size {
  nsec: 4000000
}

sim_time {
  sec: 31
  nsec: 136000000
}
real_time {
  sec: 33
  nsec: 179290339
}
iterations: 7784
real_time_factor: 0.9992974938618151
step_size {
  nsec: 4000000
}

sim_time {
  sec: 31
  nsec: 240000000
}
real_time {
  sec: 33
  nsec: 283288108
}
iterations: 7810
real_time_factor: 0.99982053221446754
step_size {
  nsec: 4000000
}

sim_time {
  sec: 31
  nsec: 344000000
}
real_time {
  sec: 33
  nsec: 387287341
}
iterations: 7836
real_time_factor: 0.99994800270385942
step_size {
  nsec: 4000000
}

sim_time {
  sec: 31
  nsec: 444000000
}
real_time {
  sec: 33
  nsec: 487289131
}
iterations: 7861
real_time_factor: 0.99984102527698093
step_size {
  nsec: 4000000
}

sim_time {
  sec: 31
  nsec: 544000000
}
real_time {
  sec: 33
  nsec: 587289874
}
iterations: 7886
real_time_factor: 0.99977180208617378
step_size {
  nsec: 4000000
}

sim_time {
  sec: 31
  nsec: 648000000
}
real_time {
  sec: 33
  nsec: 691286594
}
iterations: 7912
real_time_factor: 1.0001792821363229
step_size {
  nsec: 4000000
}

sim_time {
  sec: 31
  nsec: 748000000
}
real_time {
  sec: 33
  nsec: 791291023
}
iterations: 7937
real_time_factor: 0.99959366517510628
step_size {
  nsec: 4000000
}

sim_time {
  sec: 31
  nsec: 852000000
}
real_time {
  sec: 33
  nsec: 895289270
}
iterations: 7963
real_time_factor: 0.99987376593705046
step_size {
  nsec: 4000000
}

sim_time {
  sec: 31
  nsec: 956000000
}
real_time {
  sec: 33
  nsec: 999287140
}
iterations: 7989
real_time_factor: 1.0000565031924304
step_size {
  nsec: 4000000
}

sim_time {
  sec: 32
  nsec: 56000000
}
real_time {
  sec: 34
  nsec: 99287845
}
iterations: 8014
real_time_factor: 1.0009696893865934
step_size {
  nsec: 4000000
}

sim_time {
  sec: 32
  nsec: 160000000
}
real_time {
  sec: 34
  nsec: 203287982
}
iterations: 8040
real_time_factor: 0.99999400003599981
step_size {
  nsec: 4000000
}

sim_time {
  sec: 32
  nsec: 260000000
}
real_time {
  sec: 34
  nsec: 303289420
}
iterations: 8065
real_time_factor: 1.0001305170324728
step_size {
  nsec: 4000000
}

sim_time {
  sec: 32
  nsec: 360000000
}
real_time {
  sec: 34
  nsec: 403291496
}
iterations: 8090
real_time_factor: 1.0002255508617193
step_size {
  nsec: 4000000
}

sim_time {
  sec: 32
  nsec: 464000000
}
real_time {
  sec: 34
  nsec: 507287639
}
iterations: 8116
real_time_factor: 0.99976730415995674
step_size {
  nsec: 4000000
}

sim_time {
  sec: 32
  nsec: 564000000
}
real_time {
  sec: 34
  nsec: 607290962
}
iterations: 8141
real_time_factor: 0.99906687154197982
step_size {
  nsec: 4000000
}

sim_time {
  sec: 32
  nsec: 668000000
}
real_time {
  sec: 34
  nsec: 711288984
}
iterations: 8167
real_time_factor: 1.0002510630168173
step_size {
  nsec: 4000000
}

sim_time {
  sec: 32
  nsec: 768000000
}
real_time {
  sec: 34
  nsec: 811289827
}
iterations: 8192
real_time_factor: 1.0001767812460853
step_size {
  nsec: 4000000
}

sim_time {
  sec: 32
  nsec: 872000000
}
real_time {
  sec: 34
  nsec: 915287682
}
iterations: 8218
real_time_factor: 1.0001792821363229
step_size {
  nsec: 4000000
}

sim_time {
  sec: 32
  nsec: 972000000
}
real_time {
  sec: 35
  nsec: 15289274
}
iterations: 8243
real_time_factor: 1.0009626758535022
step_size {
  nsec: 4000000
}

sim_time {
  sec: 33
  nsec: 72000000
}
real_time {
  sec: 35
  nsec: 115289652
}
iterations: 8268
real_time_factor: 1.000835196971873
step_size {
  nsec: 4000000
}

sim_time {
  sec: 33
  nsec: 172000000
}
real_time {
  sec: 35
  nsec: 215289411
}
iterations: 8293
real_time_factor: 1.0012480557014318
step_size {
  nsec: 4000000
}

sim_time {
  sec: 33
  nsec: 276000000
}
real_time {
  sec: 35
  nsec: 319289841
}
iterations: 8319
real_time_factor: 0.99989001209866912
step_size {
  nsec: 4000000
}

sim_time {
  sec: 33
  nsec: 376000000
}
real_time {
  sec: 35
  nsec: 419290867
}
iterations: 8344
real_time_factor: 1.0000587534517653
step_size {
  nsec: 4000000
}

sim_time {
  sec: 33
  nsec: 480000000
}
real_time {
  sec: 35
  nsec: 523287247
}
iterations: 8370
real_time_factor: 1.0000960092168849
step_size {
  nsec: 4000000
}

sim_time {
  sec: 33
  nsec: 580000000
}
real_time {
  sec: 35
  nsec: 623288067
}
iterations: 8395
real_time_factor: 1.0001447709555957
step_size {
  nsec: 4000000
}

sim_time {
  sec: 33
  nsec: 684000000
}
real_time {
  sec: 35
  nsec: 727293013
}
iterations: 8421
real_time_factor: 0.99844566970368875
step_size {
  nsec: 4000000
}

sim_time {
  sec: 33
  nsec: 788000000
}
real_time {
  sec: 35
  nsec: 831287181
}
iterations: 8447
real_time_factor: 1.0000172502975677
step_size {
  nsec: 4000000
}

sim_time {
  sec: 33
  nsec: 888000000
}
real_time {
  sec: 35
  nsec: 931288848
}
iterations: 8472
real_time_factor: 0.99988751265482634
step_size {
  nsec: 4000000
}

sim_time {
  sec: 33
  nsec: 992000000
}
real_time {
  sec: 36
  nsec: 35287126
}
iterations: 8498
real_time_factor: 1.000112512657674
step_size {
  nsec: 4000000
}

sim_time {
  sec: 34
  nsec: 96000000
}
real_time {
  sec: 36
  nsec: 139286757
}
iterations: 8524
real_time_factor: 1.0000542529432221
step_size {
  nsec: 4000000
}

sim_time {
  sec: 34
  nsec: 196000000
}
real_time {
  sec: 36
  nsec: 239289754
}
iterations: 8549
real_time_factor: 0.99994775272991987
step_size {
  nsec: 4000000
}

sim_time {
  sec: 34
  nsec: 300000000
}
real_time {
  sec: 36
  nsec: 343287153
}
iterations: 8575
real_time_factor: 1.0006611868792306
step_size {
  nsec: 4000000
}

sim_time {
  sec: 34
  nsec: 400000000
}
real_time {
  sec: 36
  nsec: 443287471
}
iterations: 8600
real_time_factor: 1.0001467715387233
step_size {
  nsec: 4000000
}

sim_time {
  sec: 34
  nsec: 500000000
}
real_time {
  sec: 36
  nsec: 543288260
}
iterations: 8625
real_time_factor: 1.0001837837702678
step_size {
  nsec: 4000000
}

sim_time {
  sec: 34
  nsec: 604000000
}
real_time {
  sec: 36
  nsec: 647294433
}
iterations: 8651
real_time_factor: 0.99823810973631544
step_size {
  nsec: 4000000
}

sim_time {
  sec: 34
  nsec: 708000000
}
real_time {
  sec: 36
  nsec: 751292042
}
iterations: 8677
real_time_factor: 0.99934892417589938
step_size {
  nsec: 4000000
}

sim_time {
  sec: 34
  nsec: 808000000
}
real_time {
  sec: 36
  nsec: 851953661
}
iterations: 8702
real_time_factor: 0.85740461052181216
step_size {
  nsec: 4000000
}

sim_time {
  sec: 34
  nsec: 912000000
}
real_time {
  sec: 36
  nsec: 955329403
}
iterations: 8728
real_time_factor: 0.98972345394680683
step_size {
  nsec: 4000000
}

sim_time {
  sec: 35
  nsec: 16000000
}
real_time {
  sec: 37
  nsec: 59288799
}
iterations: 8754
real_time_factor: 0.99997100084097557
step_size {
  nsec: 4000000
}

sim_time {
  sec: 35
  nsec: 116000000
}
real_time {
  sec: 37
  nsec: 159289255
}
iterations: 8779
real_time_factor: 1.0004249304892252
step_size {
  nsec: 4000000
}

sim_time {
  sec: 35
  nsec: 220000000
}
real_time {
  sec: 37
  nsec: 263290308
}
iterations: 8805
real_time_factor: 0.9996493729824264
step_size {
  nsec: 4000000
}

sim_time {
  sec: 35
  nsec: 320000000
}
real_time {
  sec: 37
  nsec: 363290634
}
iterations: 8830
real_time_factor: 1.00013751890885
step_size {
  nsec: 4000000
}

sim_time {
  sec: 35
  nsec: 424000000
}
real_time {
  sec: 37
  nsec: 467291962
}
iterations: 8856
real_time_factor: 0.999508491699207
step_size {
  nsec: 4000000
}

sim_time {
  sec: 35
  nsec: 528000000
}
real_time {
  sec: 37
  nsec: 571287106
}
iterations: 8882
real_time_factor: 1.0001467715387233
step_size {
  nsec: 4000000
}

sim_time {
  sec: 35
  nsec: 628000000
}
real_time {
  sec: 37
  nsec: 671288642
}
iterations: 8907
real_time_factor: 0.99968160140995088
step_size {
  nsec: 4000000
}

sim_time {
  sec: 35
  nsec: 728000000
}
real_time {
  sec: 37
  nsec: 771289779
}
iterations: 8932
real_time_factor: 0.9998507722722384
step_size {
  nsec: 4000000
}

sim_time {
  sec: 35
  nsec: 828000000
}
real_time {
  sec: 37
  nsec: 871292139
}
iterations: 8957
real_time_factor: 0.9998925115550078
step_size {
  nsec: 4000000
}

sim_time {
  sec: 35
  nsec: 932000000
}
real_time {
  sec: 37
  nsec: 975289264
}
iterations: 8983
real_time_factor: 0.99983652672788
step_size {
  nsec: 4000000
}

sim_time {
  sec: 36
  nsec: 36000000
}
real_time {
  sec: 38
  nsec: 79287434
}
iterations: 9009
real_time_factor: 1.000429684549514
step_size {
  nsec: 4000000
}

sim_time {
  sec: 36
  nsec: 136000000
}
real_time {
  sec: 38
  nsec: 179287451
}
iterations: 9034
real_time_factor: 1.0011297749510322
step_size {
  nsec: 4000000
}

sim_time {
  sec: 36
  nsec: 240000000
}
real_time {
  sec: 38
  nsec: 283351215
}
iterations: 9060
real_time_factor: 0.98425511695780521
step_size {
  nsec: 4000000
}

sim_time {
  sec: 36
  nsec: 344000000
}
real_time {
  sec: 38
  nsec: 387290542
}
iterations: 9086
real_time_factor: 0.99983202821925921
step_size {
  nsec: 4000000
}

sim_time {
  sec: 36
  nsec: 448000000
}
real_time {
  sec: 38
  nsec: 491288200
}
iterations: 9112
real_time_factor: 0.99976980300285856
step_size {
  nsec: 4000000
}

sim_time {
  sec: 36
  nsec: 548000000
}
real_time {
  sec: 38
  nsec: 591288529
}
iterations: 9137
real_time_factor: 1.0004226785817008
step_size {
  nsec: 4000000
}

sim_time {
  sec: 36
  nsec: 652000000
}
real_time {
  sec: 38
  nsec: 695288252
}
iterations: 9163
real_time_factor: 1.0000357512781082
step_size {
  nsec: 4000000
}

sim_time {
  sec: 36
  nsec: 756000000
}
real_time {
  sec: 38
  nsec: 799288271
}
iterations: 9189
real_time_factor: 0.99970258847992721
step_size {
  nsec: 4000000
}

sim_time {
  sec: 36
  nsec: 860000000
}
real_time {
  sec: 38
  nsec: 903288438
}
iterations: 9215
real_time_factor: 0.99990400921511535
step_size {
  nsec: 4000000
}

sim_time {
  sec: 36
  nsec: 960000000
}
real_time {
  sec: 39
  nsec: 3289860
}
iterations: 9240
real_time_factor: 0.999927005328611
step_size {
  nsec: 4000000
}

sim_time {
  sec: 37
  nsec: 64000000
}
real_time {
  sec: 39
  nsec: 107287731
}
iterations: 9266
real_time_factor: 0.99980203919623911
step_size {
  nsec: 4000000
}

sim_time {
  sec: 37
  nsec: 164000000
}
real_time {
  sec: 39
  nsec: 207289282
}
iterations: 9291
real_time_factor: 1.000431936488579
step_size {
  nsec: 4000000
}

sim_time {
  sec: 37
  nsec: 264000000
}
real_time {
  sec: 39
  nsec: 307289130
}
iterations: 9316
real_time_factor: 1.000751564424883
step_size {
  nsec: 4000000
}

sim_time {
  sec: 37
  nsec: 368000000
}
real_time {
  sec: 39
  nsec: 411287185
}
iterations: 9342
real_time_factor: 0.99997775049505144
step_size {
  nsec: 4000000
}

sim_time {
  sec: 37
  nsec: 472000000
}
real_time {
  sec: 39
  nsec: 515291960
}
iterations: 9368
real_time_factor: 0.998731860220485
step_size {
  nsec: 4000000
}

sim_time {
  sec: 37
  nsec: 576000000
}
real_time {
  sec: 39
  nsec: 619287096
}
iterations: 9394
real_time_factor: 1.0000287508265862
step_size {
  nsec: 4000000
}

sim_time {
  sec: 37
  nsec: 676000000
}
real_time {
  sec: 39
  nsec: 719292116
}
iterations: 9419
real_time_factor: 1.0000937587898866
step_size {
  nsec: 4000000
}

sim_time {
  sec: 37
  nsec: 780000000
}
real_time {
  sec: 39
  nsec: 823287946
}
iterations: 9445
real_time_factor: 1.000080006400512
step_size {
  nsec: 4000000
}

sim_time {
  sec: 37
  nsec: 880000000
}
real_time {
  sec: 39
  nsec: 923289356
}
iterations: 9470
real_time_factor: 0.99962888777541337
step_size {
  nsec: 4000000
}

sim_time {
  sec: 37
  nsec: 980000000
}
real_time {
  sec: 40
  nsec: 23292923
}
iterations: 9495
real_time_factor: 0.99862115384183292
step_size {
  nsec: 4000000
}

sim_time {
  sec: 38
  nsec: 84000000
}
real_time {
  sec: 40
  nsec: 127293420
}
iterations: 9521
real_time_factor: 0.99933044859943843
step_size {
  nsec: 4000000
}

sim_time {
  sec: 38
  nsec: 188000000
}
real_time {
  sec: 40
  nsec: 231287548
}
iterations: 9547
real_time_factor: 1.0003366132703655
step_size {
  nsec: 4000000
}

sim_time {
  sec: 38
  nsec: 288000000
}
real_time {
  sec: 40
  nsec: 331293262
}
iterations: 9572
real_time_factor: 0.999672607221135
step_size {
  nsec: 4000000
}

sim_time {
  sec: 38
  nsec: 392000000
}
real_time {
  sec: 40
  nsec: 435290073
}
iterations: 9598
real_time_factor: 0.99950149862755955
step_size {
  nsec: 4000000
}

sim_time {
  sec: 38
  nsec: 496000000
}
real_time {
  sec: 40
  nsec: 539288196
}
iterations: 9624
real_time_factor: 1.0004274326205871
step_size {
  nsec: 4000000
}

sim_time {
  sec: 38
  nsec: 596000000
}
real_time {
  sec: 40
  nsec: 639290927
}
iterations: 9649
real_time_factor: 0.99915246891824
step_size {
  nsec: 4000000
}

sim_time {
  sec: 38
  nsec: 700000000
}
real_time {
  sec: 40
  nsec: 743287421
}
iterations: 9675
real_time_factor: 1.0000172502975677
step_size {
  nsec: 4000000
}

sim_time {
  sec: 38
  nsec: 800000000
}
real_time {
  sec: 40
  nsec: 843287947
}
iterations: 9700
real_time_factor: 1.0000755057006805
step_size {
  nsec: 4000000
}

sim_time {
  sec: 38
  nsec: 900000000
}
real_time {
  sec: 40
  nsec: 943289197
}
iterations: 9725
real_time_factor: 0.99997800048398933
step_size {
  nsec: 4000000
}

sim_time {
  sec: 39
  nsec: 4000000
}
real_time {
  sec: 41
  nsec: 47288240
}
iterations: 9751
real_time_factor: 1.0000892579662735
step_size {
  nsec: 4000000
}

sim_time {
  sec: 39
  nsec: 108000000
}
real_time {
  sec: 41
  nsec: 151287189
}
iterations: 9777
real_time_factor: 1.000232804185174
step_size {
  nsec: 4000000
}

sim_time {
  sec: 39
  nsec: 208000000
}
real_time {
  sec: 41
  nsec: 251289837
}
iterations: 9802
real_time_factor: 0.99978604578620178
step_size {
  nsec: 4000000
}

sim_time {
  sec: 39
  nsec: 312000000
}
real_time {
  sec: 41
  nsec: 355287265
}
iterations: 9828
real_time_factor: 1.0000915083730162
step_size {
  nsec: 4000000
}

sim_time {
  sec: 39
  nsec: 412000000
}
real_time {
  sec: 41
  nsec: 455288068
}
iterations: 9853
real_time_factor: 0.99982303132345574
step_size {
  nsec: 4000000
}

sim_time {
  sec: 39
  nsec: 512000000
}
real_time {
  sec: 41
  nsec: 555289249
}
iterations: 9878
real_time_factor: 0.99950599416238528
step_size {
  nsec: 4000000
}

sim_time {
  sec: 39
  nsec: 616000000
}
real_time {
  sec: 41
  nsec: 659288462
}
iterations: 9904
real_time_factor: 0.99997350070223134
step_size {
  nsec: 4000000
}

sim_time {
  sec: 39
  nsec: 720000000
}
real_time {
  sec: 41
  nsec: 763287573
}
iterations: 9930
real_time_factor: 0.99987176644595332
step_size {
  nsec: 4000000
}

sim_time {
  sec: 39
  nsec: 820000000
}
real_time {
  sec: 41
  nsec: 863288236
}
iterations: 9955
real_time_factor: 1.0003996596640359
step_size {
  nsec: 4000000
}

sim_time {
  sec: 39
  nsec: 924000000
}
real_time {
  sec: 41
  nsec: 967286837
}
iterations: 9981
real_time_factor: 1.0000637540643216
step_size {
  nsec: 4000000
}

sim_time {
  sec: 40
  nsec: 24000000
}
real_time {
  sec: 42
  nsec: 67290889
}
iterations: 10006
real_time_factor: 1.0003208529135721
step_size {
  nsec: 4000000
}

sim_time {
  sec: 40
  nsec: 128000000
}
real_time {
  sec: 42
  nsec: 171287037
}
iterations: 10032
real_time_factor: 1.0005873447713809
step_size {
  nsec: 4000000
}

sim_time {
  sec: 40
  nsec: 228000000
}
real_time {
  sec: 42
  nsec: 271288672
}
iterations: 10057
real_time_factor: 1.0002908345601484
step_size {
  nsec: 4000000
}

sim_time {
  sec: 40
  nsec: 328000000
}
real_time {
  sec: 42
  nsec: 371292334
}
iterations: 10082
real_time_factor: 1.0000407516606302
step_size {
  nsec: 4000000
}

sim_time {
  sec: 40
  nsec: 432000000
}
real_time {
  sec: 42
  nsec: 475289886
}
iterations: 10108
real_time_factor: 1.0001705290752074
step_size {
  nsec: 4000000
}

sim_time {
  sec: 40
  nsec: 536000000
}
real_time {
  sec: 42
  nsec: 579287254
}
iterations: 10134
real_time_factor: 1.0000985097032058
step_size {
  nsec: 4000000
}

sim_time {
  sec: 40
  nsec: 636000000
}
real_time {
  sec: 42
  nsec: 679287849
}
iterations: 10159
real_time_factor: 1.000133017691353
step_size {
  nsec: 4000000
}

sim_time {
  sec: 40
  nsec: 736000000
}
real_time {
  sec: 42
  nsec: 779291768
}
iterations: 10184
real_time_factor: 0.99976055734651548
step_size {
  nsec: 4000000
}

sim_time {
  sec: 40
  nsec: 840000000
}
real_time {
  sec: 42
  nsec: 883288505
}
iterations: 10210
real_time_factor: 1.0003093456651468
step_size {
  nsec: 4000000
}

sim_time {
  sec: 40
  nsec: 940000000
}
real_time {
  sec: 42
  nsec: 983292386
}
iterations: 10235
real_time_factor: 0.99912701277259
step_size {
  nsec: 4000000
}

sim_time {
  sec: 41
  nsec: 44000000
}
real_time {
  sec: 43
  nsec: 87290245
}
iterations: 10261
real_time_factor: 0.99956868611194272
step_size {
  nsec: 4000000
}

sim_time {
  sec: 41
  nsec: 148000000
}
real_time {
  sec: 43
  nsec: 191288695
}
iterations: 10287
real_time_factor: 1.0003904023545189
step_size {
  nsec: 4000000
}

sim_time {
  sec: 41
  nsec: 252000000
}
real_time {
  sec: 43
  nsec: 295287257
}
iterations: 10313
real_time_factor: 1.0000937587898866
step_size {
  nsec: 4000000
}

sim_time {
  sec: 41
  nsec: 356000000
}
real_time {
  sec: 43
  nsec: 399290114
}
iterations: 10339
real_time_factor: 0.9992380809632655
step_size {
  nsec: 4000000
}

sim_time {
  sec: 41
  nsec: 460000000
}
real_time {
  sec: 43
  nsec: 503287062
}
iterations: 10365
real_time_factor: 1.0000265007022686
step_size {
  nsec: 4000000
}

sim_time {
  sec: 41
  nsec: 560000000
}
real_time {
  sec: 43
  nsec: 603290477
}
iterations: 10390
real_time_factor: 0.999214866918319
step_size {
  nsec: 4000000
}

sim_time {
  sec: 41
  nsec: 664000000
}
real_time {
  sec: 43
  nsec: 707290952
}
iterations: 10416
real_time_factor: 0.99935616479083356
step_size {
  nsec: 4000000
}

sim_time {
  sec: 41
  nsec: 768000000
}
real_time {
  sec: 43
  nsec: 811289871
}
iterations: 10442
real_time_factor: 0.99988101415931507
step_size {
  nsec: 4000000
}

sim_time {
  sec: 41
  nsec: 868000000
}
real_time {
  sec: 43
  nsec: 911289871
}
iterations: 10467
real_time_factor: 1.0000382514631185
step_size {
  nsec: 4000000
}

sim_time {
  sec: 41
  nsec: 968000000
}
real_time {
  sec: 44
  nsec: 11290833
}
iterations: 10492
real_time_factor: 0.99941109701108621
step_size {
  nsec: 4000000
}

sim_time {
  sec: 42
  nsec: 72000000
}
real_time {
  sec: 44
  nsec: 115288289
}
iterations: 10518
real_time_factor: 0.99993175465774464
step_size {
  nsec: 4000000
}

sim_time {
  sec: 42
  nsec: 176000000
}
real_time {
  sec: 44
  nsec: 219287422
}
iterations: 10544
real_time_factor: 0.99998500022499659
step_size {
  nsec: 4000000
}

sim_time {
  sec: 42
  nsec: 280000000
}
real_time {
  sec: 44
  nsec: 323288934
}
iterations: 10570
real_time_factor: 0.99959416476910379
step_size {
  nsec: 4000000
}

sim_time {
  sec: 42
  nsec: 384000000
}
real_time {
  sec: 44
  nsec: 427290352
}
iterations: 10596
real_time_factor: 0.99913849283455336
step_size {
  nsec: 4000000
}

sim_time {
  sec: 42
  nsec: 488000000
}
real_time {
  sec: 44
  nsec: 531289880
}
iterations: 10622
real_time_factor: 0.99971183306411926
step_size {
  nsec: 4000000
}

sim_time {
  sec: 42
  nsec: 592000000
}
real_time {
  sec: 44
  nsec: 635288315
}
iterations: 10648
real_time_factor: 0.9997513118611745
step_size {
  nsec: 4000000
}

sim_time {
  sec: 42
  nsec: 692000000
}
real_time {
  sec: 44
  nsec: 735292588
}
iterations: 10673
real_time_factor: 0.998678997356247
step_size {
  nsec: 4000000
}

sim_time {
  sec: 42
  nsec: 796000000
}
real_time {
  sec: 44
  nsec: 839291634
}
iterations: 10699
real_time_factor: 0.99954096081374633
step_size {
  nsec: 4000000
}

sim_time {
  sec: 42
  nsec: 900000000
}
real_time {
  sec: 44
  nsec: 943291828
}
iterations: 10725
real_time_factor: 0.99949925087531144
step_size {
  nsec: 4000000
}

sim_time {
  sec: 43
  nsec: 4000000
}
real_time {
  sec: 45
  nsec: 47291023
}
iterations: 10751
real_time_factor: 0.99947127969304239
step_size {
  nsec: 4000000
}

sim_time {
  sec: 43
  nsec: 104000000
}
real_time {
  sec: 45
  nsec: 147291000
}
iterations: 10776
real_time_factor: 0.99908309149278252
step_size {
  nsec: 4000000
}

sim_time {
  sec: 43
  nsec: 208000000
}
real_time {
  sec: 45
  nsec: 251291259
}
iterations: 10802
real_time_factor: 0.99992950496989963
step_size {
  nsec: 4000000
}

sim_time {
  sec: 43
  nsec: 312000000
}
real_time {
  sec: 45
  nsec: 355287388
}
iterations: 10828
real_time_factor: 1.0008910432512543
step_size {
  nsec: 4000000
}

sim_time {
  sec: 43
  nsec: 412000000
}
real_time {
  sec: 45
  nsec: 455289678
}
iterations: 10853
real_time_factor: 1.0007821112199184
step_size {
  nsec: 4000000
}

sim_time {
  sec: 43
  nsec: 512000000
}
real_time {
  sec: 45
  nsec: 555405459
}
iterations: 10878
real_time_factor: 0.97128280962978342
step_size {
  nsec: 4000000
}

sim_time {
  sec: 43
  nsec: 616000000
}
real_time {
  sec: 45
  nsec: 659293594
}
iterations: 10904
real_time_factor: 0.99883361204952914
step_size {
  nsec: 4000000
}

sim_time {
  sec: 43
  nsec: 720000000
}
real_time {
  sec: 45
  nsec: 763287173
}
iterations: 10930
real_time_factor: 1.0003048429008741
step_size {
  nsec: 4000000
}

sim_time {
  sec: 43
  nsec: 820000000
}
real_time {
  sec: 45
  nsec: 863291943
}
iterations: 10955
real_time_factor: 0.99919439951539069
step_size {
  nsec: 4000000
}

sim_time {
  sec: 43
  nsec: 924000000
}
real_time {
  sec: 45
  nsec: 967288190
}
iterations: 10981
real_time_factor: 0.99995300220889616
step_size {
  nsec: 4000000
}

sim_time {
  sec: 44
  nsec: 24000000
}
real_time {
  sec: 46
  nsec: 67292692
}
iterations: 11006
real_time_factor: 0.99893313940711326
step_size {
  nsec: 4000000
}

sim_time {
  sec: 44
  nsec: 128000000
}
real_time {
  sec: 46
  nsec: 171287263
}
iterations: 11032
real_time_factor: 0.99990175965211414
step_size {
  nsec: 4000000
}

sim_time {
  sec: 44
  nsec: 228000000
}
real_time {
  sec: 46
  nsec: 271287805
}
iterations: 11057
real_time_factor: 0.9998787646997801
step_size {
  nsec: 4000000
}

sim_time {
  sec: 44
  nsec: 332000000
}
real_time {
  sec: 46
  nsec: 375286905
}
iterations: 11083
real_time_factor: 1.0001610259251739
step_size {
  nsec: 4000000
}

sim_time {
  sec: 44
  nsec: 432000000
}
real_time {
  sec: 46
  nsec: 475291561
}
iterations: 11108
real_time_factor: 0.99963113611077514
step_size {
  nsec: 4000000
}

sim_time {
  sec: 44
  nsec: 532000000
}
real_time {
  sec: 46
  nsec: 575292690
}
iterations: 11133
real_time_factor: 0.99950624391550569
step_size {
  nsec: 4000000
}

sim_time {
  sec: 44
  nsec: 636000000
}
real_time {
  sec: 46
  nsec: 679290063
}
iterations: 11159
real_time_factor: 0.99991125787586355
step_size {
  nsec: 4000000
}

sim_time {
  sec: 44
  nsec: 740000000
}
real_time {
  sec: 46
  nsec: 783287788
}
iterations: 11185
real_time_factor: 1.0003301089359489
step_size {
  nsec: 4000000
}

sim_time {
  sec: 44
  nsec: 844000000
}
real_time {
  sec: 46
  nsec: 887287540
}
iterations: 11211
real_time_factor: 1.0001035107133589
step_size {
  nsec: 4000000
}

sim_time {
  sec: 44
  nsec: 944000000
}
real_time {
  sec: 46
  nsec: 987287335
}
iterations: 11236
real_time_factor: 0.99996675110552569
step_size {
  nsec: 4000000
}

sim_time {
  sec: 45
  nsec: 44000000
}
real_time {
  sec: 47
  nsec: 87290001
}
iterations: 11261
real_time_factor: 0.999427827568717
step_size {
  nsec: 4000000
}

sim_time {
  sec: 45
  nsec: 144000000
}
real_time {
  sec: 47
  nsec: 187291871
}
iterations: 11286
real_time_factor: 0.99943681735342138
step_size {
  nsec: 4000000
}

sim_time {
  sec: 45
  nsec: 248000000
}
real_time {
  sec: 47
  nsec: 291288512
}
iterations: 11312
real_time_factor: 1.0001055111314243
step_size {
  nsec: 4000000
}

sim_time {
  sec: 45
  nsec: 348000000
}
real_time {
  sec: 47
  nsec: 391293594
}
iterations: 11337
real_time_factor: 0.99922659861267382
step_size {
  nsec: 4000000
}

sim_time {
  sec: 45
  nsec: 452000000
}
real_time {
  sec: 47
  nsec: 495291751
}
iterations: 11363
real_time_factor: 1.0002700729196883
step_size {
  nsec: 4000000
}

sim_time {
  sec: 45
  nsec: 552000000
}
real_time {
  sec: 47
  nsec: 595292922
}
iterations: 11388
real_time_factor: 0.99849003344691989
step_size {
  nsec: 4000000
}

sim_time {
  sec: 45
  nsec: 656000000
}
real_time {
  sec: 47
  nsec: 699287773
}
iterations: 11414
real_time_factor: 1.0001475217594595
step_size {
  nsec: 4000000
}

sim_time {
  sec: 45
  nsec: 756000000
}
real_time {
  sec: 47
  nsec: 799290204
}
iterations: 11439
real_time_factor: 0.99924282375030316
step_size {
  nsec: 4000000
}

sim_time {
  sec: 45
  nsec: 860000000
}
real_time {
  sec: 47
  nsec: 903287343
}
iterations: 11465
real_time_factor: 1.0000592535107704
step_size {
  nsec: 4000000
}

sim_time {
  sec: 45
  nsec: 964000000
}
real_time {
  sec: 48
  nsec: 7287389
}
iterations: 11491
real_time_factor: 1.0002608180082957
step_size {
  nsec: 4000000
}

sim_time {
  sec: 46
  nsec: 64000000
}
real_time {
  sec: 48
  nsec: 107290218
}
iterations: 11516
real_time_factor: 0.999987500156248
step_size {
  nsec: 4000000
}

sim_time {
  sec: 46
  nsec: 164000000
}
real_time {
  sec: 48
  nsec: 207291251
}
iterations: 11541
real_time_factor: 1.0002840806789128
step_size {
  nsec: 4000000
}

sim_time {
  sec: 46
  nsec: 268000000
}
real_time {
  sec: 48
  nsec: 311289370
}
iterations: 11567
real_time_factor: 0.9996683600215629
step_size {
  nsec: 4000000
}

sim_time {
  sec: 46
  nsec: 368000000
}
real_time {
  sec: 48
  nsec: 411290829
}
iterations: 11592
real_time_factor: 0.99939311852877344
step_size {
  nsec: 4000000
}

sim_time {
  sec: 46
  nsec: 472000000
}
real_time {
  sec: 48
  nsec: 515287566
}
iterations: 11618
real_time_factor: 1.0000477522801714
step_size {
  nsec: 4000000
}

sim_time {
  sec: 46
  nsec: 572000000
}
real_time {
  sec: 48
  nsec: 615289096
}
iterations: 11643
real_time_factor: 0.99971882907932141
step_size {
  nsec: 4000000
}

sim_time {
  sec: 46
  nsec: 676000000
}
real_time {
  sec: 48
  nsec: 719287277
}
iterations: 11669
real_time_factor: 1.0000660043562875
step_size {
  nsec: 4000000
}

sim_time {
  sec: 46
  nsec: 776000000
}
real_time {
  sec: 48
  nsec: 819288039
}
iterations: 11694
real_time_factor: 1.0003904023545189
step_size {
  nsec: 4000000
}

sim_time {
  sec: 46
  nsec: 880000000
}
real_time {
  sec: 48
  nsec: 923291599
}
iterations: 11720
real_time_factor: 0.998831616716346
step_size {
  nsec: 4000000
}

sim_time {
  sec: 46
  nsec: 980000000
}
real_time {
  sec: 49
  nsec: 23292879
}
iterations: 11745
real_time_factor: 0.99905564265378155
step_size {
  nsec: 4000000
}

sim_time {
  sec: 47
  nsec: 84000000
}
real_time {
  sec: 49
  nsec: 127289681
}
iterations: 11771
real_time_factor: 0.99986026952733353
step_size {
  nsec: 4000000
}

sim_time {
  sec: 47
  nsec: 188000000
}
real_time {
  sec: 49
  nsec: 231288214
}
iterations: 11797
real_time_factor: 0.99995525200247293
step_size {
  nsec: 4000000
}

sim_time {
  sec: 47
  nsec: 288000000
}
real_time {
  sec: 49
  nsec: 331289642
}
iterations: 11822
real_time_factor: 1.0353772888956303
step_size {
  nsec: 4000000
}

sim_time {
  sec: 47
  nsec: 392000000
}
real_time {
  sec: 49
  nsec: 435288045
}
iterations: 11848
real_time_factor: 1.0000825068068115
step_size {
  nsec: 4000000
}

sim_time {
  sec: 47
  nsec: 492000000
}
real_time {
  sec: 49
  nsec: 535288368
}
iterations: 11873
real_time_factor: 1.0009814623238085
step_size {
  nsec: 4000000
}

sim_time {
  sec: 47
  nsec: 596000000
}
real_time {
  sec: 49
  nsec: 639291435
}
iterations: 11899
real_time_factor: 0.99904641020146268
step_size {
  nsec: 4000000
}

sim_time {
  sec: 47
  nsec: 696000000
}
real_time {
  sec: 49
  nsec: 739294155
}
iterations: 11924
real_time_factor: 0.9993446797262695
step_size {
  nsec: 4000000
}

sim_time {
  sec: 47
  nsec: 800000000
}
real_time {
  sec: 49
  nsec: 843288205
}
iterations: 11950
real_time_factor: 1.0012345221658305
step_size {
  nsec: 4000000
}

sim_time {
  sec: 47
  nsec: 904000000
}
real_time {
  sec: 49
  nsec: 947287632
}
iterations: 11976
real_time_factor: 1.0000780060844745
step_size {
  nsec: 4000000
}

sim_time {
  sec: 48
  nsec: 4000000
}
real_time {
  sec: 50
  nsec: 47290437
}
iterations: 12001
real_time_factor: 0.9994855148312406
step_size {
  nsec: 4000000
}

sim_time {
  sec: 48
  nsec: 108000000
}
real_time {
  sec: 50
  nsec: 151287087
}
iterations: 12027
real_time_factor: 0.99999700000899994
step_size {
  nsec: 4000000
}

sim_time {
  sec: 48
  nsec: 208000000
}
real_time {
  sec: 50
  nsec: 251286846
}
iterations: 12052
real_time_factor: 1.0000640040962621
step_size {
  nsec: 4000000
}

sim_time {
  sec: 48
  nsec: 308000000
}
real_time {
  sec: 50
  nsec: 351289752
}
iterations: 12077
real_time_factor: 0.99972382629298662
step_size {
  nsec: 4000000
}

sim_time {
  sec: 48
  nsec: 408000000
}
real_time {
  sec: 50
  nsec: 451288999
}
iterations: 12102
real_time_factor: 0.99999700000899994
step_size {
  nsec: 4000000
}

sim_time {
  sec: 48
  nsec: 508000000
}
real_time {
  sec: 50
  nsec: 551291644
}
iterations: 12127
real_time_factor: 1.0001587752055638
step_size {
  nsec: 4000000
}

sim_time {
  sec: 48
  nsec: 612000000
}
real_time {
  sec: 50
  nsec: 655288086
}
iterations: 12153
real_time_factor: 0.99997150081222685
step_size {
  nsec: 4000000
}

sim_time {
  sec: 48
  nsec: 716000000
}
real_time {
  sec: 50
  nsec: 759287428
}
iterations: 12179
real_time_factor: 1.0002007903086545
step_size {
  nsec: 4000000
}

sim_time {
  sec: 48
  nsec: 816000000
}
real_time {
  sec: 50
  nsec: 859293591
}
iterations: 12204
real_time_factor: 0.998979542397441
step_size {
  nsec: 4000000
}

sim_time {
  sec: 48
  nsec: 920000000
}
real_time {
  sec: 50
  nsec: 963290118
}
iterations: 12230
real_time_factor: 0.99994600291584257
step_size {
  nsec: 4000000
}

sim_time {
  sec: 49
  nsec: 24000000
}
real_time {
  sec: 51
  nsec: 67287840
}
iterations: 12256
real_time_factor: 0.99996200144394509
step_size {
  nsec: 4000000
}

sim_time {
  sec: 49
  nsec: 124000000
}
real_time {
  sec: 51
  nsec: 167288429
}
iterations: 12281
real_time_factor: 1.0000175003062555
step_size {
  nsec: 4000000
}

sim_time {
  sec: 49
  nsec: 224000000
}
real_time {
  sec: 51
  nsec: 267290664
}
iterations: 12306
real_time_factor: 0.999252309459447
step_size {
  nsec: 4000000
}

sim_time {
  sec: 49
  nsec: 324000000
}
real_time {
  sec: 51
  nsec: 367289968
}
iterations: 12331
real_time_factor: 1.0002955873460608
step_size {
  nsec: 4000000
}

sim_time {
  sec: 49
  nsec: 428000000
}
real_time {
  sec: 51
  nsec: 471287727
}
iterations: 12357
real_time_factor: 1.000205292136211
step_size {
  nsec: 4000000
}

sim_time {
  sec: 49
  nsec: 528000000
}
real_time {
  sec: 51
  nsec: 571289489
}
iterations: 12382
real_time_factor: 0.99990425916718473
step_size {
  nsec: 4000000
}

sim_time {
  sec: 49
  nsec: 628000000
}
real_time {
  sec: 51
  nsec: 671291056
}
iterations: 12407
real_time_factor: 0.99905090164343868
step_size {
  nsec: 4000000
}

sim_time {
  sec: 49
  nsec: 732000000
}
real_time {
  sec: 51
  nsec: 775293234
}
iterations: 12433
real_time_factor: 0.99910879495490024
step_size {
  nsec: 4000000
}

sim_time {
  sec: 49
  nsec: 836000000
}
real_time {
  sec: 51
  nsec: 879287373
}
iterations: 12459
real_time_factor: 1.0000482523281748
step_size {
  nsec: 4000000
}

sim_time {
  sec: 49
  nsec: 936000000
}
real_time {
  sec: 51
  nsec: 979290853
}
iterations: 12484
real_time_factor: 1.001336784607451
step_size {
  nsec: 4000000
}

sim_time {
  sec: 50
  nsec: 40000000
}
real_time {
  sec: 52
  nsec: 83292447
}
iterations: 12510
real_time_factor: 0.99913425017222579
step_size {
  nsec: 4000000
}

sim_time {
  sec: 50
  nsec: 144000000
}
real_time {
  sec: 52
  nsec: 187289401
}
iterations: 12536
real_time_factor: 0.99982128194585218
step_size {
  nsec: 4000000
}

sim_time {
  sec: 50
  nsec: 248000000
}
real_time {
  sec: 52
  nsec: 291287545
}
iterations: 12562
real_time_factor: 1.0001450210280491
step_size {
  nsec: 4000000
}

sim_time {
  sec: 50
  nsec: 352000000
}
real_time {
  sec: 52
  nsec: 395287151
}
iterations: 12588
real_time_factor: 0.99999725000756245
step_size {
  nsec: 4000000
}

sim_time {
  sec: 50
  nsec: 452000000
}
real_time {
  sec: 52
  nsec: 495289817
}
iterations: 12613
real_time_factor: 1.0011397976596355
step_size {
  nsec: 4000000
}

sim_time {
  sec: 50
  nsec: 552000000
}
real_time {
  sec: 52
  nsec: 595289974
}
iterations: 12638
real_time_factor: 1.0009862216749053
step_size {
  nsec: 4000000
}

sim_time {
  sec: 50
  nsec: 656000000
}
real_time {
  sec: 52
  nsec: 699287346
}
iterations: 12664
real_time_factor: 1.000168528397035
step_size {
  nsec: 4000000
}

sim_time {
  sec: 50
  nsec: 756000000
}
real_time {
  sec: 52
  nsec: 799288799
}
iterations: 12689
real_time_factor: 0.99979579170954336
step_size {
  nsec: 4000000
}

sim_time {
  sec: 50
  nsec: 856000000
}
real_time {
  sec: 52
  nsec: 899291456
}
iterations: 12714
real_time_factor: 0.999633634273039
step_size {
  nsec: 4000000
}

sim_time {
  sec: 50
  nsec: 960000000
}
real_time {
  sec: 53
  nsec: 3287431
}
iterations: 12740
real_time_factor: 1.0005180182039251
step_size {
  nsec: 4000000
}

sim_time {
  sec: 51
  nsec: 60000000
}
real_time {
  sec: 53
  nsec: 103289051
}
iterations: 12765
real_time_factor: 0.99962913758995409
step_size {
  nsec: 4000000
}

sim_time {
  sec: 51
  nsec: 160000000
}
real_time {
  sec: 53
  nsec: 203290490
}
iterations: 12790
real_time_factor: 0.99949925087531144
step_size {
  nsec: 4000000
}

sim_time {
  sec: 51
  nsec: 264000000
}
real_time {
  sec: 53
  nsec: 307288941
}
iterations: 12816
real_time_factor: 0.99970058967339281
step_size {
  nsec: 4000000
}

sim_time {
  sec: 51
  nsec: 364000000
}
real_time {
  sec: 53
  nsec: 407288823
}
iterations: 12841
real_time_factor: 1.0003048429008741
step_size {
  nsec: 4000000
}

sim_time {
  sec: 51
  nsec: 468000000
}
real_time {
  sec: 53
  nsec: 511287851
}
iterations: 12867
real_time_factor: 0.99993700396875
step_size {
  nsec: 4000000
}

sim_time {
  sec: 51
  nsec: 572000000
}
real_time {
  sec: 53
  nsec: 615287249
}
iterations: 12893
real_time_factor: 1.0000130001690022
step_size {
  nsec: 4000000
}

sim_time {
  sec: 51
  nsec: 672000000
}
real_time {
  sec: 53
  nsec: 715288013
}
iterations: 12918
real_time_factor: 0.99997625056404915
step_size {
  nsec: 4000000
}

sim_time {
  sec: 51
  nsec: 776000000
}
real_time {
  sec: 53
  nsec: 819288559
}
iterations: 12944
real_time_factor: 0.99985802016113712
step_size {
  nsec: 4000000
}

sim_time {
  sec: 51
  nsec: 876000000
}
real_time {
  sec: 53
  nsec: 919294574
}
iterations: 12969
real_time_factor: 0.99931197370610336
step_size {
  nsec: 4000000
}

sim_time {
  sec: 51
  nsec: 980000000
}
real_time {
  sec: 54
  nsec: 23288091
}
iterations: 12995
real_time_factor: 0.99994350319206959
step_size {
  nsec: 4000000
}

sim_time {
  sec: 52
  nsec: 84000000
}
real_time {
  sec: 54
  nsec: 127287580
}
iterations: 13021
real_time_factor: 1.000038501482307
step_size {
  nsec: 4000000
}

sim_time {
  sec: 52
  nsec: 184000000
}
real_time {
  sec: 54
  nsec: 227290382
}
iterations: 13046
real_time_factor: 0.99969834102559552
step_size {
  nsec: 4000000
}

sim_time {
  sec: 52
  nsec: 284000000
}
real_time {
  sec: 54
  nsec: 327368925
}
iterations: 13071
real_time_factor: 1.0676577377560343
step_size {
  nsec: 4000000
}

sim_time {
  sec: 52
  nsec: 388000000
}
real_time {
  sec: 54
  nsec: 431292227
}
iterations: 13097
real_time_factor: 0.9997448151359366
step_size {
  nsec: 4000000
}

sim_time {
  sec: 52
  nsec: 492000000
}
real_time {
  sec: 54
  nsec: 535294705
}
iterations: 13123
real_time_factor: 0.998272987731225
step_size {
  nsec: 4000000
}

sim_time {
  sec: 52
  nsec: 596000000
}
real_time {
  sec: 54
  nsec: 639288784
}
iterations: 13149
real_time_factor: 0.99982103203526573
step_size {
  nsec: 4000000
}

sim_time {
  sec: 52
  nsec: 700000000
}
real_time {
  sec: 54
  nsec: 743287483
}
iterations: 13175
real_time_factor: 1.0001452711006273
step_size {
  nsec: 4000000
}

sim_time {
  sec: 52
  nsec: 800000000
}
real_time {
  sec: 54
  nsec: 843290625
}
iterations: 13200
real_time_factor: 0.99948776252170768
step_size {
  nsec: 4000000
}

sim_time {
  sec: 52
  nsec: 904000000
}
real_time {
  sec: 54
  nsec: 947288231
}
iterations: 13226
real_time_factor: 0.99988376351249164
step_size {
  nsec: 4000000
}

sim_time {
  sec: 53
  nsec: 4000000
}
real_time {
  sec: 55
  nsec: 47289410
}
iterations: 13251
real_time_factor: 0.99973307126997091
step_size {
  nsec: 4000000
}

