{
  "ulog_start_us": 3548000,
  "ulog_end_us": 52744000,
  "dropouts": 0,
  "missing_topics": [],
  "windows": {
    "classic_before_0": {
      "start_us": 34596242.48881494,
      "end_us": 44636277.94106031,
      "duration_s": 10.04003545224537,
      "position_error_m": {
        "count": 1255,
        "mean": 0.09408559753004746,
        "p95": 0.3358253641429,
        "p99": 0.420801210622167,
        "max": 0.443046771628135
      },
      "velocity_error_m_s": {
        "count": 1255,
        "mean": 0.05125269293785095,
        "p95": 0.1860876455903053,
        "p99": 0.2201459085941315,
        "max": 0.22332146763801575
      },
      "tilt_deg": {
        "count": 2510,
        "mean": 0.14350581169128418,
        "p95": 0.28803551197052,
        "p99": 0.29870712757110596,
        "max": 0.30131596326828003
      },
      "attitude_error_deg": {
        "count": 2510,
        "mean": 0.06581635773181915,
        "p95": 0.131221204996109,
        "p99": 0.14803747832775116,
        "max": 0.16312935948371887
      },
      "angular_rate_rad_s": {
        "count": 2474,
        "mean": 0.005472647957503796,
        "p95": 0.009365461440756917,
        "p99": 0.01121072200126946,
        "max": 0.012339236214756966
      },
      "angular_rate_error_rad_s": {
        "count": 2474,
        "mean": 0.002483292482793331,
        "p95": 0.004166781553067266,
        "p99": 0.00504512783139944,
        "max": 0.005719748791307211
      },
      "minimum_duration_s": 10,
      "status": "PASS"
    }
  },
  "unavailable": {},
  "time_alignment": {
    "method": "exact position-vector matches, monotonic->ULog interpolation",
    "matched_samples": 422,
    "telemetry_samples": 422,
    "sampling_uncertainty_s": 0.1
  },
  "armed_motor_values_valid": true,
  "actuator_step": {
    "count": 12088,
    "mean": 0.0004908703849650919,
    "p95": 0.0020540446043014514,
    "p99": 0.005203492045402505,
    "max": 0.22872453927993774
  },
  "handovers": [],
  "safety_failure_events": 0,
  "host_resources": {
    "cpu_percent": {
      "count": 55,
      "mean": 16.429090909090906,
      "p95": 21.329999999999995,
      "p99": 23.958000000000002,
      "max": 25.2
    },
    "min_available_memory_bytes": 116457517056
  },
  "gazebo_real_time_factor": {
    "count": 517,
    "mean": 0.9949610368929921,
    "p95": 1.0006055164564078,
    "p99": 1.0148447167842147,
    "max": 1.1844692393338545
  },
  "temperature_c": {
    "count": 54,
    "mean": 45.42201851851851,
    "p95": 45.593,
    "p99": 45.593,
    "max": 45.593
  },
  "board_power_mw": {
    "count": 54,
    "mean": 32453.703703703704,
    "p95": 35293.1,
    "p99": 37227.7,
    "max": 38558.0
  },
  "status": "PASS"
}
