sim_time {
  nsec: 4000000
}
real_time {
  sec: 1
  nsec: 773928809
}
iterations: 1
real_time_factor: 0.0022548819206870438
step_size {
  nsec: 4000000
}

sim_time {
  nsec: 108000000
}
real_time {
  sec: 1
  nsec: 877910252
}
iterations: 27
real_time_factor: 1.0000017500030625
step_size {
  nsec: 4000000
}

sim_time {
  nsec: 208000000
}
real_time {
  sec: 1
  nsec: 977911045
}
iterations: 52
real_time_factor: 1.0000872576132267
step_size {
  nsec: 4000000
}

sim_time {
  nsec: 312000000
}
real_time {
  sec: 2
  nsec: 81910136
}
iterations: 78
real_time_factor: 0.99998325028055779
step_size {
  nsec: 4000000
}

sim_time {
  nsec: 412000000
}
real_time {
  sec: 2
  nsec: 181911124
}
iterations: 103
real_time_factor: 0.99991150783155691
step_size {
  nsec: 4000000
}

sim_time {
  nsec: 512000000
}
real_time {
  sec: 2
  nsec: 281911620
}
iterations: 128
real_time_factor: 0.99998325028055779
step_size {
  nsec: 4000000
}

sim_time {
  nsec: 612000000
}
real_time {
  sec: 2
  nsec: 382444000
}
iterations: 153
real_time_factor: 0.88234814016453145
step_size {
  nsec: 4000000
}

sim_time {
  nsec: 716000000
}
real_time {
  sec: 2
  nsec: 485910903
}
iterations: 179
real_time_factor: 1.000698988243288
step_size {
  nsec: 4000000
}

sim_time {
  nsec: 820000000
}
real_time {
  sec: 2
  nsec: 589910355
}
iterations: 205
real_time_factor: 0.99999500002499986
step_size {
  nsec: 4000000
}

sim_time {
  nsec: 920000000
}
real_time {
  sec: 2
  nsec: 689913657
}
iterations: 230
real_time_factor: 0.9991784255396
step_size {
  nsec: 4000000
}

sim_time {
  sec: 1
  nsec: 24000000
}
real_time {
  sec: 2
  nsec: 793910913
}
iterations: 256
real_time_factor: 0.99986526815511612
step_size {
  nsec: 4000000
}

sim_time {
  sec: 1
  nsec: 128000000
}
real_time {
  sec: 2
  nsec: 897912844
}
iterations: 282
real_time_factor: 0.99956693762427429
step_size {
  nsec: 4000000
}

sim_time {
  sec: 1
  nsec: 232000000
}
real_time {
  sec: 3
  nsec: 1910482
}
iterations: 308
real_time_factor: 1.0001870349755404
step_size {
  nsec: 4000000
}

sim_time {
  sec: 1
  nsec: 336000000
}
real_time {
  sec: 3
  nsec: 105910525
}
iterations: 334
real_time_factor: 0.99999725000756245
step_size {
  nsec: 4000000
}

sim_time {
  sec: 1
  nsec: 436000000
}
real_time {
  sec: 3
  nsec: 205912047
}
iterations: 359
real_time_factor: 0.99986976696285312
step_size {
  nsec: 4000000
}

sim_time {
  sec: 1
  nsec: 540000000
}
real_time {
  sec: 3
  nsec: 309910524
}
iterations: 385
real_time_factor: 1.0001847841388696
step_size {
  nsec: 4000000
}

sim_time {
  sec: 1
  nsec: 640000000
}
real_time {
  sec: 3
  nsec: 409910647
}
iterations: 410
real_time_factor: 1.0004674684246213
step_size {
  nsec: 4000000
}

sim_time {
  sec: 1
  nsec: 692000000
}
real_time {
  sec: 3
  nsec: 737905031
}
iterations: 423
real_time_factor: 0.014286033221405954
step_size {
  nsec: 4000000
}

sim_time {
  sec: 1
  nsec: 796000000
}
real_time {
  sec: 3
  nsec: 841901885
}
iterations: 449
real_time_factor: 0.99991375743842092
step_size {
  nsec: 4000000
}

sim_time {
  sec: 1
  nsec: 896000000
}
real_time {
  sec: 3
  nsec: 941901950
}
iterations: 474
real_time_factor: 0.99990675869475176
step_size {
  nsec: 4000000
}

sim_time {
  sec: 1
  nsec: 996000000
}
real_time {
  sec: 4
  nsec: 41902218
}
iterations: 499
real_time_factor: 0.99993700396875
step_size {
  nsec: 4000000
}

sim_time {
  sec: 2
  nsec: 100000000
}
real_time {
  sec: 4
  nsec: 145902275
}
iterations: 525
real_time_factor: 0.99998325028055779
step_size {
  nsec: 4000000
}

sim_time {
  sec: 2
  nsec: 204000000
}
real_time {
  sec: 4
  nsec: 249903425
}
iterations: 551
real_time_factor: 0.99965262071430183
step_size {
  nsec: 4000000
}

sim_time {
  sec: 2
  nsec: 304000000
}
real_time {
  sec: 4
  nsec: 349905795
}
iterations: 576
real_time_factor: 0.99902370408518271
step_size {
  nsec: 4000000
}

sim_time {
  sec: 2
  nsec: 408000000
}
real_time {
  sec: 4
  nsec: 453901500
}
iterations: 602
real_time_factor: 1.0000737554394636
step_size {
  nsec: 4000000
}

sim_time {
  sec: 2
  nsec: 512000000
}
real_time {
  sec: 4
  nsec: 557901586
}
iterations: 628
real_time_factor: 1.0000317510080945
step_size {
  nsec: 4000000
}

sim_time {
  sec: 2
  nsec: 612000000
}
real_time {
  sec: 4
  nsec: 657903706
}
iterations: 653
real_time_factor: 1.0000760057764391
step_size {
  nsec: 4000000
}

sim_time {
  sec: 2
  nsec: 716000000
}
real_time {
  sec: 4
  nsec: 761901994
}
iterations: 679
real_time_factor: 1.0000272507425827
step_size {
  nsec: 4000000
}

sim_time {
  sec: 2
  nsec: 816000000
}
real_time {
  sec: 4
  nsec: 861902518
}
iterations: 704
real_time_factor: 0.99993950366002859
step_size {
  nsec: 4000000
}

sim_time {
  sec: 2
  nsec: 916000000
}
real_time {
  sec: 4
  nsec: 961907024
}
iterations: 729
real_time_factor: 1.0004026620714839
step_size {
  nsec: 4000000
}

sim_time {
  sec: 3
  nsec: 20000000
}
real_time {
  sec: 5
  nsec: 65902301
}
iterations: 755
real_time_factor: 1.00006675445586
step_size {
  nsec: 4000000
}

sim_time {
  sec: 3
  nsec: 120000000
}
real_time {
  sec: 5
  nsec: 165905390
}
iterations: 780
real_time_factor: 1.0004652163255914
step_size {
  nsec: 4000000
}

sim_time {
  sec: 3
  nsec: 224000000
}
real_time {
  sec: 5
  nsec: 269903760
}
iterations: 806
real_time_factor: 0.99987201638190315
step_size {
  nsec: 4000000
}

sim_time {
  sec: 3
  nsec: 328000000
}
real_time {
  sec: 5
  nsec: 373901832
}
iterations: 832
real_time_factor: 0.99992800518362679
step_size {
  nsec: 4000000
}

sim_time {
  sec: 3
  nsec: 428000000
}
real_time {
  sec: 5
  nsec: 473917644
}
iterations: 857
real_time_factor: 0.99679232230681669
step_size {
  nsec: 4000000
}

sim_time {
  sec: 3
  nsec: 532000000
}
real_time {
  sec: 5
  nsec: 577901772
}
iterations: 883
real_time_factor: 1.0000737554394636
step_size {
  nsec: 4000000
}

sim_time {
  sec: 3
  nsec: 636000000
}
real_time {
  sec: 5
  nsec: 681901252
}
iterations: 909
real_time_factor: 1.0001317673603498
step_size {
  nsec: 4000000
}

sim_time {
  sec: 3
  nsec: 736000000
}
real_time {
  sec: 5
  nsec: 781901952
}
iterations: 934
real_time_factor: 1.0001940376433027
step_size {
  nsec: 4000000
}

sim_time {
  sec: 3
  nsec: 836000000
}
real_time {
  sec: 5
  nsec: 881903325
}
iterations: 959
real_time_factor: 0.99965711760866027
step_size {
  nsec: 4000000
}

sim_time {
  sec: 3
  nsec: 940000000
}
real_time {
  sec: 5
  nsec: 985902284
}
iterations: 985
real_time_factor: 0.99995125237644666
step_size {
  nsec: 4000000
}

sim_time {
  sec: 4
  nsec: 40000000
}
real_time {
  sec: 6
  nsec: 85906130
}
iterations: 1010
real_time_factor: 0.99924781620635061
step_size {
  nsec: 4000000
}

sim_time {
  sec: 4
  nsec: 144000000
}
real_time {
  sec: 6
  nsec: 189905570
}
iterations: 1036
real_time_factor: 1.0000690047613285
step_size {
  nsec: 4000000
}

sim_time {
  sec: 4
  nsec: 244000000
}
real_time {
  sec: 6
  nsec: 289905333
}
iterations: 1061
real_time_factor: 1.0001012602526005
step_size {
  nsec: 4000000
}

sim_time {
  sec: 4
  nsec: 348000000
}
real_time {
  sec: 6
  nsec: 393903393
}
iterations: 1087
real_time_factor: 0.999863018766429
step_size {
  nsec: 4000000
}

sim_time {
  sec: 4
  nsec: 448000000
}
real_time {
  sec: 6
  nsec: 493906026
}
iterations: 1112
real_time_factor: 0.99956443979535914
step_size {
  nsec: 4000000
}

sim_time {
  sec: 4
  nsec: 548000000
}
real_time {
  sec: 6
  nsec: 593960233
}
iterations: 1137
real_time_factor: 0.98567979748222878
step_size {
  nsec: 4000000
}

sim_time {
  sec: 4
  nsec: 652000000
}
real_time {
  sec: 6
  nsec: 697902080
}
iterations: 1163
real_time_factor: 0.999888512430864
step_size {
  nsec: 4000000
}

sim_time {
  sec: 4
  nsec: 752000000
}
real_time {
  sec: 6
  nsec: 797903017
}
iterations: 1188
real_time_factor: 1.0014157515187097
step_size {
  nsec: 4000000
}

sim_time {
  sec: 4
  nsec: 852000000
}
real_time {
  sec: 6
  nsec: 897902998
}
iterations: 1213
real_time_factor: 0.99976580486021149
step_size {
  nsec: 4000000
}

sim_time {
  sec: 4
  nsec: 952000000
}
real_time {
  sec: 6
  nsec: 997904248
}
iterations: 1238
real_time_factor: 1.0000067500455627
step_size {
  nsec: 4000000
}

sim_time {
  sec: 5
  nsec: 52000000
}
real_time {
  sec: 7
  nsec: 98112241
}
iterations: 1263
real_time_factor: 0.95026028817118369
step_size {
  nsec: 4000000
}

sim_time {
  sec: 5
  nsec: 156000000
}
real_time {
  sec: 7
  nsec: 201907806
}
iterations: 1289
real_time_factor: 0.9993149695883472
step_size {
  nsec: 4000000
}

sim_time {
  sec: 5
  nsec: 260000000
}
real_time {
  sec: 7
  nsec: 305901503
}
iterations: 1315
real_time_factor: 1.00008750765692
step_size {
  nsec: 4000000
}

sim_time {
  sec: 5
  nsec: 364000000
}
real_time {
  sec: 7
  nsec: 409902977
}
iterations: 1341
real_time_factor: 0.99967110820540039
step_size {
  nsec: 4000000
}

sim_time {
  sec: 5
  nsec: 464000000
}
real_time {
  sec: 7
  nsec: 509904848
}
iterations: 1366
real_time_factor: 0.999501998129432
step_size {
  nsec: 4000000
}

sim_time {
  sec: 5
  nsec: 568000000
}
real_time {
  sec: 7
  nsec: 613901710
}
iterations: 1392
real_time_factor: 1.0001247655645042
step_size {
  nsec: 4000000
}

sim_time {
  sec: 5
  nsec: 668000000
}
real_time {
  sec: 7
  nsec: 713902785
}
iterations: 1417
real_time_factor: 0.99977280163082938
step_size {
  nsec: 4000000
}

sim_time {
  sec: 5
  nsec: 772000000
}
real_time {
  sec: 7
  nsec: 817902015
}
iterations: 1443
real_time_factor: 1.0000205004202587
step_size {
  nsec: 4000000
}

sim_time {
  sec: 5
  nsec: 876000000
}
real_time {
  sec: 7
  nsec: 921901588
}
iterations: 1469
real_time_factor: 0.99999025009506159
step_size {
  nsec: 4000000
}

sim_time {
  sec: 5
  nsec: 976000000
}
real_time {
  sec: 8
  nsec: 21903474
}
iterations: 1494
real_time_factor: 1.0002220492949434
step_size {
  nsec: 4000000
}

sim_time {
  sec: 6
  nsec: 76000000
}
real_time {
  sec: 8
  nsec: 121906592
}
iterations: 1519
real_time_factor: 0.9993911209595554
step_size {
  nsec: 4000000
}

sim_time {
  sec: 6
  nsec: 176000000
}
real_time {
  sec: 8
  nsec: 221903555
}
iterations: 1544
real_time_factor: 1.00025656580913
step_size {
  nsec: 4000000
}

sim_time {
  sec: 6
  nsec: 280000000
}
real_time {
  sec: 8
  nsec: 325904047
}
iterations: 1570
real_time_factor: 0.99974981260939455
step_size {
  nsec: 4000000
}

sim_time {
  sec: 6
  nsec: 384000000
}
real_time {
  sec: 8
  nsec: 430220326
}
iterations: 1596
real_time_factor: 0.92637581862673124
step_size {
  nsec: 4000000
}

sim_time {
  sec: 6
  nsec: 488000000
}
real_time {
  sec: 8
  nsec: 533902609
}
iterations: 1622
real_time_factor: 1.0003979082680137
step_size {
  nsec: 4000000
}

sim_time {
  sec: 6
  nsec: 592000000
}
real_time {
  sec: 8
  nsec: 637901894
}
iterations: 1648
real_time_factor: 1.0002823296875543
step_size {
  nsec: 4000000
}

sim_time {
  sec: 6
  nsec: 692000000
}
real_time {
  sec: 8
  nsec: 737904244
}
iterations: 1673
real_time_factor: 0.99955045218413019
step_size {
  nsec: 4000000
}

sim_time {
  sec: 6
  nsec: 796000000
}
real_time {
  sec: 8
  nsec: 841902600
}
iterations: 1699
real_time_factor: 1.0003959066800687
step_size {
  nsec: 4000000
}

sim_time {
  sec: 6
  nsec: 896000000
}
real_time {
  sec: 8
  nsec: 941911697
}
iterations: 1724
real_time_factor: 0.99834499358688134
step_size {
  nsec: 4000000
}

sim_time {
  sec: 7
}
real_time {
  sec: 9
  nsec: 45904007
}
iterations: 1750
real_time_factor: 1.0002105443195792
step_size {
  nsec: 4000000
}

sim_time {
  sec: 7
  nsec: 100000000
}
real_time {
  sec: 9
  nsec: 145907057
}
iterations: 1775
real_time_factor: 0.99997900044099075
step_size {
  nsec: 4000000
}

sim_time {
  sec: 7
  nsec: 204000000
}
real_time {
  sec: 9
  nsec: 249940562
}
iterations: 1801
real_time_factor: 0.99039392175442342
step_size {
  nsec: 4000000
}

sim_time {
  sec: 7
  nsec: 308000000
}
real_time {
  sec: 9
  nsec: 353902548
}
iterations: 1827
real_time_factor: 1.0005277784031077
step_size {
  nsec: 4000000
}

sim_time {
  sec: 7
  nsec: 408000000
}
real_time {
  sec: 9
  nsec: 453905108
}
iterations: 1852
real_time_factor: 1.0000110001210014
step_size {
  nsec: 4000000
}

sim_time {
  sec: 7
  nsec: 512000000
}
real_time {
  sec: 9
  nsec: 557901372
}
iterations: 1878
real_time_factor: 1.000138519184907
step_size {
  nsec: 4000000
}

sim_time {
  sec: 7
  nsec: 612000000
}
real_time {
  sec: 9
  nsec: 657904551
}
iterations: 1903
real_time_factor: 0.99959691254501626
step_size {
  nsec: 4000000
}

sim_time {
  sec: 7
  nsec: 712000000
}
real_time {
  sec: 9
  nsec: 757906415
}
iterations: 1928
real_time_factor: 0.99922959398303912
step_size {
  nsec: 4000000
}

sim_time {
  sec: 7
  nsec: 816000000
}
real_time {
  sec: 9
  nsec: 861902195
}
iterations: 1954
real_time_factor: 0.999976500552237
step_size {
  nsec: 4000000
}

sim_time {
  sec: 7
  nsec: 916000000
}
real_time {
  sec: 9
  nsec: 961904242
}
iterations: 1979
real_time_factor: 0.99944905370914283
step_size {
  nsec: 4000000
}

sim_time {
  sec: 8
  nsec: 20000000
}
real_time {
  sec: 10
  nsec: 65903660
}
iterations: 2005
real_time_factor: 1.0000692547958947
step_size {
  nsec: 4000000
}

sim_time {
  sec: 8
  nsec: 124000000
}
real_time {
  sec: 10
  nsec: 169902283
}
iterations: 2031
real_time_factor: 0.9998700168978033
step_size {
  nsec: 4000000
}

sim_time {
  sec: 8
  nsec: 224000000
}
real_time {
  sec: 10
  nsec: 269962941
}
iterations: 2056
real_time_factor: 0.98650826632270416
step_size {
  nsec: 4000000
}

sim_time {
  sec: 8
  nsec: 328000000
}
real_time {
  sec: 10
  nsec: 373903906
}
iterations: 2082
real_time_factor: 1.0000435018923324
step_size {
  nsec: 4000000
}

sim_time {
  sec: 8
  nsec: 432000000
}
real_time {
  sec: 10
  nsec: 477903750
}
iterations: 2108
real_time_factor: 0.99969659208430239
step_size {
  nsec: 4000000
}

sim_time {
  sec: 8
  nsec: 536000000
}
real_time {
  sec: 10
  nsec: 581903419
}
iterations: 2134
real_time_factor: 1.0000645041605183
step_size {
  nsec: 4000000
}

sim_time {
  sec: 8
  nsec: 636000000
}
real_time {
  sec: 10
  nsec: 681905892
}
iterations: 2159
real_time_factor: 0.99998350027224547
step_size {
  nsec: 4000000
}

sim_time {
  sec: 8
  nsec: 740000000
}
real_time {
  sec: 10
  nsec: 785901947
}
iterations: 2185
real_time_factor: 1.0000160002560041
step_size {
  nsec: 4000000
}

sim_time {
  sec: 8
  nsec: 844000000
}
real_time {
  sec: 10
  nsec: 889901390
}
iterations: 2211
real_time_factor: 1.0001850342313328
step_size {
  nsec: 4000000
}

sim_time {
  sec: 8
  nsec: 944000000
}
real_time {
  sec: 10
  nsec: 989902305
}
iterations: 2236
real_time_factor: 0.99980528792017753
step_size {
  nsec: 4000000
}

sim_time {
  sec: 9
  nsec: 48000000
}
real_time {
  sec: 11
  nsec: 93901609
}
iterations: 2262
real_time_factor: 1.0001410198838037
step_size {
  nsec: 4000000
}

sim_time {
  sec: 9
  nsec: 148000000
}
real_time {
  sec: 11
  nsec: 193902088
}
iterations: 2287
real_time_factor: 1.0001480219072423
step_size {
  nsec: 4000000
}

sim_time {
  sec: 9
  nsec: 248000000
}
real_time {
  sec: 11
  nsec: 293906429
}
iterations: 2312
real_time_factor: 0.99976830369561853
step_size {
  nsec: 4000000
}

sim_time {
  sec: 9
  nsec: 352000000
}
real_time {
  sec: 11
  nsec: 397902455
}
iterations: 2338
real_time_factor: 0.99985402131288836
step_size {
  nsec: 4000000
}

sim_time {
  sec: 9
  nsec: 452000000
}
real_time {
  sec: 11
  nsec: 498622995
}
iterations: 2363
real_time_factor: 0.84801872086128172
step_size {
  nsec: 4000000
}

sim_time {
  sec: 9
  nsec: 556000000
}
real_time {
  sec: 11
  nsec: 601905359
}
iterations: 2389
real_time_factor: 0.9993426823506838
step_size {
  nsec: 4000000
}

sim_time {
  sec: 9
  nsec: 660000000
}
real_time {
  sec: 11
  nsec: 705901960
}
iterations: 2415
real_time_factor: 1.0002868322491474
step_size {
  nsec: 4000000
}

sim_time {
  sec: 9
  nsec: 760000000
}
real_time {
  sec: 11
  nsec: 805903391
}
iterations: 2440
real_time_factor: 0.99998575020305958
step_size {
  nsec: 4000000
}

sim_time {
  sec: 9
  nsec: 864000000
}
real_time {
  sec: 11
  nsec: 909902146
}
iterations: 2466
real_time_factor: 1.0001477718332883
step_size {
  nsec: 4000000
}

sim_time {
  sec: 9
  nsec: 964000000
}
real_time {
  sec: 12
  nsec: 9904761
}
iterations: 2491
real_time_factor: 1.1050181637360663
step_size {
  nsec: 4000000
}

sim_time {
  sec: 10
  nsec: 64000000
}
real_time {
  sec: 12
  nsec: 109906978
}
iterations: 2516
real_time_factor: 0.99907460714513185
step_size {
  nsec: 4000000
}

sim_time {
  sec: 10
  nsec: 168000000
}
real_time {
  sec: 12
  nsec: 213909141
}
iterations: 2542
real_time_factor: 0.99816263213489764
step_size {
  nsec: 4000000
}

sim_time {
  sec: 10
  nsec: 272000000
}
real_time {
  sec: 12
  nsec: 317910331
}
iterations: 2568
real_time_factor: 0.99843719617868132
step_size {
  nsec: 4000000
}

sim_time {
  sec: 10
  nsec: 376000000
}
real_time {
  sec: 12
  nsec: 421901817
}
iterations: 2594
real_time_factor: 1.0000300009000269
step_size {
  nsec: 4000000
}

sim_time {
  sec: 10
  nsec: 476000000
}
real_time {
  sec: 12
  nsec: 521902246
}
iterations: 2619
real_time_factor: 1.000078756202051
step_size {
  nsec: 4000000
}

sim_time {
  sec: 10
  nsec: 576000000
}
real_time {
  sec: 12
  nsec: 621903075
}
iterations: 2644
real_time_factor: 0.99979604160751212
step_size {
  nsec: 4000000
}

sim_time {
  sec: 10
  nsec: 676000000
}
real_time {
  sec: 12
  nsec: 722005330
}
iterations: 2669
real_time_factor: 0.97490924813536417
step_size {
  nsec: 4000000
}

sim_time {
  sec: 10
  nsec: 780000000
}
real_time {
  sec: 12
  nsec: 825907683
}
iterations: 2695
real_time_factor: 0.99880443109597816
step_size {
  nsec: 4000000
}

sim_time {
  sec: 10
  nsec: 884000000
}
real_time {
  sec: 12
  nsec: 929902416
}
iterations: 2721
real_time_factor: 1.0008665001725243
step_size {
  nsec: 4000000
}

sim_time {
  sec: 10
  nsec: 984000000
}
real_time {
  sec: 13
  nsec: 29903287
}
iterations: 2746
real_time_factor: 1.0011169962886091
step_size {
  nsec: 4000000
}

sim_time {
  sec: 11
  nsec: 88000000
}
real_time {
  sec: 13
  nsec: 133902160
}
iterations: 2772
real_time_factor: 0.99990025994907006
step_size {
  nsec: 4000000
}

sim_time {
  sec: 11
  nsec: 188000000
}
real_time {
  sec: 13
  nsec: 233904745
}
iterations: 2797
real_time_factor: 0.99960415675392544
step_size {
  nsec: 4000000
}

sim_time {
  sec: 11
  nsec: 292000000
}
real_time {
  sec: 13
  nsec: 337908333
}
iterations: 2823
real_time_factor: 0.99909057780155608
step_size {
  nsec: 4000000
}

sim_time {
  sec: 11
  nsec: 396000000
}
real_time {
  sec: 13
  nsec: 441903059
}
iterations: 2849
real_time_factor: 1.000101760354116
step_size {
  nsec: 4000000
}

sim_time {
  sec: 11
  nsec: 500000000
}
real_time {
  sec: 13
  nsec: 545902839
}
iterations: 2875
real_time_factor: 1.0001640269004117
step_size {
  nsec: 4000000
}

sim_time {
  sec: 11
  nsec: 600000000
}
real_time {
  sec: 13
  nsec: 645903544
}
iterations: 2900
real_time_factor: 1.0001480219072423
step_size {
  nsec: 4000000
}

sim_time {
  sec: 11
  nsec: 700000000
}
real_time {
  sec: 13
  nsec: 745906508
}
iterations: 2925
real_time_factor: 0.999298742107726
step_size {
  nsec: 4000000
}

sim_time {
  sec: 11
  nsec: 804000000
}
real_time {
  sec: 13
  nsec: 849902488
}
iterations: 2951
real_time_factor: 1.0000645041605183
step_size {
  nsec: 4000000
}

sim_time {
  sec: 11
  nsec: 904000000
}
real_time {
  sec: 13
  nsec: 949905070
}
iterations: 2976
real_time_factor: 1.0002708233254154
step_size {
  nsec: 4000000
}

sim_time {
  sec: 12
  nsec: 8000000
}
real_time {
  sec: 14
  nsec: 53901633
}
iterations: 3002
real_time_factor: 1.0000437519141463
step_size {
  nsec: 4000000
}

sim_time {
  sec: 12
  nsec: 108000000
}
real_time {
  sec: 14
  nsec: 153903761
}
iterations: 3027
real_time_factor: 1.0003541253603776
step_size {
  nsec: 4000000
}

sim_time {
  sec: 12
  nsec: 212000000
}
real_time {
  sec: 14
  nsec: 257924270
}
iterations: 3053
real_time_factor: 0.99455036129528251
step_size {
  nsec: 4000000
}

sim_time {
  sec: 12
  nsec: 316000000
}
real_time {
  sec: 14
  nsec: 361902982
}
iterations: 3079
real_time_factor: 1.0004049138888966
step_size {
  nsec: 4000000
}

sim_time {
  sec: 12
  nsec: 416000000
}
real_time {
  sec: 14
  nsec: 461905887
}
iterations: 3104
real_time_factor: 1.0000760057764391
step_size {
  nsec: 4000000
}

sim_time {
  sec: 12
  nsec: 520000000
}
real_time {
  sec: 14
  nsec: 565902599
}
iterations: 3130
real_time_factor: 1.000282079546432
step_size {
  nsec: 4000000
}

sim_time {
  sec: 12
  nsec: 620000000
}
real_time {
  sec: 14
  nsec: 665902958
}
iterations: 3155
real_time_factor: 0.9998055378228935
step_size {
  nsec: 4000000
}

sim_time {
  sec: 12
  nsec: 724000000
}
real_time {
  sec: 14
  nsec: 769901836
}
iterations: 3181
real_time_factor: 1.0000645041605183
step_size {
  nsec: 4000000
}

sim_time {
  sec: 12
  nsec: 824000000
}
real_time {
  sec: 14
  nsec: 869906572
}
iterations: 3206
real_time_factor: 1.0597486276255272
step_size {
  nsec: 4000000
}

sim_time {
  sec: 12
  nsec: 928000000
}
real_time {
  sec: 14
  nsec: 973902021
}
iterations: 3232
real_time_factor: 0.999935254192291
step_size {
  nsec: 4000000
}

sim_time {
  sec: 13
  nsec: 32000000
}
real_time {
  sec: 15
  nsec: 77901925
}
iterations: 3258
real_time_factor: 0.99991875660102614
step_size {
  nsec: 4000000
}

sim_time {
  sec: 13
  nsec: 136000000
}
real_time {
  sec: 15
  nsec: 181903133
}
iterations: 3284
real_time_factor: 0.99964137865540736
step_size {
  nsec: 4000000
}

sim_time {
  sec: 13
  nsec: 240000000
}
real_time {
  sec: 15
  nsec: 285902407
}
iterations: 3310
real_time_factor: 1.0001250156269534
step_size {
  nsec: 4000000
}

sim_time {
  sec: 13
  nsec: 340000000
}
real_time {
  sec: 15
  nsec: 385903227
}
iterations: 3335
real_time_factor: 0.99986326869800557
step_size {
  nsec: 4000000
}

sim_time {
  sec: 13
  nsec: 444000000
}
real_time {
  sec: 15
  nsec: 489902028
}
iterations: 3361
real_time_factor: 1.0000692547958947
step_size {
  nsec: 4000000
}

sim_time {
  sec: 13
  nsec: 544000000
}
real_time {
  sec: 15
  nsec: 589902848
}
iterations: 3386
real_time_factor: 1.0002473111476813
step_size {
  nsec: 4000000
}

sim_time {
  sec: 13
  nsec: 648000000
}
real_time {
  sec: 15
  nsec: 693902038
}
iterations: 3412
real_time_factor: 1.0000137501890651
step_size {
  nsec: 4000000
}

sim_time {
  sec: 13
  nsec: 748000000
}
real_time {
  sec: 15
  nsec: 793903420
}
iterations: 3437
real_time_factor: 1.0004747252571344
step_size {
  nsec: 4000000
}

sim_time {
  sec: 13
  nsec: 852000000
}
real_time {
  sec: 15
  nsec: 897902182
}
iterations: 3463
real_time_factor: 1.0000782561235417
step_size {
  nsec: 4000000
}

sim_time {
  sec: 13
  nsec: 952000000
}
real_time {
  sec: 15
  nsec: 997904442
}
iterations: 3488
real_time_factor: 0.99943556876254136
step_size {
  nsec: 4000000
}

sim_time {
  sec: 14
  nsec: 56000000
}
real_time {
  sec: 16
  nsec: 101908204
}
iterations: 3514
real_time_factor: 0.9985483603211831
step_size {
  nsec: 4000000
}

sim_time {
  sec: 14
  nsec: 160000000
}
real_time {
  sec: 16
  nsec: 205901253
}
iterations: 3540
real_time_factor: 1.0000715051126154
step_size {
  nsec: 4000000
}

sim_time {
  sec: 14
  nsec: 260000000
}
real_time {
  sec: 16
  nsec: 305905467
}
iterations: 3565
real_time_factor: 0.99988876237518576
step_size {
  nsec: 4000000
}

sim_time {
  sec: 14
  nsec: 364000000
}
real_time {
  sec: 16
  nsec: 409901886
}
iterations: 3591
real_time_factor: 1.0001272661946232
step_size {
  nsec: 4000000
}

sim_time {
  sec: 14
  nsec: 464000000
}
real_time {
  sec: 16
  nsec: 509912072
}
iterations: 3616
real_time_factor: 0.9982231627702689
step_size {
  nsec: 4000000
}

sim_time {
  sec: 14
  nsec: 568000000
}
real_time {
  sec: 16
  nsec: 613902353
}
iterations: 3642
real_time_factor: 1.0003959066800687
step_size {
  nsec: 4000000
}

sim_time {
  sec: 14
  nsec: 668000000
}
real_time {
  sec: 16
  nsec: 713902790
}
iterations: 3667
real_time_factor: 1.0000065000422502
step_size {
  nsec: 4000000
}

sim_time {
  sec: 14
  nsec: 768000000
}
real_time {
  sec: 16
  nsec: 813903436
}
iterations: 3692
real_time_factor: 1.0031511485453681
step_size {
  nsec: 4000000
}

sim_time {
  sec: 14
  nsec: 868000000
}
real_time {
  sec: 16
  nsec: 913907167
}
iterations: 3717
real_time_factor: 0.99953721426979314
step_size {
  nsec: 4000000
}

sim_time {
  sec: 14
  nsec: 972000000
}
real_time {
  sec: 17
  nsec: 17902518
}
iterations: 3743
real_time_factor: 1.000110762266921
step_size {
  nsec: 4000000
}

sim_time {
  sec: 15
  nsec: 76000000
}
real_time {
  sec: 17
  nsec: 121902915
}
iterations: 3769
real_time_factor: 0.99985627066109251
step_size {
  nsec: 4000000
}

sim_time {
  sec: 15
  nsec: 176000000
}
real_time {
  sec: 17
  nsec: 221903071
}
iterations: 3794
real_time_factor: 0.99973382087019336
step_size {
  nsec: 4000000
}

sim_time {
  sec: 15
  nsec: 276000000
}
real_time {
  sec: 17
  nsec: 321904236
}
iterations: 3819
real_time_factor: 1.0005095094676963
step_size {
  nsec: 4000000
}

sim_time {
  sec: 15
  nsec: 376000000
}
real_time {
  sec: 17
  nsec: 421903948
}
iterations: 3844
real_time_factor: 0.99964612527165386
step_size {
  nsec: 4000000
}

sim_time {
  sec: 15
  nsec: 480000000
}
real_time {
  sec: 17
  nsec: 525902096
}
iterations: 3870
real_time_factor: 1.0000972594584823
step_size {
  nsec: 4000000
}

sim_time {
  sec: 15
  nsec: 580000000
}
real_time {
  sec: 17
  nsec: 625905242
}
iterations: 3895
real_time_factor: 0.99953721426979314
step_size {
  nsec: 4000000
}

sim_time {
  sec: 15
  nsec: 684000000
}
real_time {
  sec: 17
  nsec: 729901214
}
iterations: 3921
real_time_factor: 1.0000162502640668
step_size {
  nsec: 4000000
}

sim_time {
  sec: 15
  nsec: 784000000
}
real_time {
  sec: 17
  nsec: 829903914
}
iterations: 3946
real_time_factor: 0.99966411285807966
step_size {
  nsec: 4000000
}

sim_time {
  sec: 15
  nsec: 888000000
}
real_time {
  sec: 17
  nsec: 933905187
}
iterations: 3972
real_time_factor: 0.99985427123996673
step_size {
  nsec: 4000000
}

sim_time {
  sec: 15
  nsec: 992000000
}
real_time {
  sec: 18
  nsec: 37904332
}
iterations: 3998
real_time_factor: 0.99995125237644666
step_size {
  nsec: 4000000
}

sim_time {
  sec: 16
  nsec: 92000000
}
real_time {
  sec: 18
  nsec: 138019949
}
iterations: 4023
real_time_factor: 0.97158762032201818
step_size {
  nsec: 4000000
}

sim_time {
  sec: 16
  nsec: 196000000
}
real_time {
  sec: 18
  nsec: 241903258
}
iterations: 4049
real_time_factor: 0.999900509899265
step_size {
  nsec: 4000000
}

sim_time {
  sec: 16
  nsec: 296000000
}
real_time {
  sec: 18
  nsec: 341908903
}
iterations: 4074
real_time_factor: 0.99860594609924547
step_size {
  nsec: 4000000
}

sim_time {
  sec: 16
  nsec: 400000000
}
real_time {
  sec: 18
  nsec: 445904557
}
iterations: 4100
real_time_factor: 0.99990025994907006
step_size {
  nsec: 4000000
}

sim_time {
  sec: 16
  nsec: 504000000
}
real_time {
  sec: 18
  nsec: 550110462
}
iterations: 4126
real_time_factor: 0.95104292556020587
step_size {
  nsec: 4000000
}

sim_time {
  sec: 16
  nsec: 608000000
}
real_time {
  sec: 18
  nsec: 653902664
}
iterations: 4152
real_time_factor: 1.0308592882225873
step_size {
  nsec: 4000000
}

sim_time {
  sec: 16
  nsec: 712000000
}
real_time {
  sec: 18
  nsec: 757901466
}
iterations: 4178
real_time_factor: 0.99998600019599726
step_size {
  nsec: 4000000
}

sim_time {
  sec: 16
  nsec: 812000000
}
real_time {
  sec: 18
  nsec: 857901718
}
iterations: 4203
real_time_factor: 1.0000740054764052
step_size {
  nsec: 4000000
}

sim_time {
  sec: 16
  nsec: 912000000
}
real_time {
  sec: 18
  nsec: 957904201
}
iterations: 4228
real_time_factor: 0.999960751540502
step_size {
  nsec: 4000000
}

sim_time {
  sec: 17
  nsec: 16000000
}
real_time {
  sec: 19
  nsec: 61903343
}
iterations: 4254
real_time_factor: 0.99974331590364174
step_size {
  nsec: 4000000
}

sim_time {
  sec: 17
  nsec: 120000000
}
real_time {
  sec: 19
  nsec: 165904382
}
iterations: 4280
real_time_factor: 0.99982653009702815
step_size {
  nsec: 4000000
}

sim_time {
  sec: 17
  nsec: 224000000
}
real_time {
  sec: 19
  nsec: 269903802
}
iterations: 4306
real_time_factor: 0.999745314881034
step_size {
  nsec: 4000000
}

sim_time {
  sec: 17
  nsec: 324000000
}
real_time {
  sec: 19
  nsec: 369904702
}
iterations: 4331
real_time_factor: 0.99975705903465462
step_size {
  nsec: 4000000
}

sim_time {
  sec: 17
  nsec: 428000000
}
real_time {
  sec: 19
  nsec: 473902389
}
iterations: 4357
real_time_factor: 0.99997925043055358
step_size {
  nsec: 4000000
}

sim_time {
  sec: 17
  nsec: 528000000
}
real_time {
  sec: 19
  nsec: 573903956
}
iterations: 4382
real_time_factor: 0.99972457587934527
step_size {
  nsec: 4000000
}

sim_time {
  sec: 17
  nsec: 632000000
}
real_time {
  sec: 19
  nsec: 677906441
}
iterations: 4408
real_time_factor: 0.99965037228229425
step_size {
  nsec: 4000000
}

sim_time {
  sec: 17
  nsec: 736000000
}
real_time {
  sec: 19
  nsec: 781905071
}
iterations: 4434
real_time_factor: 0.99945379849912019
step_size {
  nsec: 4000000
}

sim_time {
  sec: 17
  nsec: 840000000
}
real_time {
  sec: 19
  nsec: 885901820
}
iterations: 4460
real_time_factor: 1.0002200484106503
step_size {
  nsec: 4000000
}

sim_time {
  sec: 17
  nsec: 940000000
}
real_time {
  sec: 19
  nsec: 985902476
}
iterations: 4485
real_time_factor: 1.000400910664949
step_size {
  nsec: 4000000
}

sim_time {
  sec: 18
  nsec: 40000000
}
real_time {
  sec: 20
  nsec: 85903431
}
iterations: 4510
real_time_factor: 0.99985152204897576
step_size {
  nsec: 4000000
}

sim_time {
  sec: 18
  nsec: 140000000
}
real_time {
  sec: 20
  nsec: 185908346
}
iterations: 4535
real_time_factor: 0.99866403718425678
step_size {
  nsec: 4000000
}

sim_time {
  sec: 18
  nsec: 244000000
}
real_time {
  sec: 20
  nsec: 289910355
}
iterations: 4561
real_time_factor: 0.9979716226769092
step_size {
  nsec: 4000000
}

sim_time {
  sec: 18
  nsec: 348000000
}
real_time {
  sec: 20
  nsec: 393903049
}
iterations: 4587
real_time_factor: 1.0001342680254823
step_size {
  nsec: 4000000
}

sim_time {
  sec: 18
  nsec: 448000000
}
real_time {
  sec: 20
  nsec: 494012493
}
iterations: 4612
real_time_factor: 0.973303738410994
step_size {
  nsec: 4000000
}

sim_time {
  sec: 18
  nsec: 552000000
}
real_time {
  sec: 20
  nsec: 597902806
}
iterations: 4638
real_time_factor: 1.0001505226536593
step_size {
  nsec: 4000000
}

sim_time {
  sec: 18
  nsec: 656000000
}
real_time {
  sec: 20
  nsec: 701902074
}
iterations: 4664
real_time_factor: 1.0000810065615315
step_size {
  nsec: 4000000
}

sim_time {
  sec: 18
  nsec: 756000000
}
real_time {
  sec: 20
  nsec: 801904163
}
iterations: 4689
real_time_factor: 0.99963938009363118
step_size {
  nsec: 4000000
}

sim_time {
  sec: 18
  nsec: 856000000
}
real_time {
  sec: 20
  nsec: 901903817
}
iterations: 4714
real_time_factor: 1.0001552741063051
step_size {
  nsec: 4000000
}

sim_time {
  sec: 18
  nsec: 960000000
}
real_time {
  sec: 21
  nsec: 5904314
}
iterations: 4740
real_time_factor: 0.99988876237518576
step_size {
  nsec: 4000000
}

sim_time {
  sec: 19
  nsec: 64000000
}
real_time {
  sec: 21
  nsec: 109901412
}
iterations: 4766
real_time_factor: 1.0001990396088822
step_size {
  nsec: 4000000
}

sim_time {
  sec: 19
  nsec: 164000000
}
real_time {
  sec: 21
  nsec: 209902298
}
iterations: 4791
real_time_factor: 1.0000717551484319
step_size {
  nsec: 4000000
}

sim_time {
  sec: 19
  nsec: 264000000
}
real_time {
  sec: 21
  nsec: 309903970
}
iterations: 4816
real_time_factor: 1.0006924791956033
step_size {
  nsec: 4000000
}

sim_time {
  sec: 19
  nsec: 364000000
}
real_time {
  sec: 21
  nsec: 409906041
}
iterations: 4841
real_time_factor: 0.99964587544862238
step_size {
  nsec: 4000000
}

sim_time {
  sec: 19
  nsec: 468000000
}
real_time {
  sec: 21
  nsec: 513905093
}
iterations: 4867
real_time_factor: 0.99950024987506247
step_size {
  nsec: 4000000
}

sim_time {
  sec: 19
  nsec: 572000000
}
real_time {
  sec: 21
  nsec: 617901876
}
iterations: 4893
real_time_factor: 1.0000765058526977
step_size {
  nsec: 4000000
}

sim_time {
  sec: 19
  nsec: 672000000
}
real_time {
  sec: 21
  nsec: 717902326
}
iterations: 4918
real_time_factor: 1.0001575248101575
step_size {
  nsec: 4000000
}

sim_time {
  sec: 19
  nsec: 776000000
}
real_time {
  sec: 21
  nsec: 821903819
}
iterations: 4944
real_time_factor: 0.99966711085208626
step_size {
  nsec: 4000000
}

sim_time {
  sec: 19
  nsec: 880000000
}
real_time {
  sec: 21
  nsec: 925901739
}
iterations: 4970
real_time_factor: 1.0001160134575611
step_size {
  nsec: 4000000
}

sim_time {
  sec: 19
  nsec: 980000000
}
real_time {
  sec: 22
  nsec: 25901816
}
iterations: 4995
real_time_factor: 0.99995625191397874
step_size {
  nsec: 4000000
}

sim_time {
  sec: 20
  nsec: 80000000
}
real_time {
  sec: 22
  nsec: 125905661
}
iterations: 5020
real_time_factor: 1.0001737801943087
step_size {
  nsec: 4000000
}

sim_time {
  sec: 20
  nsec: 184000000
}
real_time {
  sec: 22
  nsec: 229902609
}
iterations: 5046
real_time_factor: 1.0000670044893007
step_size {
  nsec: 4000000
}

sim_time {
  sec: 20
  nsec: 284000000
}
real_time {
  sec: 22
  nsec: 330130808
}
iterations: 5071
real_time_factor: 0.94677827920207425
step_size {
  nsec: 4000000
}

sim_time {
  sec: 20
  nsec: 388000000
}
real_time {
  sec: 22
  nsec: 433904512
}
iterations: 5097
real_time_factor: 1.0002060424447436
step_size {
  nsec: 4000000
}

sim_time {
  sec: 20
  nsec: 492000000
}
real_time {
  sec: 22
  nsec: 537904700
}
iterations: 5123
real_time_factor: 1.0000232505405751
step_size {
  nsec: 4000000
}

sim_time {
  sec: 20
  nsec: 596000000
}
real_time {
  sec: 22
  nsec: 641903915
}
iterations: 5149
real_time_factor: 0.99970183892654019
step_size {
  nsec: 4000000
}

sim_time {
  sec: 20
  nsec: 700000000
}
real_time {
  sec: 22
  nsec: 745901751
}
iterations: 5175
real_time_factor: 1
step_size {
  nsec: 4000000
}

sim_time {
  sec: 20
  nsec: 800000000
}
real_time {
  sec: 22
  nsec: 845902353
}
iterations: 5200
real_time_factor: 1.0009664330911494
step_size {
  nsec: 4000000
}

sim_time {
  sec: 20
  nsec: 904000000
}
real_time {
  sec: 22
  nsec: 949906344
}
iterations: 5226
real_time_factor: 0.999086335546143
step_size {
  nsec: 4000000
}

sim_time {
  sec: 21
  nsec: 8000000
}
real_time {
  sec: 23
  nsec: 53901556
}
iterations: 5252
real_time_factor: 1.0002825798288015
step_size {
  nsec: 4000000
}

sim_time {
  sec: 21
  nsec: 112000000
}
real_time {
  sec: 23
  nsec: 157902195
}
iterations: 5278
real_time_factor: 0.99987501562304715
step_size {
  nsec: 4000000
}

sim_time {
  sec: 21
  nsec: 212000000
}
real_time {
  sec: 23
  nsec: 257902361
}
iterations: 5303
real_time_factor: 0.99993300448869926
step_size {
  nsec: 4000000
}

sim_time {
  sec: 21
  nsec: 312000000
}
real_time {
  sec: 23
  nsec: 357903463
}
iterations: 5328
real_time_factor: 1.000222299406043
step_size {
  nsec: 4000000
}

sim_time {
  sec: 21
  nsec: 412000000
}
real_time {
  sec: 23
  nsec: 457905676
}
iterations: 5353
real_time_factor: 0.99906337808304713
step_size {
  nsec: 4000000
}

sim_time {
  sec: 21
  nsec: 516000000
}
real_time {
  sec: 23
  nsec: 561904147
}
iterations: 5379
real_time_factor: 1.0003476207982274
step_size {
  nsec: 4000000
}

sim_time {
  sec: 21
  nsec: 616000000
}
real_time {
  sec: 23
  nsec: 661904268
}
iterations: 5404
real_time_factor: 0.99951198827172638
step_size {
  nsec: 4000000
}

sim_time {
  sec: 21
  nsec: 720000000
}
real_time {
  sec: 23
  nsec: 765901808
}
iterations: 5430
real_time_factor: 1.0001065113434582
step_size {
  nsec: 4000000
}

sim_time {
  sec: 21
  nsec: 820000000
}
real_time {
  sec: 23
  nsec: 865902584
}
iterations: 5455
real_time_factor: 0.999998000004
step_size {
  nsec: 4000000
}

sim_time {
  sec: 21
  nsec: 920000000
}
real_time {
  sec: 23
  nsec: 965907849
}
iterations: 5480
real_time_factor: 0.99922535054698847
step_size {
  nsec: 4000000
}

sim_time {
  sec: 22
  nsec: 24000000
}
real_time {
  sec: 24
  nsec: 69901985
}
iterations: 5506
real_time_factor: 1.0005235239338983
step_size {
  nsec: 4000000
}

sim_time {
  sec: 22
  nsec: 124000000
}
real_time {
  sec: 24
  nsec: 169904787
}
iterations: 5531
real_time_factor: 0.999787295252935
step_size {
  nsec: 4000000
}

sim_time {
  sec: 22
  nsec: 224000000
}
real_time {
  sec: 24
  nsec: 269906100
}
iterations: 5556
real_time_factor: 0.999754810132815
step_size {
  nsec: 4000000
}

sim_time {
  sec: 22
  nsec: 328000000
}
real_time {
  sec: 24
  nsec: 373904560
}
iterations: 5582
real_time_factor: 1.0002940864614196
step_size {
  nsec: 4000000
}

sim_time {
  sec: 22
  nsec: 432000000
}
real_time {
  sec: 24
  nsec: 477903834
}
iterations: 5608
real_time_factor: 1.0000232505405751
step_size {
  nsec: 4000000
}

sim_time {
  sec: 22
  nsec: 536000000
}
real_time {
  sec: 24
  nsec: 581902488
}
iterations: 5634
real_time_factor: 1.0001667778102
step_size {
  nsec: 4000000
}

sim_time {
  sec: 22
  nsec: 640000000
}
real_time {
  sec: 24
  nsec: 685902874
}
iterations: 5660
real_time_factor: 0.99998850013224849
step_size {
  nsec: 4000000
}

sim_time {
  sec: 22
  nsec: 740000000
}
real_time {
  sec: 24
  nsec: 785904703
}
iterations: 5685
real_time_factor: 1.0005327837073241
step_size {
  nsec: 4000000
}

sim_time {
  sec: 22
  nsec: 844000000
}
real_time {
  sec: 24
  nsec: 889908308
}
iterations: 5711
real_time_factor: 0.9990541454877595
step_size {
  nsec: 4000000
}

sim_time {
  sec: 22
  nsec: 948000000
}
real_time {
  sec: 24
  nsec: 993904967
}
iterations: 5737
real_time_factor: 0.99936640170132141
step_size {
  nsec: 4000000
}

sim_time {
  sec: 23
  nsec: 52000000
}
real_time {
  sec: 25
  nsec: 98053685
}
iterations: 5763
real_time_factor: 0.96402313848336985
step_size {
  nsec: 4000000
}

sim_time {
  sec: 23
  nsec: 156000000
}
real_time {
  sec: 25
  nsec: 201901900
}
iterations: 5789
real_time_factor: 1.0000115001322516
step_size {
  nsec: 4000000
}

sim_time {
  sec: 23
  nsec: 256000000
}
real_time {
  sec: 25
  nsec: 301902866
}
iterations: 5814
real_time_factor: 1.0000650042252746
step_size {
  nsec: 4000000
}

sim_time {
  sec: 23
  nsec: 356000000
}
real_time {
  sec: 25
  nsec: 401903184
}
iterations: 5839
real_time_factor: 0.9999610015209407
step_size {
  nsec: 4000000
}

sim_time {
  sec: 23
  nsec: 460000000
}
real_time {
  sec: 25
  nsec: 505902132
}
iterations: 5865
real_time_factor: 1.000064754192834
step_size {
  nsec: 4000000
}

sim_time {
  sec: 23
  nsec: 564000000
}
real_time {
  sec: 25
  nsec: 609902310
}
iterations: 5891
real_time_factor: 0.99982653009702815
step_size {
  nsec: 4000000
}

sim_time {
  sec: 23
  nsec: 668000000
}
real_time {
  sec: 25
  nsec: 713901526
}
iterations: 5917
real_time_factor: 1.0000117501380641
step_size {
  nsec: 4000000
}

sim_time {
  sec: 23
  nsec: 768000000
}
real_time {
  sec: 25
  nsec: 813902435
}
iterations: 5942
real_time_factor: 1.0001090118822951
step_size {
  nsec: 4000000
}

sim_time {
  sec: 23
  nsec: 868000000
}
real_time {
  sec: 25
  nsec: 913902963
}
iterations: 5967
real_time_factor: 0.999831028556174
step_size {
  nsec: 4000000
}

sim_time {
  sec: 23
  nsec: 968000000
}
real_time {
  sec: 26
  nsec: 13902899
}
iterations: 5992
real_time_factor: 0.99958367340002885
step_size {
  nsec: 4000000
}

sim_time {
  sec: 24
  nsec: 68000000
}
real_time {
  sec: 26
  nsec: 113903576
}
iterations: 6017
real_time_factor: 1.000078756202051
step_size {
  nsec: 4000000
}

sim_time {
  sec: 24
  nsec: 172000000
}
real_time {
  sec: 26
  nsec: 217902715
}
iterations: 6043
real_time_factor: 0.99990975814432748
step_size {
  nsec: 4000000
}

sim_time {
  sec: 24
  nsec: 272000000
}
real_time {
  sec: 26
  nsec: 317904094
}
iterations: 6068
real_time_factor: 0.99959091741704709
step_size {
  nsec: 4000000
}

sim_time {
  sec: 24
  nsec: 376000000
}
real_time {
  sec: 26
  nsec: 421903252
}
iterations: 6094
real_time_factor: 0.99999550002025
step_size {
  nsec: 4000000
}

sim_time {
  sec: 24
  nsec: 476000000
}
real_time {
  sec: 26
  nsec: 521904688
}
iterations: 6119
real_time_factor: 0.99929924140696336
step_size {
  nsec: 4000000
}

sim_time {
  sec: 24
  nsec: 580000000
}
real_time {
  sec: 26
  nsec: 625904457
}
iterations: 6145
real_time_factor: 0.99938487860721725
step_size {
  nsec: 4000000
}

sim_time {
  sec: 24
  nsec: 680000000
}
real_time {
  sec: 26
  nsec: 725906041
}
iterations: 6170
real_time_factor: 0.99945429795331753
step_size {
  nsec: 4000000
}

sim_time {
  sec: 24
  nsec: 784000000
}
real_time {
  sec: 26
  nsec: 829903214
}
iterations: 6196
real_time_factor: 0.99969459330174637
step_size {
  nsec: 4000000
}

sim_time {
  sec: 24
  nsec: 888000000
}
real_time {
  sec: 26
  nsec: 933901358
}
iterations: 6222
real_time_factor: 1.0000720051843732
step_size {
  nsec: 4000000
}

sim_time {
  sec: 24
  nsec: 988000000
}
real_time {
  sec: 27
  nsec: 33909069
}
iterations: 6247
real_time_factor: 0.99828345160496523
step_size {
  nsec: 4000000
}

sim_time {
  sec: 25
  nsec: 92000000
}
real_time {
  sec: 27
  nsec: 137902539
}
iterations: 6273
real_time_factor: 1.0004539559825272
step_size {
  nsec: 4000000
}

sim_time {
  sec: 25
  nsec: 196000000
}
real_time {
  sec: 27
  nsec: 241901962
}
iterations: 6299
real_time_factor: 0.99995625191397874
step_size {
  nsec: 4000000
}

sim_time {
  sec: 25
  nsec: 296000000
}
real_time {
  sec: 27
  nsec: 341902932
}
iterations: 6324
real_time_factor: 0.9998312784717579
step_size {
  nsec: 4000000
}

sim_time {
  sec: 25
  nsec: 396000000
}
real_time {
  sec: 27
  nsec: 441902810
}
iterations: 6349
real_time_factor: 0.999905258976712
step_size {
  nsec: 4000000
}

sim_time {
  sec: 25
  nsec: 496000000
}
real_time {
  sec: 27
  nsec: 541905882
}
iterations: 6374
real_time_factor: 1.0000372513876141
step_size {
  nsec: 4000000
}

sim_time {
  sec: 25
  nsec: 600000000
}
real_time {
  sec: 27
  nsec: 645902304
}
iterations: 6400
real_time_factor: 0.99989376128786311
step_size {
  nsec: 4000000
}

sim_time {
  sec: 25
  nsec: 700000000
}
real_time {
  sec: 27
  nsec: 745905191
}
iterations: 6425
real_time_factor: 0.99919764429163382
step_size {
  nsec: 4000000
}

sim_time {
  sec: 25
  nsec: 800000000
}
real_time {
  sec: 27
  nsec: 845903223
}
iterations: 6450
real_time_factor: 1.0006161293816667
step_size {
  nsec: 4000000
}

sim_time {
  sec: 25
  nsec: 904000000
}
real_time {
  sec: 27
  nsec: 949904273
}
iterations: 6476
real_time_factor: 0.9994957543919093
step_size {
  nsec: 4000000
}

sim_time {
  sec: 26
  nsec: 8000000
}
real_time {
  sec: 28
  nsec: 53901211
}
iterations: 6502
real_time_factor: 1.0003361129339459
step_size {
  nsec: 4000000
}

sim_time {
  sec: 26
  nsec: 108000000
}
real_time {
  sec: 28
  nsec: 153902132
}
iterations: 6527
real_time_factor: 0.99995400211590268
step_size {
  nsec: 4000000
}

sim_time {
  sec: 26
  nsec: 208000000
}
real_time {
  sec: 28
  nsec: 253903173
}
iterations: 6552
real_time_factor: 1.0002295526823406
step_size {
  nsec: 4000000
}

sim_time {
  sec: 26
  nsec: 308000000
}
real_time {
  sec: 28
  nsec: 353909335
}
iterations: 6577
real_time_factor: 0.9989296468833645
step_size {
  nsec: 4000000
}

sim_time {
  sec: 26
  nsec: 412000000
}
real_time {
  sec: 28
  nsec: 457907783
}
iterations: 6603
real_time_factor: 0.9994842661186828
step_size {
  nsec: 4000000
}

sim_time {
  sec: 26
  nsec: 516000000
}
real_time {
  sec: 28
  nsec: 561901583
}
iterations: 6629
real_time_factor: 0.99998400025599588
step_size {
  nsec: 4000000
}

sim_time {
  sec: 26
  nsec: 616000000
}
real_time {
  sec: 28
  nsec: 661905818
}
iterations: 6654
real_time_factor: 0.99916744372751409
step_size {
  nsec: 4000000
}

sim_time {
  sec: 26
  nsec: 720000000
}
real_time {
  sec: 28
  nsec: 765903135
}
iterations: 6680
real_time_factor: 1.0002528138987128
step_size {
  nsec: 4000000
}

sim_time {
  sec: 26
  nsec: 824000000
}
real_time {
  sec: 28
  nsec: 869904385
}
iterations: 6706
real_time_factor: 0.99971108349686943
step_size {
  nsec: 4000000
}

sim_time {
  sec: 26
  nsec: 928000000
}
real_time {
  sec: 28
  nsec: 973902768
}
iterations: 6732
real_time_factor: 1.000222299406043
step_size {
  nsec: 4000000
}

sim_time {
  sec: 27
  nsec: 32000000
}
real_time {
  sec: 29
  nsec: 77902447
}
iterations: 6758
real_time_factor: 0.9997525612410928
step_size {
  nsec: 4000000
}

sim_time {
  sec: 27
  nsec: 132000000
}
real_time {
  sec: 29
  nsec: 177905615
}
iterations: 6783
real_time_factor: 0.99947053048647483
step_size {
  nsec: 4000000
}

sim_time {
  sec: 27
  nsec: 232000000
}
real_time {
  sec: 29
  nsec: 277909839
}
iterations: 6808
real_time_factor: 0.99798108426652876
step_size {
  nsec: 4000000
}

sim_time {
  sec: 27
  nsec: 336000000
}
real_time {
  sec: 29
  nsec: 381901598
}
iterations: 6834
real_time_factor: 1.0001115124336364
step_size {
  nsec: 4000000
}

sim_time {
  sec: 27
  nsec: 440000000
}
real_time {
  sec: 29
  nsec: 485901969
}
iterations: 6860
real_time_factor: 1.0000305009302783
step_size {
  nsec: 4000000
}

sim_time {
  sec: 27
  nsec: 544000000
}
real_time {
  sec: 29
  nsec: 589901710
}
iterations: 6886
real_time_factor: 0.99997700052898786
step_size {
  nsec: 4000000
}

sim_time {
  sec: 27
  nsec: 648000000
}
real_time {
  sec: 29
  nsec: 693901349
}
iterations: 6912
real_time_factor: 0.99997050087022432
step_size {
  nsec: 4000000
}

sim_time {
  sec: 27
  nsec: 748000000
}
real_time {
  sec: 29
  nsec: 793903561
}
iterations: 6937
real_time_factor: 1.0001670278936583
step_size {
  nsec: 4000000
}

sim_time {
  sec: 27
  nsec: 848000000
}
real_time {
  sec: 29
  nsec: 893905385
}
iterations: 6962
real_time_factor: 1.0004191756345908
step_size {
  nsec: 4000000
}

sim_time {
  sec: 27
  nsec: 952000000
}
real_time {
  sec: 29
  nsec: 997903234
}
iterations: 6988
real_time_factor: 0.99974556475377019
step_size {
  nsec: 4000000
}

sim_time {
  sec: 28
  nsec: 56000000
}
real_time {
  sec: 30
  nsec: 101903787
}
iterations: 7014
real_time_factor: 0.9997525612410928
step_size {
  nsec: 4000000
}

sim_time {
  sec: 28
  nsec: 160000000
}
real_time {
  sec: 30
  nsec: 205902709
}
iterations: 7040
real_time_factor: 0.99999350004224974
step_size {
  nsec: 4000000
}

sim_time {
  sec: 28
  nsec: 260000000
}
real_time {
  sec: 30
  nsec: 305903579
}
iterations: 7065
real_time_factor: 1.0004887387488788
step_size {
  nsec: 4000000
}

sim_time {
  sec: 28
  nsec: 364000000
}
real_time {
  sec: 30
  nsec: 409902067
}
iterations: 7091
real_time_factor: 1.0002200484106503
step_size {
  nsec: 4000000
}

sim_time {
  sec: 28
  nsec: 464000000
}
real_time {
  sec: 30
  nsec: 509903630
}
iterations: 7116
real_time_factor: 1.0001507727289889
step_size {
  nsec: 4000000
}

sim_time {
  sec: 28
  nsec: 568000000
}
real_time {
  sec: 30
  nsec: 613902813
}
iterations: 7142
real_time_factor: 1.0001045109213913
step_size {
  nsec: 4000000
}

sim_time {
  sec: 28
  nsec: 672000000
}
real_time {
  sec: 30
  nsec: 717901866
}
iterations: 7168
real_time_factor: 0.99998875012656108
step_size {
  nsec: 4000000
}

sim_time {
  sec: 28
  nsec: 772000000
}
real_time {
  sec: 30
  nsec: 817903649
}
iterations: 7193
real_time_factor: 0.99970158907566087
step_size {
  nsec: 4000000
}

sim_time {
  sec: 28
  nsec: 876000000
}
real_time {
  sec: 30
  nsec: 921901986
}
iterations: 7219
real_time_factor: 0.99997725051755071
step_size {
  nsec: 4000000
}

sim_time {
  sec: 28
  nsec: 976000000
}
real_time {
  sec: 31
  nsec: 21902640
}
iterations: 7244
real_time_factor: 1.0000927586033606
step_size {
  nsec: 4000000
}

sim_time {
  sec: 29
  nsec: 76000000
}
real_time {
  sec: 31
  nsec: 121905274
}
iterations: 7269
real_time_factor: 0.99979679130216781
step_size {
  nsec: 4000000
}

sim_time {
  sec: 29
  nsec: 180000000
}
real_time {
  sec: 31
  nsec: 225910389
}
iterations: 7295
real_time_factor: 0.99777844628933676
step_size {
  nsec: 4000000
}

sim_time {
  sec: 29
  nsec: 284000000
}
real_time {
  sec: 31
  nsec: 329904513
}
iterations: 7321
real_time_factor: 1.0000420017640741
step_size {
  nsec: 4000000
}

sim_time {
  sec: 29
  nsec: 388000000
}
real_time {
  sec: 31
  nsec: 433901952
}
iterations: 7347
real_time_factor: 0.99997725051755071
step_size {
  nsec: 4000000
}

sim_time {
  sec: 29
  nsec: 492000000
}
real_time {
  sec: 31
  nsec: 537901529
}
iterations: 7373
real_time_factor: 1.0000330010890359
step_size {
  nsec: 4000000
}

sim_time {
  sec: 29
  nsec: 596000000
}
real_time {
  sec: 31
  nsec: 641901598
}
iterations: 7399
real_time_factor: 1.00000050000025
step_size {
  nsec: 4000000
}

sim_time {
  sec: 29
  nsec: 696000000
}
real_time {
  sec: 31
  nsec: 741902557
}
iterations: 7424
real_time_factor: 0.99995625191397874
step_size {
  nsec: 4000000
}

sim_time {
  sec: 29
  nsec: 796000000
}
real_time {
  sec: 31
  nsec: 842125163
}
iterations: 7449
real_time_factor: 0.94718541486010777
step_size {
  nsec: 4000000
}

sim_time {
  sec: 29
  nsec: 900000000
}
real_time {
  sec: 31
  nsec: 945901652
}
iterations: 7475
real_time_factor: 1.0000977595559966
step_size {
  nsec: 4000000
}

sim_time {
  sec: 30
}
real_time {
  sec: 32
  nsec: 45903534
}
iterations: 7500
real_time_factor: 0.99998425024805859
step_size {
  nsec: 4000000
}

sim_time {
  sec: 30
  nsec: 104000000
}
real_time {
  sec: 32
  nsec: 149902479
}
iterations: 7526
real_time_factor: 1.0001487721298543
step_size {
  nsec: 4000000
}

sim_time {
  sec: 30
  nsec: 204000000
}
real_time {
  sec: 32
  nsec: 249902278
}
iterations: 7551
real_time_factor: 0.9999957500180624
step_size {
  nsec: 4000000
}

sim_time {
  sec: 30
  nsec: 308000000
}
real_time {
  sec: 32
  nsec: 353902029
}
iterations: 7577
real_time_factor: 0.99986851728997639
step_size {
  nsec: 4000000
}

sim_time {
  sec: 30
  nsec: 408000000
}
real_time {
  sec: 32
  nsec: 453905615
}
iterations: 7602
real_time_factor: 0.99928526121691463
step_size {
  nsec: 4000000
}

sim_time {
  sec: 30
  nsec: 512000000
}
real_time {
  sec: 32
  nsec: 557901041
}
iterations: 7628
real_time_factor: 1.0000770059294566
step_size {
  nsec: 4000000
}

sim_time {
  sec: 30
  nsec: 612000000
}
real_time {
  sec: 32
  nsec: 657903349
}
iterations: 7653
real_time_factor: 1.0003383644517758
step_size {
  nsec: 4000000
}

sim_time {
  sec: 30
  nsec: 712000000
}
real_time {
  sec: 32
  nsec: 757903480
}
iterations: 7678
real_time_factor: 1.0002458104079077
step_size {
  nsec: 4000000
}

sim_time {
  sec: 30
  nsec: 816000000
}
real_time {
  sec: 32
  nsec: 861902719
}
iterations: 7704
real_time_factor: 0.99975730891326131
step_size {
  nsec: 4000000
}

sim_time {
  sec: 30
  nsec: 920000000
}
real_time {
  sec: 32
  nsec: 965903189
}
iterations: 7730
real_time_factor: 0.99986626788667021
step_size {
  nsec: 4000000
}

sim_time {
  sec: 31
  nsec: 20000000
}
real_time {
  sec: 33
  nsec: 65907336
}
iterations: 7755
real_time_factor: 0.99971358205874017
step_size {
  nsec: 4000000
}

sim_time {
  sec: 31
  nsec: 124000000
}
real_time {
  sec: 33
  nsec: 169902380
}
iterations: 7781
real_time_factor: 1.0009784564411712
step_size {
  nsec: 4000000
}

sim_time {
  sec: 31
  nsec: 224000000
}
real_time {
  sec: 33
  nsec: 269904463
}
iterations: 7806
real_time_factor: 1.0001347681600095
step_size {
  nsec: 4000000
}

sim_time {
  sec: 31
  nsec: 328000000
}
real_time {
  sec: 33
  nsec: 373901544
}
iterations: 7832
real_time_factor: 1.0000190003610068
step_size {
  nsec: 4000000
}

sim_time {
  sec: 31
  nsec: 428000000
}
real_time {
  sec: 33
  nsec: 473902553
}
iterations: 7857
real_time_factor: 0.99972732437227751
step_size {
  nsec: 4000000
}

sim_time {
  sec: 31
  nsec: 532000000
}
real_time {
  sec: 33
  nsec: 577901088
}
iterations: 7883
real_time_factor: 1.0000582533932603
step_size {
  nsec: 4000000
}

sim_time {
  sec: 31
  nsec: 632000000
}
real_time {
  sec: 33
  nsec: 677905402
}
iterations: 7908
real_time_factor: 0.99947302784606817
step_size {
  nsec: 4000000
}

sim_time {
  sec: 31
  nsec: 736000000
}
real_time {
  sec: 33
  nsec: 781904185
}
iterations: 7934
real_time_factor: 0.99954945308402243
step_size {
  nsec: 4000000
}

sim_time {
  sec: 31
  nsec: 840000000
}
real_time {
  sec: 33
  nsec: 885903894
}
iterations: 7960
real_time_factor: 0.99956768697538312
step_size {
  nsec: 4000000
}

sim_time {
  sec: 31
  nsec: 940000000
}
real_time {
  sec: 33
  nsec: 985903881
}
iterations: 7985
real_time_factor: 1.0006929798885729
step_size {
  nsec: 4000000
}

sim_time {
  sec: 32
  nsec: 40000000
}
real_time {
  sec: 34
  nsec: 85907777
}
iterations: 8010
real_time_factor: 0.99930648130197641
step_size {
  nsec: 4000000
}

sim_time {
  sec: 32
  nsec: 144000000
}
real_time {
  sec: 34
  nsec: 189905192
}
iterations: 8036
real_time_factor: 1.0003593791069443
step_size {
  nsec: 4000000
}

sim_time {
  sec: 32
  nsec: 248000000
}
real_time {
  sec: 34
  nsec: 293901901
}
iterations: 8062
real_time_factor: 1.0000625039064941
step_size {
  nsec: 4000000
}

sim_time {
  sec: 32
  nsec: 348000000
}
real_time {
  sec: 34
  nsec: 393905277
}
iterations: 8087
real_time_factor: 0.99920238669482087
step_size {
  nsec: 4000000
}

sim_time {
  sec: 32
  nsec: 452000000
}
real_time {
  sec: 34
  nsec: 497908123
}
iterations: 8113
real_time_factor: 0.99872662355496744
step_size {
  nsec: 4000000
}

sim_time {
  sec: 32
  nsec: 556000000
}
real_time {
  sec: 34
  nsec: 601902025
}
iterations: 8139
real_time_factor: 1.0001810327669307
step_size {
  nsec: 4000000
}

sim_time {
  sec: 32
  nsec: 660000000
}
real_time {
  sec: 34
  nsec: 705901549
}
iterations: 8165
real_time_factor: 0.99998875012656108
step_size {
  nsec: 4000000
}

sim_time {
  sec: 32
  nsec: 764000000
}
real_time {
  sec: 34
  nsec: 809901153
}
iterations: 8191
real_time_factor: 1.0000930086498043
step_size {
  nsec: 4000000
}

sim_time {
  sec: 32
  nsec: 864000000
}
real_time {
  sec: 34
  nsec: 909903600
}
iterations: 8216
real_time_factor: 1.0002065426510574
step_size {
  nsec: 4000000
}

sim_time {
  sec: 32
  nsec: 968000000
}
real_time {
  sec: 35
  nsec: 13902869
}
iterations: 8242
real_time_factor: 1.0002065426510574
step_size {
  nsec: 4000000
}

sim_time {
  sec: 33
  nsec: 68000000
}
real_time {
  sec: 35
  nsec: 113903679
}
iterations: 8267
real_time_factor: 1.0007019924477021
step_size {
  nsec: 4000000
}

sim_time {
  sec: 33
  nsec: 168000000
}
real_time {
  sec: 35
  nsec: 213903922
}
iterations: 8292
real_time_factor: 0.99988026433834554
step_size {
  nsec: 4000000
}

sim_time {
  sec: 33
  nsec: 272000000
}
real_time {
  sec: 35
  nsec: 317901700
}
iterations: 8318
real_time_factor: 1.0001370187715717
step_size {
  nsec: 4000000
}

sim_time {
  sec: 33
  nsec: 372000000
}
real_time {
  sec: 35
  nsec: 417903569
}
iterations: 8343
real_time_factor: 1.000825430774031
step_size {
  nsec: 4000000
}

sim_time {
  sec: 33
  nsec: 476000000
}
real_time {
  sec: 35
  nsec: 521901326
}
iterations: 8369
real_time_factor: 1.0001510228044435
step_size {
  nsec: 4000000
}

sim_time {
  sec: 33
  nsec: 576000000
}
real_time {
  sec: 35
  nsec: 621905334
}
iterations: 8394
real_time_factor: 1.00000050000025
step_size {
  nsec: 4000000
}

sim_time {
  sec: 33
  nsec: 680000000
}
real_time {
  sec: 35
  nsec: 725901314
}
iterations: 8420
real_time_factor: 1.0001880353506458
step_size {
  nsec: 4000000
}

sim_time {
  sec: 33
  nsec: 784000000
}
real_time {
  sec: 35
  nsec: 829901665
}
iterations: 8446
real_time_factor: 0.9999820003239942
step_size {
  nsec: 4000000
}

sim_time {
  sec: 33
  nsec: 884000000
}
real_time {
  sec: 35
  nsec: 929902157
}
iterations: 8471
real_time_factor: 0.9998290292360007
step_size {
  nsec: 4000000
}

sim_time {
  sec: 33
  nsec: 984000000
}
real_time {
  sec: 36
  nsec: 29905707
}
iterations: 8496
real_time_factor: 0.9998547710944985
step_size {
  nsec: 4000000
}

sim_time {
  sec: 34
  nsec: 88000000
}
real_time {
  sec: 36
  nsec: 133904432
}
iterations: 8522
real_time_factor: 0.99919115476022158
step_size {
  nsec: 4000000
}

sim_time {
  sec: 34
  nsec: 192000000
}
real_time {
  sec: 36
  nsec: 237902173
}
iterations: 8548
real_time_factor: 0.99994950255012127
step_size {
  nsec: 4000000
}

sim_time {
  sec: 34
  nsec: 292000000
}
real_time {
  sec: 36
  nsec: 337905553
}
iterations: 8573
real_time_factor: 1.0003823961709364
step_size {
  nsec: 4000000
}

sim_time {
  sec: 34
  nsec: 396000000
}
real_time {
  sec: 36
  nsec: 441901764
}
iterations: 8599
real_time_factor: 1.0002205486309732
step_size {
  nsec: 4000000
}

sim_time {
  sec: 34
  nsec: 496000000
}
real_time {
  sec: 36
  nsec: 541915634
}
iterations: 8624
real_time_factor: 0.99667856866990756
step_size {
  nsec: 4000000
}

sim_time {
  sec: 34
  nsec: 600000000
}
real_time {
  sec: 36
  nsec: 645901318
}
iterations: 8650
real_time_factor: 1.000100010001
step_size {
  nsec: 4000000
}

sim_time {
  sec: 34
  nsec: 700000000
}
real_time {
  sec: 36
  nsec: 745902105
}
iterations: 8675
real_time_factor: 1.0000445019803381
step_size {
  nsec: 4000000
}

sim_time {
  sec: 34
  nsec: 800000000
}
real_time {
  sec: 36
  nsec: 845902594
}
iterations: 8700
real_time_factor: 1.0001670278936583
step_size {
  nsec: 4000000
}

sim_time {
  sec: 34
  nsec: 900000000
}
real_time {
  sec: 36
  nsec: 945903433
}
iterations: 8725
real_time_factor: 0.99998925011556128
step_size {
  nsec: 4000000
}

sim_time {
  sec: 35
  nsec: 4000000
}
real_time {
  sec: 37
  nsec: 49905003
}
iterations: 8751
real_time_factor: 0.99934817515275665
step_size {
  nsec: 4000000
}

sim_time {
  sec: 35
  nsec: 104000000
}
real_time {
  sec: 37
  nsec: 149905473
}
iterations: 8776
real_time_factor: 0.999526224569554
step_size {
  nsec: 4000000
}

sim_time {
  sec: 35
  nsec: 208000000
}
real_time {
  sec: 37
  nsec: 253901561
}
iterations: 8802
real_time_factor: 0.99997025088503622
step_size {
  nsec: 4000000
}

sim_time {
  sec: 35
  nsec: 308000000
}
real_time {
  sec: 37
  nsec: 353901845
}
iterations: 8827
real_time_factor: 1.0000122501500643
step_size {
  nsec: 4000000
}

sim_time {
  sec: 35
  nsec: 412000000
}
real_time {
  sec: 37
  nsec: 457901914
}
iterations: 8853
real_time_factor: 1.0000422517851379
step_size {
  nsec: 4000000
}

sim_time {
  sec: 35
  nsec: 512000000
}
real_time {
  sec: 37
  nsec: 557902838
}
iterations: 8878
real_time_factor: 0.99985951973747689
step_size {
  nsec: 4000000
}

sim_time {
  sec: 35
  nsec: 616000000
}
real_time {
  sec: 37
  nsec: 661902242
}
iterations: 8904
real_time_factor: 1.000079006241493
step_size {
  nsec: 4000000
}

sim_time {
  sec: 35
  nsec: 716000000
}
real_time {
  sec: 37
  nsec: 761902904
}
iterations: 8929
real_time_factor: 0.99978054816967676
step_size {
  nsec: 4000000
}

sim_time {
  sec: 35
  nsec: 816000000
}
real_time {
  sec: 37
  nsec: 861904093
}
iterations: 8954
real_time_factor: 0.99927178068982225
step_size {
  nsec: 4000000
}

sim_time {
  sec: 35
  nsec: 916000000
}
real_time {
  sec: 37
  nsec: 962017283
}
iterations: 8979
real_time_factor: 0.97181328454182769
step_size {
  nsec: 4000000
}

sim_time {
  sec: 36
  nsec: 20000000
}
real_time {
  sec: 38
  nsec: 65903441
}
iterations: 9005
real_time_factor: 1.0005750805275333
step_size {
  nsec: 4000000
}

sim_time {
  sec: 36
  nsec: 124000000
}
real_time {
  sec: 38
  nsec: 169904647
}
iterations: 9031
real_time_factor: 0.99990125975059962
step_size {
  nsec: 4000000
}

sim_time {
  sec: 36
  nsec: 224000000
}
real_time {
  sec: 38
  nsec: 269910818
}
iterations: 9056
real_time_factor: 0.99809887117512919
step_size {
  nsec: 4000000
}

sim_time {
  sec: 36
  nsec: 328000000
}
real_time {
  sec: 38
  nsec: 373903514
}
iterations: 9082
real_time_factor: 1.000100010001
step_size {
  nsec: 4000000
}

sim_time {
  sec: 36
  nsec: 428000000
}
real_time {
  sec: 38
  nsec: 473905416
}
iterations: 9107
real_time_factor: 0.99960265794346748
step_size {
  nsec: 4000000
}

sim_time {
  sec: 36
  nsec: 532000000
}
real_time {
  sec: 38
  nsec: 577901538
}
iterations: 9133
real_time_factor: 0.99999850000225
step_size {
  nsec: 4000000
}

sim_time {
  sec: 36
  nsec: 632000000
}
real_time {
  sec: 38
  nsec: 677903644
}
iterations: 9158
real_time_factor: 0.99997525061254733
step_size {
  nsec: 4000000
}

sim_time {
  sec: 36
  nsec: 732000000
}
real_time {
  sec: 38
  nsec: 777904388
}
iterations: 9183
real_time_factor: 0.99987076670340358
step_size {
  nsec: 4000000
}

sim_time {
  sec: 36
  nsec: 832000000
}
real_time {
  sec: 38
  nsec: 877904129
}
iterations: 9208
real_time_factor: 1.0008276844950774
step_size {
  nsec: 4000000
}

sim_time {
  sec: 36
  nsec: 932000000
}
real_time {
  sec: 38
  nsec: 977905399
}
iterations: 9233
real_time_factor: 0.99969984012300306
step_size {
  nsec: 4000000
}

sim_time {
  sec: 37
  nsec: 36000000
}
real_time {
  sec: 39
  nsec: 81903287
}
iterations: 9259
real_time_factor: 0.99993325445526515
step_size {
  nsec: 4000000
}

sim_time {
  sec: 37
  nsec: 140000000
}
real_time {
  sec: 39
  nsec: 185911221
}
iterations: 9285
real_time_factor: 0.998085173594459
step_size {
  nsec: 4000000
}

sim_time {
  sec: 37
  nsec: 244000000
}
real_time {
  sec: 39
  nsec: 289906720
}
iterations: 9311
real_time_factor: 0.99892989634853668
step_size {
  nsec: 4000000
}

sim_time {
  sec: 37
  nsec: 348000000
}
real_time {
  sec: 39
  nsec: 393906552
}
iterations: 9337
real_time_factor: 1.0001742803683542
step_size {
  nsec: 4000000
}

sim_time {
  sec: 37
  nsec: 452000000
}
real_time {
  sec: 39
  nsec: 497903885
}
iterations: 9363
real_time_factor: 1.0004426958929327
step_size {
  nsec: 4000000
}

sim_time {
  sec: 37
  nsec: 556000000
}
real_time {
  sec: 39
  nsec: 601901504
}
iterations: 9389
real_time_factor: 1.0001347681600095
step_size {
  nsec: 4000000
}

sim_time {
  sec: 37
  nsec: 656000000
}
real_time {
  sec: 39
  nsec: 701906042
}
iterations: 9414
real_time_factor: 0.99997750050623857
step_size {
  nsec: 4000000
}

sim_time {
  sec: 37
  nsec: 756000000
}
real_time {
  sec: 39
  nsec: 801908458
}
iterations: 9439
real_time_factor: 0.99892066622014908
step_size {
  nsec: 4000000
}

sim_time {
  sec: 37
  nsec: 856000000
}
real_time {
  sec: 39
  nsec: 903214724
}
iterations: 9464
real_time_factor: 0.75404957612045642
step_size {
  nsec: 4000000
}

sim_time {
  sec: 37
  nsec: 960000000
}
real_time {
  sec: 40
  nsec: 5902249
}
iterations: 9490
real_time_factor: 1.00112000300336
step_size {
  nsec: 4000000
}

sim_time {
  sec: 38
  nsec: 60000000
}
real_time {
  sec: 40
  nsec: 105910053
}
iterations: 9515
real_time_factor: 0.998948357117045
step_size {
  nsec: 4000000
}

sim_time {
  sec: 38
  nsec: 164000000
}
real_time {
  sec: 40
  nsec: 209904354
}
iterations: 9541
real_time_factor: 0.99937613944495152
step_size {
  nsec: 4000000
}

sim_time {
  sec: 38
  nsec: 268000000
}
real_time {
  sec: 40
  nsec: 313903776
}
iterations: 9567
real_time_factor: 1.0001627764918741
step_size {
  nsec: 4000000
}

sim_time {
  sec: 38
  nsec: 368000000
}
real_time {
  sec: 40
  nsec: 413907979
}
iterations: 9592
real_time_factor: 0.99945679523179154
step_size {
  nsec: 4000000
}

sim_time {
  sec: 38
  nsec: 472000000
}
real_time {
  sec: 40
  nsec: 517902179
}
iterations: 9618
real_time_factor: 1.0000977595559966
step_size {
  nsec: 4000000
}

sim_time {
  sec: 38
  nsec: 572000000
}
real_time {
  sec: 40
  nsec: 617903019
}
iterations: 9643
real_time_factor: 1.0006934805820433
step_size {
  nsec: 4000000
}

sim_time {
  sec: 38
  nsec: 672000000
}
real_time {
  sec: 40
  nsec: 717995639
}
iterations: 9668
real_time_factor: 0.97762151041056922
step_size {
  nsec: 4000000
}

sim_time {
  sec: 38
  nsec: 776000000
}
real_time {
  sec: 40
  nsec: 821902251
}
iterations: 9694
real_time_factor: 0.99979029398583652
step_size {
  nsec: 4000000
}

sim_time {
  sec: 38
  nsec: 876000000
}
real_time {
  sec: 40
  nsec: 921908044
}
iterations: 9719
real_time_factor: 0.99848205765185472
step_size {
  nsec: 4000000
}

sim_time {
  sec: 38
  nsec: 980000000
}
real_time {
  sec: 41
  nsec: 25902463
}
iterations: 9745
real_time_factor: 1.0003040924441029
step_size {
  nsec: 4000000
}

sim_time {
  sec: 39
  nsec: 80000000
}
real_time {
  sec: 41
  nsec: 125903079
}
iterations: 9770
real_time_factor: 1.017072063115424
step_size {
  nsec: 4000000
}

sim_time {
  sec: 39
  nsec: 180000000
}
real_time {
  sec: 41
  nsec: 225904084
}
iterations: 9795
real_time_factor: 1.0001812828575178
step_size {
  nsec: 4000000
}

sim_time {
  sec: 39
  nsec: 280000000
}
real_time {
  sec: 41
  nsec: 325905700
}
iterations: 9820
real_time_factor: 1.1844692393338545
step_size {
  nsec: 4000000
}

sim_time {
  sec: 39
  nsec: 384000000
}
real_time {
  sec: 41
  nsec: 429904906
}
iterations: 9846
real_time_factor: 0.99936690106817327
step_size {
  nsec: 4000000
}

sim_time {
  sec: 39
  nsec: 488000000
}
real_time {
  sec: 41
  nsec: 533902075
}
iterations: 9872
real_time_factor: 0.99994750275610533
step_size {
  nsec: 4000000
}

sim_time {
  sec: 39
  nsec: 588000000
}
real_time {
  sec: 41
  nsec: 633902294
}
iterations: 9897
real_time_factor: 0.99996325135051289
step_size {
  nsec: 4000000
}

sim_time {
  sec: 39
  nsec: 688000000
}
real_time {
  sec: 41
  nsec: 733902798
}
iterations: 9922
real_time_factor: 1.0015330967879081
step_size {
  nsec: 4000000
}

sim_time {
  sec: 39
  nsec: 792000000
}
real_time {
  sec: 41
  nsec: 837902381
}
iterations: 9948
real_time_factor: 0.99988951220890088
step_size {
  nsec: 4000000
}

sim_time {
  sec: 39
  nsec: 892000000
}
real_time {
  sec: 41
  nsec: 937903763
}
iterations: 9973
real_time_factor: 0.999917256846996
step_size {
  nsec: 4000000
}

sim_time {
  sec: 39
  nsec: 992000000
}
real_time {
  sec: 42
  nsec: 37904728
}
iterations: 9998
real_time_factor: 0.999769303233279
step_size {
  nsec: 4000000
}

sim_time {
  sec: 40
  nsec: 96000000
}
real_time {
  sec: 42
  nsec: 141902486
}
iterations: 10024
real_time_factor: 1.0001212647033453
step_size {
  nsec: 4000000
}

sim_time {
  sec: 40
  nsec: 196000000
}
real_time {
  sec: 42
  nsec: 241909267
}
iterations: 10049
real_time_factor: 0.99809687877639308
step_size {
  nsec: 4000000
}

sim_time {
  sec: 40
  nsec: 300000000
}
real_time {
  sec: 42
  nsec: 345903359
}
iterations: 10075
real_time_factor: 1.0002390571346551
step_size {
  nsec: 4000000
}

sim_time {
  sec: 40
  nsec: 404000000
}
real_time {
  sec: 42
  nsec: 449902154
}
iterations: 10101
real_time_factor: 1.0000540029161575
step_size {
  nsec: 4000000
}

sim_time {
  sec: 40
  nsec: 504000000
}
real_time {
  sec: 42
  nsec: 549902221
}
iterations: 10126
real_time_factor: 0.99982927915058506
step_size {
  nsec: 4000000
}

sim_time {
  sec: 40
  nsec: 604000000
}
real_time {
  sec: 42
  nsec: 649906076
}
iterations: 10151
real_time_factor: 0.99937139539229825
step_size {
  nsec: 4000000
}

sim_time {
  sec: 40
  nsec: 708000000
}
real_time {
  sec: 42
  nsec: 753906046
}
iterations: 10177
real_time_factor: 0.99928351372066226
step_size {
  nsec: 4000000
}

sim_time {
  sec: 40
  nsec: 812000000
}
real_time {
  sec: 42
  nsec: 857906154
}
iterations: 10203
real_time_factor: 0.99938987248284927
step_size {
  nsec: 4000000
}

sim_time {
  sec: 40
  nsec: 916000000
}
real_time {
  sec: 42
  nsec: 961903632
}
iterations: 10229
real_time_factor: 1.000616880306709
step_size {
  nsec: 4000000
}

sim_time {
  sec: 41
  nsec: 20000000
}
real_time {
  sec: 43
  nsec: 65901952
}
iterations: 10255
real_time_factor: 1.0002370561823153
step_size {
  nsec: 4000000
}

sim_time {
  sec: 41
  nsec: 124000000
}
real_time {
  sec: 43
  nsec: 169901015
}
iterations: 10281
real_time_factor: 1.0001557742618412
step_size {
  nsec: 4000000
}

sim_time {
  sec: 41
  nsec: 224000000
}
real_time {
  sec: 43
  nsec: 269908560
}
iterations: 10306
real_time_factor: 0.99929300020235678
step_size {
  nsec: 4000000
}

sim_time {
  sec: 41
  nsec: 328000000
}
real_time {
  sec: 43
  nsec: 373901394
}
iterations: 10332
real_time_factor: 1.0000027500075626
step_size {
  nsec: 4000000
}

sim_time {
  sec: 41
  nsec: 428000000
}
real_time {
  sec: 43
  nsec: 473905459
}
iterations: 10357
real_time_factor: 1.0602202448525644
step_size {
  nsec: 4000000
}

sim_time {
  sec: 41
  nsec: 532000000
}
real_time {
  sec: 43
  nsec: 577902132
}
iterations: 10383
real_time_factor: 1.0001602756841783
step_size {
  nsec: 4000000
}

sim_time {
  sec: 41
  nsec: 632000000
}
real_time {
  sec: 43
  nsec: 677902029
}
iterations: 10408
real_time_factor: 0.99996825100803044
step_size {
  nsec: 4000000
}

sim_time {
  sec: 41
  nsec: 736000000
}
real_time {
  sec: 43
  nsec: 781901802
}
iterations: 10434
real_time_factor: 1.0000055000302501
step_size {
  nsec: 4000000
}

sim_time {
  sec: 41
  nsec: 836000000
}
real_time {
  sec: 43
  nsec: 881908355
}
iterations: 10459
real_time_factor: 0.99856306774551418
step_size {
  nsec: 4000000
}

sim_time {
  sec: 41
  nsec: 940000000
}
real_time {
  sec: 43
  nsec: 985902988
}
iterations: 10485
real_time_factor: 0.99996600115596068
step_size {
  nsec: 4000000
}

sim_time {
  sec: 42
  nsec: 44000000
}
real_time {
  sec: 44
  nsec: 89905889
}
iterations: 10511
real_time_factor: 0.99916095458838439
step_size {
  nsec: 4000000
}

sim_time {
  sec: 42
  nsec: 144000000
}
real_time {
  sec: 44
  nsec: 189906775
}
iterations: 10536
real_time_factor: 0.99863686068516477
step_size {
  nsec: 4000000
}

sim_time {
  sec: 42
  nsec: 248000000
}
real_time {
  sec: 44
  nsec: 293903916
}
iterations: 10562
real_time_factor: 1.0005705753706051
step_size {
  nsec: 4000000
}

sim_time {
  sec: 42
  nsec: 352000000
}
real_time {
  sec: 44
  nsec: 397901828
}
iterations: 10588
real_time_factor: 1.0000952590734267
step_size {
  nsec: 4000000
}

sim_time {
  sec: 42
  nsec: 452000000
}
real_time {
  sec: 44
  nsec: 497904037
}
iterations: 10613
real_time_factor: 0.99942932585493682
step_size {
  nsec: 4000000
}

sim_time {
  sec: 42
  nsec: 552000000
}
real_time {
  sec: 44
  nsec: 597904098
}
iterations: 10638
real_time_factor: 1.0003015909296653
step_size {
  nsec: 4000000
}

sim_time {
  sec: 42
  nsec: 656000000
}
real_time {
  sec: 44
  nsec: 701903759
}
iterations: 10664
real_time_factor: 0.99992175612258338
step_size {
  nsec: 4000000
}

sim_time {
  sec: 42
  nsec: 756000000
}
real_time {
  sec: 44
  nsec: 801905763
}
iterations: 10689
real_time_factor: 0.99932745262438383
step_size {
  nsec: 4000000
}

sim_time {
  sec: 42
  nsec: 860000000
}
real_time {
  sec: 44
  nsec: 905904605
}
iterations: 10715
real_time_factor: 0.999336690271832
step_size {
  nsec: 4000000
}

sim_time {
  sec: 42
  nsec: 964000000
}
real_time {
  sec: 45
  nsec: 9901874
}
iterations: 10741
real_time_factor: 0.99987101663885358
step_size {
  nsec: 4000000
}

sim_time {
  sec: 43
  nsec: 68000000
}
real_time {
  sec: 45
  nsec: 113901550
}
iterations: 10767
real_time_factor: 0.99998450024024632
step_size {
  nsec: 4000000
}

sim_time {
  sec: 43
  nsec: 172000000
}
real_time {
  sec: 45
  nsec: 217901606
}
iterations: 10793
real_time_factor: 0.99992900504064208
step_size {
  nsec: 4000000
}

sim_time {
  sec: 43
  nsec: 276000000
}
real_time {
  sec: 45
  nsec: 321901394
}
iterations: 10819
real_time_factor: 0.99994025356984917
step_size {
  nsec: 4000000
}

sim_time {
  sec: 43
  nsec: 376000000
}
real_time {
  sec: 45
  nsec: 421902332
}
iterations: 10844
real_time_factor: 0.99979929029247383
step_size {
  nsec: 4000000
}

sim_time {
  sec: 43
  nsec: 480000000
}
real_time {
  sec: 45
  nsec: 525901470
}
iterations: 10870
real_time_factor: 0.9999872501625604
step_size {
  nsec: 4000000
}

sim_time {
  sec: 43
  nsec: 580000000
}
real_time {
  sec: 45
  nsec: 625904724
}
iterations: 10895
real_time_factor: 0.999447805087689
step_size {
  nsec: 4000000
}

sim_time {
  sec: 43
  nsec: 684000000
}
real_time {
  sec: 45
  nsec: 729901410
}
iterations: 10921
real_time_factor: 0.99992200608352544
step_size {
  nsec: 4000000
}

sim_time {
  sec: 43
  nsec: 784000000
}
real_time {
  sec: 45
  nsec: 829904539
}
iterations: 10946
real_time_factor: 1.0006331506260586
step_size {
  nsec: 4000000
}

sim_time {
  sec: 43
  nsec: 888000000
}
real_time {
  sec: 45
  nsec: 933904555
}
iterations: 10972
real_time_factor: 0.99923283898786708
step_size {
  nsec: 4000000
}

sim_time {
  sec: 43
  nsec: 988000000
}
real_time {
  sec: 46
  nsec: 33905954
}
iterations: 10997
real_time_factor: 0.99992900504064208
step_size {
  nsec: 4000000
}

sim_time {
  sec: 44
  nsec: 92000000
}
real_time {
  sec: 46
  nsec: 137901563
}
iterations: 11023
real_time_factor: 1.000095509121121
step_size {
  nsec: 4000000
}

sim_time {
  sec: 44
  nsec: 192000000
}
real_time {
  sec: 46
  nsec: 237902340
}
iterations: 11048
real_time_factor: 0.99981128561983923
step_size {
  nsec: 4000000
}

sim_time {
  sec: 44
  nsec: 292000000
}
real_time {
  sec: 46
  nsec: 337902905
}
iterations: 11073
real_time_factor: 0.99993825381282708
step_size {
  nsec: 4000000
}

sim_time {
  sec: 44
  nsec: 396000000
}
real_time {
  sec: 46
  nsec: 441903996
}
iterations: 11099
real_time_factor: 0.99962589001066349
step_size {
  nsec: 4000000
}

sim_time {
  sec: 44
  nsec: 500000000
}
real_time {
  sec: 46
  nsec: 545902243
}
iterations: 11125
real_time_factor: 1.0001212647033453
step_size {
  nsec: 4000000
}

sim_time {
  sec: 44
  nsec: 600000000
}
real_time {
  sec: 46
  nsec: 645901800
}
iterations: 11150
real_time_factor: 1.0003526243000658
step_size {
  nsec: 4000000
}

sim_time {
  sec: 44
  nsec: 700000000
}
real_time {
  sec: 46
  nsec: 745903549
}
iterations: 11175
real_time_factor: 0.9998987602505246
step_size {
  nsec: 4000000
}

sim_time {
  sec: 44
  nsec: 804000000
}
real_time {
  sec: 46
  nsec: 849903691
}
iterations: 11201
real_time_factor: 0.99956593849121023
step_size {
  nsec: 4000000
}

sim_time {
  sec: 44
  nsec: 904000000
}
real_time {
  sec: 46
  nsec: 949907022
}
iterations: 11226
real_time_factor: 0.99944331007628751
step_size {
  nsec: 4000000
}

sim_time {
  sec: 45
  nsec: 8000000
}
real_time {
  sec: 47
  nsec: 53906044
}
iterations: 11252
real_time_factor: 1.00007475558798
step_size {
  nsec: 4000000
}

sim_time {
  sec: 45
  nsec: 112000000
}
real_time {
  sec: 47
  nsec: 157904530
}
iterations: 11278
real_time_factor: 0.99958642111826235
step_size {
  nsec: 4000000
}

sim_time {
  sec: 45
  nsec: 216000000
}
real_time {
  sec: 47
  nsec: 261902580
}
iterations: 11304
real_time_factor: 1.0000632540008156
step_size {
  nsec: 4000000
}

sim_time {
  sec: 45
  nsec: 316000000
}
real_time {
  sec: 47
  nsec: 361903180
}
iterations: 11329
real_time_factor: 1.0006028632250932
step_size {
  nsec: 4000000
}

sim_time {
  sec: 45
  nsec: 416000000
}
real_time {
  sec: 47
  nsec: 461932038
}
iterations: 11354
real_time_factor: 0.99400441387659977
step_size {
  nsec: 4000000
}

sim_time {
  sec: 45
  nsec: 520000000
}
real_time {
  sec: 47
  nsec: 565904801
}
iterations: 11380
real_time_factor: 0.99985502102195178
step_size {
  nsec: 4000000
}

sim_time {
  sec: 45
  nsec: 620000000
}
real_time {
  sec: 47
  nsec: 665906142
}
iterations: 11405
real_time_factor: 0.99947777286367878
step_size {
  nsec: 4000000
}

sim_time {
  sec: 45
  nsec: 724000000
}
real_time {
  sec: 47
  nsec: 769904413
}
iterations: 11431
real_time_factor: 0.99932994926901508
step_size {
  nsec: 4000000
}

sim_time {
  sec: 45
  nsec: 828000000
}
real_time {
  sec: 47
  nsec: 873902136
}
iterations: 11457
real_time_factor: 1.0001187641032372
step_size {
  nsec: 4000000
}

sim_time {
  sec: 45
  nsec: 928000000
}
real_time {
  sec: 47
  nsec: 973903723
}
iterations: 11482
real_time_factor: 0.9993277022882856
step_size {
  nsec: 4000000
}

sim_time {
  sec: 46
  nsec: 32000000
}
real_time {
  sec: 48
  nsec: 77901900
}
iterations: 11508
real_time_factor: 0.99995925166049482
step_size {
  nsec: 4000000
}

sim_time {
  sec: 46
  nsec: 136000000
}
real_time {
  sec: 48
  nsec: 181902642
}
iterations: 11534
real_time_factor: 0.99982478070718106
step_size {
  nsec: 4000000
}

sim_time {
  sec: 46
  nsec: 236000000
}
real_time {
  sec: 48
  nsec: 281903869
}
iterations: 11559
real_time_factor: 0.99979929029247383
step_size {
  nsec: 4000000
}

sim_time {
  sec: 46
  nsec: 340000000
}
real_time {
  sec: 48
  nsec: 385902462
}
iterations: 11585
real_time_factor: 0.99991975643954578
step_size {
  nsec: 4000000
}

sim_time {
  sec: 46
  nsec: 440000000
}
real_time {
  sec: 48
  nsec: 485905541
}
iterations: 11610
real_time_factor: 0.999709084656365
step_size {
  nsec: 4000000
}

sim_time {
  sec: 46
  nsec: 544000000
}
real_time {
  sec: 48
  nsec: 589903627
}
iterations: 11636
real_time_factor: 0.99995200230388936
step_size {
  nsec: 4000000
}

sim_time {
  sec: 46
  nsec: 648000000
}
real_time {
  sec: 48
  nsec: 693905131
}
iterations: 11662
real_time_factor: 0.99944081286520192
step_size {
  nsec: 4000000
}

sim_time {
  sec: 46
  nsec: 748000000
}
real_time {
  sec: 48
  nsec: 793909151
}
iterations: 11687
real_time_factor: 0.99833253508327713
step_size {
  nsec: 4000000
}

sim_time {
  sec: 46
  nsec: 852000000
}
real_time {
  sec: 48
  nsec: 897908021
}
iterations: 11713
real_time_factor: 0.99921661417448715
step_size {
  nsec: 4000000
}

sim_time {
  sec: 46
  nsec: 956000000
}
real_time {
  sec: 49
  nsec: 1903824
}
iterations: 11739
real_time_factor: 0.99978554600038294
step_size {
  nsec: 4000000
}

sim_time {
  sec: 47
  nsec: 56000000
}
real_time {
  sec: 49
  nsec: 101905890
}
iterations: 11764
real_time_factor: 1.0001837837702678
step_size {
  nsec: 4000000
}

sim_time {
  sec: 47
  nsec: 160000000
}
real_time {
  sec: 49
  nsec: 205906064
}
iterations: 11790
real_time_factor: 0.99966086505153129
step_size {
  nsec: 4000000
}

sim_time {
  sec: 47
  nsec: 264000000
}
real_time {
  sec: 49
  nsec: 309902034
}
iterations: 11816
real_time_factor: 1.0001677781447837
step_size {
  nsec: 4000000
}

sim_time {
  sec: 47
  nsec: 364000000
}
real_time {
  sec: 49
  nsec: 409907480
}
iterations: 11841
real_time_factor: 0.99910380388791253
step_size {
  nsec: 4000000
}

sim_time {
  sec: 47
  nsec: 468000000
}
real_time {
  sec: 49
  nsec: 513905358
}
iterations: 11867
real_time_factor: 0.99985502102195178
step_size {
  nsec: 4000000
}

sim_time {
  sec: 47
  nsec: 572000000
}
real_time {
  sec: 49
  nsec: 617902967
}
iterations: 11893
real_time_factor: 1.0000427518276407
step_size {
  nsec: 4000000
}

sim_time {
  sec: 47
  nsec: 672000000
}
real_time {
  sec: 49
  nsec: 717902487
}
iterations: 11918
real_time_factor: 1.0002395573739911
step_size {
  nsec: 4000000
}

sim_time {
  sec: 47
  nsec: 772000000
}
real_time {
  sec: 49
  nsec: 817904366
}
iterations: 11943
real_time_factor: 0.9998712665744286
step_size {
  nsec: 4000000
}

sim_time {
  sec: 47
  nsec: 876000000
}
real_time {
  sec: 49
  nsec: 921902066
}
iterations: 11969
real_time_factor: 1.0003248554968225
step_size {
  nsec: 4000000
}

sim_time {
  sec: 47
  nsec: 976000000
}
real_time {
  sec: 50
  nsec: 21902730
}
iterations: 11994
real_time_factor: 0.99989676065946187
step_size {
  nsec: 4000000
}

sim_time {
  sec: 48
  nsec: 80000000
}
real_time {
  sec: 50
  nsec: 125905856
}
iterations: 12020
real_time_factor: 0.999096317380929
step_size {
  nsec: 4000000
}

sim_time {
  sec: 48
  nsec: 184000000
}
real_time {
  sec: 50
  nsec: 229904045
}
iterations: 12046
real_time_factor: 0.99984827302456847
step_size {
  nsec: 4000000
}

sim_time {
  sec: 48
  nsec: 288000000
}
real_time {
  sec: 50
  nsec: 333901513
}
iterations: 12072
real_time_factor: 1.0000285008122731
step_size {
  nsec: 4000000
}

sim_time {
  sec: 48
  nsec: 388000000
}
real_time {
  sec: 50
  nsec: 433902400
}
iterations: 12097
real_time_factor: 1.0005800863050354
step_size {
  nsec: 4000000
}

sim_time {
  sec: 48
  nsec: 488000000
}
real_time {
  sec: 50
  nsec: 533906908
}
iterations: 12122
real_time_factor: 0.9997695531180063
step_size {
  nsec: 4000000
}

sim_time {
  sec: 48
  nsec: 592000000
}
real_time {
  sec: 50
  nsec: 637902969
}
iterations: 12148
real_time_factor: 0.99989176171679417
step_size {
  nsec: 4000000
}

sim_time {
  sec: 48
  nsec: 692000000
}
real_time {
  sec: 50
  nsec: 737902078
}
iterations: 12173
real_time_factor: 1.00050350338808
step_size {
  nsec: 4000000
}

sim_time {
  sec: 48
  nsec: 792000000
}
real_time {
  sec: 50
  nsec: 837903546
}
iterations: 12198
real_time_factor: 1.0003088453560036
step_size {
  nsec: 4000000
}

sim_time {
  sec: 48
  nsec: 896000000
}
real_time {
  sec: 50
  nsec: 941902613
}
iterations: 12224
real_time_factor: 1.0000122501500643
step_size {
  nsec: 4000000
}

sim_time {
  sec: 49
}
real_time {
  sec: 51
  nsec: 45906364
}
iterations: 12250
real_time_factor: 0.99913125537345282
step_size {
  nsec: 4000000
}

sim_time {
  sec: 49
  nsec: 104000000
}
real_time {
  sec: 51
  nsec: 149902552
}
iterations: 12276
real_time_factor: 0.99986176911042046
step_size {
  nsec: 4000000
}

sim_time {
  sec: 49
  nsec: 204000000
}
real_time {
  sec: 51
  nsec: 249906131
}
iterations: 12301
real_time_factor: 1.000061003721227
step_size {
  nsec: 4000000
}

sim_time {
  sec: 49
  nsec: 304000000
}
real_time {
  sec: 51
  nsec: 349906691
}
iterations: 12326
real_time_factor: 0.99872712228265081
step_size {
  nsec: 4000000
}

sim_time {
  sec: 49
  nsec: 408000000
}
real_time {
  sec: 51
  nsec: 453908055
}
iterations: 12352
real_time_factor: 0.99886528903166
step_size {
  nsec: 4000000
}

sim_time {
  sec: 49
  nsec: 512000000
}
real_time {
  sec: 51
  nsec: 557903389
}
iterations: 12378
real_time_factor: 1.0007748499275564
step_size {
  nsec: 4000000
}

sim_time {
  sec: 49
  nsec: 616000000
}
real_time {
  sec: 51
  nsec: 661901540
}
iterations: 12404
real_time_factor: 0.99992425573762789
step_size {
  nsec: 4000000
}

sim_time {
  sec: 49
  nsec: 716000000
}
real_time {
  sec: 51
  nsec: 761904581
}
iterations: 12429
real_time_factor: 1.0000957591689403
step_size {
  nsec: 4000000
}

sim_time {
  sec: 49
  nsec: 820000000
}
real_time {
  sec: 51
  nsec: 865901154
}
iterations: 12455
real_time_factor: 1.0000932586963733
step_size {
  nsec: 4000000
}

sim_time {
  sec: 49
  nsec: 920000000
}
real_time {
  sec: 51
  nsec: 965901888
}
iterations: 12480
real_time_factor: 1.0000287508265862
step_size {
  nsec: 4000000
}

sim_time {
  sec: 50
  nsec: 24000000
}
real_time {
  sec: 52
  nsec: 69901905
}
iterations: 12506
real_time_factor: 1.0000775060067155
step_size {
  nsec: 4000000
}

sim_time {
  sec: 50
  nsec: 124000000
}
real_time {
  sec: 52
  nsec: 169902611
}
iterations: 12531
real_time_factor: 0.99999400003599981
step_size {
  nsec: 4000000
}

sim_time {
  sec: 50
  nsec: 224000000
}
real_time {
  sec: 52
  nsec: 269907624
}
iterations: 12556
real_time_factor: 0.99858350929206918
step_size {
  nsec: 4000000
}

sim_time {
  sec: 50
  nsec: 328000000
}
real_time {
  sec: 52
  nsec: 373912465
}
iterations: 12582
real_time_factor: 0.99756220735577428
step_size {
  nsec: 4000000
}

sim_time {
  sec: 50
  nsec: 432000000
}
real_time {
  sec: 52
  nsec: 477904640
}
iterations: 12608
real_time_factor: 1.0000795063207526
step_size {
  nsec: 4000000
}

sim_time {
  sec: 50
  nsec: 532000000
}
real_time {
  sec: 52
  nsec: 577906152
}
iterations: 12633
real_time_factor: 0.99969759147857773
step_size {
  nsec: 4000000
}

sim_time {
  sec: 50
  nsec: 636000000
}
real_time {
  sec: 52
  nsec: 681906641
}
iterations: 12659
real_time_factor: 0.99886553846468873
step_size {
  nsec: 4000000
}

sim_time {
  sec: 50
  nsec: 740000000
}
real_time {
  sec: 52
  nsec: 785903777
}
iterations: 12685
real_time_factor: 1.00059385245143
step_size {
  nsec: 4000000
}

sim_time {
  sec: 50
  nsec: 844000000
}
real_time {
  sec: 52
  nsec: 889903384
}
iterations: 12711
real_time_factor: 1.0001422702379414
step_size {
  nsec: 4000000
}

sim_time {
  sec: 50
  nsec: 948000000
}
real_time {
  sec: 52
  nsec: 993902510
}
iterations: 12737
real_time_factor: 1.0001492722788876
step_size {
  nsec: 4000000
}

sim_time {
  sec: 51
  nsec: 48000000
}
real_time {
  sec: 53
  nsec: 93903918
}
iterations: 12762
real_time_factor: 0.99983652672788
step_size {
  nsec: 4000000
}

sim_time {
  sec: 51
  nsec: 152000000
}
real_time {
  sec: 53
  nsec: 197901803
}
iterations: 12788
real_time_factor: 1.0000217504730728
step_size {
  nsec: 4000000
}

sim_time {
  sec: 51
  nsec: 256000000
}
real_time {
  sec: 53
  nsec: 301902447
}
iterations: 12814
real_time_factor: 0.9997670542763536
step_size {
  nsec: 4000000
}

sim_time {
  sec: 51
  nsec: 360000000
}
real_time {
  sec: 53
  nsec: 405902276
}
iterations: 12840
real_time_factor: 0.99988751265482634
step_size {
  nsec: 4000000
}

sim_time {
  sec: 51
  nsec: 460000000
}
real_time {
  sec: 53
  nsec: 505905989
}
iterations: 12865
real_time_factor: 0.99939012217794088
step_size {
  nsec: 4000000
}

sim_time {
  sec: 51
  nsec: 564000000
}
real_time {
  sec: 53
  nsec: 609903161
}
iterations: 12891
real_time_factor: 0.99998250030624469
step_size {
  nsec: 4000000
}

sim_time {
  sec: 51
  nsec: 664000000
}
real_time {
  sec: 53
  nsec: 709903143
}
iterations: 12916
real_time_factor: 1.002004761025622
step_size {
  nsec: 4000000
}

sim_time {
  sec: 51
  nsec: 768000000
}
real_time {
  sec: 53
  nsec: 813902212
}
iterations: 12942
real_time_factor: 1.0001695287351207
step_size {
  nsec: 4000000
}

sim_time {
  sec: 51
  nsec: 868000000
}
real_time {
  sec: 53
  nsec: 913902630
}
iterations: 12967
real_time_factor: 0.999866517819871
step_size {
  nsec: 4000000
}

sim_time {
  sec: 51
  nsec: 972000000
}
real_time {
  sec: 54
  nsec: 17902012
}
iterations: 12993
real_time_factor: 0.99986201904137229
step_size {
  nsec: 4000000
}

sim_time {
  sec: 52
  nsec: 76000000
}
real_time {
  sec: 54
  nsec: 121902671
}
iterations: 13019
real_time_factor: 0.9997513118611745
step_size {
  nsec: 4000000
}

sim_time {
  sec: 52
  nsec: 176000000
}
real_time {
  sec: 54
  nsec: 221903521
}
iterations: 13044
real_time_factor: 0.999984750232559
step_size {
  nsec: 4000000
}

sim_time {
  sec: 52
  nsec: 276000000
}
real_time {
  sec: 54
  nsec: 321905703
}
iterations: 13069
real_time_factor: 0.99927477633107775
step_size {
  nsec: 4000000
}

sim_time {
  sec: 52
  nsec: 380000000
}
real_time {
  sec: 54
  nsec: 425902345
}
iterations: 13095
real_time_factor: 0.99997075085553744
step_size {
  nsec: 4000000
}

sim_time {
  sec: 52
  nsec: 480000000
}
real_time {
  sec: 54
  nsec: 525903425
}
iterations: 13120
real_time_factor: 0.9997163304912231
step_size {
  nsec: 4000000
}

sim_time {
  sec: 52
  nsec: 580000000
}
real_time {
  sec: 54
  nsec: 625905283
}
iterations: 13145
real_time_factor: 0.99903667888238767
step_size {
  nsec: 4000000
}

sim_time {
  sec: 52
  nsec: 684000000
}
real_time {
  sec: 54
  nsec: 729902026
}
iterations: 13171
real_time_factor: 1.0001237653159578
step_size {
  nsec: 4000000
}

