sim_time {
  nsec: 4000000
}
real_time {
  sec: 1
  nsec: 766206504
}
iterations: 1
real_time_factor: 0.002264740839160674
step_size {
  nsec: 4000000
}

sim_time {
  nsec: 108000000
}
real_time {
  sec: 1
  nsec: 870189665
}
iterations: 27
real_time_factor: 0.99999375003906221
step_size {
  nsec: 4000000
}

sim_time {
  nsec: 212000000
}
real_time {
  sec: 1
  nsec: 974189826
}
iterations: 53
real_time_factor: 0.999966251139024
step_size {
  nsec: 4000000
}

sim_time {
  nsec: 316000000
}
real_time {
  sec: 2
  nsec: 78189776
}
iterations: 79
real_time_factor: 1.0000262506890807
step_size {
  nsec: 4000000
}

sim_time {
  nsec: 416000000
}
real_time {
  sec: 2
  nsec: 178197676
}
iterations: 104
real_time_factor: 0.99802565574651947
step_size {
  nsec: 4000000
}

sim_time {
  nsec: 520000000
}
real_time {
  sec: 2
  nsec: 282189987
}
iterations: 130
real_time_factor: 1.0000587534517653
step_size {
  nsec: 4000000
}

sim_time {
  nsec: 624000000
}
real_time {
  sec: 2
  nsec: 386238469
}
iterations: 156
real_time_factor: 0.9880361176602811
step_size {
  nsec: 4000000
}

sim_time {
  nsec: 728000000
}
real_time {
  sec: 2
  nsec: 490190202
}
iterations: 182
real_time_factor: 1.0000705049706005
step_size {
  nsec: 4000000
}

sim_time {
  nsec: 832000000
}
real_time {
  sec: 2
  nsec: 594192078
}
iterations: 208
real_time_factor: 0.99951523511097118
step_size {
  nsec: 4000000
}

sim_time {
  nsec: 932000000
}
real_time {
  sec: 2
  nsec: 694197302
}
iterations: 233
real_time_factor: 0.99818031728159562
step_size {
  nsec: 4000000
}

sim_time {
  sec: 1
  nsec: 36000000
}
real_time {
  sec: 2
  nsec: 798190012
}
iterations: 259
real_time_factor: 0.99992450569981961
step_size {
  nsec: 4000000
}

sim_time {
  sec: 1
  nsec: 140000000
}
real_time {
  sec: 2
  nsec: 902189748
}
iterations: 285
real_time_factor: 0.99999650001224993
step_size {
  nsec: 4000000
}

sim_time {
  sec: 1
  nsec: 240000000
}
real_time {
  sec: 3
  nsec: 2189990
}
iterations: 310
real_time_factor: 1.0001097620463846
step_size {
  nsec: 4000000
}

sim_time {
  sec: 1
  nsec: 344000000
}
real_time {
  sec: 3
  nsec: 106189743
}
iterations: 336
real_time_factor: 1.0000032500105625
step_size {
  nsec: 4000000
}

sim_time {
  sec: 1
  nsec: 448000000
}
real_time {
  sec: 3
  nsec: 210189832
}
iterations: 362
real_time_factor: 0.999987500156248
step_size {
  nsec: 4000000
}

sim_time {
  sec: 1
  nsec: 552000000
}
real_time {
  sec: 3
  nsec: 314189719
}
iterations: 388
real_time_factor: 0.99999200006399946
step_size {
  nsec: 4000000
}

sim_time {
  sec: 1
  nsec: 652000000
}
real_time {
  sec: 3
  nsec: 414193565
}
iterations: 413
real_time_factor: 0.99911278784439417
step_size {
  nsec: 4000000
}

sim_time {
  sec: 1
  nsec: 756000000
}
real_time {
  sec: 3
  nsec: 518190081
}
iterations: 439
real_time_factor: 0.99994550297008811
step_size {
  nsec: 4000000
}

sim_time {
  sec: 1
  nsec: 800000000
}
real_time {
  sec: 3
  nsec: 855603960
}
iterations: 450
real_time_factor: 0.013449307428586431
step_size {
  nsec: 4000000
}

sim_time {
  sec: 1
  nsec: 904000000
}
real_time {
  sec: 3
  nsec: 959600496
}
iterations: 476
real_time_factor: 0.99997100084097557
step_size {
  nsec: 4000000
}

sim_time {
  sec: 2
  nsec: 8000000
}
real_time {
  sec: 4
  nsec: 63600540
}
iterations: 502
real_time_factor: 1.0000080000640006
step_size {
  nsec: 4000000
}

sim_time {
  sec: 2
  nsec: 112000000
}
real_time {
  sec: 4
  nsec: 167600458
}
iterations: 528
real_time_factor: 0.99998075037055534
step_size {
  nsec: 4000000
}

sim_time {
  sec: 2
  nsec: 212000000
}
real_time {
  sec: 4
  nsec: 267600592
}
iterations: 553
real_time_factor: 1.0000247506125777
step_size {
  nsec: 4000000
}

sim_time {
  sec: 2
  nsec: 316000000
}
real_time {
  sec: 4
  nsec: 371600285
}
iterations: 579
real_time_factor: 1.0000062500390627
step_size {
  nsec: 4000000
}

sim_time {
  sec: 2
  nsec: 416000000
}
real_time {
  sec: 4
  nsec: 471600717
}
iterations: 604
real_time_factor: 0.99995950164018355
step_size {
  nsec: 4000000
}

sim_time {
  sec: 2
  nsec: 520000000
}
real_time {
  sec: 4
  nsec: 575600465
}
iterations: 630
real_time_factor: 1.0001192642222585
step_size {
  nsec: 4000000
}

sim_time {
  sec: 2
  nsec: 624000000
}
real_time {
  sec: 4
  nsec: 679599853
}
iterations: 656
real_time_factor: 1.0000452520476553
step_size {
  nsec: 4000000
}

sim_time {
  sec: 2
  nsec: 724000000
}
real_time {
  sec: 4
  nsec: 779604811
}
iterations: 681
real_time_factor: 0.99910380388791253
step_size {
  nsec: 4000000
}

sim_time {
  sec: 2
  nsec: 828000000
}
real_time {
  sec: 4
  nsec: 883600671
}
iterations: 707
real_time_factor: 1.0000452520476553
step_size {
  nsec: 4000000
}

sim_time {
  sec: 2
  nsec: 932000000
}
real_time {
  sec: 4
  nsec: 987600578
}
iterations: 733
real_time_factor: 1.0000405016403164
step_size {
  nsec: 4000000
}

sim_time {
  sec: 3
  nsec: 36000000
}
real_time {
  sec: 5
  nsec: 91600223
}
iterations: 759
real_time_factor: 0.99999700000899994
step_size {
  nsec: 4000000
}

sim_time {
  sec: 3
  nsec: 136000000
}
real_time {
  sec: 5
  nsec: 191600536
}
iterations: 784
real_time_factor: 1.0000152502325661
step_size {
  nsec: 4000000
}

sim_time {
  sec: 3
  nsec: 240000000
}
real_time {
  sec: 5
  nsec: 295600341
}
iterations: 810
real_time_factor: 1.000004000016
step_size {
  nsec: 4000000
}

sim_time {
  sec: 3
  nsec: 344000000
}
real_time {
  sec: 5
  nsec: 399600721
}
iterations: 836
real_time_factor: 0.99994375316388451
step_size {
  nsec: 4000000
}

sim_time {
  sec: 3
  nsec: 444000000
}
real_time {
  sec: 5
  nsec: 499602172
}
iterations: 861
real_time_factor: 0.99996200144394509
step_size {
  nsec: 4000000
}

sim_time {
  sec: 3
  nsec: 548000000
}
real_time {
  sec: 5
  nsec: 603600940
}
iterations: 887
real_time_factor: 0.99995525200247293
step_size {
  nsec: 4000000
}

sim_time {
  sec: 3
  nsec: 648000000
}
real_time {
  sec: 5
  nsec: 703601585
}
iterations: 912
real_time_factor: 0.99993225458975155
step_size {
  nsec: 4000000
}

sim_time {
  sec: 3
  nsec: 752000000
}
real_time {
  sec: 5
  nsec: 807601810
}
iterations: 938
real_time_factor: 0.99992725529217752
step_size {
  nsec: 4000000
}

sim_time {
  sec: 3
  nsec: 856000000
}
real_time {
  sec: 5
  nsec: 911600952
}
iterations: 964
real_time_factor: 1.0001845340465316
step_size {
  nsec: 4000000
}

sim_time {
  sec: 3
  nsec: 960000000
}
real_time {
  sec: 6
  nsec: 15600591
}
iterations: 990
real_time_factor: 1.0000295008702758
step_size {
  nsec: 4000000
}

sim_time {
  sec: 4
  nsec: 64000000
}
real_time {
  sec: 6
  nsec: 119601169
}
iterations: 1016
real_time_factor: 0.999809536283338
step_size {
  nsec: 4000000
}

sim_time {
  sec: 4
  nsec: 164000000
}
real_time {
  sec: 6
  nsec: 219601408
}
iterations: 1041
real_time_factor: 1.0008637454122908
step_size {
  nsec: 4000000
}

sim_time {
  sec: 4
  nsec: 264000000
}
real_time {
  sec: 6
  nsec: 319617955
}
iterations: 1066
real_time_factor: 0.99663312414834582
step_size {
  nsec: 4000000
}

sim_time {
  sec: 4
  nsec: 368000000
}
real_time {
  sec: 6
  nsec: 423602566
}
iterations: 1092
real_time_factor: 0.99990925823481525
step_size {
  nsec: 4000000
}

sim_time {
  sec: 4
  nsec: 472000000
}
real_time {
  sec: 6
  nsec: 527603012
}
iterations: 1118
real_time_factor: 0.99960390695187029
step_size {
  nsec: 4000000
}

sim_time {
  sec: 4
  nsec: 576000000
}
real_time {
  sec: 6
  nsec: 631600570
}
iterations: 1144
real_time_factor: 0.99995725182748441
step_size {
  nsec: 4000000
}

sim_time {
  sec: 4
  nsec: 676000000
}
real_time {
  sec: 6
  nsec: 731602336
}
iterations: 1169
real_time_factor: 0.99978429653802192
step_size {
  nsec: 4000000
}

sim_time {
  sec: 4
  nsec: 780000000
}
real_time {
  sec: 6
  nsec: 835607376
}
iterations: 1195
real_time_factor: 0.9983791314800422
step_size {
  nsec: 4000000
}

sim_time {
  sec: 4
  nsec: 884000000
}
real_time {
  sec: 6
  nsec: 939600349
}
iterations: 1221
real_time_factor: 1.000017750315068
step_size {
  nsec: 4000000
}

sim_time {
  sec: 4
  nsec: 984000000
}
real_time {
  sec: 7
  nsec: 39601218
}
iterations: 1246
real_time_factor: 0.99986276883497738
step_size {
  nsec: 4000000
}

sim_time {
  sec: 5
  nsec: 84000000
}
real_time {
  sec: 7
  nsec: 139601346
}
iterations: 1271
real_time_factor: 0.99984677348196394
step_size {
  nsec: 4000000
}

sim_time {
  sec: 5
  nsec: 184000000
}
real_time {
  sec: 7
  nsec: 239601625
}
iterations: 1296
real_time_factor: 1.0428061496364256
step_size {
  nsec: 4000000
}

sim_time {
  sec: 5
  nsec: 288000000
}
real_time {
  sec: 7
  nsec: 343600619
}
iterations: 1322
real_time_factor: 1.0000457520931583
step_size {
  nsec: 4000000
}

sim_time {
  sec: 5
  nsec: 388000000
}
real_time {
  sec: 7
  nsec: 443601434
}
iterations: 1347
real_time_factor: 0.99987676518869051
step_size {
  nsec: 4000000
}

sim_time {
  sec: 5
  nsec: 492000000
}
real_time {
  sec: 7
  nsec: 547602242
}
iterations: 1373
real_time_factor: 0.999701089374277
step_size {
  nsec: 4000000
}

sim_time {
  sec: 5
  nsec: 596000000
}
real_time {
  sec: 7
  nsec: 651600782
}
iterations: 1399
real_time_factor: 0.99987226631797788
step_size {
  nsec: 4000000
}

sim_time {
  sec: 5
  nsec: 700000000
}
real_time {
  sec: 7
  nsec: 755600683
}
iterations: 1425
real_time_factor: 0.99998575020305958
step_size {
  nsec: 4000000
}

sim_time {
  sec: 5
  nsec: 804000000
}
real_time {
  sec: 7
  nsec: 859601649
}
iterations: 1451
real_time_factor: 0.99973307126997091
step_size {
  nsec: 4000000
}

sim_time {
  sec: 5
  nsec: 908000000
}
real_time {
  sec: 7
  nsec: 963600503
}
iterations: 1477
real_time_factor: 0.99994400313582443
step_size {
  nsec: 4000000
}

sim_time {
  sec: 6
  nsec: 8000000
}
real_time {
  sec: 8
  nsec: 63600652
}
iterations: 1502
real_time_factor: 1.0001500225033755
step_size {
  nsec: 4000000
}

sim_time {
  sec: 6
  nsec: 108000000
}
real_time {
  sec: 8
  nsec: 163601474
}
iterations: 1527
real_time_factor: 1.000351623595694
step_size {
  nsec: 4000000
}

sim_time {
  sec: 6
  nsec: 212000000
}
real_time {
  sec: 8
  nsec: 267600385
}
iterations: 1553
real_time_factor: 1.0000782561235417
step_size {
  nsec: 4000000
}

sim_time {
  sec: 6
  nsec: 312000000
}
real_time {
  sec: 8
  nsec: 367601138
}
iterations: 1578
real_time_factor: 1.0000527527827092
step_size {
  nsec: 4000000
}

sim_time {
  sec: 6
  nsec: 416000000
}
real_time {
  sec: 8
  nsec: 471600845
}
iterations: 1604
real_time_factor: 1.0000135001822525
step_size {
  nsec: 4000000
}

sim_time {
  sec: 6
  nsec: 516000000
}
real_time {
  sec: 8
  nsec: 571601173
}
iterations: 1629
real_time_factor: 0.999863018766429
step_size {
  nsec: 4000000
}

sim_time {
  sec: 6
  nsec: 620000000
}
real_time {
  sec: 8
  nsec: 675600899
}
iterations: 1655
real_time_factor: 1.0001152632840935
step_size {
  nsec: 4000000
}

sim_time {
  sec: 6
  nsec: 720000000
}
real_time {
  sec: 8
  nsec: 775600420
}
iterations: 1680
real_time_factor: 1.0001687784813686
step_size {
  nsec: 4000000
}

sim_time {
  sec: 6
  nsec: 824000000
}
real_time {
  sec: 8
  nsec: 879601424
}
iterations: 1706
real_time_factor: 0.99974506500842286
step_size {
  nsec: 4000000
}

sim_time {
  sec: 6
  nsec: 928000000
}
real_time {
  sec: 8
  nsec: 983600548
}
iterations: 1732
real_time_factor: 0.99994900260086739
step_size {
  nsec: 4000000
}

sim_time {
  sec: 7
  nsec: 32000000
}
real_time {
  sec: 9
  nsec: 87600348
}
iterations: 1758
real_time_factor: 0.99998125035155594
step_size {
  nsec: 4000000
}

sim_time {
  sec: 7
  nsec: 132000000
}
real_time {
  sec: 9
  nsec: 187600594
}
iterations: 1783
real_time_factor: 0.99997925043055358
step_size {
  nsec: 4000000
}

sim_time {
  sec: 7
  nsec: 236000000
}
real_time {
  sec: 9
  nsec: 291600526
}
iterations: 1809
real_time_factor: 0.99996500122495713
step_size {
  nsec: 4000000
}

sim_time {
  sec: 7
  nsec: 336000000
}
real_time {
  sec: 9
  nsec: 391600753
}
iterations: 1834
real_time_factor: 0.99987701512713933
step_size {
  nsec: 4000000
}

sim_time {
  sec: 7
  nsec: 440000000
}
real_time {
  sec: 9
  nsec: 495600776
}
iterations: 1860
real_time_factor: 0.99998375026405817
step_size {
  nsec: 4000000
}

sim_time {
  sec: 7
  nsec: 544000000
}
real_time {
  sec: 9
  nsec: 599600430
}
iterations: 1886
real_time_factor: 1.0000922585108476
step_size {
  nsec: 4000000
}

sim_time {
  sec: 7
  nsec: 644000000
}
real_time {
  sec: 9
  nsec: 699600527
}
iterations: 1911
real_time_factor: 1.0000902581457976
step_size {
  nsec: 4000000
}

sim_time {
  sec: 7
  nsec: 744000000
}
real_time {
  sec: 9
  nsec: 799600884
}
iterations: 1936
real_time_factor: 1.0000645041605183
step_size {
  nsec: 4000000
}

sim_time {
  sec: 7
  nsec: 844000000
}
real_time {
  sec: 9
  nsec: 899601732
}
iterations: 1961
real_time_factor: 0.99991850664170867
step_size {
  nsec: 4000000
}

sim_time {
  sec: 7
  nsec: 948000000
}
real_time {
  sec: 10
  nsec: 3600885
}
iterations: 1987
real_time_factor: 1.0001272661946232
step_size {
  nsec: 4000000
}

sim_time {
  sec: 8
  nsec: 52000000
}
real_time {
  sec: 10
  nsec: 107601331
}
iterations: 2013
real_time_factor: 0.99996975091503482
step_size {
  nsec: 4000000
}

sim_time {
  sec: 8
  nsec: 156000000
}
real_time {
  sec: 10
  nsec: 211602125
}
iterations: 2039
real_time_factor: 0.99971982851805785
step_size {
  nsec: 4000000
}

sim_time {
  sec: 8
  nsec: 260000000
}
real_time {
  sec: 10
  nsec: 315600539
}
iterations: 2065
real_time_factor: 0.99999775000506252
step_size {
  nsec: 4000000
}

sim_time {
  sec: 8
  nsec: 360000000
}
real_time {
  sec: 10
  nsec: 415600759
}
iterations: 2090
real_time_factor: 0.99995825174298969
step_size {
  nsec: 4000000
}

sim_time {
  sec: 8
  nsec: 464000000
}
real_time {
  sec: 10
  nsec: 519600256
}
iterations: 2116
real_time_factor: 1.0000417517431353
step_size {
  nsec: 4000000
}

sim_time {
  sec: 8
  nsec: 568000000
}
real_time {
  sec: 10
  nsec: 623600439
}
iterations: 2142
real_time_factor: 0.99999075008556171
step_size {
  nsec: 4000000
}

sim_time {
  sec: 8
  nsec: 668000000
}
real_time {
  sec: 10
  nsec: 723600455
}
iterations: 2167
real_time_factor: 1.0000140001960027
step_size {
  nsec: 4000000
}

sim_time {
  sec: 8
  nsec: 772000000
}
real_time {
  sec: 10
  nsec: 827601129
}
iterations: 2193
real_time_factor: 0.99994900260086739
step_size {
  nsec: 4000000
}

sim_time {
  sec: 8
  nsec: 872000000
}
real_time {
  sec: 10
  nsec: 927605082
}
iterations: 2218
real_time_factor: 0.99907735206536763
step_size {
  nsec: 4000000
}

sim_time {
  sec: 8
  nsec: 976000000
}
real_time {
  sec: 11
  nsec: 31601036
}
iterations: 2244
real_time_factor: 1.0000002500000624
step_size {
  nsec: 4000000
}

sim_time {
  sec: 9
  nsec: 80000000
}
real_time {
  sec: 11
  nsec: 135600525
}
iterations: 2270
real_time_factor: 0.99997250075622923
step_size {
  nsec: 4000000
}

sim_time {
  sec: 9
  nsec: 180000000
}
real_time {
  sec: 11
  nsec: 235600710
}
iterations: 2295
real_time_factor: 0.99998625018906
step_size {
  nsec: 4000000
}

sim_time {
  sec: 9
  nsec: 280000000
}
real_time {
  sec: 11
  nsec: 335600960
}
iterations: 2320
real_time_factor: 0.99995175232795019
step_size {
  nsec: 4000000
}

sim_time {
  sec: 9
  nsec: 380000000
}
real_time {
  sec: 11
  nsec: 435601794
}
iterations: 2345
real_time_factor: 1.0073034536909864
step_size {
  nsec: 4000000
}

sim_time {
  sec: 9
  nsec: 484000000
}
real_time {
  sec: 11
  nsec: 539601607
}
iterations: 2371
real_time_factor: 0.99981053590344626
step_size {
  nsec: 4000000
}

sim_time {
  sec: 9
  nsec: 588000000
}
real_time {
  sec: 11
  nsec: 643600939
}
iterations: 2397
real_time_factor: 1.0000305009302783
step_size {
  nsec: 4000000
}

sim_time {
  sec: 9
  nsec: 688000000
}
real_time {
  sec: 11
  nsec: 743603930
}
iterations: 2422
real_time_factor: 1.0009246041030402
step_size {
  nsec: 4000000
}

sim_time {
  sec: 9
  nsec: 792000000
}
real_time {
  sec: 11
  nsec: 847600957
}
iterations: 2448
real_time_factor: 1.000141269954381
step_size {
  nsec: 4000000
}

sim_time {
  sec: 9
  nsec: 892000000
}
real_time {
  sec: 11
  nsec: 947601039
}
iterations: 2473
real_time_factor: 0.99993550415998167
step_size {
  nsec: 4000000
}

sim_time {
  sec: 9
  nsec: 996000000
}
real_time {
  sec: 12
  nsec: 51601751
}
iterations: 2499
real_time_factor: 0.99982428088263486
step_size {
  nsec: 4000000
}

sim_time {
  sec: 10
  nsec: 100000000
}
real_time {
  sec: 12
  nsec: 155601368
}
iterations: 2525
real_time_factor: 0.99973656941395939
step_size {
  nsec: 4000000
}

sim_time {
  sec: 10
  nsec: 200000000
}
real_time {
  sec: 12
  nsec: 255601175
}
iterations: 2550
real_time_factor: 1.122654809186572
step_size {
  nsec: 4000000
}

sim_time {
  sec: 10
  nsec: 304000000
}
real_time {
  sec: 12
  nsec: 359600593
}
iterations: 2576
real_time_factor: 0.99999075008556171
step_size {
  nsec: 4000000
}

sim_time {
  sec: 10
  nsec: 404000000
}
real_time {
  sec: 12
  nsec: 459600520
}
iterations: 2601
real_time_factor: 1.0004982481275675
step_size {
  nsec: 4000000
}

sim_time {
  sec: 10
  nsec: 508000000
}
real_time {
  sec: 12
  nsec: 563600418
}
iterations: 2627
real_time_factor: 1.0000260006760175
step_size {
  nsec: 4000000
}

sim_time {
  sec: 10
  nsec: 608000000
}
real_time {
  sec: 12
  nsec: 663600670
}
iterations: 2652
real_time_factor: 0.99995875170149229
step_size {
  nsec: 4000000
}

sim_time {
  sec: 10
  nsec: 708000000
}
real_time {
  sec: 12
  nsec: 763600783
}
iterations: 2677
real_time_factor: 1.0002575663233282
step_size {
  nsec: 4000000
}

sim_time {
  sec: 10
  nsec: 808000000
}
real_time {
  sec: 12
  nsec: 863601045
}
iterations: 2702
real_time_factor: 0.99995625191397874
step_size {
  nsec: 4000000
}

sim_time {
  sec: 10
  nsec: 908000000
}
real_time {
  sec: 12
  nsec: 963602777
}
iterations: 2727
real_time_factor: 0.99951473559586823
step_size {
  nsec: 4000000
}

sim_time {
  sec: 11
  nsec: 12000000
}
real_time {
  sec: 13
  nsec: 67600621
}
iterations: 2753
real_time_factor: 1.0000210004410093
step_size {
  nsec: 4000000
}

sim_time {
  sec: 11
  nsec: 116000000
}
real_time {
  sec: 13
  nsec: 171600339
}
iterations: 2779
real_time_factor: 1.000014500210253
step_size {
  nsec: 4000000
}

sim_time {
  sec: 11
  nsec: 216000000
}
real_time {
  sec: 13
  nsec: 271601425
}
iterations: 2804
real_time_factor: 0.99990575888222533
step_size {
  nsec: 4000000
}

sim_time {
  sec: 11
  nsec: 320000000
}
real_time {
  sec: 13
  nsec: 375600992
}
iterations: 2830
real_time_factor: 1.0000655042905311
step_size {
  nsec: 4000000
}

sim_time {
  sec: 11
  nsec: 424000000
}
real_time {
  sec: 13
  nsec: 479600865
}
iterations: 2856
real_time_factor: 1.0000212504515722
step_size {
  nsec: 4000000
}

sim_time {
  sec: 11
  nsec: 524000000
}
real_time {
  sec: 13
  nsec: 579602017
}
iterations: 2881
real_time_factor: 0.9997435657753786
step_size {
  nsec: 4000000
}

sim_time {
  sec: 11
  nsec: 624000000
}
real_time {
  sec: 13
  nsec: 679603391
}
iterations: 2906
real_time_factor: 1.0003363631020932
step_size {
  nsec: 4000000
}

sim_time {
  sec: 11
  nsec: 728000000
}
real_time {
  sec: 13
  nsec: 783600958
}
iterations: 2932
real_time_factor: 1.0001440207389865
step_size {
  nsec: 4000000
}

sim_time {
  sec: 11
  nsec: 832000000
}
real_time {
  sec: 13
  nsec: 887601645
}
iterations: 2958
real_time_factor: 0.99969259452718284
step_size {
  nsec: 4000000
}

sim_time {
  sec: 11
  nsec: 936000000
}
real_time {
  sec: 13
  nsec: 991602462
}
iterations: 2984
real_time_factor: 0.99957468097324587
step_size {
  nsec: 4000000
}

sim_time {
  sec: 12
  nsec: 40000000
}
real_time {
  sec: 14
  nsec: 95600388
}
iterations: 3010
real_time_factor: 1.0003758912411338
step_size {
  nsec: 4000000
}

sim_time {
  sec: 12
  nsec: 140000000
}
real_time {
  sec: 14
  nsec: 195603931
}
iterations: 3035
real_time_factor: 0.99941758939977732
step_size {
  nsec: 4000000
}

sim_time {
  sec: 12
  nsec: 244000000
}
real_time {
  sec: 14
  nsec: 299601407
}
iterations: 3061
real_time_factor: 1.0001650272294929
step_size {
  nsec: 4000000
}

sim_time {
  sec: 12
  nsec: 348000000
}
real_time {
  sec: 14
  nsec: 403601049
}
iterations: 3087
real_time_factor: 0.99987101663885358
step_size {
  nsec: 4000000
}

sim_time {
  sec: 12
  nsec: 452000000
}
real_time {
  sec: 14
  nsec: 507600497
}
iterations: 3113
real_time_factor: 1.0000910082817536
step_size {
  nsec: 4000000
}

sim_time {
  sec: 12
  nsec: 552000000
}
real_time {
  sec: 14
  nsec: 607600902
}
iterations: 3138
real_time_factor: 1.00000050000025
step_size {
  nsec: 4000000
}

sim_time {
  sec: 12
  nsec: 652000000
}
real_time {
  sec: 14
  nsec: 707601454
}
iterations: 3163
real_time_factor: 1.0005495518413487
step_size {
  nsec: 4000000
}

sim_time {
  sec: 12
  nsec: 756000000
}
real_time {
  sec: 14
  nsec: 811600800
}
iterations: 3189
real_time_factor: 0.99997975041005416
step_size {
  nsec: 4000000
}

sim_time {
  sec: 12
  nsec: 856000000
}
real_time {
  sec: 14
  nsec: 911601157
}
iterations: 3214
real_time_factor: 1.000075005625422
step_size {
  nsec: 4000000
}

sim_time {
  sec: 12
  nsec: 960000000
}
real_time {
  sec: 15
  nsec: 15600716
}
iterations: 3240
real_time_factor: 1.0000167502805672
step_size {
  nsec: 4000000
}

sim_time {
  sec: 13
  nsec: 60000000
}
real_time {
  sec: 15
  nsec: 115600902
}
iterations: 3265
real_time_factor: 0.99990150970129443
step_size {
  nsec: 4000000
}

sim_time {
  sec: 13
  nsec: 164000000
}
real_time {
  sec: 15
  nsec: 219600713
}
iterations: 3291
real_time_factor: 0.99999150007224935
step_size {
  nsec: 4000000
}

sim_time {
  sec: 13
  nsec: 264000000
}
real_time {
  sec: 15
  nsec: 319601675
}
iterations: 3316
real_time_factor: 1.0000935087430676
step_size {
  nsec: 4000000
}

sim_time {
  sec: 13
  nsec: 368000000
}
real_time {
  sec: 15
  nsec: 423601523
}
iterations: 3342
real_time_factor: 0.99988051427854374
step_size {
  nsec: 4000000
}

sim_time {
  sec: 13
  nsec: 472000000
}
real_time {
  sec: 15
  nsec: 527601074
}
iterations: 3368
real_time_factor: 0.9998712665744286
step_size {
  nsec: 4000000
}

sim_time {
  sec: 13
  nsec: 576000000
}
real_time {
  sec: 15
  nsec: 631600700
}
iterations: 3394
real_time_factor: 1.0000585034224503
step_size {
  nsec: 4000000
}

sim_time {
  sec: 13
  nsec: 676000000
}
real_time {
  sec: 15
  nsec: 731600800
}
iterations: 3419
real_time_factor: 1.0000032500105625
step_size {
  nsec: 4000000
}

sim_time {
  sec: 13
  nsec: 780000000
}
real_time {
  sec: 15
  nsec: 835600323
}
iterations: 3445
real_time_factor: 0.99999400003599981
step_size {
  nsec: 4000000
}

sim_time {
  sec: 13
  nsec: 880000000
}
real_time {
  sec: 15
  nsec: 935600730
}
iterations: 3470
real_time_factor: 1.0001282664501723
step_size {
  nsec: 4000000
}

sim_time {
  sec: 13
  nsec: 980000000
}
real_time {
  sec: 16
  nsec: 35600452
}
iterations: 3495
real_time_factor: 1.0000562531642405
step_size {
  nsec: 4000000
}

sim_time {
  sec: 14
  nsec: 80000000
}
real_time {
  sec: 16
  nsec: 135600961
}
iterations: 3520
real_time_factor: 1.0000057500330626
step_size {
  nsec: 4000000
}

sim_time {
  sec: 14
  nsec: 180000000
}
real_time {
  sec: 16
  nsec: 235601208
}
iterations: 3545
real_time_factor: 0.9998642684255612
step_size {
  nsec: 4000000
}

sim_time {
  sec: 14
  nsec: 280000000
}
real_time {
  sec: 16
  nsec: 335602274
}
iterations: 3570
real_time_factor: 0.99987376593705046
step_size {
  nsec: 4000000
}

sim_time {
  sec: 14
  nsec: 384000000
}
real_time {
  sec: 16
  nsec: 439600679
}
iterations: 3596
real_time_factor: 1.0000172502975677
step_size {
  nsec: 4000000
}

sim_time {
  sec: 14
  nsec: 484000000
}
real_time {
  sec: 16
  nsec: 539603245
}
iterations: 3621
real_time_factor: 1.0010648827690456
step_size {
  nsec: 4000000
}

sim_time {
  sec: 14
  nsec: 588000000
}
real_time {
  sec: 16
  nsec: 643602391
}
iterations: 3647
real_time_factor: 0.99993600409573791
step_size {
  nsec: 4000000
}

sim_time {
  sec: 14
  nsec: 692000000
}
real_time {
  sec: 16
  nsec: 747602194
}
iterations: 3673
real_time_factor: 0.99978104795049882
step_size {
  nsec: 4000000
}

sim_time {
  sec: 14
  nsec: 796000000
}
real_time {
  sec: 16
  nsec: 851601478
}
iterations: 3699
real_time_factor: 1.0000820067245515
step_size {
  nsec: 4000000
}

sim_time {
  sec: 14
  nsec: 900000000
}
real_time {
  sec: 16
  nsec: 955604781
}
iterations: 3725
real_time_factor: 0.999080346541009
step_size {
  nsec: 4000000
}

sim_time {
  sec: 15
}
real_time {
  sec: 17
  nsec: 55603828
}
iterations: 3750
real_time_factor: 1.0000475022563571
step_size {
  nsec: 4000000
}

sim_time {
  sec: 15
  nsec: 104000000
}
real_time {
  sec: 17
  nsec: 159600962
}
iterations: 3776
real_time_factor: 1.00033461192769
step_size {
  nsec: 4000000
}

sim_time {
  sec: 15
  nsec: 208000000
}
real_time {
  sec: 17
  nsec: 263600396
}
iterations: 3802
real_time_factor: 1.0001400196027443
step_size {
  nsec: 4000000
}

sim_time {
  sec: 15
  nsec: 312000000
}
real_time {
  sec: 17
  nsec: 367600478
}
iterations: 3828
real_time_factor: 1.0000290008410244
step_size {
  nsec: 4000000
}

sim_time {
  sec: 15
  nsec: 412000000
}
real_time {
  sec: 17
  nsec: 467601315
}
iterations: 3853
real_time_factor: 1.0000660043562875
step_size {
  nsec: 4000000
}

sim_time {
  sec: 15
  nsec: 516000000
}
real_time {
  sec: 17
  nsec: 571600842
}
iterations: 3879
real_time_factor: 0.9999872501625604
step_size {
  nsec: 4000000
}

sim_time {
  sec: 15
  nsec: 616000000
}
real_time {
  sec: 17
  nsec: 671601494
}
iterations: 3904
real_time_factor: 1.0000427518276407
step_size {
  nsec: 4000000
}

sim_time {
  sec: 15
  nsec: 720000000
}
real_time {
  sec: 17
  nsec: 775602205
}
iterations: 3930
real_time_factor: 0.99977430095156017
step_size {
  nsec: 4000000
}

sim_time {
  sec: 15
  nsec: 824000000
}
real_time {
  sec: 17
  nsec: 879601945
}
iterations: 3956
real_time_factor: 0.99961015204070414
step_size {
  nsec: 4000000
}

sim_time {
  sec: 15
  nsec: 928000000
}
real_time {
  sec: 17
  nsec: 983600731
}
iterations: 3982
real_time_factor: 0.99996875097653193
step_size {
  nsec: 4000000
}

sim_time {
  sec: 16
  nsec: 32000000
}
real_time {
  sec: 18
  nsec: 87601100
}
iterations: 4008
real_time_factor: 0.99986026952733353
step_size {
  nsec: 4000000
}

sim_time {
  sec: 16
  nsec: 136000000
}
real_time {
  sec: 18
  nsec: 191600693
}
iterations: 4034
real_time_factor: 0.99998025039005478
step_size {
  nsec: 4000000
}

sim_time {
  sec: 16
  nsec: 236000000
}
real_time {
  sec: 18
  nsec: 291601310
}
iterations: 4059
real_time_factor: 1.0000430018490796
step_size {
  nsec: 4000000
}

sim_time {
  sec: 16
  nsec: 340000000
}
real_time {
  sec: 18
  nsec: 395602338
}
iterations: 4085
real_time_factor: 0.99978604578620178
step_size {
  nsec: 4000000
}

sim_time {
  sec: 16
  nsec: 444000000
}
real_time {
  sec: 18
  nsec: 499601922
}
iterations: 4111
real_time_factor: 0.99994350319206959
step_size {
  nsec: 4000000
}

sim_time {
  sec: 16
  nsec: 548000000
}
real_time {
  sec: 18
  nsec: 603601394
}
iterations: 4137
real_time_factor: 1.0001102621564026
step_size {
  nsec: 4000000
}

sim_time {
  sec: 16
  nsec: 648000000
}
real_time {
  sec: 18
  nsec: 703601281
}
iterations: 4162
real_time_factor: 1.0002465607772315
step_size {
  nsec: 4000000
}

sim_time {
  sec: 16
  nsec: 748000000
}
real_time {
  sec: 18
  nsec: 803601574
}
iterations: 4187
real_time_factor: 1.0013480648322806
step_size {
  nsec: 4000000
}

sim_time {
  sec: 16
  nsec: 848000000
}
real_time {
  sec: 18
  nsec: 903602237
}
iterations: 4212
real_time_factor: 0.99979529191398064
step_size {
  nsec: 4000000
}

sim_time {
  sec: 16
  nsec: 948000000
}
real_time {
  sec: 19
  nsec: 3602752
}
iterations: 4237
real_time_factor: 0.99958692070501864
step_size {
  nsec: 4000000
}

sim_time {
  sec: 17
  nsec: 52000000
}
real_time {
  sec: 19
  nsec: 107603554
}
iterations: 4263
real_time_factor: 0.9992453199720911
step_size {
  nsec: 4000000
}

sim_time {
  sec: 17
  nsec: 156000000
}
real_time {
  sec: 19
  nsec: 211601696
}
iterations: 4289
real_time_factor: 1.0000822567656189
step_size {
  nsec: 4000000
}

sim_time {
  sec: 17
  nsec: 260000000
}
real_time {
  sec: 19
  nsec: 315601466
}
iterations: 4315
real_time_factor: 0.99988101415931507
step_size {
  nsec: 4000000
}

sim_time {
  sec: 17
  nsec: 360000000
}
real_time {
  sec: 19
  nsec: 415602336
}
iterations: 4340
real_time_factor: 1.0000222504950735
step_size {
  nsec: 4000000
}

sim_time {
  sec: 17
  nsec: 464000000
}
real_time {
  sec: 19
  nsec: 519600551
}
iterations: 4366
real_time_factor: 1.000205292136211
step_size {
  nsec: 4000000
}

sim_time {
  sec: 17
  nsec: 564000000
}
real_time {
  sec: 19
  nsec: 619600966
}
iterations: 4391
real_time_factor: 1.0001380190466285
step_size {
  nsec: 4000000
}

sim_time {
  sec: 17
  nsec: 668000000
}
real_time {
  sec: 19
  nsec: 723600848
}
iterations: 4417
real_time_factor: 0.99999475002756233
step_size {
  nsec: 4000000
}

sim_time {
  sec: 17
  nsec: 768000000
}
real_time {
  sec: 19
  nsec: 823601199
}
iterations: 4442
real_time_factor: 1.0000942588839
step_size {
  nsec: 4000000
}

sim_time {
  sec: 17
  nsec: 872000000
}
real_time {
  sec: 19
  nsec: 927600525
}
iterations: 4468
real_time_factor: 1.0000480023041105
step_size {
  nsec: 4000000
}

sim_time {
  sec: 17
  nsec: 976000000
}
real_time {
  sec: 20
  nsec: 31600444
}
iterations: 4494
real_time_factor: 1.0000432518706435
step_size {
  nsec: 4000000
}

sim_time {
  sec: 18
  nsec: 76000000
}
real_time {
  sec: 20
  nsec: 131601861
}
iterations: 4519
real_time_factor: 0.9999160070554074
step_size {
  nsec: 4000000
}

sim_time {
  sec: 18
  nsec: 180000000
}
real_time {
  sec: 20
  nsec: 235601292
}
iterations: 4545
real_time_factor: 0.99993200462368559
step_size {
  nsec: 4000000
}

sim_time {
  sec: 18
  nsec: 284000000
}
real_time {
  sec: 20
  nsec: 339600499
}
iterations: 4571
real_time_factor: 0.99994375316388451
step_size {
  nsec: 4000000
}

sim_time {
  sec: 18
  nsec: 388000000
}
real_time {
  sec: 20
  nsec: 443601059
}
iterations: 4597
real_time_factor: 0.99975855830816862
step_size {
  nsec: 4000000
}

sim_time {
  sec: 18
  nsec: 488000000
}
real_time {
  sec: 20
  nsec: 543601523
}
iterations: 4622
real_time_factor: 1.0000897580557855
step_size {
  nsec: 4000000
}

sim_time {
  sec: 18
  nsec: 592000000
}
real_time {
  sec: 20
  nsec: 647600971
}
iterations: 4648
real_time_factor: 1.0000110001210014
step_size {
  nsec: 4000000
}

sim_time {
  sec: 18
  nsec: 696000000
}
real_time {
  sec: 20
  nsec: 751601161
}
iterations: 4674
real_time_factor: 0.99998075037055534
step_size {
  nsec: 4000000
}

sim_time {
  sec: 18
  nsec: 800000000
}
real_time {
  sec: 20
  nsec: 855600933
}
iterations: 4700
real_time_factor: 1.0000037500140626
step_size {
  nsec: 4000000
}

sim_time {
  sec: 18
  nsec: 904000000
}
real_time {
  sec: 20
  nsec: 959601307
}
iterations: 4726
real_time_factor: 0.99997850046224
step_size {
  nsec: 4000000
}

sim_time {
  sec: 19
  nsec: 4000000
}
real_time {
  sec: 21
  nsec: 59601698
}
iterations: 4751
real_time_factor: 0.99977704971791292
step_size {
  nsec: 4000000
}

sim_time {
  sec: 19
  nsec: 108000000
}
real_time {
  sec: 21
  nsec: 163599929
}
iterations: 4777
real_time_factor: 1.0001455211733308
step_size {
  nsec: 4000000
}

sim_time {
  sec: 19
  nsec: 208000000
}
real_time {
  sec: 21
  nsec: 263601258
}
iterations: 4802
real_time_factor: 1.0001082617193311
step_size {
  nsec: 4000000
}

sim_time {
  sec: 19
  nsec: 312000000
}
real_time {
  sec: 21
  nsec: 367600731
}
iterations: 4828
real_time_factor: 1.00005750330644
step_size {
  nsec: 4000000
}

sim_time {
  sec: 19
  nsec: 416000000
}
real_time {
  sec: 21
  nsec: 471601126
}
iterations: 4854
real_time_factor: 0.99985577080506138
step_size {
  nsec: 4000000
}

sim_time {
  sec: 19
  nsec: 516000000
}
real_time {
  sec: 21
  nsec: 571600852
}
iterations: 4879
real_time_factor: 0.99993225458975155
step_size {
  nsec: 4000000
}

sim_time {
  sec: 19
  nsec: 620000000
}
real_time {
  sec: 21
  nsec: 675600348
}
iterations: 4905
real_time_factor: 1.0001755308056564
step_size {
  nsec: 4000000
}

sim_time {
  sec: 19
  nsec: 720000000
}
real_time {
  sec: 21
  nsec: 775600649
}
iterations: 4930
real_time_factor: 1.0000757557384972
step_size {
  nsec: 4000000
}

sim_time {
  sec: 19
  nsec: 824000000
}
real_time {
  sec: 21
  nsec: 879600644
}
iterations: 4956
real_time_factor: 0.99999050009024915
step_size {
  nsec: 4000000
}

sim_time {
  sec: 19
  nsec: 928000000
}
real_time {
  sec: 21
  nsec: 983601984
}
iterations: 4982
real_time_factor: 0.99962464094732428
step_size {
  nsec: 4000000
}

sim_time {
  sec: 20
  nsec: 32000000
}
real_time {
  sec: 22
  nsec: 87601536
}
iterations: 5008
real_time_factor: 0.99986751755392411
step_size {
  nsec: 4000000
}

sim_time {
  sec: 20
  nsec: 136000000
}
real_time {
  sec: 22
  nsec: 191600784
}
iterations: 5034
real_time_factor: 1.000002000004
step_size {
  nsec: 4000000
}

sim_time {
  sec: 20
  nsec: 240000000
}
real_time {
  sec: 22
  nsec: 295600940
}
iterations: 5060
real_time_factor: 0.99994650286209685
step_size {
  nsec: 4000000
}

sim_time {
  sec: 20
  nsec: 344000000
}
real_time {
  sec: 22
  nsec: 399600771
}
iterations: 5086
real_time_factor: 0.999914007395364
step_size {
  nsec: 4000000
}

sim_time {
  sec: 20
  nsec: 444000000
}
real_time {
  sec: 22
  nsec: 499602306
}
iterations: 5111
real_time_factor: 0.999800289892094
step_size {
  nsec: 4000000
}

sim_time {
  sec: 20
  nsec: 548000000
}
real_time {
  sec: 22
  nsec: 603601359
}
iterations: 5137
real_time_factor: 1.0002495622657852
step_size {
  nsec: 4000000
}

sim_time {
  sec: 20
  nsec: 652000000
}
real_time {
  sec: 22
  nsec: 707600709
}
iterations: 5163
real_time_factor: 1.0001847841388696
step_size {
  nsec: 4000000
}

sim_time {
  sec: 20
  nsec: 756000000
}
real_time {
  sec: 22
  nsec: 811600661
}
iterations: 5189
real_time_factor: 1.0000087500765631
step_size {
  nsec: 4000000
}

sim_time {
  sec: 20
  nsec: 856000000
}
real_time {
  sec: 22
  nsec: 911601130
}
iterations: 5214
real_time_factor: 0.99994650286209685
step_size {
  nsec: 4000000
}

sim_time {
  sec: 20
  nsec: 956000000
}
real_time {
  sec: 23
  nsec: 11601609
}
iterations: 5239
real_time_factor: 1.0000760057764391
step_size {
  nsec: 4000000
}

