{
  "ulog_start_us": 3580000,
  "ulog_end_us": 26504000,
  "dropouts": 0,
  "missing_topics": [],
  "windows": {},
  "unavailable": {
    "settling_time": "requires an explicitly defined settling band and dwell time; not inferred",
    "control_source_switch_latency": "requires publication owner event correlated with actual actuator output"
  },
  "armed_motor_values_valid": true,
  "actuator_step": {
    "count": 5650,
    "mean": 0.00013590876187663525,
    "p95": 0.0002751892607193441,
    "p99": 0.000347541149822064,
    "max": 0.001458948478102684
  },
  "handovers": [],
  "status": "FAIL"
}
