{
  "ulog_start_us": 3612000,
  "ulog_end_us": 41424000,
  "dropouts": 0,
  "missing_topics": [],
  "windows": {
    "classic_before_0": {
      "start_us": 1791546741552738.8,
      "end_us": 1791546751552691.2,
      "duration_s": 9.9999525,
      "position_error_m": null,
      "velocity_error_m_s": null,
      "tilt_deg": null,
      "attitude_error_deg": null,
      "angular_rate_rad_s": null,
      "status": "FAIL"
    }
  },
  "unavailable": {
    "settling_time": "requires an explicitly defined settling band and dwell time; not inferred",
    "control_source_switch_latency": "requires publication owner event correlated with actual actuator output"
  },
  "armed_motor_values_valid": true,
  "actuator_step": {
    "count": 9323,
    "mean": 0.0006875940598547459,
    "p95": 0.0029328525066375693,
    "p99": 0.006193116903305062,
    "max": 0.2635918855667114
  },
  "handovers": [],
  "status": "FAIL"
}
