{
  "ulog_start_us": 4544000,
  "ulog_end_us": 68184000,
  "dropouts": 0,
  "missing_topics": [],
  "windows": {
    "classic_before_0": {
      "start_us": 34544241.37205756,
      "end_us": 44604234.996254854,
      "duration_s": 10.059993624197297,
      "position_error_m": {
        "count": 1257,
        "mean": 0.10830546401156746,
        "p95": 0.35630989327276796,
        "p99": 0.4299690578029459,
        "max": 0.45056997678900373
      },
      "velocity_error_m_s": {
        "count": 1257,
        "mean": 0.05528806149959564,
        "p95": 0.17614372670650486,
        "p99": 0.212435451745987,
        "max": 0.22159120440483093
      },
      "tilt_deg": {
        "count": 2514,
        "mean": 0.1701662391424179,
        "p95": 0.2586878836154938,
        "p99": 0.2690691649913788,
        "max": 0.2719624638557434
      },
      "attitude_error_deg": {
        "count": 2514,
        "mean": 0.08840928971767426,
        "p95": 0.16312935948371887,
        "p99": 0.17693863809108734,
        "max": 0.18557481467723846
      },
      "angular_rate_rad_s": {
        "count": 2455,
        "mean": 0.006402614992111921,
        "p95": 0.010783426743000745,
        "p99": 0.011900965757668018,
        "max": 0.012884208932518959
      },
      "status": "PASS"
    },
    "neural_1": {
      "start_us": 44843389.686681814,
      "end_us": 49884234.62545271,
      "duration_s": 5.040844938770897,
      "position_error_m": {
        "count": 631,
        "mean": 0.0621514532473372,
        "p95": 0.08249603908566075,
        "p99": 0.08831830359828845,
        "max": 0.08861967777560578
      },
      "velocity_error_m_s": {
        "count": 631,
        "mean": 0.02746637351810932,
        "p95": 0.08194237947463989,
        "p99": 0.1476371526718141,
        "max": 0.1751474142074585
      },
      "tilt_deg": {
        "count": 1261,
        "mean": 0.3641449511051178,
        "p95": 1.3035627603530884,
        "p99": 1.7414520502090456,
        "max": 1.8371754884719849
      },
      "attitude_error_deg": {
        "count": 1261,
        "mean": 0.47454553842544556,
        "p95": 1.36025071144104,
        "p99": 1.7044217586517336,
        "max": 1.8035778999328613
      },
      "angular_rate_rad_s": {
        "count": 1241,
        "mean": 0.03948183357715607,
        "p95": 0.13824424147605896,
        "p99": 0.23169246017932887,
        "max": 0.2604307532310486
      },
      "status": "PASS"
    },
    "classic_after_2": {
      "start_us": 50114536.34968581,
      "end_us": 60164225.60156522,
      "duration_s": 10.049689251879409,
      "position_error_m": {
        "count": 1257,
        "mean": 0.05714307867997154,
        "p95": 0.07316132532306191,
        "p99": 0.07595816362831659,
        "max": 0.07610885773422969
      },
      "velocity_error_m_s": {
        "count": 1257,
        "mean": 0.01443080510944128,
        "p95": 0.033264245837926865,
        "p99": 0.0363182744383812,
        "max": 0.036499135196208954
      },
      "tilt_deg": {
        "count": 2513,
        "mean": 0.1412772536277771,
        "p95": 0.27934462428092965,
        "p99": 0.29541367292404175,
        "max": 0.4480612874031067
      },
      "attitude_error_deg": {
        "count": 2513,
        "mean": 0.08054368197917938,
        "p95": 0.17693863809108734,
        "p99": 0.35474242925644045,
        "max": 0.5004584193229675
      },
      "angular_rate_rad_s": {
        "count": 2486,
        "mean": 0.006597609259188175,
        "p95": 0.012032951461151242,
        "p99": 0.0312831634655595,
        "max": 0.03421281278133392
      },
      "status": "PASS"
    }
  },
  "unavailable": {},
  "time_alignment": {
    "method": "exact position-vector matches, monotonic->ULog interpolation",
    "matched_samples": 566,
    "telemetry_samples": 566,
    "sampling_uncertainty_s": 0.1
  },
  "armed_motor_values_valid": true,
  "actuator_step": {
    "count": 15259,
    "mean": 0.0005179535364732146,
    "p95": 0.0019624829292297355,
    "p99": 0.005596672892570496,
    "max": 0.25200510025024414
  },
  "handovers": [
    {
      "from": "C",
      "to": "N",
      "request_to_mode_confirmation_ms": 201.258795,
      "confirmation_px4_us": 1791547712275227
    },
    {
      "from": "N",
      "to": "C",
      "request_to_mode_confirmation_ms": 201.301701,
      "confirmation_px4_us": 1791547717519227
    }
  ],
  "raptor_active_samples": 1278,
  "active_loop_interval_us": {
    "count": 1277,
    "mean": 4100.234925606891,
    "p95": 4000.0,
    "p99": 8000.0,
    "max": 8000.0
  },
  "inference_duration_us": {
    "count": 15199,
    "mean": 6.570103296269491,
    "p95": 10.0,
    "p99": 20.0,
    "max": 142.0
  },
  "inference_nonfinite_count": 0,
  "executor_warning_count": 268,
  "inference_timing_status": "PASS",
  "control_period_us": {
    "count": 15198,
    "mean": 4130.017107514147,
    "p95": 4000.0,
    "p99": 8000.0,
    "max": 8000.0
  },
  "control_period_jitter_std_us": 709.3405259889224,
  "observation_age_us": {
    "vehicle_local_position": {
      "count": 15199,
      "mean": 1975.3931179682875,
      "p95": 4000.0,
      "p99": 4000.0,
      "max": 8000.0
    },
    "vehicle_attitude": {
      "count": 15199,
      "mean": 0.2631752088953221,
      "p95": 0.0,
      "p99": 0.0,
      "max": 4000.0
    },
    "vehicle_angular_velocity": {
      "count": 15199,
      "mean": 1.0527008355812884,
      "p95": 0.0,
      "p99": 0.0,
      "max": 4000.0
    }
  },
  "ownership_windows": {
    "classic_before_0": {
      "expected_owner": 2,
      "samples": 2387,
      "status": "PASS"
    },
    "neural_1": {
      "expected_owner": 1,
      "samples": 1230,
      "status": "PASS"
    },
    "classic_after_2": {
      "expected_owner": 2,
      "samples": 2445,
      "status": "PASS"
    }
  },
  "actuator_owner_transitions": [
    {
      "px4_us": 44696000,
      "from": 2,
      "to": 1,
      "max_motor_step": 0.23459717631340027,
      "settling_time_s": 0.004
    },
    {
      "px4_us": 49928000,
      "from": 1,
      "to": 2,
      "max_motor_step": 0.0034576058387756348,
      "settling_time_s": 0.004
    }
  ],
  "ownership_log_matching": {
    "events": 15300,
    "matched_actuator_samples": 15247
  },
  "state_log_validation": {
    "operations": 44,
    "missing_requests": [],
    "status": "PASS"
  },
  "state_values_validation": {
    "errors": [],
    "status": "PASS"
  },
  "safety_failure_events": 0,
  "status": "PASS"
}
