{
  "ulog_start_us": 4520000,
  "ulog_end_us": 58356000,
  "dropouts": 0,
  "missing_topics": [
    "raptor_status",
    "raptor_input"
  ],
  "windows": {
    "classic_before_0": {
      "start_us": 24880474.918463726,
      "end_us": 34883923.40797595,
      "duration_s": 10.003448489512223,
      "position_error_m": {
        "count": 1250,
        "mean": 0.10115921557364822,
        "p95": 0.33429542767098225,
        "p99": 0.4129759364095513,
        "max": 0.4357730212058938
      },
      "velocity_error_m_s": {
        "count": 1250,
        "mean": 0.0552595816552639,
        "p95": 0.16337943673133848,
        "p99": 0.20720804437994955,
        "max": 0.21784193813800812
      },
      "tilt_deg": {
        "count": 2500,
        "mean": 0.20897631347179413,
        "p95": 0.3286493718624115,
        "p99": 0.3706226646900177,
        "max": 0.3748224973678589
      },
      "attitude_error_deg": {
        "count": 2500,
        "mean": 0.11347831785678864,
        "p95": 0.2093566358089447,
        "p99": 0.243893101811409,
        "max": 0.2502290606498718
      },
      "angular_rate_rad_s": {
        "count": 2461,
        "mean": 0.007774776313453913,
        "p95": 0.014374219812452793,
        "p99": 0.016839630156755447,
        "max": 0.017673686146736145
      },
      "status": "PASS"
    },
    "neural_1": {
      "start_us": 35119993.60246494,
      "end_us": 40105637.22977642,
      "duration_s": 4.985643627311483,
      "position_error_m": {
        "count": 624,
        "mean": 0.05987881870785289,
        "p95": 0.0665188673786081,
        "p99": 0.06672424444180296,
        "max": 0.06675139300853233
      },
      "velocity_error_m_s": {
        "count": 624,
        "mean": 0.017556127160787582,
        "p95": 0.025453595910221366,
        "p99": 0.09722072757780548,
        "max": 0.1289105862379074
      },
      "tilt_deg": {
        "count": 1247,
        "mean": 0.274564266204834,
        "p95": 0.4856568694114685,
        "p99": 0.5849475908279409,
        "max": 0.8543210029602051
      },
      "attitude_error_deg": {
        "count": 1247,
        "mean": 0.42243650555610657,
        "p95": 0.5868396759033203,
        "p99": 0.6793604218959798,
        "max": 0.9412761926651001
      },
      "angular_rate_rad_s": {
        "count": 1239,
        "mean": 0.02301347628235817,
        "p95": 0.04939545504748816,
        "p99": 0.1163962671160692,
        "max": 0.13825033605098724
      },
      "status": "PASS"
    },
    "classic_after_2": {
      "start_us": 40340920.237612434,
      "end_us": 50358698.07226201,
      "duration_s": 10.017777834649578,
      "position_error_m": {
        "count": 1252,
        "mean": 0.06830500454829012,
        "p95": 0.0853154321178242,
        "p99": 0.08672608264203578,
        "max": 0.08693886686223377
      },
      "velocity_error_m_s": {
        "count": 1252,
        "mean": 0.01391027495265007,
        "p95": 0.02430742746219039,
        "p99": 0.025731614362448453,
        "max": 0.025857556611299515
      },
      "tilt_deg": {
        "count": 2504,
        "mean": 0.139923095703125,
        "p95": 0.2761392131447791,
        "p99": 0.30646705627441406,
        "max": 0.3083765506744385
      },
      "attitude_error_deg": {
        "count": 2504,
        "mean": 0.0745079517364502,
        "p95": 0.14803747832775116,
        "p99": 0.16312935948371887,
        "max": 0.17693863809108734
      },
      "angular_rate_rad_s": {
        "count": 2475,
        "mean": 0.0057936981320381165,
        "p95": 0.010287795588374138,
        "p99": 0.011581515297293647,
        "max": 0.020347068086266518
      },
      "status": "PASS"
    }
  },
  "unavailable": {
    "inference_duration_us": "original diagnostic does not contain inference wall duration",
    "GRU_snapshot": "requires controller state API",
    "settling_time": "requires an explicitly defined settling band and dwell time; not inferred",
    "control_source_switch_latency": "requires publication owner event correlated with actual actuator output"
  },
  "time_alignment": {
    "method": "exact position-vector matches, monotonic->ULog interpolation",
    "matched_samples": 470,
    "telemetry_samples": 470,
    "sampling_uncertainty_s": 0.1
  },
  "armed_motor_values_valid": true,
  "actuator_step": {
    "count": 12963,
    "mean": 0.0005366186378523707,
    "p95": 0.0020843654870986903,
    "p99": 0.005495047569274901,
    "max": 0.24914658069610596
  },
  "handovers": [
    {
      "from": "C",
      "to": "N",
      "request_to_mode_confirmation_ms": 201.176542,
      "confirmation_px4_us": 1791547069783790
    },
    {
      "from": "N",
      "to": "C",
      "request_to_mode_confirmation_ms": 201.037865,
      "confirmation_px4_us": 1791547075003789
    }
  ],
  "raptor_active_samples": 0,
  "status": "FAIL"
}
