sim_time {
  nsec: 4000000
}
real_time {
  sec: 1
  nsec: 777076677
}
iterations: 1
real_time_factor: 0.0022508876807458096
step_size {
  nsec: 4000000
}

sim_time {
  nsec: 108000000
}
real_time {
  sec: 1
  nsec: 881067778
}
iterations: 27
real_time_factor: 0.99985327153240267
step_size {
  nsec: 4000000
}

sim_time {
  nsec: 212000000
}
real_time {
  sec: 1
  nsec: 985060185
}
iterations: 53
real_time_factor: 1.0000407516606302
step_size {
  nsec: 4000000
}

sim_time {
  nsec: 312000000
}
real_time {
  sec: 2
  nsec: 85060718
}
iterations: 78
real_time_factor: 1.0010370744090877
step_size {
  nsec: 4000000
}

sim_time {
  nsec: 412000000
}
real_time {
  sec: 2
  nsec: 185062380
}
iterations: 103
real_time_factor: 1.0266371268944021
step_size {
  nsec: 4000000
}

sim_time {
  nsec: 516000000
}
real_time {
  sec: 2
  nsec: 289060454
}
iterations: 129
real_time_factor: 0.99998275029755734
step_size {
  nsec: 4000000
}

sim_time {
  nsec: 620000000
}
real_time {
  sec: 2
  nsec: 393066384
}
iterations: 155
real_time_factor: 0.99838386611672358
step_size {
  nsec: 4000000
}

sim_time {
  nsec: 724000000
}
real_time {
  sec: 2
  nsec: 497060315
}
iterations: 181
real_time_factor: 1.0000570032491851
step_size {
  nsec: 4000000
}

sim_time {
  nsec: 828000000
}
real_time {
  sec: 2
  nsec: 601060017
}
iterations: 207
real_time_factor: 0.99989726055647787
step_size {
  nsec: 4000000
}

sim_time {
  nsec: 932000000
}
real_time {
  sec: 2
  nsec: 705059809
}
iterations: 233
real_time_factor: 1.0000175003062555
step_size {
  nsec: 4000000
}

sim_time {
  sec: 1
  nsec: 32000000
}
real_time {
  sec: 2
  nsec: 805060977
}
iterations: 258
real_time_factor: 1.0002070428578715
step_size {
  nsec: 4000000
}

sim_time {
  sec: 1
  nsec: 132000000
}
real_time {
  sec: 2
  nsec: 905060995
}
iterations: 283
real_time_factor: 1.0001332677579287
step_size {
  nsec: 4000000
}

sim_time {
  sec: 1
  nsec: 232000000
}
real_time {
  sec: 3
  nsec: 5061302
}
iterations: 308
real_time_factor: 1.0000080000640006
step_size {
  nsec: 4000000
}

sim_time {
  sec: 1
  nsec: 336000000
}
real_time {
  sec: 3
  nsec: 109060500
}
iterations: 334
real_time_factor: 1.0000755057006805
step_size {
  nsec: 4000000
}

sim_time {
  sec: 1
  nsec: 440000000
}
real_time {
  sec: 3
  nsec: 213063643
}
iterations: 360
real_time_factor: 0.99912950841579273
step_size {
  nsec: 4000000
}

sim_time {
  sec: 1
  nsec: 540000000
}
real_time {
  sec: 3
  nsec: 313064198
}
iterations: 385
real_time_factor: 0.99910405344007758
step_size {
  nsec: 4000000
}

sim_time {
  sec: 1
  nsec: 644000000
}
real_time {
  sec: 3
  nsec: 417059864
}
iterations: 411
real_time_factor: 1.0004924924293983
step_size {
  nsec: 4000000
}

sim_time {
  sec: 1
  nsec: 744000000
}
real_time {
  sec: 3
  nsec: 796263365
}
iterations: 436
real_time_factor: 0.014124906612738526
step_size {
  nsec: 4000000
}

sim_time {
  sec: 1
  nsec: 848000000
}
real_time {
  sec: 3
  nsec: 900259003
}
iterations: 462
real_time_factor: 1.0000290008410244
step_size {
  nsec: 4000000
}

sim_time {
  sec: 1
  nsec: 952000000
}
real_time {
  sec: 4
  nsec: 4259215
}
iterations: 488
real_time_factor: 1.0000085000722505
step_size {
  nsec: 4000000
}

sim_time {
  sec: 2
  nsec: 52000000
}
real_time {
  sec: 4
  nsec: 104259285
}
iterations: 513
real_time_factor: 0.99999450003024981
step_size {
  nsec: 4000000
}

sim_time {
  sec: 2
  nsec: 152000000
}
real_time {
  sec: 4
  nsec: 204259883
}
iterations: 538
real_time_factor: 1.0003396152993942
step_size {
  nsec: 4000000
}

sim_time {
  sec: 2
  nsec: 256000000
}
real_time {
  sec: 4
  nsec: 308259252
}
iterations: 564
real_time_factor: 0.99992525558714485
step_size {
  nsec: 4000000
}

sim_time {
  sec: 2
  nsec: 356000000
}
real_time {
  sec: 4
  nsec: 408259568
}
iterations: 589
real_time_factor: 1.0000337511391009
step_size {
  nsec: 4000000
}

sim_time {
  sec: 2
  nsec: 456000000
}
real_time {
  sec: 4
  nsec: 508260837
}
iterations: 614
real_time_factor: 0.99986051945753562
step_size {
  nsec: 4000000
}

sim_time {
  sec: 2
  nsec: 560000000
}
real_time {
  sec: 4
  nsec: 612259563
}
iterations: 640
real_time_factor: 1.0000272507425827
step_size {
  nsec: 4000000
}

sim_time {
  sec: 2
  nsec: 664000000
}
real_time {
  sec: 4
  nsec: 716261161
}
iterations: 666
real_time_factor: 0.99976780392753783
step_size {
  nsec: 4000000
}

sim_time {
  sec: 2
  nsec: 764000000
}
real_time {
  sec: 4
  nsec: 816262523
}
iterations: 691
real_time_factor: 0.99958042611613773
step_size {
  nsec: 4000000
}

sim_time {
  sec: 2
  nsec: 868000000
}
real_time {
  sec: 4
  nsec: 920258758
}
iterations: 717
real_time_factor: 1.000038501482307
step_size {
  nsec: 4000000
}

sim_time {
  sec: 2
  nsec: 968000000
}
real_time {
  sec: 5
  nsec: 20258917
}
iterations: 742
real_time_factor: 1.0000500025001251
step_size {
  nsec: 4000000
}

sim_time {
  sec: 3
  nsec: 68000000
}
real_time {
  sec: 5
  nsec: 120261177
}
iterations: 767
real_time_factor: 0.99982802957891248
step_size {
  nsec: 4000000
}

sim_time {
  sec: 3
  nsec: 168000000
}
real_time {
  sec: 5
  nsec: 220260549
}
iterations: 792
real_time_factor: 0.99976280627421144
step_size {
  nsec: 4000000
}

sim_time {
  sec: 3
  nsec: 272000000
}
real_time {
  sec: 5
  nsec: 324259162
}
iterations: 818
real_time_factor: 1.0000642541283278
step_size {
  nsec: 4000000
}

sim_time {
  sec: 3
  nsec: 376000000
}
real_time {
  sec: 5
  nsec: 428259190
}
iterations: 844
real_time_factor: 1.0000477522801714
step_size {
  nsec: 4000000
}

sim_time {
  sec: 3
  nsec: 476000000
}
real_time {
  sec: 5
  nsec: 528260510
}
iterations: 869
real_time_factor: 0.99985802016113712
step_size {
  nsec: 4000000
}

sim_time {
  sec: 3
  nsec: 580000000
}
real_time {
  sec: 5
  nsec: 632259398
}
iterations: 895
real_time_factor: 1.0002007903086545
step_size {
  nsec: 4000000
}

sim_time {
  sec: 3
  nsec: 684000000
}
real_time {
  sec: 5
  nsec: 736259825
}
iterations: 921
real_time_factor: 0.99988326362897129
step_size {
  nsec: 4000000
}

sim_time {
  sec: 3
  nsec: 784000000
}
real_time {
  sec: 5
  nsec: 836261700
}
iterations: 946
real_time_factor: 1.0006409105031773
step_size {
  nsec: 4000000
}

sim_time {
  sec: 3
  nsec: 888000000
}
real_time {
  sec: 5
  nsec: 940260274
}
iterations: 972
real_time_factor: 1.0001680282287424
step_size {
  nsec: 4000000
}

sim_time {
  sec: 3
  nsec: 988000000
}
real_time {
  sec: 6
  nsec: 40262437
}
iterations: 997
real_time_factor: 0.999645125980277
step_size {
  nsec: 4000000
}

sim_time {
  sec: 4
  nsec: 92000000
}
real_time {
  sec: 6
  nsec: 144262511
}
iterations: 1023
real_time_factor: 0.99983002889508787
step_size {
  nsec: 4000000
}

sim_time {
  sec: 4
  nsec: 196000000
}
real_time {
  sec: 6
  nsec: 248260585
}
iterations: 1049
real_time_factor: 0.99989726055647787
step_size {
  nsec: 4000000
}

sim_time {
  sec: 4
  nsec: 300000000
}
real_time {
  sec: 6
  nsec: 352260359
}
iterations: 1075
real_time_factor: 0.99995525200247293
step_size {
  nsec: 4000000
}

sim_time {
  sec: 4
  nsec: 404000000
}
real_time {
  sec: 6
  nsec: 456260095
}
iterations: 1101
real_time_factor: 0.99992750525586893
step_size {
  nsec: 4000000
}

sim_time {
  sec: 4
  nsec: 504000000
}
real_time {
  sec: 6
  nsec: 556262680
}
iterations: 1126
real_time_factor: 0.99951323705355488
step_size {
  nsec: 4000000
}

sim_time {
  sec: 4
  nsec: 608000000
}
real_time {
  sec: 6
  nsec: 660262342
}
iterations: 1152
real_time_factor: 0.99946228928836289
step_size {
  nsec: 4000000
}

sim_time {
  sec: 4
  nsec: 712000000
}
real_time {
  sec: 6
  nsec: 764259568
}
iterations: 1178
real_time_factor: 1.0000592535107704
step_size {
  nsec: 4000000
}

sim_time {
  sec: 4
  nsec: 812000000
}
real_time {
  sec: 6
  nsec: 864259930
}
iterations: 1203
real_time_factor: 1.0001010102020305
step_size {
  nsec: 4000000
}

sim_time {
  sec: 4
  nsec: 912000000
}
real_time {
  sec: 6
  nsec: 964261089
}
iterations: 1228
real_time_factor: 0.999990000099999
step_size {
  nsec: 4000000
}

sim_time {
  sec: 5
  nsec: 16000000
}
real_time {
  sec: 7
  nsec: 68263954
}
iterations: 1254
real_time_factor: 0.99910679852212125
step_size {
  nsec: 4000000
}

sim_time {
  sec: 5
  nsec: 120000000
}
real_time {
  sec: 7
  nsec: 172260495
}
iterations: 1280
real_time_factor: 1.00005725327775
step_size {
  nsec: 4000000
}

sim_time {
  sec: 5
  nsec: 224000000
}
real_time {
  sec: 7
  nsec: 276259028
}
iterations: 1306
real_time_factor: 1.0000780060844745
step_size {
  nsec: 4000000
}

sim_time {
  sec: 5
  nsec: 324000000
}
real_time {
  sec: 7
  nsec: 376260229
}
iterations: 1331
real_time_factor: 0.99997625056404915
step_size {
  nsec: 4000000
}

sim_time {
  sec: 5
  nsec: 424000000
}
real_time {
  sec: 7
  nsec: 476264319
}
iterations: 1356
real_time_factor: 0.999226848226185
step_size {
  nsec: 4000000
}

sim_time {
  sec: 5
  nsec: 528000000
}
real_time {
  sec: 7
  nsec: 580259300
}
iterations: 1382
real_time_factor: 1.0001937875463371
step_size {
  nsec: 4000000
}

sim_time {
  sec: 5
  nsec: 628000000
}
real_time {
  sec: 7
  nsec: 680259547
}
iterations: 1407
real_time_factor: 1.0002863319625244
step_size {
  nsec: 4000000
}

sim_time {
  sec: 5
  nsec: 728000000
}
real_time {
  sec: 7
  nsec: 780262518
}
iterations: 1432
real_time_factor: 0.99969834102559552
step_size {
  nsec: 4000000
}

sim_time {
  sec: 5
  nsec: 832000000
}
real_time {
  sec: 7
  nsec: 884265114
}
iterations: 1458
real_time_factor: 0.99860744192223949
step_size {
  nsec: 4000000
}

sim_time {
  sec: 5
  nsec: 936000000
}
real_time {
  sec: 7
  nsec: 988260965
}
iterations: 1484
real_time_factor: 1.0002563156808932
step_size {
  nsec: 4000000
}

sim_time {
  sec: 6
  nsec: 40000000
}
real_time {
  sec: 8
  nsec: 92260549
}
iterations: 1510
real_time_factor: 0.999939003720773
step_size {
  nsec: 4000000
}

sim_time {
  sec: 6
  nsec: 140000000
}
real_time {
  sec: 8
  nsec: 192261147
}
iterations: 1535
real_time_factor: 0.99963138592643963
step_size {
  nsec: 4000000
}

sim_time {
  sec: 6
  nsec: 240000000
}
real_time {
  sec: 8
  nsec: 292263950
}
iterations: 1560
real_time_factor: 0.99940011008392216
step_size {
  nsec: 4000000
}

sim_time {
  sec: 6
  nsec: 340000000
}
real_time {
  sec: 8
  nsec: 392264062
}
iterations: 1585
real_time_factor: 0.9997288235566103
step_size {
  nsec: 4000000
}

sim_time {
  sec: 6
  nsec: 444000000
}
real_time {
  sec: 8
  nsec: 496262947
}
iterations: 1611
real_time_factor: 0.99938862400926232
step_size {
  nsec: 4000000
}

sim_time {
  sec: 6
  nsec: 548000000
}
real_time {
  sec: 8
  nsec: 600261451
}
iterations: 1637
real_time_factor: 0.999749562734535
step_size {
  nsec: 4000000
}

sim_time {
  sec: 6
  nsec: 652000000
}
real_time {
  sec: 8
  nsec: 704259289
}
iterations: 1663
real_time_factor: 1.0000412517016326
step_size {
  nsec: 4000000
}

sim_time {
  sec: 6
  nsec: 752000000
}
real_time {
  sec: 8
  nsec: 804260301
}
iterations: 1688
real_time_factor: 0.99972132767990918
step_size {
  nsec: 4000000
}

sim_time {
  sec: 6
  nsec: 852000000
}
real_time {
  sec: 8
  nsec: 904260126
}
iterations: 1713
real_time_factor: 1.0009516547857875
step_size {
  nsec: 4000000
}

sim_time {
  sec: 6
  nsec: 956000000
}
real_time {
  sec: 9
  nsec: 8262834
}
iterations: 1739
real_time_factor: 0.99947902156001189
step_size {
  nsec: 4000000
}

sim_time {
  sec: 7
  nsec: 60000000
}
real_time {
  sec: 9
  nsec: 112259246
}
iterations: 1765
real_time_factor: 1.00032585614764
step_size {
  nsec: 4000000
}

sim_time {
  sec: 7
  nsec: 164000000
}
real_time {
  sec: 9
  nsec: 216259742
}
iterations: 1791
real_time_factor: 0.9999205063197476
step_size {
  nsec: 4000000
}

sim_time {
  sec: 7
  nsec: 268000000
}
real_time {
  sec: 9
  nsec: 320259856
}
iterations: 1817
real_time_factor: 0.999939003720773
step_size {
  nsec: 4000000
}

sim_time {
  sec: 7
  nsec: 372000000
}
real_time {
  sec: 9
  nsec: 424259587
}
iterations: 1843
real_time_factor: 1.0000525027563947
step_size {
  nsec: 4000000
}

sim_time {
  sec: 7
  nsec: 472000000
}
real_time {
  sec: 9
  nsec: 524260926
}
iterations: 1868
real_time_factor: 1.000094508931094
step_size {
  nsec: 4000000
}

sim_time {
  sec: 7
  nsec: 576000000
}
real_time {
  sec: 9
  nsec: 628260797
}
iterations: 1894
real_time_factor: 1.0000665044225441
step_size {
  nsec: 4000000
}

sim_time {
  sec: 7
  nsec: 680000000
}
real_time {
  sec: 9
  nsec: 732262343
}
iterations: 1920
real_time_factor: 0.99923159090659286
step_size {
  nsec: 4000000
}

sim_time {
  sec: 7
  nsec: 780000000
}
real_time {
  sec: 9
  nsec: 832262526
}
iterations: 1945
real_time_factor: 0.99964762421246511
step_size {
  nsec: 4000000
}

sim_time {
  sec: 7
  nsec: 884000000
}
real_time {
  sec: 9
  nsec: 936263266
}
iterations: 1971
real_time_factor: 0.99923633363202169
step_size {
  nsec: 4000000
}

sim_time {
  sec: 7
  nsec: 988000000
}
real_time {
  sec: 10
  nsec: 40259683
}
iterations: 1997
real_time_factor: 1.0000760057764391
step_size {
  nsec: 4000000
}

sim_time {
  sec: 8
  nsec: 88000000
}
real_time {
  sec: 10
  nsec: 140259977
}
iterations: 2022
real_time_factor: 0.99982802957891248
step_size {
  nsec: 4000000
}

sim_time {
  sec: 8
  nsec: 192000000
}
real_time {
  sec: 10
  nsec: 244259791
}
iterations: 2048
real_time_factor: 0.99998325028055779
step_size {
  nsec: 4000000
}

sim_time {
  sec: 8
  nsec: 296000000
}
real_time {
  sec: 10
  nsec: 348259308
}
iterations: 2074
real_time_factor: 1.0001057611842452
step_size {
  nsec: 4000000
}

sim_time {
  sec: 8
  nsec: 396000000
}
real_time {
  sec: 10
  nsec: 448262116
}
iterations: 2099
real_time_factor: 0.99928900587232183
step_size {
  nsec: 4000000
}

sim_time {
  sec: 8
  nsec: 496000000
}
real_time {
  sec: 10
  nsec: 548262405
}
iterations: 2124
real_time_factor: 0.9994650363392994
step_size {
  nsec: 4000000
}

sim_time {
  sec: 8
  nsec: 600000000
}
real_time {
  sec: 10
  nsec: 652262984
}
iterations: 2150
real_time_factor: 0.99970783538510866
step_size {
  nsec: 4000000
}

sim_time {
  sec: 8
  nsec: 700000000
}
real_time {
  sec: 10
  nsec: 752262598
}
iterations: 2175
real_time_factor: 1.0002700729196883
step_size {
  nsec: 4000000
}

sim_time {
  sec: 8
  nsec: 804000000
}
real_time {
  sec: 10
  nsec: 856259907
}
iterations: 2201
real_time_factor: 0.9999047590716984
step_size {
  nsec: 4000000
}

sim_time {
  sec: 8
  nsec: 908000000
}
real_time {
  sec: 10
  nsec: 960263495
}
iterations: 2227
real_time_factor: 0.99906512480945953
step_size {
  nsec: 4000000
}

sim_time {
  sec: 9
  nsec: 12000000
}
real_time {
  sec: 11
  nsec: 64259130
}
iterations: 2253
real_time_factor: 1.0000110001210014
step_size {
  nsec: 4000000
}

sim_time {
  sec: 9
  nsec: 112000000
}
real_time {
  sec: 11
  nsec: 164259882
}
iterations: 2278
real_time_factor: 1.0004024118701749
step_size {
  nsec: 4000000
}

sim_time {
  sec: 9
  nsec: 212000000
}
real_time {
  sec: 11
  nsec: 264260135
}
iterations: 2303
real_time_factor: 0.99989751050517317
step_size {
  nsec: 4000000
}

sim_time {
  sec: 9
  nsec: 312000000
}
real_time {
  sec: 11
  nsec: 364260690
}
iterations: 2328
real_time_factor: 1.0011881600489381
step_size {
  nsec: 4000000
}

sim_time {
  sec: 9
  nsec: 416000000
}
real_time {
  sec: 11
  nsec: 468260106
}
iterations: 2354
real_time_factor: 0.999930004899657
step_size {
  nsec: 4000000
}

sim_time {
  sec: 9
  nsec: 516000000
}
real_time {
  sec: 11
  nsec: 568259354
}
iterations: 2379
real_time_factor: 1.0002613182693978
step_size {
  nsec: 4000000
}

sim_time {
  sec: 9
  nsec: 616000000
}
real_time {
  sec: 11
  nsec: 668262463
}
iterations: 2404
real_time_factor: 0.99961339951773653
step_size {
  nsec: 4000000
}

sim_time {
  sec: 9
  nsec: 716000000
}
real_time {
  sec: 11
  nsec: 768263823
}
iterations: 2429
real_time_factor: 0.99995775178498714
step_size {
  nsec: 4000000
}

sim_time {
  sec: 9
  nsec: 820000000
}
real_time {
  sec: 11
  nsec: 872265249
}
iterations: 2455
real_time_factor: 0.998979542397441
step_size {
  nsec: 4000000
}

sim_time {
  sec: 9
  nsec: 924000000
}
real_time {
  sec: 11
  nsec: 976263221
}
iterations: 2481
real_time_factor: 0.9999855002102469
step_size {
  nsec: 4000000
}

sim_time {
  sec: 10
  nsec: 28000000
}
real_time {
  sec: 12
  nsec: 80262952
}
iterations: 2507
real_time_factor: 1.0000482523281748
step_size {
  nsec: 4000000
}

sim_time {
  sec: 10
  nsec: 132000000
}
real_time {
  sec: 12
  nsec: 184260296
}
iterations: 2533
real_time_factor: 1.000302591533939
step_size {
  nsec: 4000000
}

sim_time {
  sec: 10
  nsec: 232000000
}
real_time {
  sec: 12
  nsec: 284260821
}
iterations: 2558
real_time_factor: 1.0001915366792742
step_size {
  nsec: 4000000
}

sim_time {
  sec: 10
  nsec: 332000000
}
real_time {
  sec: 12
  nsec: 384263027
}
iterations: 2583
real_time_factor: 1.0001340179584064
step_size {
  nsec: 4000000
}

sim_time {
  sec: 10
  nsec: 436000000
}
real_time {
  sec: 12
  nsec: 488318237
}
iterations: 2609
real_time_factor: 0.98582118041735234
step_size {
  nsec: 4000000
}

sim_time {
  sec: 10
  nsec: 540000000
}
real_time {
  sec: 12
  nsec: 592347029
}
iterations: 2635
real_time_factor: 0.97988228184207093
step_size {
  nsec: 4000000
}

sim_time {
  sec: 10
  nsec: 644000000
}
real_time {
  sec: 12
  nsec: 696259708
}
iterations: 2661
real_time_factor: 1.0001547739512691
step_size {
  nsec: 4000000
}

sim_time {
  sec: 10
  nsec: 748000000
}
real_time {
  sec: 12
  nsec: 800259214
}
iterations: 2687
real_time_factor: 1.0000457520931583
step_size {
  nsec: 4000000
}

sim_time {
  sec: 10
  nsec: 848000000
}
real_time {
  sec: 12
  nsec: 900261227
}
iterations: 2712
real_time_factor: 1.0002845809632841
step_size {
  nsec: 4000000
}

sim_time {
  sec: 10
  nsec: 952000000
}
real_time {
  sec: 13
  nsec: 4259912
}
iterations: 2738
real_time_factor: 0.99997875045155293
step_size {
  nsec: 4000000
}

sim_time {
  sec: 11
  nsec: 56000000
}
real_time {
  sec: 13
  nsec: 108259408
}
iterations: 2764
real_time_factor: 1.0000062500390627
step_size {
  nsec: 4000000
}

sim_time {
  sec: 11
  nsec: 156000000
}
real_time {
  sec: 13
  nsec: 208259975
}
iterations: 2789
real_time_factor: 0.99989526097141324
step_size {
  nsec: 4000000
}

sim_time {
  sec: 11
  nsec: 256000000
}
real_time {
  sec: 13
  nsec: 308260580
}
iterations: 2814
real_time_factor: 1.000392904313169
step_size {
  nsec: 4000000
}

sim_time {
  sec: 11
  nsec: 356000000
}
real_time {
  sec: 13
  nsec: 408263596
}
iterations: 2839
real_time_factor: 0.999243322993663
step_size {
  nsec: 4000000
}

sim_time {
  sec: 11
  nsec: 460000000
}
real_time {
  sec: 13
  nsec: 512260005
}
iterations: 2865
real_time_factor: 1.0001612760057559
step_size {
  nsec: 4000000
}

sim_time {
  sec: 11
  nsec: 560000000
}
real_time {
  sec: 13
  nsec: 612260624
}
iterations: 2890
real_time_factor: 0.99991825668251622
step_size {
  nsec: 4000000
}

sim_time {
  sec: 11
  nsec: 660000000
}
real_time {
  sec: 13
  nsec: 712262206
}
iterations: 2915
real_time_factor: 1.0000457520931583
step_size {
  nsec: 4000000
}

sim_time {
  sec: 11
  nsec: 764000000
}
real_time {
  sec: 13
  nsec: 816260289
}
iterations: 2941
real_time_factor: 1.0002240501872419
step_size {
  nsec: 4000000
}

sim_time {
  sec: 11
  nsec: 868000000
}
real_time {
  sec: 13
  nsec: 920259391
}
iterations: 2967
real_time_factor: 1.0000225005062613
step_size {
  nsec: 4000000
}

sim_time {
  sec: 11
  nsec: 968000000
}
real_time {
  sec: 14
  nsec: 20261381
}
iterations: 2992
real_time_factor: 1.0000687547268874
step_size {
  nsec: 4000000
}

sim_time {
  sec: 12
  nsec: 68000000
}
real_time {
  sec: 14
  nsec: 120262046
}
iterations: 3017
real_time_factor: 0.99939336822548708
step_size {
  nsec: 4000000
}

sim_time {
  sec: 12
  nsec: 172000000
}
real_time {
  sec: 14
  nsec: 224259454
}
iterations: 3043
real_time_factor: 1.0001105122115994
step_size {
  nsec: 4000000
}

sim_time {
  sec: 12
  nsec: 272000000
}
real_time {
  sec: 14
  nsec: 324262626
}
iterations: 3068
real_time_factor: 0.99943057443021843
step_size {
  nsec: 4000000
}

sim_time {
  sec: 12
  nsec: 376000000
}
real_time {
  sec: 14
  nsec: 428259075
}
iterations: 3094
real_time_factor: 1.0001872850691291
step_size {
  nsec: 4000000
}

sim_time {
  sec: 12
  nsec: 476000000
}
real_time {
  sec: 14
  nsec: 528260051
}
iterations: 3119
real_time_factor: 1.0006228877476229
step_size {
  nsec: 4000000
}

sim_time {
  sec: 12
  nsec: 580000000
}
real_time {
  sec: 14
  nsec: 632261547
}
iterations: 3145
real_time_factor: 0.99968509919375392
step_size {
  nsec: 4000000
}

sim_time {
  sec: 12
  nsec: 680000000
}
real_time {
  sec: 14
  nsec: 732261189
}
iterations: 3170
real_time_factor: 1.0000807565210892
step_size {
  nsec: 4000000
}

sim_time {
  sec: 12
  nsec: 784000000
}
real_time {
  sec: 14
  nsec: 836261482
}
iterations: 3196
real_time_factor: 0.99992775521968535
step_size {
  nsec: 4000000
}

sim_time {
  sec: 12
  nsec: 884000000
}
real_time {
  sec: 14
  nsec: 936264606
}
iterations: 3221
real_time_factor: 0.999608403407965
step_size {
  nsec: 4000000
}

sim_time {
  sec: 12
  nsec: 988000000
}
real_time {
  sec: 15
  nsec: 40263805
}
iterations: 3247
real_time_factor: 0.99903992263434838
step_size {
  nsec: 4000000
}

sim_time {
  sec: 13
  nsec: 88000000
}
real_time {
  sec: 15
  nsec: 140264328
}
iterations: 3272
real_time_factor: 0.99973332113658686
step_size {
  nsec: 4000000
}

sim_time {
  sec: 13
  nsec: 192000000
}
real_time {
  sec: 15
  nsec: 244259472
}
iterations: 3298
real_time_factor: 1.0001545238739384
step_size {
  nsec: 4000000
}

sim_time {
  sec: 13
  nsec: 296000000
}
real_time {
  sec: 15
  nsec: 348259317
}
iterations: 3324
real_time_factor: 1.000129266707722
step_size {
  nsec: 4000000
}

sim_time {
  sec: 13
  nsec: 396000000
}
real_time {
  sec: 15
  nsec: 448259529
}
iterations: 3349
real_time_factor: 0.999914007395364
step_size {
  nsec: 4000000
}

sim_time {
  sec: 13
  nsec: 496000000
}
real_time {
  sec: 15
  nsec: 548259723
}
iterations: 3374
real_time_factor: 0.99999950000025
step_size {
  nsec: 4000000
}

sim_time {
  sec: 13
  nsec: 596000000
}
real_time {
  sec: 15
  nsec: 648261241
}
iterations: 3399
real_time_factor: 0.99987226631797788
step_size {
  nsec: 4000000
}

sim_time {
  sec: 13
  nsec: 696000000
}
real_time {
  sec: 15
  nsec: 748262471
}
iterations: 3424
real_time_factor: 1.0000645041605183
step_size {
  nsec: 4000000
}

sim_time {
  sec: 13
  nsec: 800000000
}
real_time {
  sec: 15
  nsec: 852259981
}
iterations: 3450
real_time_factor: 0.9999047590716984
step_size {
  nsec: 4000000
}

sim_time {
  sec: 13
  nsec: 904000000
}
real_time {
  sec: 15
  nsec: 956259046
}
iterations: 3476
real_time_factor: 0.99999975000006247
step_size {
  nsec: 4000000
}

sim_time {
  sec: 14
  nsec: 4000000
}
real_time {
  sec: 16
  nsec: 56262527
}
iterations: 3501
real_time_factor: 0.99987951451850055
step_size {
  nsec: 4000000
}

sim_time {
  sec: 14
  nsec: 108000000
}
real_time {
  sec: 16
  nsec: 160264546
}
iterations: 3527
real_time_factor: 0.99903767695767054
step_size {
  nsec: 4000000
}

sim_time {
  sec: 14
  nsec: 212000000
}
real_time {
  sec: 16
  nsec: 264262454
}
iterations: 3553
real_time_factor: 0.999895510919109
step_size {
  nsec: 4000000
}

sim_time {
  sec: 14
  nsec: 316000000
}
real_time {
  sec: 16
  nsec: 368259294
}
iterations: 3579
real_time_factor: 0.99996275138751078
step_size {
  nsec: 4000000
}

sim_time {
  sec: 14
  nsec: 416000000
}
real_time {
  sec: 16
  nsec: 468259308
}
iterations: 3604
real_time_factor: 0.99993250455594251
step_size {
  nsec: 4000000
}

sim_time {
  sec: 14
  nsec: 516000000
}
real_time {
  sec: 16
  nsec: 568263738
}
iterations: 3629
real_time_factor: 0.99998100036099313
step_size {
  nsec: 4000000
}

sim_time {
  sec: 14
  nsec: 620000000
}
real_time {
  sec: 16
  nsec: 672262632
}
iterations: 3655
real_time_factor: 0.99951398632414989
step_size {
  nsec: 4000000
}

sim_time {
  sec: 14
  nsec: 724000000
}
real_time {
  sec: 16
  nsec: 776261953
}
iterations: 3681
real_time_factor: 0.99994175339286484
step_size {
  nsec: 4000000
}

sim_time {
  sec: 14
  nsec: 824000000
}
real_time {
  sec: 16
  nsec: 876322300
}
iterations: 3706
real_time_factor: 0.98554258307754394
step_size {
  nsec: 4000000
}

sim_time {
  sec: 14
  nsec: 928000000
}
real_time {
  sec: 16
  nsec: 980261897
}
iterations: 3732
real_time_factor: 0.99952072981005613
step_size {
  nsec: 4000000
}

sim_time {
  sec: 15
  nsec: 32000000
}
real_time {
  sec: 17
  nsec: 84260819
}
iterations: 3758
real_time_factor: 0.99981928266465836
step_size {
  nsec: 4000000
}

sim_time {
  sec: 15
  nsec: 132000000
}
real_time {
  sec: 17
  nsec: 184260916
}
iterations: 3783
real_time_factor: 1.0003030918368265
step_size {
  nsec: 4000000
}

sim_time {
  sec: 15
  nsec: 232000000
}
real_time {
  sec: 17
  nsec: 284261411
}
iterations: 3808
real_time_factor: 0.99993950366002859
step_size {
  nsec: 4000000
}

sim_time {
  sec: 15
  nsec: 332000000
}
real_time {
  sec: 17
  nsec: 384261577
}
iterations: 3833
real_time_factor: 0.99972457587934527
step_size {
  nsec: 4000000
}

sim_time {
  sec: 15
  nsec: 436000000
}
real_time {
  sec: 17
  nsec: 488259486
}
iterations: 3859
real_time_factor: 1.0001015103032957
step_size {
  nsec: 4000000
}

sim_time {
  sec: 15
  nsec: 536000000
}
real_time {
  sec: 17
  nsec: 588263985
}
iterations: 3884
real_time_factor: 0.999970000899973
step_size {
  nsec: 4000000
}

sim_time {
  sec: 15
  nsec: 640000000
}
real_time {
  sec: 17
  nsec: 692260413
}
iterations: 3910
real_time_factor: 0.99993725393731547
step_size {
  nsec: 4000000
}

sim_time {
  sec: 15
  nsec: 744000000
}
real_time {
  sec: 17
  nsec: 796259219
}
iterations: 3936
real_time_factor: 1.0001270161310487
step_size {
  nsec: 4000000
}

sim_time {
  sec: 15
  nsec: 844000000
}
real_time {
  sec: 17
  nsec: 896261061
}
iterations: 3961
real_time_factor: 0.99988426339651182
step_size {
  nsec: 4000000
}

sim_time {
  sec: 15
  nsec: 948000000
}
real_time {
  sec: 18
  nsec: 259035
}
iterations: 3987
real_time_factor: 0.99999275005256216
step_size {
  nsec: 4000000
}

sim_time {
  sec: 16
  nsec: 48000000
}
real_time {
  sec: 18
  nsec: 100263821
}
iterations: 4012
real_time_factor: 0.99954420784122444
step_size {
  nsec: 4000000
}

sim_time {
  sec: 16
  nsec: 152000000
}
real_time {
  sec: 18
  nsec: 204264354
}
iterations: 4038
real_time_factor: 0.99957393161165053
step_size {
  nsec: 4000000
}

sim_time {
  sec: 16
  nsec: 256000000
}
real_time {
  sec: 18
  nsec: 308259485
}
iterations: 4064
real_time_factor: 1.0003981584670698
step_size {
  nsec: 4000000
}

sim_time {
  sec: 16
  nsec: 360000000
}
real_time {
  sec: 18
  nsec: 412259371
}
iterations: 4090
real_time_factor: 0.99995575195797581
step_size {
  nsec: 4000000
}

sim_time {
  sec: 16
  nsec: 460000000
}
real_time {
  sec: 18
  nsec: 512263246
}
iterations: 4115
real_time_factor: 1.0002197983006766
step_size {
  nsec: 4000000
}

sim_time {
  sec: 16
  nsec: 564000000
}
real_time {
  sec: 18
  nsec: 616259474
}
iterations: 4141
real_time_factor: 1.000101760354116
step_size {
  nsec: 4000000
}

sim_time {
  sec: 16
  nsec: 664000000
}
real_time {
  sec: 18
  nsec: 716260831
}
iterations: 4166
real_time_factor: 1.0002728244128587
step_size {
  nsec: 4000000
}

sim_time {
  sec: 16
  nsec: 768000000
}
real_time {
  sec: 18
  nsec: 820503312
}
iterations: 4192
real_time_factor: 0.94259035612241893
step_size {
  nsec: 4000000
}

sim_time {
  sec: 16
  nsec: 872000000
}
real_time {
  sec: 18
  nsec: 924260268
}
iterations: 4218
real_time_factor: 1.0003171005208651
step_size {
  nsec: 4000000
}

sim_time {
  sec: 16
  nsec: 972000000
}
real_time {
  sec: 19
  nsec: 24263736
}
iterations: 4243
real_time_factor: 1.0005115115102596
step_size {
  nsec: 4000000
}

sim_time {
  sec: 17
  nsec: 76000000
}
real_time {
  sec: 19
  nsec: 128261584
}
iterations: 4269
real_time_factor: 0.99964112883474832
step_size {
  nsec: 4000000
}

sim_time {
  sec: 17
  nsec: 176000000
}
real_time {
  sec: 19
  nsec: 228262312
}
iterations: 4294
real_time_factor: 0.99966636135189879
step_size {
  nsec: 4000000
}

sim_time {
  sec: 17
  nsec: 276000000
}
real_time {
  sec: 19
  nsec: 328261731
}
iterations: 4319
real_time_factor: 0.99960415675392544
step_size {
  nsec: 4000000
}

sim_time {
  sec: 17
  nsec: 380000000
}
real_time {
  sec: 19
  nsec: 432259760
}
iterations: 4345
real_time_factor: 1.0000880077446814
step_size {
  nsec: 4000000
}

sim_time {
  sec: 17
  nsec: 484000000
}
real_time {
  sec: 19
  nsec: 536259863
}
iterations: 4371
real_time_factor: 0.9999930000489996
step_size {
  nsec: 4000000
}

sim_time {
  sec: 17
  nsec: 584000000
}
real_time {
  sec: 19
  nsec: 636260160
}
iterations: 4396
real_time_factor: 1.0000762558145058
step_size {
  nsec: 4000000
}

sim_time {
  sec: 17
  nsec: 684000000
}
real_time {
  sec: 19
  nsec: 736260512
}
iterations: 4421
real_time_factor: 0.99995150235213592
step_size {
  nsec: 4000000
}

sim_time {
  sec: 17
  nsec: 788000000
}
real_time {
  sec: 19
  nsec: 840259542
}
iterations: 4447
real_time_factor: 1.000094508931094
step_size {
  nsec: 4000000
}

sim_time {
  sec: 17
  nsec: 888000000
}
real_time {
  sec: 19
  nsec: 940264552
}
iterations: 4472
real_time_factor: 0.99954146035506208
step_size {
  nsec: 4000000
}

sim_time {
  sec: 17
  nsec: 992000000
}
real_time {
  sec: 20
  nsec: 44264812
}
iterations: 4498
real_time_factor: 0.9994308241456491
step_size {
  nsec: 4000000
}

sim_time {
  sec: 18
  nsec: 96000000
}
real_time {
  sec: 20
  nsec: 148261248
}
iterations: 4524
real_time_factor: 1.0001202644618015
step_size {
  nsec: 4000000
}

sim_time {
  sec: 18
  nsec: 200000000
}
real_time {
  sec: 20
  nsec: 252260435
}
iterations: 4550
real_time_factor: 0.99985377138593479
step_size {
  nsec: 4000000
}

sim_time {
  sec: 18
  nsec: 304000000
}
real_time {
  sec: 20
  nsec: 356260211
}
iterations: 4576
real_time_factor: 0.99991200774331856
step_size {
  nsec: 4000000
}

sim_time {
  sec: 18
  nsec: 404000000
}
real_time {
  sec: 20
  nsec: 456261133
}
iterations: 4601
real_time_factor: 0.99966211420539852
step_size {
  nsec: 4000000
}

sim_time {
  sec: 18
  nsec: 508000000
}
real_time {
  sec: 20
  nsec: 560259825
}
iterations: 4627
real_time_factor: 0.99993950366002859
step_size {
  nsec: 4000000
}

sim_time {
  sec: 18
  nsec: 608000000
}
real_time {
  sec: 20
  nsec: 660261904
}
iterations: 4652
real_time_factor: 0.99963413390699007
step_size {
  nsec: 4000000
}

sim_time {
  sec: 18
  nsec: 712000000
}
real_time {
  sec: 20
  nsec: 764262289
}
iterations: 4678
real_time_factor: 0.999386876151481
step_size {
  nsec: 4000000
}

sim_time {
  sec: 18
  nsec: 816000000
}
real_time {
  sec: 20
  nsec: 868259972
}
iterations: 4704
real_time_factor: 1.0001687784813686
step_size {
  nsec: 4000000
}

sim_time {
  sec: 18
  nsec: 916000000
}
real_time {
  sec: 20
  nsec: 968260838
}
iterations: 4729
real_time_factor: 1.0001157633996136
step_size {
  nsec: 4000000
}

sim_time {
  sec: 19
  nsec: 20000000
}
real_time {
  sec: 21
  nsec: 72259511
}
iterations: 4755
real_time_factor: 1.0000995099012351
step_size {
  nsec: 4000000
}

sim_time {
  sec: 19
  nsec: 120000000
}
real_time {
  sec: 21
  nsec: 172262378
}
iterations: 4780
real_time_factor: 0.99972682464516571
step_size {
  nsec: 4000000
}

sim_time {
  sec: 19
  nsec: 224000000
}
real_time {
  sec: 21
  nsec: 276260051
}
iterations: 4806
real_time_factor: 0.99993950366002859
step_size {
  nsec: 4000000
}

sim_time {
  sec: 19
  nsec: 328000000
}
real_time {
  sec: 21
  nsec: 380259868
}
iterations: 4832
real_time_factor: 1.0001155133417909
step_size {
  nsec: 4000000
}

sim_time {
  sec: 19
  nsec: 428000000
}
real_time {
  sec: 21
  nsec: 480260795
}
iterations: 4857
real_time_factor: 0.99988176398140916
step_size {
  nsec: 4000000
}

sim_time {
  sec: 19
  nsec: 532000000
}
real_time {
  sec: 21
  nsec: 584259482
}
iterations: 4883
real_time_factor: 0.99997900044099075
step_size {
  nsec: 4000000
}

sim_time {
  sec: 19
  nsec: 632000000
}
real_time {
  sec: 21
  nsec: 684261955
}
iterations: 4908
real_time_factor: 0.9999930000489996
step_size {
  nsec: 4000000
}

sim_time {
  sec: 19
  nsec: 736000000
}
real_time {
  sec: 21
  nsec: 788449794
}
iterations: 4934
real_time_factor: 0.95485767130265975
step_size {
  nsec: 4000000
}

sim_time {
  sec: 19
  nsec: 840000000
}
real_time {
  sec: 21
  nsec: 892262764
}
iterations: 4960
real_time_factor: 0.99997925043055358
step_size {
  nsec: 4000000
}

sim_time {
  sec: 19
  nsec: 940000000
}
real_time {
  sec: 21
  nsec: 992263997
}
iterations: 4985
real_time_factor: 0.99910255612895715
step_size {
  nsec: 4000000
}

sim_time {
  sec: 20
  nsec: 44000000
}
real_time {
  sec: 22
  nsec: 96263119
}
iterations: 5011
real_time_factor: 0.999611151262159
step_size {
  nsec: 4000000
}

sim_time {
  sec: 20
  nsec: 148000000
}
real_time {
  sec: 22
  nsec: 200260991
}
iterations: 5037
real_time_factor: 1.000458460089336
step_size {
  nsec: 4000000
}

sim_time {
  sec: 20
  nsec: 252000000
}
real_time {
  sec: 22
  nsec: 304259520
}
iterations: 5063
real_time_factor: 1.0000440019360852
step_size {
  nsec: 4000000
}

sim_time {
  sec: 20
  nsec: 356000000
}
real_time {
  sec: 22
  nsec: 408259666
}
iterations: 5089
real_time_factor: 0.99986551808781721
step_size {
  nsec: 4000000
}

sim_time {
  sec: 20
  nsec: 456000000
}
real_time {
  sec: 22
  nsec: 508259598
}
iterations: 5114
real_time_factor: 0.99995350216214951
step_size {
  nsec: 4000000
}

sim_time {
  sec: 20
  nsec: 556000000
}
real_time {
  sec: 22
  nsec: 608260299
}
iterations: 5139
real_time_factor: 0.99996500122495713
step_size {
  nsec: 4000000
}

sim_time {
  sec: 20
  nsec: 656000000
}
real_time {
  sec: 22
  nsec: 708260083
}
iterations: 5164
real_time_factor: 1.0001155133417909
step_size {
  nsec: 4000000
}

sim_time {
  sec: 20
  nsec: 760000000
}
real_time {
  sec: 22
  nsec: 812260330
}
iterations: 5190
real_time_factor: 1.0000392515406229
step_size {
  nsec: 4000000
}

sim_time {
  sec: 20
  nsec: 860000000
}
real_time {
  sec: 22
  nsec: 912263336
}
iterations: 5215
real_time_factor: 0.99995600193591483
step_size {
  nsec: 4000000
}

sim_time {
  sec: 20
  nsec: 964000000
}
real_time {
  sec: 23
  nsec: 16260259
}
iterations: 5241
real_time_factor: 1.00015977552414
step_size {
  nsec: 4000000
}

sim_time {
  sec: 21
  nsec: 64000000
}
real_time {
  sec: 23
  nsec: 116264497
}
iterations: 5266
real_time_factor: 1.0006694478606188
step_size {
  nsec: 4000000
}

sim_time {
  sec: 21
  nsec: 168000000
}
real_time {
  sec: 23
  nsec: 220259364
}
iterations: 5292
real_time_factor: 1.0001087618278488
step_size {
  nsec: 4000000
}

sim_time {
  sec: 21
  nsec: 272000000
}
real_time {
  sec: 23
  nsec: 324259836
}
iterations: 5318
real_time_factor: 0.999826280183818
step_size {
  nsec: 4000000
}

sim_time {
  sec: 21
  nsec: 376000000
}
real_time {
  sec: 23
  nsec: 428259080
}
iterations: 5344
real_time_factor: 1.000171529417295
step_size {
  nsec: 4000000
}

sim_time {
  sec: 21
  nsec: 476000000
}
real_time {
  sec: 23
  nsec: 528260415
}
iterations: 5369
real_time_factor: 0.99994225333486986
step_size {
  nsec: 4000000
}

sim_time {
  sec: 21
  nsec: 576000000
}
real_time {
  sec: 23
  nsec: 628261899
}
iterations: 5394
real_time_factor: 1.0000232505405751
step_size {
  nsec: 4000000
}

sim_time {
  sec: 21
  nsec: 680000000
}
real_time {
  sec: 23
  nsec: 732262698
}
iterations: 5420
real_time_factor: 0.999250312453082
step_size {
  nsec: 4000000
}

sim_time {
  sec: 21
  nsec: 780000000
}
real_time {
  sec: 23
  nsec: 832264644
}
iterations: 5445
real_time_factor: 0.9996158975913505
step_size {
  nsec: 4000000
}

sim_time {
  sec: 21
  nsec: 884000000
}
real_time {
  sec: 23
  nsec: 936259831
}
iterations: 5471
real_time_factor: 1.0001482719813213
step_size {
  nsec: 4000000
}

sim_time {
  sec: 21
  nsec: 984000000
}
real_time {
  sec: 24
  nsec: 36261537
}
iterations: 5496
real_time_factor: 1.0001065113434582
step_size {
  nsec: 4000000
}

sim_time {
  sec: 22
  nsec: 88000000
}
real_time {
  sec: 24
  nsec: 140261567
}
iterations: 5522
real_time_factor: 0.99997225077004115
step_size {
  nsec: 4000000
}

sim_time {
  sec: 22
  nsec: 188000000
}
real_time {
  sec: 24
  nsec: 240262569
}
iterations: 5547
real_time_factor: 1.000474475019778
step_size {
  nsec: 4000000
}

sim_time {
  sec: 22
  nsec: 292000000
}
real_time {
  sec: 24
  nsec: 344259652
}
iterations: 5573
real_time_factor: 1.0003288581121044
step_size {
  nsec: 4000000
}

sim_time {
  sec: 22
  nsec: 396000000
}
real_time {
  sec: 24
  nsec: 448259529
}
iterations: 5599
real_time_factor: 0.99997225077004115
step_size {
  nsec: 4000000
}

sim_time {
  sec: 22
  nsec: 496000000
}
real_time {
  sec: 24
  nsec: 548263509
}
iterations: 5624
real_time_factor: 1.0003403658094667
step_size {
  nsec: 4000000
}

sim_time {
  sec: 22
  nsec: 600000000
}
real_time {
  sec: 24
  nsec: 652259988
}
iterations: 5650
real_time_factor: 1.0000415017223214
step_size {
  nsec: 4000000
}

sim_time {
  sec: 22
  nsec: 700000000
}
real_time {
  sec: 24
  nsec: 752260579
}
iterations: 5675
real_time_factor: 1.0008269332536008
step_size {
  nsec: 4000000
}

sim_time {
  sec: 22
  nsec: 804000000
}
real_time {
  sec: 24
  nsec: 856259946
}
iterations: 5701
real_time_factor: 1.0001110123223678
step_size {
  nsec: 4000000
}

sim_time {
  sec: 22
  nsec: 904000000
}
real_time {
  sec: 24
  nsec: 956261129
}
iterations: 5726
real_time_factor: 0.99974081719314267
step_size {
  nsec: 4000000
}

sim_time {
  sec: 23
  nsec: 8000000
}
real_time {
  sec: 25
  nsec: 60259933
}
iterations: 5752
real_time_factor: 0.99999975000006247
step_size {
  nsec: 4000000
}

sim_time {
  sec: 23
  nsec: 112000000
}
real_time {
  sec: 25
  nsec: 164295754
}
iterations: 5778
real_time_factor: 0.99122788105959292
step_size {
  nsec: 4000000
}

sim_time {
  sec: 23
  nsec: 216000000
}
real_time {
  sec: 25
  nsec: 268260039
}
iterations: 5804
real_time_factor: 1.0002082933770957
step_size {
  nsec: 4000000
}

sim_time {
  sec: 23
  nsec: 316000000
}
real_time {
  sec: 25
  nsec: 368262884
}
iterations: 5829
real_time_factor: 1.0005723273712563
step_size {
  nsec: 4000000
}

sim_time {
  sec: 23
  nsec: 420000000
}
real_time {
  sec: 25
  nsec: 472262165
}
iterations: 5855
real_time_factor: 0.99988901231963256
step_size {
  nsec: 4000000
}

sim_time {
  sec: 23
  nsec: 524000000
}
real_time {
  sec: 25
  nsec: 576260890
}
iterations: 5881
real_time_factor: 1.0000905081909912
step_size {
  nsec: 4000000
}

sim_time {
  sec: 23
  nsec: 624000000
}
real_time {
  sec: 25
  nsec: 676262273
}
iterations: 5906
real_time_factor: 0.99958342360821129
step_size {
  nsec: 4000000
}

sim_time {
  sec: 23
  nsec: 724000000
}
real_time {
  sec: 25
  nsec: 776262877
}
iterations: 5931
real_time_factor: 1.0006927295420254
step_size {
  nsec: 4000000
}

sim_time {
  sec: 23
  nsec: 828000000
}
real_time {
  sec: 25
  nsec: 880260111
}
iterations: 5957
real_time_factor: 1.0000280007840219
step_size {
  nsec: 4000000
}

sim_time {
  sec: 23
  nsec: 928000000
}
real_time {
  sec: 25
  nsec: 980262224
}
iterations: 5982
real_time_factor: 1.0003846478971163
step_size {
  nsec: 4000000
}

sim_time {
  sec: 24
  nsec: 32000000
}
real_time {
  sec: 26
  nsec: 84261848
}
iterations: 6008
real_time_factor: 0.99973631954571984
step_size {
  nsec: 4000000
}

sim_time {
  sec: 24
  nsec: 136000000
}
real_time {
  sec: 26
  nsec: 188260008
}
iterations: 6034
real_time_factor: 0.999847273328999
step_size {
  nsec: 4000000
}

sim_time {
  sec: 24
  nsec: 236000000
}
real_time {
  sec: 26
  nsec: 288263288
}
iterations: 6059
real_time_factor: 0.99972932328572039
step_size {
  nsec: 4000000
}

sim_time {
  sec: 24
  nsec: 340000000
}
real_time {
  sec: 26
  nsec: 392260120
}
iterations: 6085
real_time_factor: 1.000185284323921
step_size {
  nsec: 4000000
}

sim_time {
  sec: 24
  nsec: 440000000
}
real_time {
  sec: 26
  nsec: 492288082
}
iterations: 6110
real_time_factor: 0.99288424682407361
step_size {
  nsec: 4000000
}

sim_time {
  sec: 24
  nsec: 544000000
}
real_time {
  sec: 26
  nsec: 596259885
}
iterations: 6136
real_time_factor: 0.99991450730962506
step_size {
  nsec: 4000000
}

sim_time {
  sec: 24
  nsec: 644000000
}
real_time {
  sec: 26
  nsec: 696260254
}
iterations: 6161
real_time_factor: 1.0001182639847161
step_size {
  nsec: 4000000
}

sim_time {
  sec: 24
  nsec: 744000000
}
real_time {
  sec: 26
  nsec: 796260512
}
iterations: 6186
real_time_factor: 1.0000740054764052
step_size {
  nsec: 4000000
}

sim_time {
  sec: 24
  nsec: 848000000
}
real_time {
  sec: 26
  nsec: 900260029
}
iterations: 6212
real_time_factor: 1.0000255006502665
step_size {
  nsec: 4000000
}

sim_time {
  sec: 24
  nsec: 952000000
}
real_time {
  sec: 27
  nsec: 4260452
}
iterations: 6238
real_time_factor: 0.99981728339146025
step_size {
  nsec: 4000000
}

sim_time {
  sec: 25
  nsec: 52000000
}
real_time {
  sec: 27
  nsec: 104265081
}
iterations: 6263
real_time_factor: 0.9987216363055289
step_size {
  nsec: 4000000
}

sim_time {
  sec: 25
  nsec: 156000000
}
real_time {
  sec: 27
  nsec: 208261107
}
iterations: 6289
real_time_factor: 1.0001205145219998
step_size {
  nsec: 4000000
}

sim_time {
  sec: 25
  nsec: 256000000
}
real_time {
  sec: 27
  nsec: 308262244
}
iterations: 6314
real_time_factor: 1.0006046153388184
step_size {
  nsec: 4000000
}

sim_time {
  sec: 25
  nsec: 356000000
}
real_time {
  sec: 27
  nsec: 408264312
}
iterations: 6339
real_time_factor: 0.99905439501511817
step_size {
  nsec: 4000000
}

sim_time {
  sec: 25
  nsec: 460000000
}
real_time {
  sec: 27
  nsec: 512261130
}
iterations: 6365
real_time_factor: 0.99994225333486986
step_size {
  nsec: 4000000
}

sim_time {
  sec: 25
  nsec: 564000000
}
real_time {
  sec: 27
  nsec: 616263540
}
iterations: 6391
real_time_factor: 0.99921836143676612
step_size {
  nsec: 4000000
}

sim_time {
  sec: 25
  nsec: 668000000
}
real_time {
  sec: 27
  nsec: 720259238
}
iterations: 6417
real_time_factor: 1.0001552741063051
step_size {
  nsec: 4000000
}

sim_time {
  sec: 25
  nsec: 768000000
}
real_time {
  sec: 27
  nsec: 820260343
}
iterations: 6442
real_time_factor: 0.99985427123996673
step_size {
  nsec: 4000000
}

sim_time {
  sec: 25
  nsec: 868000000
}
real_time {
  sec: 27
  nsec: 920263754
}
iterations: 6467
real_time_factor: 0.99964387686886547
step_size {
  nsec: 4000000
}

sim_time {
  sec: 25
  nsec: 972000000
}
real_time {
  sec: 28
  nsec: 24263239
}
iterations: 6493
real_time_factor: 0.99942857671126528
step_size {
  nsec: 4000000
}

sim_time {
  sec: 26
  nsec: 76000000
}
real_time {
  sec: 28
  nsec: 128260316
}
iterations: 6519
real_time_factor: 1.0000370013690507
step_size {
  nsec: 4000000
}

sim_time {
  sec: 26
  nsec: 180000000
}
real_time {
  sec: 28
  nsec: 232262633
}
iterations: 6545
real_time_factor: 0.99930398477460447
step_size {
  nsec: 4000000
}

sim_time {
  sec: 26
  nsec: 284000000
}
real_time {
  sec: 28
  nsec: 336264495
}
iterations: 6571
real_time_factor: 0.99877500245948347
step_size {
  nsec: 4000000
}

sim_time {
  sec: 26
  nsec: 388000000
}
real_time {
  sec: 28
  nsec: 440260374
}
iterations: 6597
real_time_factor: 1.000308094893227
step_size {
  nsec: 4000000
}

sim_time {
  sec: 26
  nsec: 492000000
}
real_time {
  sec: 28
  nsec: 544259800
}
iterations: 6623
real_time_factor: 0.99998400025599588
step_size {
  nsec: 4000000
}

sim_time {
  sec: 26
  nsec: 592000000
}
real_time {
  sec: 28
  nsec: 644262043
}
iterations: 6648
real_time_factor: 0.99990775850927749
step_size {
  nsec: 4000000
}

sim_time {
  sec: 26
  nsec: 696000000
}
real_time {
  sec: 28
  nsec: 748260959
}
iterations: 6674
real_time_factor: 0.99991450730962506
step_size {
  nsec: 4000000
}

sim_time {
  sec: 26
  nsec: 796000000
}
real_time {
  sec: 28
  nsec: 848260912
}
iterations: 6699
real_time_factor: 1.0013214940417616
step_size {
  nsec: 4000000
}

sim_time {
  sec: 26
  nsec: 900000000
}
real_time {
  sec: 28
  nsec: 952259234
}
iterations: 6725
real_time_factor: 1.0001600256040966
step_size {
  nsec: 4000000
}

sim_time {
  sec: 27
}
real_time {
  sec: 29
  nsec: 52264678
}
iterations: 6750
real_time_factor: 0.99963913027397111
step_size {
  nsec: 4000000
}

sim_time {
  sec: 27
  nsec: 104000000
}
real_time {
  sec: 29
  nsec: 156259492
}
iterations: 6776
real_time_factor: 1.0000510026011327
step_size {
  nsec: 4000000
}

sim_time {
  sec: 27
  nsec: 204000000
}
real_time {
  sec: 29
  nsec: 256260010
}
iterations: 6801
real_time_factor: 0.99985677051762334
step_size {
  nsec: 4000000
}

sim_time {
  sec: 27
  nsec: 308000000
}
real_time {
  sec: 29
  nsec: 360260534
}
iterations: 6827
real_time_factor: 0.99994675283541157
step_size {
  nsec: 4000000
}

sim_time {
  sec: 27
  nsec: 408000000
}
real_time {
  sec: 29
  nsec: 460263723
}
iterations: 6852
real_time_factor: 0.99993775387482131
step_size {
  nsec: 4000000
}

sim_time {
  sec: 27
  nsec: 512000000
}
real_time {
  sec: 29
  nsec: 564260967
}
iterations: 6878
real_time_factor: 0.99993325445526515
step_size {
  nsec: 4000000
}

sim_time {
  sec: 27
  nsec: 616000000
}
real_time {
  sec: 29
  nsec: 668260647
}
iterations: 6904
real_time_factor: 0.99993075479523041
step_size {
  nsec: 4000000
}

sim_time {
  sec: 27
  nsec: 716000000
}
real_time {
  sec: 29
  nsec: 768262132
}
iterations: 6929
real_time_factor: 0.99966261386781963
step_size {
  nsec: 4000000
}

sim_time {
  sec: 27
  nsec: 816000000
}
real_time {
  sec: 29
  nsec: 868262378
}
iterations: 6954
real_time_factor: 1.0004261815533417
step_size {
  nsec: 4000000
}

sim_time {
  sec: 27
  nsec: 916000000
}
real_time {
  sec: 29
  nsec: 968307633
}
iterations: 6979
real_time_factor: 0.98830513822312127
step_size {
  nsec: 4000000
}

sim_time {
  sec: 28
  nsec: 20000000
}
real_time {
  sec: 30
  nsec: 72259969
}
iterations: 7005
real_time_factor: 1.0000305009302783
step_size {
  nsec: 4000000
}

sim_time {
  sec: 28
  nsec: 120000000
}
real_time {
  sec: 30
  nsec: 172262668
}
iterations: 7030
real_time_factor: 1.0008018925163789
step_size {
  nsec: 4000000
}

sim_time {
  sec: 28
  nsec: 224000000
}
real_time {
  sec: 30
  nsec: 276260616
}
iterations: 7056
real_time_factor: 0.99970633626372252
step_size {
  nsec: 4000000
}

sim_time {
  sec: 28
  nsec: 324000000
}
real_time {
  sec: 30
  nsec: 376263830
}
iterations: 7081
real_time_factor: 0.99906836874614424
step_size {
  nsec: 4000000
}

sim_time {
  sec: 28
  nsec: 428000000
}
real_time {
  sec: 30
  nsec: 480260301
}
iterations: 7107
real_time_factor: 0.99987326606352644
step_size {
  nsec: 4000000
}

sim_time {
  sec: 28
  nsec: 528000000
}
real_time {
  sec: 30
  nsec: 580260756
}
iterations: 7132
real_time_factor: 0.99986126924889174
step_size {
  nsec: 4000000
}

sim_time {
  sec: 28
  nsec: 632000000
}
real_time {
  sec: 30
  nsec: 684260317
}
iterations: 7158
real_time_factor: 0.99989351134104221
step_size {
  nsec: 4000000
}

sim_time {
  sec: 28
  nsec: 732000000
}
real_time {
  sec: 30
  nsec: 784260099
}
iterations: 7183
real_time_factor: 0.99996800102396721
step_size {
  nsec: 4000000
}

sim_time {
  sec: 28
  nsec: 832000000
}
real_time {
  sec: 30
  nsec: 884263707
}
iterations: 7208
real_time_factor: 0.999940003599784
step_size {
  nsec: 4000000
}

sim_time {
  sec: 28
  nsec: 936000000
}
real_time {
  sec: 30
  nsec: 988260377
}
iterations: 7234
real_time_factor: 1.0000512526266971
step_size {
  nsec: 4000000
}

sim_time {
  sec: 29
  nsec: 36000000
}
real_time {
  sec: 31
  nsec: 88266026
}
iterations: 7259
real_time_factor: 0.99851396159665373
step_size {
  nsec: 4000000
}

sim_time {
  sec: 29
  nsec: 140000000
}
real_time {
  sec: 31
  nsec: 192265451
}
iterations: 7285
real_time_factor: 0.99882563076462849
step_size {
  nsec: 4000000
}

sim_time {
  sec: 29
  nsec: 244000000
}
real_time {
  sec: 31
  nsec: 296259514
}
iterations: 7311
real_time_factor: 1.0006303971502046
step_size {
  nsec: 4000000
}

sim_time {
  sec: 29
  nsec: 348000000
}
real_time {
  sec: 31
  nsec: 400259946
}
iterations: 7337
real_time_factor: 0.99991025805433964
step_size {
  nsec: 4000000
}

sim_time {
  sec: 29
  nsec: 452000000
}
real_time {
  sec: 31
  nsec: 504260409
}
iterations: 7363
real_time_factor: 0.99991675692998561
step_size {
  nsec: 4000000
}

sim_time {
  sec: 29
  nsec: 556000000
}
real_time {
  sec: 31
  nsec: 608259102
}
iterations: 7389
real_time_factor: 1.000086007396636
step_size {
  nsec: 4000000
}

sim_time {
  sec: 29
  nsec: 656000000
}
real_time {
  sec: 31
  nsec: 708260062
}
iterations: 7414
real_time_factor: 0.99991675692998561
step_size {
  nsec: 4000000
}

sim_time {
  sec: 29
  nsec: 760000000
}
real_time {
  sec: 31
  nsec: 812264658
}
iterations: 7440
real_time_factor: 0.9988627947082247
step_size {
  nsec: 4000000
}

sim_time {
  sec: 29
  nsec: 864000000
}
real_time {
  sec: 31
  nsec: 916259244
}
iterations: 7466
real_time_factor: 1.0001695287351207
step_size {
  nsec: 4000000
}

sim_time {
  sec: 29
  nsec: 964000000
}
real_time {
  sec: 32
  nsec: 16261278
}
iterations: 7491
real_time_factor: 0.99984552386656267
step_size {
  nsec: 4000000
}

sim_time {
  sec: 30
  nsec: 64000000
}
real_time {
  sec: 32
  nsec: 116261867
}
iterations: 7516
real_time_factor: 0.99972732437227751
step_size {
  nsec: 4000000
}

sim_time {
  sec: 30
  nsec: 168000000
}
real_time {
  sec: 32
  nsec: 220260769
}
iterations: 7542
real_time_factor: 0.999998000004
step_size {
  nsec: 4000000
}

sim_time {
  sec: 30
  nsec: 268000000
}
real_time {
  sec: 32
  nsec: 320261597
}
iterations: 7567
real_time_factor: 0.9996348833588532
step_size {
  nsec: 4000000
}

sim_time {
  sec: 30
  nsec: 372000000
}
real_time {
  sec: 32
  nsec: 424259365
}
iterations: 7593
real_time_factor: 1.0001510228044435
step_size {
  nsec: 4000000
}

sim_time {
  sec: 30
  nsec: 472000000
}
real_time {
  sec: 32
  nsec: 524264005
}
iterations: 7618
real_time_factor: 0.99964637509481025
step_size {
  nsec: 4000000
}

sim_time {
  sec: 30
  nsec: 576000000
}
real_time {
  sec: 32
  nsec: 628260913
}
iterations: 7644
real_time_factor: 1.000141770095911
step_size {
  nsec: 4000000
}

sim_time {
  sec: 30
  nsec: 680000000
}
real_time {
  sec: 32
  nsec: 732260098
}
iterations: 7670
real_time_factor: 1.0001092619368666
step_size {
  nsec: 4000000
}

sim_time {
  sec: 30
  nsec: 784000000
}
real_time {
  sec: 32
  nsec: 836260699
}
iterations: 7696
real_time_factor: 0.99977605016476312
step_size {
  nsec: 4000000
}

sim_time {
  sec: 30
  nsec: 884000000
}
real_time {
  sec: 32
  nsec: 936263450
}
iterations: 7721
real_time_factor: 0.99973207180475632
step_size {
  nsec: 4000000
}

sim_time {
  sec: 30
  nsec: 988000000
}
real_time {
  sec: 33
  nsec: 40260135
}
iterations: 7747
real_time_factor: 0.99994950255012127
step_size {
  nsec: 4000000
}

sim_time {
  sec: 31
  nsec: 92000000
}
real_time {
  sec: 33
  nsec: 144259339
}
iterations: 7773
real_time_factor: 0.99998175033305647
step_size {
  nsec: 4000000
}

sim_time {
  sec: 31
  nsec: 192000000
}
real_time {
  sec: 33
  nsec: 244265461
}
iterations: 7798
real_time_factor: 0.9990266982392404
step_size {
  nsec: 4000000
}

sim_time {
  sec: 31
  nsec: 296000000
}
real_time {
  sec: 33
  nsec: 348259106
}
iterations: 7824
real_time_factor: 1.0001925370633846
step_size {
  nsec: 4000000
}

sim_time {
  sec: 31
  nsec: 396000000
}
real_time {
  sec: 33
  nsec: 448260474
}
iterations: 7849
real_time_factor: 1.0002225495172676
step_size {
  nsec: 4000000
}

sim_time {
  sec: 31
  nsec: 500000000
}
real_time {
  sec: 33
  nsec: 552260117
}
iterations: 7875
real_time_factor: 0.99999825000306253
step_size {
  nsec: 4000000
}

sim_time {
  sec: 31
  nsec: 604000000
}
real_time {
  sec: 33
  nsec: 656260806
}
iterations: 7901
real_time_factor: 0.99986176911042046
step_size {
  nsec: 4000000
}

sim_time {
  sec: 31
  nsec: 708000000
}
real_time {
  sec: 33
  nsec: 760259413
}
iterations: 7927
real_time_factor: 0.99991000809927111
step_size {
  nsec: 4000000
}

sim_time {
  sec: 31
  nsec: 812000000
}
real_time {
  sec: 33
  nsec: 864259751
}
iterations: 7953
real_time_factor: 1.0000305009302783
step_size {
  nsec: 4000000
}

sim_time {
  sec: 31
  nsec: 912000000
}
real_time {
  sec: 33
  nsec: 964260442
}
iterations: 7978
real_time_factor: 1.0004659670241416
step_size {
  nsec: 4000000
}

sim_time {
  sec: 32
  nsec: 16000000
}
real_time {
  sec: 34
  nsec: 68259568
}
iterations: 8004
real_time_factor: 0.99992625543866143
step_size {
  nsec: 4000000
}

sim_time {
  sec: 32
  nsec: 116000000
}
real_time {
  sec: 34
  nsec: 168260805
}
iterations: 8029
real_time_factor: 0.99981078580878568
step_size {
  nsec: 4000000
}

sim_time {
  sec: 32
  nsec: 220000000
}
real_time {
  sec: 34
  nsec: 272260764
}
iterations: 8055
real_time_factor: 0.99964387686886547
step_size {
  nsec: 4000000
}

sim_time {
  sec: 32
  nsec: 324000000
}
real_time {
  sec: 34
  nsec: 376260774
}
iterations: 8081
real_time_factor: 1.0009248545656186
step_size {
  nsec: 4000000
}

sim_time {
  sec: 32
  nsec: 428000000
}
real_time {
  sec: 34
  nsec: 480259552
}
iterations: 8107
real_time_factor: 0.99995175232795019
step_size {
  nsec: 4000000
}

sim_time {
  sec: 32
  nsec: 532000000
}
real_time {
  sec: 34
  nsec: 584259497
}
iterations: 8133
real_time_factor: 0.99998650018224755
step_size {
  nsec: 4000000
}

sim_time {
  sec: 32
  nsec: 632000000
}
real_time {
  sec: 34
  nsec: 684260666
}
iterations: 8158
real_time_factor: 1.0000142502030653
step_size {
  nsec: 4000000
}

sim_time {
  sec: 32
  nsec: 736000000
}
real_time {
  sec: 34
  nsec: 788262583
}
iterations: 8184
real_time_factor: 0.99908458874556183
step_size {
  nsec: 4000000
}

sim_time {
  sec: 32
  nsec: 836000000
}
real_time {
  sec: 34
  nsec: 888264482
}
iterations: 8209
real_time_factor: 0.99928800729480249
step_size {
  nsec: 4000000
}

sim_time {
  sec: 32
  nsec: 936000000
}
real_time {
  sec: 34
  nsec: 988265985
}
iterations: 8234
real_time_factor: 0.99877500245948347
step_size {
  nsec: 4000000
}

sim_time {
  sec: 33
  nsec: 36000000
}
real_time {
  sec: 35
  nsec: 88316386
}
iterations: 8259
real_time_factor: 0.98662360383510461
step_size {
  nsec: 4000000
}

sim_time {
  sec: 33
  nsec: 140000000
}
real_time {
  sec: 35
  nsec: 192259329
}
iterations: 8285
real_time_factor: 1.0000840070565928
step_size {
  nsec: 4000000
}

sim_time {
  sec: 33
  nsec: 240000000
}
real_time {
  sec: 35
  nsec: 292263971
}
iterations: 8310
real_time_factor: 1.0194864642782138
step_size {
  nsec: 4000000
}

sim_time {
  sec: 33
  nsec: 344000000
}
real_time {
  sec: 35
  nsec: 396259967
}
iterations: 8336
real_time_factor: 0.99976680439287535
step_size {
  nsec: 4000000
}

sim_time {
  sec: 33
  nsec: 444000000
}
real_time {
  sec: 35
  nsec: 496259816
}
iterations: 8361
real_time_factor: 0.99990350931135141
step_size {
  nsec: 4000000
}

sim_time {
  sec: 33
  nsec: 544000000
}
real_time {
  sec: 35
  nsec: 596261926
}
iterations: 8386
real_time_factor: 0.99963238519034625
step_size {
  nsec: 4000000
}

sim_time {
  sec: 33
  nsec: 648000000
}
real_time {
  sec: 35
  nsec: 700259690
}
iterations: 8412
real_time_factor: 1.0001022604561316
step_size {
  nsec: 4000000
}

sim_time {
  sec: 33
  nsec: 748000000
}
real_time {
  sec: 35
  nsec: 800259651
}
iterations: 8437
real_time_factor: 1.0004219279481121
step_size {
  nsec: 4000000
}

sim_time {
  sec: 33
  nsec: 848000000
}
real_time {
  sec: 35
  nsec: 900261843
}
iterations: 8462
real_time_factor: 1.0002553151691969
step_size {
  nsec: 4000000
}

sim_time {
  sec: 33
  nsec: 948000000
}
real_time {
  sec: 36
  nsec: 264119
}
iterations: 8487
real_time_factor: 0.99959541375628214
step_size {
  nsec: 4000000
}

sim_time {
  sec: 34
  nsec: 52000000
}
real_time {
  sec: 36
  nsec: 104263569
}
iterations: 8513
real_time_factor: 0.99893663195528359
step_size {
  nsec: 4000000
}

sim_time {
  sec: 34
  nsec: 156000000
}
real_time {
  sec: 36
  nsec: 208259324
}
iterations: 8539
real_time_factor: 0.99997975041005416
step_size {
  nsec: 4000000
}

sim_time {
  sec: 34
  nsec: 256000000
}
real_time {
  sec: 36
  nsec: 308261544
}
iterations: 8564
real_time_factor: 1.0004889889933706
step_size {
  nsec: 4000000
}

sim_time {
  sec: 34
  nsec: 356000000
}
real_time {
  sec: 36
  nsec: 408263917
}
iterations: 8589
real_time_factor: 0.99892091568083574
step_size {
  nsec: 4000000
}

sim_time {
  sec: 34
  nsec: 460000000
}
real_time {
  sec: 36
  nsec: 512260076
}
iterations: 8615
real_time_factor: 1.0001255157522269
step_size {
  nsec: 4000000
}

sim_time {
  sec: 34
  nsec: 560000000
}
real_time {
  sec: 36
  nsec: 612260533
}
iterations: 8640
real_time_factor: 0.99988226386343
step_size {
  nsec: 4000000
}

sim_time {
  sec: 34
  nsec: 664000000
}
real_time {
  sec: 36
  nsec: 716261330
}
iterations: 8666
real_time_factor: 0.99955619704851051
step_size {
  nsec: 4000000
}

sim_time {
  sec: 34
  nsec: 764000000
}
real_time {
  sec: 36
  nsec: 816263796
}
iterations: 8691
real_time_factor: 0.99996825100803044
step_size {
  nsec: 4000000
}

sim_time {
  sec: 34
  nsec: 868000000
}
real_time {
  sec: 36
  nsec: 920259602
}
iterations: 8717
real_time_factor: 1.0004269321933135
step_size {
  nsec: 4000000
}

sim_time {
  sec: 34
  nsec: 968000000
}
real_time {
  sec: 37
  nsec: 20260549
}
iterations: 8742
real_time_factor: 0.99993600409573791
step_size {
  nsec: 4000000
}

sim_time {
  sec: 35
  nsec: 72000000
}
real_time {
  sec: 37
  nsec: 124259171
}
iterations: 8768
real_time_factor: 1.0001717795031297
step_size {
  nsec: 4000000
}

sim_time {
  sec: 35
  nsec: 172000000
}
real_time {
  sec: 37
  nsec: 224261137
}
iterations: 8793
real_time_factor: 0.99961389913146048
step_size {
  nsec: 4000000
}

sim_time {
  sec: 35
  nsec: 276000000
}
real_time {
  sec: 37
  nsec: 328260312
}
iterations: 8819
real_time_factor: 1.0000262506890807
step_size {
  nsec: 4000000
}

sim_time {
  sec: 35
  nsec: 376000000
}
real_time {
  sec: 37
  nsec: 428261116
}
iterations: 8844
real_time_factor: 1.0008554812225749
step_size {
  nsec: 4000000
}

sim_time {
  sec: 35
  nsec: 476000000
}
real_time {
  sec: 37
  nsec: 528264097
}
iterations: 8869
real_time_factor: 1.0001277663221477
step_size {
  nsec: 4000000
}

sim_time {
  sec: 35
  nsec: 580000000
}
real_time {
  sec: 37
  nsec: 632260140
}
iterations: 8895
real_time_factor: 1.0005495518413487
step_size {
  nsec: 4000000
}

sim_time {
  sec: 35
  nsec: 684000000
}
real_time {
  sec: 37
  nsec: 736278822
}
iterations: 8921
real_time_factor: 0.99512166481864284
step_size {
  nsec: 4000000
}

sim_time {
  sec: 35
  nsec: 788000000
}
real_time {
  sec: 37
  nsec: 840262749
}
iterations: 8947
real_time_factor: 0.99933644060343929
step_size {
  nsec: 4000000
}

sim_time {
  sec: 35
  nsec: 888000000
}
real_time {
  sec: 37
  nsec: 940262137
}
iterations: 8972
real_time_factor: 1.0004777281151751
step_size {
  nsec: 4000000
}

sim_time {
  sec: 35
  nsec: 988000000
}
real_time {
  sec: 38
  nsec: 40263062
}
iterations: 8997
real_time_factor: 0.99946603527065669
step_size {
  nsec: 4000000
}

sim_time {
  sec: 36
  nsec: 92000000
}
real_time {
  sec: 38
  nsec: 144261290
}
iterations: 9023
real_time_factor: 1.0006932302352454
step_size {
  nsec: 4000000
}

sim_time {
  sec: 36
  nsec: 192000000
}
real_time {
  sec: 38
  nsec: 244264770
}
iterations: 9048
real_time_factor: 0.99959116721261
step_size {
  nsec: 4000000
}

sim_time {
  sec: 36
  nsec: 296000000
}
real_time {
  sec: 38
  nsec: 348261432
}
iterations: 9074
real_time_factor: 0.99978529610766087
step_size {
  nsec: 4000000
}

sim_time {
  sec: 36
  nsec: 396000000
}
real_time {
  sec: 38
  nsec: 448262010
}
iterations: 9099
real_time_factor: 0.99945454768060327
step_size {
  nsec: 4000000
}

sim_time {
  sec: 36
  nsec: 500000000
}
real_time {
  sec: 38
  nsec: 552261178
}
iterations: 9125
real_time_factor: 0.99973207180475632
step_size {
  nsec: 4000000
}

sim_time {
  sec: 36
  nsec: 604000000
}
real_time {
  sec: 38
  nsec: 656259532
}
iterations: 9151
real_time_factor: 0.99997025088503622
step_size {
  nsec: 4000000
}

sim_time {
  sec: 36
  nsec: 708000000
}
real_time {
  sec: 38
  nsec: 760266681
}
iterations: 9177
real_time_factor: 0.99816387754725178
step_size {
  nsec: 4000000
}

sim_time {
  sec: 36
  nsec: 812000000
}
real_time {
  sec: 38
  nsec: 864259979
}
iterations: 9203
real_time_factor: 0.99984552386656267
step_size {
  nsec: 4000000
}

sim_time {
  sec: 36
  nsec: 912000000
}
real_time {
  sec: 38
  nsec: 964262169
}
iterations: 9228
real_time_factor: 0.99924631846429834
step_size {
  nsec: 4000000
}

sim_time {
  sec: 37
  nsec: 12000000
}
real_time {
  sec: 39
  nsec: 64264238
}
iterations: 9253
real_time_factor: 0.99935516607908748
step_size {
  nsec: 4000000
}

sim_time {
  sec: 37
  nsec: 116000000
}
real_time {
  sec: 39
  nsec: 168259591
}
iterations: 9279
real_time_factor: 1.0003130979996739
step_size {
  nsec: 4000000
}

sim_time {
  sec: 37
  nsec: 216000000
}
real_time {
  sec: 39
  nsec: 268259835
}
iterations: 9304
real_time_factor: 0.99994050354003938
step_size {
  nsec: 4000000
}

sim_time {
  sec: 37
  nsec: 316000000
}
real_time {
  sec: 39
  nsec: 368261328
}
iterations: 9329
real_time_factor: 1.0011222580512755
step_size {
  nsec: 4000000
}

sim_time {
  sec: 37
  nsec: 420000000
}
real_time {
  sec: 39
  nsec: 472259408
}
iterations: 9355
real_time_factor: 1.0000007500005625
step_size {
  nsec: 4000000
}

sim_time {
  sec: 37
  nsec: 520000000
}
real_time {
  sec: 39
  nsec: 572261279
}
iterations: 9380
real_time_factor: 0.99984777317653384
step_size {
  nsec: 4000000
}

sim_time {
  sec: 37
  nsec: 624000000
}
real_time {
  sec: 39
  nsec: 676259424
}
iterations: 9406
real_time_factor: 0.99998900012099867
step_size {
  nsec: 4000000
}

sim_time {
  sec: 37
  nsec: 724000000
}
real_time {
  sec: 39
  nsec: 776263498
}
iterations: 9431
real_time_factor: 0.99895783723630327
step_size {
  nsec: 4000000
}

sim_time {
  sec: 37
  nsec: 824000000
}
real_time {
  sec: 39
  nsec: 876264313
}
iterations: 9456
real_time_factor: 0.99905938558846841
step_size {
  nsec: 4000000
}

sim_time {
  sec: 37
  nsec: 928000000
}
real_time {
  sec: 39
  nsec: 980262652
}
iterations: 9482
real_time_factor: 1.0000400016000639
step_size {
  nsec: 4000000
}

sim_time {
  sec: 38
  nsec: 32000000
}
real_time {
  sec: 40
  nsec: 84260252
}
iterations: 9508
real_time_factor: 0.99988476328103182
step_size {
  nsec: 4000000
}

sim_time {
  sec: 38
  nsec: 136000000
}
real_time {
  sec: 40
  nsec: 188260360
}
iterations: 9534
real_time_factor: 0.99997750050623857
step_size {
  nsec: 4000000
}

sim_time {
  sec: 38
  nsec: 240000000
}
real_time {
  sec: 40
  nsec: 292261006
}
iterations: 9560
real_time_factor: 0.99968609856505053
step_size {
  nsec: 4000000
}

sim_time {
  sec: 38
  nsec: 340000000
}
real_time {
  sec: 40
  nsec: 392264066
}
iterations: 9585
real_time_factor: 0.99948701329042866
step_size {
  nsec: 4000000
}

sim_time {
  sec: 38
  nsec: 444000000
}
real_time {
  sec: 40
  nsec: 496259254
}
iterations: 9611
real_time_factor: 0.99997275074254222
step_size {
  nsec: 4000000
}

sim_time {
  sec: 38
  nsec: 544000000
}
real_time {
  sec: 40
  nsec: 596260953
}
iterations: 9636
real_time_factor: 0.99964887333324171
step_size {
  nsec: 4000000
}

sim_time {
  sec: 38
  nsec: 644000000
}
real_time {
  sec: 40
  nsec: 696265551
}
iterations: 9661
real_time_factor: 0.99919564750375944
step_size {
  nsec: 4000000
}

sim_time {
  sec: 38
  nsec: 748000000
}
real_time {
  sec: 40
  nsec: 800262591
}
iterations: 9687
real_time_factor: 0.99979454222157349
step_size {
  nsec: 4000000
}

sim_time {
  sec: 38
  nsec: 852000000
}
real_time {
  sec: 40
  nsec: 904260712
}
iterations: 9713
real_time_factor: 1.0001352682950369
step_size {
  nsec: 4000000
}

sim_time {
  sec: 38
  nsec: 952000000
}
real_time {
  sec: 41
  nsec: 4262653
}
iterations: 9738
real_time_factor: 0.99965137158416006
step_size {
  nsec: 4000000
}

sim_time {
  sec: 39
  nsec: 56000000
}
real_time {
  sec: 41
  nsec: 108260229
}
iterations: 9764
real_time_factor: 0.99985951973747689
step_size {
  nsec: 4000000
}

sim_time {
  sec: 39
  nsec: 156000000
}
real_time {
  sec: 41
  nsec: 208261762
}
iterations: 9789
real_time_factor: 0.99942483100975388
step_size {
  nsec: 4000000
}

sim_time {
  sec: 39
  nsec: 260000000
}
real_time {
  sec: 41
  nsec: 312259264
}
iterations: 9815
real_time_factor: 1.0002578164521905
step_size {
  nsec: 4000000
}

sim_time {
  sec: 39
  nsec: 360000000
}
real_time {
  sec: 41
  nsec: 412264163
}
iterations: 9840
real_time_factor: 0.999878264821258
step_size {
  nsec: 4000000
}

sim_time {
  sec: 39
  nsec: 464000000
}
real_time {
  sec: 41
  nsec: 516260921
}
iterations: 9866
real_time_factor: 1.0001092619368666
step_size {
  nsec: 4000000
}

sim_time {
  sec: 39
  nsec: 568000000
}
real_time {
  sec: 41
  nsec: 620262335
}
iterations: 9892
real_time_factor: 0.99979029398583652
step_size {
  nsec: 4000000
}

sim_time {
  sec: 39
  nsec: 672000000
}
real_time {
  sec: 41
  nsec: 724263056
}
iterations: 9918
real_time_factor: 0.99973432060429945
step_size {
  nsec: 4000000
}

sim_time {
  sec: 39
  nsec: 776000000
}
real_time {
  sec: 41
  nsec: 828259766
}
iterations: 9944
real_time_factor: 0.99994775272991987
step_size {
  nsec: 4000000
}

sim_time {
  sec: 39
  nsec: 876000000
}
real_time {
  sec: 41
  nsec: 928265999
}
iterations: 9969
real_time_factor: 1.0205008414029437
step_size {
  nsec: 4000000
}

sim_time {
  sec: 39
  nsec: 980000000
}
real_time {
  sec: 42
  nsec: 32260516
}
iterations: 9995
real_time_factor: 1.0013102144155628
step_size {
  nsec: 4000000
}

sim_time {
  sec: 40
  nsec: 84000000
}
real_time {
  sec: 42
  nsec: 136259328
}
iterations: 10021
real_time_factor: 1.0000727552929476
step_size {
  nsec: 4000000
}

sim_time {
  sec: 40
  nsec: 184000000
}
real_time {
  sec: 42
  nsec: 236268570
}
iterations: 10046
real_time_factor: 0.99769830999883269
step_size {
  nsec: 4000000
}

sim_time {
  sec: 40
  nsec: 288000000
}
real_time {
  sec: 42
  nsec: 340259668
}
iterations: 10072
real_time_factor: 1.0004754759699548
step_size {
  nsec: 4000000
}

sim_time {
  sec: 40
  nsec: 392000000
}
real_time {
  sec: 42
  nsec: 444259449
}
iterations: 10098
real_time_factor: 1.0000725052566311
step_size {
  nsec: 4000000
}

sim_time {
  sec: 40
  nsec: 496000000
}
real_time {
  sec: 42
  nsec: 548259184
}
iterations: 10124
real_time_factor: 1.0000285008122731
step_size {
  nsec: 4000000
}

sim_time {
  sec: 40
  nsec: 596000000
}
real_time {
  sec: 42
  nsec: 648261162
}
iterations: 10149
real_time_factor: 0.99989201166274044
step_size {
  nsec: 4000000
}

sim_time {
  sec: 40
  nsec: 696000000
}
real_time {
  sec: 42
  nsec: 748263890
}
iterations: 10174
real_time_factor: 0.9999430032488148
step_size {
  nsec: 4000000
}

sim_time {
  sec: 40
  nsec: 800000000
}
real_time {
  sec: 42
  nsec: 852259587
}
iterations: 10200
real_time_factor: 1.0001977891127971
step_size {
  nsec: 4000000
}

sim_time {
  sec: 40
  nsec: 904000000
}
real_time {
  sec: 42
  nsec: 956259364
}
iterations: 10226
real_time_factor: 1.000003000009
step_size {
  nsec: 4000000
}

sim_time {
  sec: 41
  nsec: 8000000
}
real_time {
  sec: 43
  nsec: 60259553
}
iterations: 10252
real_time_factor: 0.99994750275610533
step_size {
  nsec: 4000000
}

sim_time {
  sec: 41
  nsec: 108000000
}
real_time {
  sec: 43
  nsec: 160261328
}
iterations: 10277
real_time_factor: 0.99988476328103182
step_size {
  nsec: 4000000
}

sim_time {
  sec: 41
  nsec: 208000000
}
real_time {
  sec: 43
  nsec: 260261879
}
iterations: 10302
real_time_factor: 0.999984750232559
step_size {
  nsec: 4000000
}

sim_time {
  sec: 41
  nsec: 312000000
}
real_time {
  sec: 43
  nsec: 364260768
}
iterations: 10328
real_time_factor: 0.99983902591682738
step_size {
  nsec: 4000000
}

sim_time {
  sec: 41
  nsec: 416000000
}
real_time {
  sec: 43
  nsec: 468259185
}
iterations: 10354
real_time_factor: 1.0000422517851379
step_size {
  nsec: 4000000
}

sim_time {
  sec: 41
  nsec: 516000000
}
real_time {
  sec: 43
  nsec: 568259982
}
iterations: 10379
real_time_factor: 1.0008720097384847
step_size {
  nsec: 4000000
}

sim_time {
  sec: 41
  nsec: 616000000
}
real_time {
  sec: 43
  nsec: 668264799
}
iterations: 10404
real_time_factor: 0.99948276766773192
step_size {
  nsec: 4000000
}

sim_time {
  sec: 41
  nsec: 720000000
}
real_time {
  sec: 43
  nsec: 772259511
}
iterations: 10430
real_time_factor: 0.9998945111290759
step_size {
  nsec: 4000000
}

sim_time {
  sec: 41
  nsec: 820000000
}
real_time {
  sec: 43
  nsec: 872262976
}
iterations: 10455
real_time_factor: 1.0002530640251983
step_size {
  nsec: 4000000
}

sim_time {
  sec: 41
  nsec: 924000000
}
real_time {
  sec: 43
  nsec: 976259549
}
iterations: 10481
real_time_factor: 1.0002230497400921
step_size {
  nsec: 4000000
}

sim_time {
  sec: 42
  nsec: 24000000
}
real_time {
  sec: 44
  nsec: 76259754
}
iterations: 10506
real_time_factor: 1.0001397695327923
step_size {
  nsec: 4000000
}

sim_time {
  sec: 42
  nsec: 128000000
}
real_time {
  sec: 44
  nsec: 180259142
}
iterations: 10532
real_time_factor: 0.99997300072898032
step_size {
  nsec: 4000000
}

sim_time {
  sec: 42
  nsec: 228000000
}
real_time {
  sec: 44
  nsec: 280261737
}
iterations: 10557
real_time_factor: 1.0004316862726266
step_size {
  nsec: 4000000
}

sim_time {
  sec: 42
  nsec: 332000000
}
real_time {
  sec: 44
  nsec: 384262000
}
iterations: 10583
real_time_factor: 1.0001075115574924
step_size {
  nsec: 4000000
}

sim_time {
  sec: 42
  nsec: 432000000
}
real_time {
  sec: 44
  nsec: 484262999
}
iterations: 10608
real_time_factor: 1.0271881289922309
step_size {
  nsec: 4000000
}

sim_time {
  sec: 42
  nsec: 536000000
}
real_time {
  sec: 44
  nsec: 588259419
}
iterations: 10634
real_time_factor: 1.0004386923666027
step_size {
  nsec: 4000000
}

sim_time {
  sec: 42
  nsec: 640000000
}
real_time {
  sec: 44
  nsec: 692354711
}
iterations: 10660
real_time_factor: 0.97658729616181661
step_size {
  nsec: 4000000
}

sim_time {
  sec: 42
  nsec: 744000000
}
real_time {
  sec: 44
  nsec: 796259899
}
iterations: 10686
real_time_factor: 1.0002278018818787
step_size {
  nsec: 4000000
}

sim_time {
  sec: 42
  nsec: 844000000
}
real_time {
  sec: 44
  nsec: 896264536
}
iterations: 10711
real_time_factor: 1.0000495024503713
step_size {
  nsec: 4000000
}

sim_time {
  sec: 42
  nsec: 948000000
}
real_time {
  sec: 45
  nsec: 259484
}
iterations: 10737
real_time_factor: 1.0001490222043083
step_size {
  nsec: 4000000
}

sim_time {
  sec: 43
  nsec: 48000000
}
real_time {
  sec: 45
  nsec: 100263584
}
iterations: 10762
real_time_factor: 0.99911029228472048
step_size {
  nsec: 4000000
}

sim_time {
  sec: 43
  nsec: 152000000
}
real_time {
  sec: 45
  nsec: 204261180
}
iterations: 10788
real_time_factor: 0.99984127519756238
step_size {
  nsec: 4000000
}

sim_time {
  sec: 43
  nsec: 256000000
}
real_time {
  sec: 45
  nsec: 308260851
}
iterations: 10814
real_time_factor: 0.99985502102195178
step_size {
  nsec: 4000000
}

sim_time {
  sec: 43
  nsec: 356000000
}
real_time {
  sec: 45
  nsec: 408261455
}
iterations: 10839
real_time_factor: 1.0002232998516918
step_size {
  nsec: 4000000
}

sim_time {
  sec: 43
  nsec: 456000000
}
real_time {
  sec: 45
  nsec: 508263902
}
iterations: 10864
real_time_factor: 0.99909906242046231
step_size {
  nsec: 4000000
}

sim_time {
  sec: 43
  nsec: 560000000
}
real_time {
  sec: 45
  nsec: 612263689
}
iterations: 10890
real_time_factor: 0.998921165141647
step_size {
  nsec: 4000000
}

sim_time {
  sec: 43
  nsec: 664000000
}
real_time {
  sec: 45
  nsec: 716265643
}
iterations: 10916
real_time_factor: 0.99903193805202761
step_size {
  nsec: 4000000
}

sim_time {
  sec: 43
  nsec: 768000000
}
real_time {
  sec: 45
  nsec: 820260068
}
iterations: 10942
real_time_factor: 0.99986676775319694
step_size {
  nsec: 4000000
}

sim_time {
  sec: 43
  nsec: 872000000
}
real_time {
  sec: 45
  nsec: 924261152
}
iterations: 10968
real_time_factor: 0.99950099912618628
step_size {
  nsec: 4000000
}

sim_time {
  sec: 43
  nsec: 976000000
}
real_time {
  sec: 46
  nsec: 28264050
}
iterations: 10994
real_time_factor: 0.99941084730551344
step_size {
  nsec: 4000000
}

sim_time {
  sec: 44
  nsec: 80000000
}
real_time {
  sec: 46
  nsec: 132264086
}
iterations: 11020
real_time_factor: 0.99947577495603557
step_size {
  nsec: 4000000
}

sim_time {
  sec: 44
  nsec: 184000000
}
real_time {
  sec: 46
  nsec: 236259150
}
iterations: 11046
real_time_factor: 1.0000355012602948
step_size {
  nsec: 4000000
}

sim_time {
  sec: 44
  nsec: 284000000
}
real_time {
  sec: 46
  nsec: 336260929
}
iterations: 11071
real_time_factor: 1.0234602679930711
step_size {
  nsec: 4000000
}

sim_time {
  sec: 44
  nsec: 384000000
}
real_time {
  sec: 46
  nsec: 436261002
}
iterations: 11096
real_time_factor: 1.0001470216121771
step_size {
  nsec: 4000000
}

sim_time {
  sec: 44
  nsec: 484000000
}
real_time {
  sec: 46
  nsec: 536265001
}
iterations: 11121
real_time_factor: 0.99952422646820116
step_size {
  nsec: 4000000
}

sim_time {
  sec: 44
  nsec: 588000000
}
real_time {
  sec: 46
  nsec: 640262783
}
iterations: 11147
real_time_factor: 1.0002325540688211
step_size {
  nsec: 4000000
}

sim_time {
  sec: 44
  nsec: 692000000
}
real_time {
  sec: 46
  nsec: 744263307
}
iterations: 11173
real_time_factor: 0.99979954019219142
step_size {
  nsec: 4000000
}

sim_time {
  sec: 44
  nsec: 796000000
}
real_time {
  sec: 46
  nsec: 848259524
}
iterations: 11199
real_time_factor: 0.99997325071554333
step_size {
  nsec: 4000000
}

sim_time {
  sec: 44
  nsec: 900000000
}
real_time {
  sec: 46
  nsec: 952262371
}
iterations: 11225
real_time_factor: 0.9992999903567551
step_size {
  nsec: 4000000
}

sim_time {
  sec: 45
  nsec: 4000000
}
real_time {
  sec: 47
  nsec: 56259339
}
iterations: 11251
real_time_factor: 1.0000102501050636
step_size {
  nsec: 4000000
}

sim_time {
  sec: 45
  nsec: 104000000
}
real_time {
  sec: 47
  nsec: 156259366
}
iterations: 11276
real_time_factor: 0.99992225604459251
step_size {
  nsec: 4000000
}

sim_time {
  sec: 45
  nsec: 204000000
}
real_time {
  sec: 47
  nsec: 256260755
}
iterations: 11301
real_time_factor: 1.0002925855812825
step_size {
  nsec: 4000000
}

sim_time {
  sec: 45
  nsec: 308000000
}
real_time {
  sec: 47
  nsec: 360259228
}
iterations: 11327
real_time_factor: 1.0002045418288039
step_size {
  nsec: 4000000
}

sim_time {
  sec: 45
  nsec: 412000000
}
real_time {
  sec: 47
  nsec: 464259293
}
iterations: 11353
real_time_factor: 1.0000290008410244
step_size {
  nsec: 4000000
}

sim_time {
  sec: 45
  nsec: 516000000
}
real_time {
  sec: 47
  nsec: 568259145
}
iterations: 11379
real_time_factor: 1.0000197503900703
step_size {
  nsec: 4000000
}

sim_time {
  sec: 45
  nsec: 616000000
}
real_time {
  sec: 47
  nsec: 668263271
}
iterations: 11404
real_time_factor: 0.99917043874323341
step_size {
  nsec: 4000000
}

sim_time {
  sec: 45
  nsec: 720000000
}
real_time {
  sec: 47
  nsec: 772261336
}
iterations: 11430
real_time_factor: 1.0001605257643851
step_size {
  nsec: 4000000
}

sim_time {
  sec: 45
  nsec: 820000000
}
real_time {
  sec: 47
  nsec: 872262488
}
iterations: 11455
real_time_factor: 1.0002325540688211
step_size {
  nsec: 4000000
}

sim_time {
  sec: 45
  nsec: 924000000
}
real_time {
  sec: 47
  nsec: 976260590
}
iterations: 11481
real_time_factor: 1.0003831467452033
step_size {
  nsec: 4000000
}

sim_time {
  sec: 46
  nsec: 28000000
}
real_time {
  sec: 48
  nsec: 80259823
}
iterations: 11507
real_time_factor: 1.0000865074828973
step_size {
  nsec: 4000000
}

sim_time {
  sec: 46
  nsec: 128000000
}
real_time {
  sec: 48
  nsec: 180261700
}
iterations: 11532
real_time_factor: 1.0002415583363382
step_size {
  nsec: 4000000
}

sim_time {
  sec: 46
  nsec: 232000000
}
real_time {
  sec: 48
  nsec: 284262739
}
iterations: 11558
real_time_factor: 0.99973257153711381
step_size {
  nsec: 4000000
}

sim_time {
  sec: 46
  nsec: 336000000
}
real_time {
  sec: 48
  nsec: 388259430
}
iterations: 11584
real_time_factor: 1.0000055000302501
step_size {
  nsec: 4000000
}

sim_time {
  sec: 46
  nsec: 436000000
}
real_time {
  sec: 48
  nsec: 488262069
}
iterations: 11609
real_time_factor: 1.0002002901080942
step_size {
  nsec: 4000000
}

sim_time {
  sec: 46
  nsec: 540000000
}
real_time {
  sec: 48
  nsec: 592259824
}
iterations: 11635
real_time_factor: 0.99989701060790737
step_size {
  nsec: 4000000
}

sim_time {
  sec: 46
  nsec: 644000000
}
real_time {
  sec: 48
  nsec: 696259460
}
iterations: 11661
real_time_factor: 0.99995950164018355
step_size {
  nsec: 4000000
}

sim_time {
  sec: 46
  nsec: 744000000
}
real_time {
  sec: 48
  nsec: 796264191
}
iterations: 11686
real_time_factor: 0.9995984113382449
step_size {
  nsec: 4000000
}

sim_time {
  sec: 46
  nsec: 848000000
}
real_time {
  sec: 48
  nsec: 900260187
}
iterations: 11712
real_time_factor: 1.0000430018490796
step_size {
  nsec: 4000000
}

sim_time {
  sec: 46
  nsec: 948000000
}
real_time {
  sec: 49
  nsec: 265984
}
iterations: 11737
real_time_factor: 0.99922385287228144
step_size {
  nsec: 4000000
}

sim_time {
  sec: 47
  nsec: 52000000
}
real_time {
  sec: 49
  nsec: 104265249
}
iterations: 11763
real_time_factor: 0.999452549865811
step_size {
  nsec: 4000000
}

sim_time {
  sec: 47
  nsec: 156000000
}
real_time {
  sec: 49
  nsec: 208260496
}
iterations: 11789
real_time_factor: 1.00007475558798
step_size {
  nsec: 4000000
}

sim_time {
  sec: 47
  nsec: 256000000
}
real_time {
  sec: 49
  nsec: 308263190
}
iterations: 11814
real_time_factor: 1.0001630265733314
step_size {
  nsec: 4000000
}

sim_time {
  sec: 47
  nsec: 360000000
}
real_time {
  sec: 49
  nsec: 412259792
}
iterations: 11840
real_time_factor: 1.0000150002250034
step_size {
  nsec: 4000000
}

sim_time {
  sec: 47
  nsec: 460000000
}
real_time {
  sec: 49
  nsec: 512260223
}
iterations: 11865
real_time_factor: 0.99990625878823858
step_size {
  nsec: 4000000
}

sim_time {
  sec: 47
  nsec: 560000000
}
real_time {
  sec: 49
  nsec: 612262572
}
iterations: 11890
real_time_factor: 0.99981103571425
step_size {
  nsec: 4000000
}

sim_time {
  sec: 47
  nsec: 664000000
}
real_time {
  sec: 49
  nsec: 716261342
}
iterations: 11916
real_time_factor: 0.9997695531180063
step_size {
  nsec: 4000000
}

sim_time {
  sec: 47
  nsec: 768000000
}
real_time {
  sec: 49
  nsec: 820259278
}
iterations: 11942
real_time_factor: 0.99995725182748441
step_size {
  nsec: 4000000
}

sim_time {
  sec: 47
  nsec: 868000000
}
real_time {
  sec: 49
  nsec: 920263506
}
iterations: 11967
real_time_factor: 1.000116763632154
step_size {
  nsec: 4000000
}

sim_time {
  sec: 47
  nsec: 972000000
}
real_time {
  sec: 50
  nsec: 24261248
}
iterations: 11993
real_time_factor: 0.99948751277782322
step_size {
  nsec: 4000000
}

sim_time {
  sec: 48
  nsec: 72000000
}
real_time {
  sec: 50
  nsec: 124261994
}
iterations: 12018
real_time_factor: 1.0005012511268145
step_size {
  nsec: 4000000
}

sim_time {
  sec: 48
  nsec: 172000000
}
real_time {
  sec: 50
  nsec: 224262814
}
iterations: 12043
real_time_factor: 0.99977430095156017
step_size {
  nsec: 4000000
}

sim_time {
  sec: 48
  nsec: 276000000
}
real_time {
  sec: 50
  nsec: 328259750
}
iterations: 12069
real_time_factor: 0.99998925011556128
step_size {
  nsec: 4000000
}

sim_time {
  sec: 48
  nsec: 376000000
}
real_time {
  sec: 50
  nsec: 428259955
}
iterations: 12094
real_time_factor: 0.99996875097653193
step_size {
  nsec: 4000000
}

sim_time {
  sec: 48
  nsec: 476000000
}
real_time {
  sec: 50
  nsec: 528259891
}
iterations: 12119
real_time_factor: 1.0016148535476321
step_size {
  nsec: 4000000
}

sim_time {
  sec: 48
  nsec: 580000000
}
real_time {
  sec: 50
  nsec: 632259389
}
iterations: 12145
real_time_factor: 0.99996850099221879
step_size {
  nsec: 4000000
}

sim_time {
  sec: 48
  nsec: 680000000
}
real_time {
  sec: 50
  nsec: 732263983
}
iterations: 12170
real_time_factor: 0.99883560739068433
step_size {
  nsec: 4000000
}

sim_time {
  sec: 48
  nsec: 784000000
}
real_time {
  sec: 50
  nsec: 836264155
}
iterations: 12196
real_time_factor: 0.99904366545124679
step_size {
  nsec: 4000000
}

sim_time {
  sec: 48
  nsec: 888000000
}
real_time {
  sec: 50
  nsec: 940263041
}
iterations: 12222
real_time_factor: 1.0002142959128992
step_size {
  nsec: 4000000
}

sim_time {
  sec: 48
  nsec: 992000000
}
real_time {
  sec: 51
  nsec: 44262353
}
iterations: 12248
real_time_factor: 1.0000242505880768
step_size {
  nsec: 4000000
}

sim_time {
  sec: 49
  nsec: 96000000
}
real_time {
  sec: 51
  nsec: 148259184
}
iterations: 12274
real_time_factor: 1.0000310009610298
step_size {
  nsec: 4000000
}

sim_time {
  sec: 49
  nsec: 196000000
}
real_time {
  sec: 51
  nsec: 248261713
}
iterations: 12299
real_time_factor: 0.99965636812345759
step_size {
  nsec: 4000000
}

sim_time {
  sec: 49
  nsec: 296000000
}
real_time {
  sec: 51
  nsec: 348262591
}
iterations: 12324
real_time_factor: 1.0004204266843142
step_size {
  nsec: 4000000
}

sim_time {
  sec: 49
  nsec: 396000000
}
real_time {
  sec: 51
  nsec: 448264866
}
iterations: 12349
real_time_factor: 0.99967960268733869
step_size {
  nsec: 4000000
}

sim_time {
  sec: 49
  nsec: 500000000
}
real_time {
  sec: 51
  nsec: 552260146
}
iterations: 12375
real_time_factor: 1.0001052610787284
step_size {
  nsec: 4000000
}

sim_time {
  sec: 49
  nsec: 600000000
}
real_time {
  sec: 51
  nsec: 652260885
}
iterations: 12400
real_time_factor: 1.0003901521593421
step_size {
  nsec: 4000000
}

sim_time {
  sec: 49
  nsec: 704000000
}
real_time {
  sec: 51
  nsec: 756260368
}
iterations: 12426
real_time_factor: 0.999714081772613
step_size {
  nsec: 4000000
}

sim_time {
  sec: 49
  nsec: 808000000
}
real_time {
  sec: 51
  nsec: 860259575
}
iterations: 12452
real_time_factor: 1.0000402516201277
step_size {
  nsec: 4000000
}

sim_time {
  sec: 49
  nsec: 908000000
}
real_time {
  sec: 51
  nsec: 960261590
}
iterations: 12477
real_time_factor: 0.99986451835776258
step_size {
  nsec: 4000000
}

sim_time {
  sec: 50
  nsec: 12000000
}
real_time {
  sec: 52
  nsec: 64261185
}
iterations: 12503
real_time_factor: 0.99980653743500636
step_size {
  nsec: 4000000
}

sim_time {
  sec: 50
  nsec: 116000000
}
real_time {
  sec: 52
  nsec: 168260612
}
iterations: 12529
real_time_factor: 1.0001795322260345
step_size {
  nsec: 4000000
}

sim_time {
  sec: 50
  nsec: 220000000
}
real_time {
  sec: 52
  nsec: 272259634
}
iterations: 12555
real_time_factor: 1.0000542529432221
step_size {
  nsec: 4000000
}

sim_time {
  sec: 50
  nsec: 320000000
}
real_time {
  sec: 52
  nsec: 372263007
}
iterations: 12580
real_time_factor: 1.0000592535107704
step_size {
  nsec: 4000000
}

sim_time {
  sec: 50
  nsec: 424000000
}
real_time {
  sec: 52
  nsec: 476259524
}
iterations: 12606
real_time_factor: 0.99996875097653193
step_size {
  nsec: 4000000
}

sim_time {
  sec: 50
  nsec: 524000000
}
real_time {
  sec: 52
  nsec: 576260008
}
iterations: 12631
real_time_factor: 1.0014363100276571
step_size {
  nsec: 4000000
}

sim_time {
  sec: 50
  nsec: 624000000
}
real_time {
  sec: 52
  nsec: 676263113
}
iterations: 12656
real_time_factor: 1.0253528751919974
step_size {
  nsec: 4000000
}

sim_time {
  sec: 50
  nsec: 728000000
}
real_time {
  sec: 52
  nsec: 780260861
}
iterations: 12682
real_time_factor: 1.0000057500330626
step_size {
  nsec: 4000000
}

sim_time {
  sec: 50
  nsec: 832000000
}
real_time {
  sec: 52
  nsec: 884262590
}
iterations: 12708
real_time_factor: 0.99921711339165764
step_size {
  nsec: 4000000
}

sim_time {
  sec: 50
  nsec: 936000000
}
real_time {
  sec: 52
  nsec: 988261430
}
iterations: 12734
real_time_factor: 0.99951773269397515
step_size {
  nsec: 4000000
}

sim_time {
  sec: 51
  nsec: 40000000
}
real_time {
  sec: 53
  nsec: 92259604
}
iterations: 12760
real_time_factor: 1.0000082500680632
step_size {
  nsec: 4000000
}

sim_time {
  sec: 51
  nsec: 140000000
}
real_time {
  sec: 53
  nsec: 192259699
}
iterations: 12785
real_time_factor: 1.0000847571831712
step_size {
  nsec: 4000000
}

sim_time {
  sec: 51
  nsec: 240000000
}
real_time {
  sec: 53
  nsec: 292261705
}
iterations: 12810
real_time_factor: 0.99963788117754349
step_size {
  nsec: 4000000
}

sim_time {
  sec: 51
  nsec: 344000000
}
real_time {
  sec: 53
  nsec: 396260044
}
iterations: 12836
real_time_factor: 0.99996875097653193
step_size {
  nsec: 4000000
}

sim_time {
  sec: 51
  nsec: 448000000
}
real_time {
  sec: 53
  nsec: 500259955
}
iterations: 12862
real_time_factor: 1.0000057500330626
step_size {
  nsec: 4000000
}

sim_time {
  sec: 51
  nsec: 548000000
}
real_time {
  sec: 53
  nsec: 600263027
}
iterations: 12887
real_time_factor: 1.0008680027754069
step_size {
  nsec: 4000000
}

sim_time {
  sec: 51
  nsec: 652000000
}
real_time {
  sec: 53
  nsec: 704260512
}
iterations: 12913
real_time_factor: 1.0002723241402471
step_size {
  nsec: 4000000
}

sim_time {
  sec: 51
  nsec: 756000000
}
real_time {
  sec: 53
  nsec: 808260015
}
iterations: 12939
real_time_factor: 1.0002488118919581
step_size {
  nsec: 4000000
}

sim_time {
  sec: 51
  nsec: 860000000
}
real_time {
  sec: 53
  nsec: 912259722
}
iterations: 12965
real_time_factor: 0.99997550060023532
step_size {
  nsec: 4000000
}

sim_time {
  sec: 51
  nsec: 960000000
}
real_time {
  sec: 54
  nsec: 12260257
}
iterations: 12990
real_time_factor: 1.0000500025001251
step_size {
  nsec: 4000000
}

sim_time {
  sec: 52
  nsec: 64000000
}
real_time {
  sec: 54
  nsec: 116261751
}
iterations: 13016
real_time_factor: 0.99958017632594309
step_size {
  nsec: 4000000
}

sim_time {
  sec: 52
  nsec: 168000000
}
real_time {
  sec: 54
  nsec: 220262356
}
iterations: 13042
real_time_factor: 0.99968659825144812
step_size {
  nsec: 4000000
}

sim_time {
  sec: 52
  nsec: 272000000
}
real_time {
  sec: 54
  nsec: 324259673
}
iterations: 13068
real_time_factor: 1.000031250976593
step_size {
  nsec: 4000000
}

sim_time {
  sec: 52
  nsec: 372000000
}
real_time {
  sec: 54
  nsec: 424265287
}
iterations: 13093
real_time_factor: 0.9988358568088892
step_size {
  nsec: 4000000
}

sim_time {
  sec: 52
  nsec: 476000000
}
real_time {
  sec: 54
  nsec: 528260046
}
iterations: 13119
real_time_factor: 1.0000635040325061
step_size {
  nsec: 4000000
}

sim_time {
  sec: 52
  nsec: 576000000
}
real_time {
  sec: 54
  nsec: 628260772
}
iterations: 13144
real_time_factor: 1.0001052610787284
step_size {
  nsec: 4000000
}

sim_time {
  sec: 52
  nsec: 676000000
}
real_time {
  sec: 54
  nsec: 728262442
}
iterations: 13169
real_time_factor: 0.999612650098087
step_size {
  nsec: 4000000
}

sim_time {
  sec: 52
  nsec: 780000000
}
real_time {
  sec: 54
  nsec: 832259580
}
iterations: 13195
real_time_factor: 0.99992000639948808
step_size {
  nsec: 4000000
}

sim_time {
  sec: 52
  nsec: 880000000
}
real_time {
  sec: 54
  nsec: 932260056
}
iterations: 13220
real_time_factor: 1.0003648830911074
step_size {
  nsec: 4000000
}

sim_time {
  sec: 52
  nsec: 980000000
}
real_time {
  sec: 55
  nsec: 32261023
}
iterations: 13245
real_time_factor: 0.99982303132345574
step_size {
  nsec: 4000000
}

sim_time {
  sec: 53
  nsec: 80000000
}
real_time {
  sec: 55
  nsec: 132266508
}
iterations: 13270
real_time_factor: 0.9987874720089811
step_size {
  nsec: 4000000
}

