{
  "ulog_start_us": 4564000,
  "ulog_end_us": 21124000,
  "dropouts": 0,
  "missing_topics": [],
  "windows": {},
  "unavailable": {
    "inference_duration_us": "original diagnostic does not contain inference wall duration",
    "GRU_snapshot": "requires controller state API",
    "settling_time": "requires an explicitly defined settling band and dwell time; not inferred",
    "control_source_switch_latency": "requires publication owner event correlated with actual actuator output"
  },
  "time_alignment": {
    "method": "exact position-vector matches, monotonic->ULog interpolation",
    "matched_samples": 107,
    "telemetry_samples": 107,
    "sampling_uncertainty_s": 0.1
  },
  "armed_motor_values_valid": true,
  "actuator_step": {
    "count": 3988,
    "mean": 0.0001427453535143286,
    "p95": 0.0002933918702183291,
    "p99": 0.00038096939009847137,
    "max": 0.001660381443798542
  },
  "handovers": [],
  "raptor_active_samples": 0,
  "status": "FAIL"
}
