sim_time {
  nsec: 4000000
}
real_time {
  sec: 1
  nsec: 777240825
}
iterations: 1
real_time_factor: 0.0022506797861792309
step_size {
  nsec: 4000000
}

sim_time {
  nsec: 108000000
}
real_time {
  sec: 1
  nsec: 881221619
}
iterations: 27
real_time_factor: 1.0002195481908278
step_size {
  nsec: 4000000
}

sim_time {
  nsec: 208000000
}
real_time {
  sec: 1
  nsec: 981224208
}
iterations: 52
real_time_factor: 0.99979154346318788
step_size {
  nsec: 4000000
}

sim_time {
  nsec: 312000000
}
real_time {
  sec: 2
  nsec: 85761990
}
iterations: 78
real_time_factor: 0.88109026108907162
step_size {
  nsec: 4000000
}

sim_time {
  nsec: 416000000
}
real_time {
  sec: 2
  nsec: 189221917
}
iterations: 104
real_time_factor: 0.99997925043055358
step_size {
  nsec: 4000000
}

sim_time {
  nsec: 520000000
}
real_time {
  sec: 2
  nsec: 293222035
}
iterations: 130
real_time_factor: 1.0000065000422502
step_size {
  nsec: 4000000
}

sim_time {
  nsec: 624000000
}
real_time {
  sec: 2
  nsec: 397222059
}
iterations: 156
real_time_factor: 1.0000205004202587
step_size {
  nsec: 4000000
}

sim_time {
  nsec: 728000000
}
real_time {
  sec: 2
  nsec: 501222194
}
iterations: 182
real_time_factor: 0.99992775521968535
step_size {
  nsec: 4000000
}

sim_time {
  nsec: 832000000
}
real_time {
  sec: 2
  nsec: 605221931
}
iterations: 208
real_time_factor: 1.0000600036002161
step_size {
  nsec: 4000000
}

sim_time {
  nsec: 936000000
}
real_time {
  sec: 2
  nsec: 709222021
}
iterations: 234
real_time_factor: 0.99989301144777509
step_size {
  nsec: 4000000
}

sim_time {
  sec: 1
  nsec: 40000000
}
real_time {
  sec: 2
  nsec: 813221896
}
iterations: 260
real_time_factor: 1.0000252506375786
step_size {
  nsec: 4000000
}

sim_time {
  sec: 1
  nsec: 144000000
}
real_time {
  sec: 2
  nsec: 917221976
}
iterations: 286
real_time_factor: 1.0000042500180626
step_size {
  nsec: 4000000
}

sim_time {
  sec: 1
  nsec: 248000000
}
real_time {
  sec: 3
  nsec: 21221945
}
iterations: 312
real_time_factor: 0.99999725000756245
step_size {
  nsec: 4000000
}

sim_time {
  sec: 1
  nsec: 352000000
}
real_time {
  sec: 3
  nsec: 125222146
}
iterations: 338
real_time_factor: 0.99996300136894933
step_size {
  nsec: 4000000
}

sim_time {
  sec: 1
  nsec: 456000000
}
real_time {
  sec: 3
  nsec: 229222084
}
iterations: 364
real_time_factor: 0.99996300136894933
step_size {
  nsec: 4000000
}

sim_time {
  sec: 1
  nsec: 560000000
}
real_time {
  sec: 3
  nsec: 333222060
}
iterations: 390
real_time_factor: 0.9999952500225624
step_size {
  nsec: 4000000
}

sim_time {
  sec: 1
  nsec: 656000000
}
real_time {
  sec: 3
  nsec: 434969590
}
iterations: 414
real_time_factor: 0.97324216649545714
step_size {
  nsec: 4000000
}

sim_time {
  sec: 1
  nsec: 760000000
}
real_time {
  sec: 3
  nsec: 538853083
}
iterations: 440
real_time_factor: 1.0000252506375786
step_size {
  nsec: 4000000
}

sim_time {
  sec: 1
  nsec: 828000000
}
real_time {
  sec: 3
  nsec: 891199385
}
iterations: 457
real_time_factor: 0.013872303827147709
step_size {
  nsec: 4000000
}

sim_time {
  sec: 1
  nsec: 932000000
}
real_time {
  sec: 3
  nsec: 995195519
}
iterations: 483
real_time_factor: 0.99995575195797581
step_size {
  nsec: 4000000
}

sim_time {
  sec: 2
  nsec: 36000000
}
real_time {
  sec: 4
  nsec: 99195251
}
iterations: 509
real_time_factor: 1.0000880077446814
step_size {
  nsec: 4000000
}

sim_time {
  sec: 2
  nsec: 140000000
}
real_time {
  sec: 4
  nsec: 203194918
}
iterations: 535
real_time_factor: 1.000085757353693
step_size {
  nsec: 4000000
}

sim_time {
  sec: 2
  nsec: 240000000
}
real_time {
  sec: 4
  nsec: 303195448
}
iterations: 560
real_time_factor: 0.99994450308007909
step_size {
  nsec: 4000000
}

sim_time {
  sec: 2
  nsec: 344000000
}
real_time {
  sec: 4
  nsec: 407195671
}
iterations: 586
real_time_factor: 0.99992350585180234
step_size {
  nsec: 4000000
}

sim_time {
  sec: 2
  nsec: 448000000
}
real_time {
  sec: 4
  nsec: 511195532
}
iterations: 612
real_time_factor: 1.000035001225043
step_size {
  nsec: 4000000
}

sim_time {
  sec: 2
  nsec: 552000000
}
real_time {
  sec: 4
  nsec: 615195367
}
iterations: 638
real_time_factor: 1.0000302509150902
step_size {
  nsec: 4000000
}

sim_time {
  sec: 2
  nsec: 656000000
}
real_time {
  sec: 4
  nsec: 719195368
}
iterations: 664
real_time_factor: 0.99995375213896354
step_size {
  nsec: 4000000
}

sim_time {
  sec: 2
  nsec: 756000000
}
real_time {
  sec: 4
  nsec: 819198156
}
iterations: 689
real_time_factor: 1.00021554645026
step_size {
  nsec: 4000000
}

sim_time {
  sec: 2
  nsec: 860000000
}
real_time {
  sec: 4
  nsec: 923195259
}
iterations: 715
real_time_factor: 0.99992375581361925
step_size {
  nsec: 4000000
}

sim_time {
  sec: 2
  nsec: 960000000
}
real_time {
  sec: 5
  nsec: 23195390
}
iterations: 740
real_time_factor: 0.99997475063754637
step_size {
  nsec: 4000000
}

sim_time {
  sec: 3
  nsec: 64000000
}
real_time {
  sec: 5
  nsec: 127195439
}
iterations: 766
real_time_factor: 0.99995875170149229
step_size {
  nsec: 4000000
}

sim_time {
  sec: 3
  nsec: 168000000
}
real_time {
  sec: 5
  nsec: 231195299
}
iterations: 792
real_time_factor: 1.000035001225043
step_size {
  nsec: 4000000
}

sim_time {
  sec: 3
  nsec: 272000000
}
real_time {
  sec: 5
  nsec: 335195325
}
iterations: 818
real_time_factor: 1.0000142502030653
step_size {
  nsec: 4000000
}

sim_time {
  sec: 3
  nsec: 376000000
}
real_time {
  sec: 5
  nsec: 439195435
}
iterations: 844
real_time_factor: 0.99995175232795019
step_size {
  nsec: 4000000
}

sim_time {
  sec: 3
  nsec: 480000000
}
real_time {
  sec: 5
  nsec: 543195482
}
iterations: 870
real_time_factor: 0.99994700280885118
step_size {
  nsec: 4000000
}

sim_time {
  sec: 3
  nsec: 584000000
}
real_time {
  sec: 5
  nsec: 647195336
}
iterations: 896
real_time_factor: 1.0000512526266971
step_size {
  nsec: 4000000
}

sim_time {
  sec: 3
  nsec: 684000000
}
real_time {
  sec: 5
  nsec: 747195632
}
iterations: 921
real_time_factor: 0.99994700280885118
step_size {
  nsec: 4000000
}

sim_time {
  sec: 3
  nsec: 788000000
}
real_time {
  sec: 5
  nsec: 851195288
}
iterations: 947
real_time_factor: 1.0000142502030653
step_size {
  nsec: 4000000
}

sim_time {
  sec: 3
  nsec: 888000000
}
real_time {
  sec: 5
  nsec: 951195529
}
iterations: 972
real_time_factor: 0.99997025088503622
step_size {
  nsec: 4000000
}

sim_time {
  sec: 3
  nsec: 988000000
}
real_time {
  sec: 6
  nsec: 51195640
}
iterations: 997
real_time_factor: 1.000007250052563
step_size {
  nsec: 4000000
}

sim_time {
  sec: 4
  nsec: 92000000
}
real_time {
  sec: 6
  nsec: 155195163
}
iterations: 1023
real_time_factor: 1.0000210004410093
step_size {
  nsec: 4000000
}

sim_time {
  sec: 4
  nsec: 192000000
}
real_time {
  sec: 6
  nsec: 255195355
}
iterations: 1048
real_time_factor: 1.000003000009
step_size {
  nsec: 4000000
}

sim_time {
  sec: 4
  nsec: 296000000
}
real_time {
  sec: 6
  nsec: 359195407
}
iterations: 1074
real_time_factor: 0.99991950647972838
step_size {
  nsec: 4000000
}

sim_time {
  sec: 4
  nsec: 400000000
}
real_time {
  sec: 6
  nsec: 463195505
}
iterations: 1100
real_time_factor: 0.99997750050623857
step_size {
  nsec: 4000000
}

sim_time {
  sec: 4
  nsec: 500000000
}
real_time {
  sec: 6
  nsec: 563195624
}
iterations: 1125
real_time_factor: 0.99998425024805859
step_size {
  nsec: 4000000
}

sim_time {
  sec: 4
  nsec: 604000000
}
real_time {
  sec: 6
  nsec: 667195407
}
iterations: 1151
real_time_factor: 1.0000262506890807
step_size {
  nsec: 4000000
}

sim_time {
  sec: 4
  nsec: 708000000
}
real_time {
  sec: 6
  nsec: 771195385
}
iterations: 1177
real_time_factor: 1.0000075000562505
step_size {
  nsec: 4000000
}

sim_time {
  sec: 4
  nsec: 812000000
}
real_time {
  sec: 6
  nsec: 875195438
}
iterations: 1203
real_time_factor: 0.99994475305239383
step_size {
  nsec: 4000000
}

sim_time {
  sec: 4
  nsec: 912000000
}
real_time {
  sec: 6
  nsec: 975195436
}
iterations: 1228
real_time_factor: 1.0000355012602948
step_size {
  nsec: 4000000
}

sim_time {
  sec: 5
  nsec: 16000000
}
real_time {
  sec: 7
  nsec: 79195710
}
iterations: 1254
real_time_factor: 0.99994975252493568
step_size {
  nsec: 4000000
}

sim_time {
  sec: 5
  nsec: 120000000
}
real_time {
  sec: 7
  nsec: 183195428
}
iterations: 1280
real_time_factor: 1.0000307509455917
step_size {
  nsec: 4000000
}

sim_time {
  sec: 5
  nsec: 224000000
}
real_time {
  sec: 7
  nsec: 287195357
}
iterations: 1306
real_time_factor: 1.0000217504730728
step_size {
  nsec: 4000000
}

sim_time {
  sec: 5
  nsec: 328000000
}
real_time {
  sec: 7
  nsec: 391195287
}
iterations: 1332
real_time_factor: 1.0000075000562505
step_size {
  nsec: 4000000
}

sim_time {
  sec: 5
  nsec: 428000000
}
real_time {
  sec: 7
  nsec: 491197932
}
iterations: 1357
real_time_factor: 0.99957742864204158
step_size {
  nsec: 4000000
}

sim_time {
  sec: 5
  nsec: 532000000
}
real_time {
  sec: 7
  nsec: 595196019
}
iterations: 1383
real_time_factor: 0.99992900504064208
step_size {
  nsec: 4000000
}

sim_time {
  sec: 5
  nsec: 636000000
}
real_time {
  sec: 7
  nsec: 699195633
}
iterations: 1409
real_time_factor: 1.000014500210253
step_size {
  nsec: 4000000
}

sim_time {
  sec: 5
  nsec: 740000000
}
real_time {
  sec: 7
  nsec: 803195924
}
iterations: 1435
real_time_factor: 0.99985027242170488
step_size {
  nsec: 4000000
}

sim_time {
  sec: 5
  nsec: 840000000
}
real_time {
  sec: 7
  nsec: 903196494
}
iterations: 1460
real_time_factor: 1.0001190141626854
step_size {
  nsec: 4000000
}

sim_time {
  sec: 5
  nsec: 944000000
}
real_time {
  sec: 8
  nsec: 7196859
}
iterations: 1486
real_time_factor: 0.9998157839418087
step_size {
  nsec: 4000000
}

sim_time {
  sec: 6
  nsec: 44000000
}
real_time {
  sec: 8
  nsec: 107200307
}
iterations: 1511
real_time_factor: 0.99931846480700159
step_size {
  nsec: 4000000
}

sim_time {
  sec: 6
  nsec: 148000000
}
real_time {
  sec: 8
  nsec: 211198697
}
iterations: 1537
real_time_factor: 0.9993484248270128
step_size {
  nsec: 4000000
}

sim_time {
  sec: 6
  nsec: 252000000
}
real_time {
  sec: 8
  nsec: 315196019
}
iterations: 1563
real_time_factor: 1.0000080000640006
step_size {
  nsec: 4000000
}

sim_time {
  sec: 6
  nsec: 356000000
}
real_time {
  sec: 8
  nsec: 419196183
}
iterations: 1589
real_time_factor: 0.99987576543614454
step_size {
  nsec: 4000000
}

sim_time {
  sec: 6
  nsec: 460000000
}
real_time {
  sec: 8
  nsec: 523195808
}
iterations: 1615
real_time_factor: 1.0000730053293891
step_size {
  nsec: 4000000
}

sim_time {
  sec: 6
  nsec: 564000000
}
real_time {
  sec: 8
  nsec: 627195676
}
iterations: 1641
real_time_factor: 0.99998975010506141
step_size {
  nsec: 4000000
}

sim_time {
  sec: 6
  nsec: 668000000
}
real_time {
  sec: 8
  nsec: 731196418
}
iterations: 1667
real_time_factor: 0.999825280532227
step_size {
  nsec: 4000000
}

sim_time {
  sec: 6
  nsec: 772000000
}
real_time {
  sec: 8
  nsec: 835196549
}
iterations: 1693
real_time_factor: 0.99993850378201743
step_size {
  nsec: 4000000
}

sim_time {
  sec: 6
  nsec: 876000000
}
real_time {
  sec: 8
  nsec: 939203495
}
iterations: 1719
real_time_factor: 0.9982102090950925
step_size {
  nsec: 4000000
}

sim_time {
  sec: 6
  nsec: 980000000
}
real_time {
  sec: 9
  nsec: 43195719
}
iterations: 1745
real_time_factor: 1.0000425018063268
step_size {
  nsec: 4000000
}

sim_time {
  sec: 7
  nsec: 84000000
}
real_time {
  sec: 9
  nsec: 147195541
}
iterations: 1771
real_time_factor: 1.0000102501050636
step_size {
  nsec: 4000000
}

sim_time {
  sec: 7
  nsec: 184000000
}
real_time {
  sec: 9
  nsec: 247196406
}
iterations: 1796
real_time_factor: 0.99982078212480407
step_size {
  nsec: 4000000
}

sim_time {
  sec: 7
  nsec: 284000000
}
real_time {
  sec: 9
  nsec: 347196558
}
iterations: 1821
real_time_factor: 1.0003090955105127
step_size {
  nsec: 4000000
}

sim_time {
  sec: 7
  nsec: 384000000
}
real_time {
  sec: 9
  nsec: 447197518
}
iterations: 1846
real_time_factor: 1.0013087104846035
step_size {
  nsec: 4000000
}

sim_time {
  sec: 7
  nsec: 484000000
}
real_time {
  sec: 9
  nsec: 547197628
}
iterations: 1871
real_time_factor: 0.99967485575316628
step_size {
  nsec: 4000000
}

sim_time {
  sec: 7
  nsec: 588000000
}
real_time {
  sec: 9
  nsec: 651196621
}
iterations: 1897
real_time_factor: 1.0001097620463846
step_size {
  nsec: 4000000
}

sim_time {
  sec: 7
  nsec: 692000000
}
real_time {
  sec: 9
  nsec: 755195138
}
iterations: 1923
real_time_factor: 1.0001265160042745
step_size {
  nsec: 4000000
}

sim_time {
  sec: 7
  nsec: 792000000
}
real_time {
  sec: 9
  nsec: 855196541
}
iterations: 1948
real_time_factor: 0.999714081772613
step_size {
  nsec: 4000000
}

sim_time {
  sec: 7
  nsec: 892000000
}
real_time {
  sec: 9
  nsec: 955196711
}
iterations: 1973
real_time_factor: 0.99997575058804822
step_size {
  nsec: 4000000
}

sim_time {
  sec: 7
  nsec: 996000000
}
real_time {
  sec: 10
  nsec: 59196608
}
iterations: 1999
real_time_factor: 1.0000265007022686
step_size {
  nsec: 4000000
}

sim_time {
  sec: 8
  nsec: 100000000
}
real_time {
  sec: 10
  nsec: 163295462
}
iterations: 2025
real_time_factor: 0.97565734913898239
step_size {
  nsec: 4000000
}

sim_time {
  sec: 8
  nsec: 204000000
}
real_time {
  sec: 10
  nsec: 267195969
}
iterations: 2051
real_time_factor: 0.99993400435571256
step_size {
  nsec: 4000000
}

sim_time {
  sec: 8
  nsec: 304000000
}
real_time {
  sec: 10
  nsec: 367196286
}
iterations: 2076
real_time_factor: 0.99987626531216767
step_size {
  nsec: 4000000
}

sim_time {
  sec: 8
  nsec: 404000000
}
real_time {
  sec: 10
  nsec: 467198585
}
iterations: 2101
real_time_factor: 1.004472917903424
step_size {
  nsec: 4000000
}

sim_time {
  sec: 8
  nsec: 508000000
}
real_time {
  sec: 10
  nsec: 571195350
}
iterations: 2127
real_time_factor: 1.000515515619423
step_size {
  nsec: 4000000
}

sim_time {
  sec: 8
  nsec: 608000000
}
real_time {
  sec: 10
  nsec: 671195537
}
iterations: 2152
real_time_factor: 1.0000685046925715
step_size {
  nsec: 4000000
}

sim_time {
  sec: 8
  nsec: 708000000
}
real_time {
  sec: 10
  nsec: 771195502
}
iterations: 2177
real_time_factor: 1.0000292508555875
step_size {
  nsec: 4000000
}

sim_time {
  sec: 8
  nsec: 812000000
}
real_time {
  sec: 10
  nsec: 875195648
}
iterations: 2203
real_time_factor: 1.0000037500140626
step_size {
  nsec: 4000000
}

sim_time {
  sec: 8
  nsec: 912000000
}
real_time {
  sec: 10
  nsec: 975196483
}
iterations: 2228
real_time_factor: 0.99996450126020531
step_size {
  nsec: 4000000
}

sim_time {
  sec: 9
  nsec: 16000000
}
real_time {
  sec: 11
  nsec: 79196064
}
iterations: 2254
real_time_factor: 0.99994800270385942
step_size {
  nsec: 4000000
}

sim_time {
  sec: 9
  nsec: 120000000
}
real_time {
  sec: 11
  nsec: 183196311
}
iterations: 2280
real_time_factor: 0.99986951702802784
step_size {
  nsec: 4000000
}

sim_time {
  sec: 9
  nsec: 224000000
}
real_time {
  sec: 11
  nsec: 287195537
}
iterations: 2306
real_time_factor: 1.0000477522801714
step_size {
  nsec: 4000000
}

sim_time {
  sec: 9
  nsec: 324000000
}
real_time {
  sec: 11
  nsec: 387196056
}
iterations: 2331
real_time_factor: 1.0000780060844745
step_size {
  nsec: 4000000
}

sim_time {
  sec: 9
  nsec: 428000000
}
real_time {
  sec: 11
  nsec: 491196116
}
iterations: 2357
real_time_factor: 0.99995775178498714
step_size {
  nsec: 4000000
}

sim_time {
  sec: 9
  nsec: 532000000
}
real_time {
  sec: 11
  nsec: 595199732
}
iterations: 2383
real_time_factor: 0.99901172764842383
step_size {
  nsec: 4000000
}

sim_time {
  sec: 9
  nsec: 636000000
}
real_time {
  sec: 11
  nsec: 699196189
}
iterations: 2409
real_time_factor: 0.9999855002102469
step_size {
  nsec: 4000000
}

sim_time {
  sec: 9
  nsec: 740000000
}
real_time {
  sec: 11
  nsec: 803196054
}
iterations: 2435
real_time_factor: 0.99994625288890726
step_size {
  nsec: 4000000
}

sim_time {
  sec: 9
  nsec: 844000000
}
real_time {
  sec: 11
  nsec: 907196216
}
iterations: 2461
real_time_factor: 0.99985102219769251
step_size {
  nsec: 4000000
}

sim_time {
  sec: 9
  nsec: 948000000
}
real_time {
  sec: 12
  nsec: 11195415
}
iterations: 2487
real_time_factor: 1.000198039211764
step_size {
  nsec: 4000000
}

sim_time {
  sec: 10
  nsec: 48000000
}
real_time {
  sec: 12
  nsec: 111196476
}
iterations: 2512
real_time_factor: 1.0012001887262356
step_size {
  nsec: 4000000
}

sim_time {
  sec: 10
  nsec: 152000000
}
real_time {
  sec: 12
  nsec: 215195802
}
iterations: 2538
real_time_factor: 0.99987926457880216
step_size {
  nsec: 4000000
}

sim_time {
  sec: 10
  nsec: 252000000
}
real_time {
  sec: 12
  nsec: 315196098
}
iterations: 2563
real_time_factor: 0.9998442742542849
step_size {
  nsec: 4000000
}

sim_time {
  sec: 10
  nsec: 352000000
}
real_time {
  sec: 12
  nsec: 415198950
}
iterations: 2588
real_time_factor: 0.99932395734285751
step_size {
  nsec: 4000000
}

sim_time {
  sec: 10
  nsec: 452000000
}
real_time {
  sec: 12
  nsec: 515198756
}
iterations: 2613
real_time_factor: 0.99943706707197166
step_size {
  nsec: 4000000
}

sim_time {
  sec: 10
  nsec: 556000000
}
real_time {
  sec: 12
  nsec: 619197998
}
iterations: 2639
real_time_factor: 0.999531969155443
step_size {
  nsec: 4000000
}

sim_time {
  sec: 10
  nsec: 660000000
}
real_time {
  sec: 12
  nsec: 723195435
}
iterations: 2665
real_time_factor: 0.99998775015006069
step_size {
  nsec: 4000000
}

sim_time {
  sec: 10
  nsec: 764000000
}
real_time {
  sec: 12
  nsec: 827196123
}
iterations: 2691
real_time_factor: 0.999839775675948
step_size {
  nsec: 4000000
}

sim_time {
  sec: 10
  nsec: 864000000
}
real_time {
  sec: 12
  nsec: 927201234
}
iterations: 2716
real_time_factor: 0.99876028879153755
step_size {
  nsec: 4000000
}

sim_time {
  sec: 10
  nsec: 964000000
}
real_time {
  sec: 13
  nsec: 27204558
}
iterations: 2741
real_time_factor: 0.99772916841269266
step_size {
  nsec: 4000000
}

sim_time {
  sec: 11
  nsec: 68000000
}
real_time {
  sec: 13
  nsec: 131195533
}
iterations: 2767
real_time_factor: 1.0000712550769242
step_size {
  nsec: 4000000
}

sim_time {
  sec: 11
  nsec: 168000000
}
real_time {
  sec: 13
  nsec: 231196642
}
iterations: 2792
real_time_factor: 0.9999302548647232
step_size {
  nsec: 4000000
}

sim_time {
  sec: 11
  nsec: 268000000
}
real_time {
  sec: 13
  nsec: 331197169
}
iterations: 2817
real_time_factor: 1.0000967593614682
step_size {
  nsec: 4000000
}

sim_time {
  sec: 11
  nsec: 368000000
}
real_time {
  sec: 13
  nsec: 431198158
}
iterations: 2842
real_time_factor: 1.0002010404091222
step_size {
  nsec: 4000000
}

sim_time {
  sec: 11
  nsec: 468000000
}
real_time {
  sec: 13
  nsec: 531200676
}
iterations: 2867
real_time_factor: 1.014185411348532
step_size {
  nsec: 4000000
}

sim_time {
  sec: 11
  nsec: 572000000
}
real_time {
  sec: 13
  nsec: 635196907
}
iterations: 2893
real_time_factor: 0.99999500002499986
step_size {
  nsec: 4000000
}

sim_time {
  sec: 11
  nsec: 676000000
}
real_time {
  sec: 13
  nsec: 739196194
}
iterations: 2919
real_time_factor: 1.0000852572681822
step_size {
  nsec: 4000000
}

sim_time {
  sec: 11
  nsec: 776000000
}
real_time {
  sec: 13
  nsec: 839196406
}
iterations: 2944
real_time_factor: 0.99998800014399825
step_size {
  nsec: 4000000
}

sim_time {
  sec: 11
  nsec: 876000000
}
real_time {
  sec: 13
  nsec: 939197136
}
iterations: 2969
real_time_factor: 0.99989076193425863
step_size {
  nsec: 4000000
}

sim_time {
  sec: 11
  nsec: 980000000
}
real_time {
  sec: 14
  nsec: 43195840
}
iterations: 2995
real_time_factor: 0.99997875045155293
step_size {
  nsec: 4000000
}

sim_time {
  sec: 12
  nsec: 84000000
}
real_time {
  sec: 14
  nsec: 147197124
}
iterations: 3021
real_time_factor: 0.99977779938408684
step_size {
  nsec: 4000000
}

sim_time {
  sec: 12
  nsec: 188000000
}
real_time {
  sec: 14
  nsec: 251196327
}
iterations: 3047
real_time_factor: 1.0001340179584064
step_size {
  nsec: 4000000
}

sim_time {
  sec: 12
  nsec: 292000000
}
real_time {
  sec: 14
  nsec: 355195732
}
iterations: 3073
real_time_factor: 1.000055503080421
step_size {
  nsec: 4000000
}

sim_time {
  sec: 12
  nsec: 392000000
}
real_time {
  sec: 14
  nsec: 455196869
}
iterations: 3098
real_time_factor: 0.999826280183818
step_size {
  nsec: 4000000
}

sim_time {
  sec: 12
  nsec: 496000000
}
real_time {
  sec: 14
  nsec: 559198654
}
iterations: 3124
real_time_factor: 0.99945604604693894
step_size {
  nsec: 4000000
}

sim_time {
  sec: 12
  nsec: 600000000
}
real_time {
  sec: 14
  nsec: 663196014
}
iterations: 3150
real_time_factor: 1.0000830068895719
step_size {
  nsec: 4000000
}

sim_time {
  sec: 12
  nsec: 700000000
}
real_time {
  sec: 14
  nsec: 763200374
}
iterations: 3175
real_time_factor: 0.99917143708579659
step_size {
  nsec: 4000000
}

sim_time {
  sec: 12
  nsec: 800000000
}
real_time {
  sec: 14
  nsec: 863201236
}
iterations: 3200
real_time_factor: 0.99848106068643072
step_size {
  nsec: 4000000
}

sim_time {
  sec: 12
  nsec: 904000000
}
real_time {
  sec: 14
  nsec: 967195401
}
iterations: 3226
real_time_factor: 1.0002475612714146
step_size {
  nsec: 4000000
}

sim_time {
  sec: 13
  nsec: 4000000
}
real_time {
  sec: 15
  nsec: 67196740
}
iterations: 3251
real_time_factor: 0.9999165069716679
step_size {
  nsec: 4000000
}

sim_time {
  sec: 13
  nsec: 104000000
}
real_time {
  sec: 15
  nsec: 167197852
}
iterations: 3276
real_time_factor: 0.99962763870458249
step_size {
  nsec: 4000000
}

sim_time {
  sec: 13
  nsec: 208000000
}
real_time {
  sec: 15
  nsec: 271195978
}
iterations: 3302
real_time_factor: 1.000171529417295
step_size {
  nsec: 4000000
}

sim_time {
  sec: 13
  nsec: 312000000
}
real_time {
  sec: 15
  nsec: 375195493
}
iterations: 3328
real_time_factor: 1.0000252506375786
step_size {
  nsec: 4000000
}

sim_time {
  sec: 13
  nsec: 416000000
}
real_time {
  sec: 15
  nsec: 479195656
}
iterations: 3354
real_time_factor: 0.999895510919109
step_size {
  nsec: 4000000
}

sim_time {
  sec: 13
  nsec: 520000000
}
real_time {
  sec: 15
  nsec: 583195745
}
iterations: 3380
real_time_factor: 0.99997925043055358
step_size {
  nsec: 4000000
}

sim_time {
  sec: 13
  nsec: 624000000
}
real_time {
  sec: 15
  nsec: 687195972
}
iterations: 3406
real_time_factor: 0.99985677051762334
step_size {
  nsec: 4000000
}

sim_time {
  sec: 13
  nsec: 724000000
}
real_time {
  sec: 15
  nsec: 787196543
}
iterations: 3431
real_time_factor: 0.99996050156018834
step_size {
  nsec: 4000000
}

sim_time {
  sec: 13
  nsec: 828000000
}
real_time {
  sec: 15
  nsec: 891196687
}
iterations: 3457
real_time_factor: 0.99995600193591483
step_size {
  nsec: 4000000
}

sim_time {
  sec: 13
  nsec: 932000000
}
real_time {
  sec: 15
  nsec: 995195961
}
iterations: 3483
real_time_factor: 0.99984027551598631
step_size {
  nsec: 4000000
}

sim_time {
  sec: 14
  nsec: 36000000
}
real_time {
  sec: 16
  nsec: 99195529
}
iterations: 3509
real_time_factor: 1.0000465021623506
step_size {
  nsec: 4000000
}

sim_time {
  sec: 14
  nsec: 136000000
}
real_time {
  sec: 16
  nsec: 199196617
}
iterations: 3534
real_time_factor: 0.99981053590344626
step_size {
  nsec: 4000000
}

sim_time {
  sec: 14
  nsec: 236000000
}
real_time {
  sec: 16
  nsec: 299199539
}
iterations: 3559
real_time_factor: 0.99919290193346322
step_size {
  nsec: 4000000
}

sim_time {
  sec: 14
  nsec: 340000000
}
real_time {
  sec: 16
  nsec: 403195810
}
iterations: 3585
real_time_factor: 1.0001925370633846
step_size {
  nsec: 4000000
}

sim_time {
  sec: 14
  nsec: 440000000
}
real_time {
  sec: 16
  nsec: 503196167
}
iterations: 3610
real_time_factor: 0.99981978248420722
step_size {
  nsec: 4000000
}

sim_time {
  sec: 14
  nsec: 544000000
}
real_time {
  sec: 16
  nsec: 607201292
}
iterations: 3636
real_time_factor: 0.99862215108703767
step_size {
  nsec: 4000000
}

sim_time {
  sec: 14
  nsec: 648000000
}
real_time {
  sec: 16
  nsec: 711197202
}
iterations: 3662
real_time_factor: 0.99987751500441191
step_size {
  nsec: 4000000
}

sim_time {
  sec: 14
  nsec: 752000000
}
real_time {
  sec: 16
  nsec: 815195678
}
iterations: 3688
real_time_factor: 1.0000095000902509
step_size {
  nsec: 4000000
}

sim_time {
  sec: 14
  nsec: 856000000
}
real_time {
  sec: 16
  nsec: 919195617
}
iterations: 3714
real_time_factor: 0.99995850172217848
step_size {
  nsec: 4000000
}

sim_time {
  sec: 14
  nsec: 956000000
}
real_time {
  sec: 17
  nsec: 19196084
}
iterations: 3739
real_time_factor: 0.999847523252704
step_size {
  nsec: 4000000
}

sim_time {
  sec: 15
  nsec: 60000000
}
real_time {
  sec: 17
  nsec: 123195841
}
iterations: 3765
real_time_factor: 1.0000047500225626
step_size {
  nsec: 4000000
}

sim_time {
  sec: 15
  nsec: 160000000
}
real_time {
  sec: 17
  nsec: 223195945
}
iterations: 3790
real_time_factor: 1.0001420201668636
step_size {
  nsec: 4000000
}

sim_time {
  sec: 15
  nsec: 264000000
}
real_time {
  sec: 17
  nsec: 327195929
}
iterations: 3816
real_time_factor: 0.99995650189216767
step_size {
  nsec: 4000000
}

sim_time {
  sec: 15
  nsec: 364000000
}
real_time {
  sec: 17
  nsec: 427196330
}
iterations: 3841
real_time_factor: 0.99990800846322136
step_size {
  nsec: 4000000
}

sim_time {
  sec: 15
  nsec: 468000000
}
real_time {
  sec: 17
  nsec: 531195842
}
iterations: 3867
real_time_factor: 1.0001902862019498
step_size {
  nsec: 4000000
}

sim_time {
  sec: 15
  nsec: 572000000
}
real_time {
  sec: 17
  nsec: 635196640
}
iterations: 3893
real_time_factor: 0.9998290292360007
step_size {
  nsec: 4000000
}

sim_time {
  sec: 15
  nsec: 676000000
}
real_time {
  sec: 17
  nsec: 739195660
}
iterations: 3919
real_time_factor: 1.0000770059294566
step_size {
  nsec: 4000000
}

sim_time {
  sec: 15
  nsec: 780000000
}
real_time {
  sec: 17
  nsec: 843201385
}
iterations: 3945
real_time_factor: 0.99861118149932981
step_size {
  nsec: 4000000
}

sim_time {
  sec: 15
  nsec: 884000000
}
real_time {
  sec: 17
  nsec: 947196238
}
iterations: 3971
real_time_factor: 1.000005000025
step_size {
  nsec: 4000000
}

sim_time {
  sec: 15
  nsec: 988000000
}
real_time {
  sec: 18
  nsec: 51195962
}
iterations: 3997
real_time_factor: 0.99990800846322136
step_size {
  nsec: 4000000
}

sim_time {
  sec: 16
  nsec: 92000000
}
real_time {
  sec: 18
  nsec: 155196247
}
iterations: 4023
real_time_factor: 0.99997275074254222
step_size {
  nsec: 4000000
}

sim_time {
  sec: 16
  nsec: 196000000
}
real_time {
  sec: 18
  nsec: 259195155
}
iterations: 4049
real_time_factor: 1.00006300396925
step_size {
  nsec: 4000000
}

sim_time {
  sec: 16
  nsec: 296000000
}
real_time {
  sec: 18
  nsec: 359196333
}
iterations: 4074
real_time_factor: 0.99985951973747689
step_size {
  nsec: 4000000
}

sim_time {
  sec: 16
  nsec: 400000000
}
real_time {
  sec: 18
  nsec: 463195685
}
iterations: 4100
real_time_factor: 0.99997500062498434
step_size {
  nsec: 4000000
}

sim_time {
  sec: 16
  nsec: 500000000
}
real_time {
  sec: 18
  nsec: 563196335
}
iterations: 4125
real_time_factor: 0.99994750275610533
step_size {
  nsec: 4000000
}

sim_time {
  sec: 16
  nsec: 600000000
}
real_time {
  sec: 18
  nsec: 663219701
}
iterations: 4150
real_time_factor: 0.9942188658497999
step_size {
  nsec: 4000000
}

sim_time {
  sec: 16
  nsec: 704000000
}
real_time {
  sec: 18
  nsec: 767196477
}
iterations: 4176
real_time_factor: 1.0000492524256819
step_size {
  nsec: 4000000
}

sim_time {
  sec: 16
  nsec: 808000000
}
real_time {
  sec: 18
  nsec: 871196496
}
iterations: 4202
real_time_factor: 1.0001022604561316
step_size {
  nsec: 4000000
}

sim_time {
  sec: 16
  nsec: 912000000
}
real_time {
  sec: 18
  nsec: 975196542
}
iterations: 4228
real_time_factor: 0.99984327456671163
step_size {
  nsec: 4000000
}

sim_time {
  sec: 17
  nsec: 16000000
}
real_time {
  sec: 19
  nsec: 79196033
}
iterations: 4254
real_time_factor: 0.99993350442195594
step_size {
  nsec: 4000000
}

sim_time {
  sec: 17
  nsec: 120000000
}
real_time {
  sec: 19
  nsec: 183195819
}
iterations: 4280
real_time_factor: 1.000007750060063
step_size {
  nsec: 4000000
}

sim_time {
  sec: 17
  nsec: 220000000
}
real_time {
  sec: 19
  nsec: 283197182
}
iterations: 4305
real_time_factor: 0.99982478070718106
step_size {
  nsec: 4000000
}

sim_time {
  sec: 17
  nsec: 320000000
}
real_time {
  sec: 19
  nsec: 383199351
}
iterations: 4330
real_time_factor: 0.999089330075636
step_size {
  nsec: 4000000
}

sim_time {
  sec: 17
  nsec: 424000000
}
real_time {
  sec: 19
  nsec: 487197321
}
iterations: 4356
real_time_factor: 0.99955644682672062
step_size {
  nsec: 4000000
}

sim_time {
  sec: 17
  nsec: 528000000
}
real_time {
  sec: 19
  nsec: 591196514
}
iterations: 4382
real_time_factor: 1.0001282664501723
step_size {
  nsec: 4000000
}

sim_time {
  sec: 17
  nsec: 632000000
}
real_time {
  sec: 19
  nsec: 695196086
}
iterations: 4408
real_time_factor: 0.99973007288032234
step_size {
  nsec: 4000000
}

sim_time {
  sec: 17
  nsec: 732000000
}
real_time {
  sec: 19
  nsec: 795195958
}
iterations: 4433
real_time_factor: 1.0002533141518088
step_size {
  nsec: 4000000
}

sim_time {
  sec: 17
  nsec: 832000000
}
real_time {
  sec: 19
  nsec: 895196665
}
iterations: 4458
real_time_factor: 0.99988976215372261
step_size {
  nsec: 4000000
}

sim_time {
  sec: 17
  nsec: 936000000
}
real_time {
  sec: 19
  nsec: 999195879
}
iterations: 4484
real_time_factor: 1.0000450020250911
step_size {
  nsec: 4000000
}

sim_time {
  sec: 18
  nsec: 40000000
}
real_time {
  sec: 20
  nsec: 103195977
}
iterations: 4510
real_time_factor: 0.99996875097653193
step_size {
  nsec: 4000000
}

sim_time {
  sec: 18
  nsec: 144000000
}
real_time {
  sec: 20
  nsec: 207195807
}
iterations: 4536
real_time_factor: 0.99990125975059962
step_size {
  nsec: 4000000
}

sim_time {
  sec: 18
  nsec: 244000000
}
real_time {
  sec: 20
  nsec: 307196771
}
iterations: 4561
real_time_factor: 0.9998690171587522
step_size {
  nsec: 4000000
}

sim_time {
  sec: 18
  nsec: 348000000
}
real_time {
  sec: 20
  nsec: 411198248
}
iterations: 4587
real_time_factor: 0.99917767677201663
step_size {
  nsec: 4000000
}

sim_time {
  sec: 18
  nsec: 452000000
}
real_time {
  sec: 20
  nsec: 515196357
}
iterations: 4613
real_time_factor: 0.999966251139024
step_size {
  nsec: 4000000
}

sim_time {
  sec: 18
  nsec: 556000000
}
real_time {
  sec: 20
  nsec: 619462396
}
iterations: 4639
real_time_factor: 0.9374893800031171
step_size {
  nsec: 4000000
}

sim_time {
  sec: 18
  nsec: 660000000
}
real_time {
  sec: 20
  nsec: 723196822
}
iterations: 4665
real_time_factor: 1.0006171306153069
step_size {
  nsec: 4000000
}

sim_time {
  sec: 18
  nsec: 760000000
}
real_time {
  sec: 20
  nsec: 823197415
}
iterations: 4690
real_time_factor: 0.99992250600578458
step_size {
  nsec: 4000000
}

sim_time {
  sec: 18
  nsec: 864000000
}
real_time {
  sec: 20
  nsec: 927195763
}
iterations: 4716
real_time_factor: 1.0002232998516918
step_size {
  nsec: 4000000
}

sim_time {
  sec: 18
  nsec: 968000000
}
real_time {
  sec: 21
  nsec: 31196047
}
iterations: 4742
real_time_factor: 0.9999407535103545
step_size {
  nsec: 4000000
}

sim_time {
  sec: 19
  nsec: 68000000
}
real_time {
  sec: 21
  nsec: 131195779
}
iterations: 4767
real_time_factor: 1.0001265160042745
step_size {
  nsec: 4000000
}

sim_time {
  sec: 19
  nsec: 172000000
}
real_time {
  sec: 21
  nsec: 235197377
}
iterations: 4793
real_time_factor: 0.99956144241713951
step_size {
  nsec: 4000000
}

sim_time {
  sec: 19
  nsec: 276000000
}
real_time {
  sec: 21
  nsec: 339195446
}
iterations: 4819
real_time_factor: 1.0000542529432221
step_size {
  nsec: 4000000
}

sim_time {
  sec: 19
  nsec: 380000000
}
real_time {
  sec: 21
  nsec: 443195663
}
iterations: 4845
real_time_factor: 1.0000590034812054
step_size {
  nsec: 4000000
}

sim_time {
  sec: 19
  nsec: 484000000
}
real_time {
  sec: 21
  nsec: 547195315
}
iterations: 4871
real_time_factor: 1.0000430018490796
step_size {
  nsec: 4000000
}

sim_time {
  sec: 19
  nsec: 584000000
}
real_time {
  sec: 21
  nsec: 647196203
}
iterations: 4896
real_time_factor: 1.0002097940042924
step_size {
  nsec: 4000000
}

sim_time {
  sec: 19
  nsec: 684000000
}
real_time {
  sec: 21
  nsec: 747196194
}
iterations: 4921
real_time_factor: 1.017586955349302
step_size {
  nsec: 4000000
}

sim_time {
  sec: 19
  nsec: 788000000
}
real_time {
  sec: 21
  nsec: 851195272
}
iterations: 4947
real_time_factor: 1.0000382514631185
step_size {
  nsec: 4000000
}

sim_time {
  sec: 19
  nsec: 888000000
}
real_time {
  sec: 21
  nsec: 951195346
}
iterations: 4972
real_time_factor: 1.0003048429008741
step_size {
  nsec: 4000000
}

sim_time {
  sec: 19
  nsec: 988000000
}
real_time {
  sec: 22
  nsec: 51196050
}
iterations: 4997
real_time_factor: 1.0004922421831541
step_size {
  nsec: 4000000
}

sim_time {
  sec: 20
  nsec: 92000000
}
real_time {
  sec: 22
  nsec: 155196745
}
iterations: 5023
real_time_factor: 1.0000822567656189
step_size {
  nsec: 4000000
}

sim_time {
  sec: 20
  nsec: 196000000
}
real_time {
  sec: 22
  nsec: 259195562
}
iterations: 5049
real_time_factor: 0.99992750525586893
step_size {
  nsec: 4000000
}

sim_time {
  sec: 20
  nsec: 300000000
}
real_time {
  sec: 22
  nsec: 363195546
}
iterations: 5075
real_time_factor: 1.0000200004000079
step_size {
  nsec: 4000000
}

sim_time {
  sec: 20
  nsec: 400000000
}
real_time {
  sec: 22
  nsec: 463196342
}
iterations: 5100
real_time_factor: 1.0011230097361716
step_size {
  nsec: 4000000
}

sim_time {
  sec: 20
  nsec: 500000000
}
real_time {
  sec: 22
  nsec: 563198294
}
iterations: 5125
real_time_factor: 0.99985802016113712
step_size {
  nsec: 4000000
}

sim_time {
  sec: 20
  nsec: 604000000
}
real_time {
  sec: 22
  nsec: 667198232
}
iterations: 5151
real_time_factor: 0.99969609238791413
step_size {
  nsec: 4000000
}

sim_time {
  sec: 20
  nsec: 708000000
}
real_time {
  sec: 22
  nsec: 771200401
}
iterations: 5177
real_time_factor: 0.99931447027339249
step_size {
  nsec: 4000000
}

sim_time {
  sec: 20
  nsec: 812000000
}
real_time {
  sec: 22
  nsec: 875195441
}
iterations: 5203
real_time_factor: 0.99997825047305222
step_size {
  nsec: 4000000
}

sim_time {
  sec: 20
  nsec: 916000000
}
real_time {
  sec: 22
  nsec: 979196175
}
iterations: 5229
real_time_factor: 0.99988551310874907
step_size {
  nsec: 4000000
}

sim_time {
  sec: 21
  nsec: 20000000
}
real_time {
  sec: 23
  nsec: 83196020
}
iterations: 5255
real_time_factor: 0.99983702656467
step_size {
  nsec: 4000000
}

sim_time {
  sec: 21
  nsec: 120000000
}
real_time {
  sec: 23
  nsec: 183196945
}
iterations: 5280
real_time_factor: 0.99972132767990918
step_size {
  nsec: 4000000
}

