created {'thresholds': {'seed': 42, 'instance': 21, 'ros_domain_id': 71, 'agent_port': 18888, 'startup_timeout_s': 90, 'takeoff_timeout_s': 45, 'landing_timeout_s': 60, 'hover_s': 10, 'neural_s': 5, 'repetitions': 3, 'altitude_m': 3, 'hover_max_error_m': 1.0, 'hover_max_tilt_deg': 15, 'safety_radius_m': 10, 'safety_altitude_m': 8, 'safety_tilt_deg': 45, 'safety_angular_rate_rad_s': 8, 'inference_p99_us': 2500}}
process_started {'name': 'agent', 'pid': 732609, 'command': ['/home/car/uav_handover/uav_lab/scripts/MicroXRCEAgent', 'udp4', '-p', '18888', '-v', '4']}
process_started {'name': 'gazebo', 'pid': 732610, 'command': ['gz', 'sim', '-r', '-s', '-v', '3', '/home/car/uav_handover/uav_lab/.local/checkouts/px4-classic/Tools/simulation/gz/worlds/default.sdf']}
process_started {'name': 'px4', 'pid': 732644, 'command': ['/home/car/uav_handover/uav_lab/.local/runtime/px4-classic/bin/px4', '-d', '-i', '21', '-w', '/home/car/uav_handover/data/acceptance-classic-06/rootfs', '/home/car/uav_handover/data/acceptance-classic-06/rootfs/etc']}
command_ack {'command': 211, 'result': 0, 'timestamp': 1791546722560419}
ready {'condition': 'PX4 DDS telemetry'}
command_requested {'command': 176, 'params': {'param1': 1, 'param2': 4, 'param3': 3}}
command_ack {'command': 176, 'result': 0, 'timestamp': 1791546727500420}
ready {'condition': 'command acknowledgement'}
ready {'condition': 'valid local position'}
command_requested {'command': 400, 'params': {'param1': 1}}
command_ack {'command': 400, 'result': 0, 'timestamp': 1791546732744434}
ready {'condition': 'command acknowledgement'}
command_requested {'command': 22, 'params': {'param4': None, 'param5': None, 'param6': None, 'param7': 3.226016953587532}}
command_ack {'command': 22, 'result': 0, 'timestamp': 1791546732840434}
ready {'condition': 'command acknowledgement'}
ready {'condition': 'takeoff altitude'}
command_requested {'command': 100001, 'params': {'param1': 4}}
command_ack {'command': 100001, 'result': 0, 'timestamp': 1791546741372458}
ready {'condition': 'command acknowledgement'}
ready {'condition': 'nav_state=4'}
mode_confirmed {'mode': 4, 'px4_timestamp': 1791546741372458}
hover_started {'label': 'classic_before', 'duration_s': 10}
hover_ended {'label': 'classic_before'}
command_requested {'command': 21, 'params': {}}
command_ack {'command': 21, 'result': 0, 'timestamp': 1791546751572489}
ready {'condition': 'command acknowledgement'}
ready {'condition': 'landing'}
ready {'condition': 'disarmed'}
process_stopped {'name': 'px4', 'pid': 732644, 'exit_code': 0}
process_stopped {'name': 'gazebo', 'pid': 732610, 'exit_code': 0}
process_stopped {'name': 'agent', 'pid': 732609, 'exit_code': -2}
/home/car/uav_handover/data/acceptance-classic-06 FAIL
