created {'thresholds': {'seed': 42, 'instance': 21, 'ros_domain_id': 71, 'agent_port': 18888, 'startup_timeout_s': 90, 'takeoff_timeout_s': 45, 'landing_timeout_s': 60, 'hover_s': 10, 'neural_s': 5, 'repetitions': 3, 'altitude_m': 3, 'hover_max_error_m': 1.0, 'hover_max_tilt_deg': 15, 'safety_radius_m': 10, 'safety_altitude_m': 8, 'safety_tilt_deg': 45, 'safety_angular_rate_rad_s': 8, 'inference_p99_us': 2500}}
process_started {'name': 'agent', 'pid': 730970, 'command': ['/home/car/uav_handover/uav_lab/scripts/MicroXRCEAgent', 'udp4', '-p', '18888', '-v', '4']}
process_started {'name': 'gazebo', 'pid': 730971, 'command': ['gz', 'sim', '-r', '-s', '-v', '3', '/home/car/uav_handover/uav_lab/.local/checkouts/px4-classic/Tools/simulation/gz/worlds/default.sdf']}
process_started {'name': 'px4', 'pid': 731001, 'command': ['/home/car/uav_handover/uav_lab/.local/runtime/px4-classic/bin/px4', '-d', '-i', '21', '-w', '/home/car/uav_handover/data/acceptance-classic-04/rootfs', '/home/car/uav_handover/data/acceptance-classic-04/rootfs/etc']}
command_ack {'command': 211, 'result': 0, 'timestamp': 1791546558329973}
ready {'condition': 'PX4 DDS telemetry'}
command_requested {'command': 176, 'params': {'param1': 1, 'param2': 4, 'param3': 3}}
command_ack {'command': 176, 'result': 0, 'timestamp': 1791546563257976}
ready {'condition': 'command acknowledgement'}
ready {'condition': 'valid local position'}
command_requested {'command': 400, 'params': {'param1': 1}}
command_ack {'command': 400, 'result': 1, 'timestamp': 1791546568501989}
ready {'condition': 'command acknowledgement'}
failure {'reason': 'command 400 rejected: 1'}
Traceback (most recent call last):
  File "/home/car/uav_handover/tools/run_experiment.py", line 277, in main
    e.execute();status='PASS'
    ^^^^^^^^^^^
  File "/home/car/uav_handover/tools/run_experiment.py", line 216, in execute
    self.ros_command(400,param1=1)
  File "/home/car/uav_handover/tools/run_experiment.py", line 156, in ros_command
    if ack.result!=0:raise RuntimeError(f'command {command} rejected: {ack.result}')
                     ^^^^^^^^^^^^^^^^^^^^^^^^^^^^^^^^^^^^^^^^^^^^^^^^^^^^^^^^^^^^^^^
RuntimeError: command 400 rejected: 1
process_stopped {'name': 'px4', 'pid': 731001, 'exit_code': 0}
process_stopped {'name': 'gazebo', 'pid': 730971, 'exit_code': 0}
process_stopped {'name': 'agent', 'pid': 730970, 'exit_code': -2}
/home/car/uav_handover/data/acceptance-classic-04 FAIL
