{
  "ulog_start_us": 3612000,
  "ulog_end_us": 41424000,
  "dropouts": 0,
  "missing_topics": [],
  "windows": {
    "classic_before_0": {
      "start_us": 23316270.203441903,
      "end_us": 33314501.83331468,
      "duration_s": 9.998231629872777,
      "position_error_m": {
        "count": 1249,
        "mean": 0.11008029332722183,
        "p95": 0.33769198058161876,
        "p99": 0.4178103125871362,
        "max": 0.43943590205764876
      },
      "velocity_error_m_s": {
        "count": 1249,
        "mean": 0.04875974357128143,
        "p95": 0.1791502505540847,
        "p99": 0.22004248797893522,
        "max": 0.22990630567073822
      },
      "tilt_deg": {
        "count": 2499,
        "mean": 0.13630208373069763,
        "p95": 0.3759691059589385,
        "p99": 0.41730982065200806,
        "max": 0.4196477234363556
      },
      "attitude_error_deg": {
        "count": 2499,
        "mean": 95.98516845703125,
        "p95": 96.09725723266601,
        "p99": 96.1098649597168,
        "max": 96.112060546875
      },
      "angular_rate_rad_s": {
        "count": 2466,
        "mean": 0.005940975621342659,
        "p95": 0.010925049427896738,
        "p99": 0.013450916809961196,
        "max": 0.015545477159321308
      },
      "status": "PASS"
    }
  },
  "unavailable": {
    "settling_time": "requires an explicitly defined settling band and dwell time; not inferred",
    "control_source_switch_latency": "requires publication owner event correlated with actual actuator output"
  },
  "time_alignment": {
    "method": "exact position-vector matches, monotonic->ULog interpolation",
    "matched_samples": 315,
    "telemetry_samples": 315,
    "sampling_uncertainty_s": 0.1
  },
  "armed_motor_values_valid": true,
  "actuator_step": {
    "count": 9323,
    "mean": 0.0006875940598547459,
    "p95": 0.0029328525066375693,
    "p99": 0.006193116903305062,
    "max": 0.2635918855667114
  },
  "handovers": [],
  "status": "FAIL"
}
