created {'thresholds': {'seed': 42, 'instance': 21, 'ros_domain_id': 71, 'agent_port': 18888, 'startup_timeout_s': 90, 'takeoff_timeout_s': 45, 'landing_timeout_s': 60, 'hover_s': 10, 'neural_s': 5, 'repetitions': 3, 'altitude_m': 3, 'hover_max_error_m': 1.0, 'hover_max_tilt_deg': 15, 'safety_radius_m': 10, 'safety_altitude_m': 8, 'safety_tilt_deg': 45, 'safety_angular_rate_rad_s': 8, 'inference_p99_us': 2500}}
failure {'reason': "Experiment.event() got multiple values for argument 'name'"}
Traceback (most recent call last):
  File "/home/car/uav_handover/tools/run_experiment.py", line 272, in main
    e.execute();status='PASS'
    ^^^^^^^^^^^
  File "/home/car/uav_handover/tools/run_experiment.py", line 184, in execute
    self.spawn('agent',[str(LAB/'scripts/MicroXRCEAgent'),'udp4','-p',str(self.cfg['agent_port']),'-v','4'])
  File "/home/car/uav_handover/tools/run_experiment.py", line 86, in spawn
    self.event('process_started',name=name,pid=p.pid,command=argv)
TypeError: Experiment.event() got multiple values for argument 'name'
Traceback (most recent call last):
  File "/home/car/uav_handover/tools/run_experiment.py", line 285, in <module>
    if __name__=='__main__':sys.exit(main())
                                     ^^^^^^
  File "/home/car/uav_handover/tools/run_experiment.py", line 276, in main
    e.cleanup()
  File "/home/car/uav_handover/tools/run_experiment.py", line 254, in cleanup
    self.event('process_stopped',name=name,pid=p.pid,exit_code=p.returncode)
TypeError: Experiment.event() got multiple values for argument 'name'
