created {'thresholds': {'seed': 42, 'instance': 21, 'ros_domain_id': 71, 'agent_port': 18888, 'startup_timeout_s': 90, 'takeoff_timeout_s': 45, 'landing_timeout_s': 60, 'hover_s': 10, 'neural_s': 5, 'repetitions': 3, 'altitude_m': 3, 'hover_max_error_m': 1.0, 'hover_max_tilt_deg': 15, 'safety_radius_m': 10, 'safety_altitude_m': 8, 'safety_tilt_deg': 45, 'safety_angular_rate_rad_s': 8, 'inference_p99_us': 2500, 'settling_band_m': 0.2, 'settling_dwell_s': 2.0}}
process_started {'name': 'agent', 'pid': 774489, 'command': ['/home/car/uav_handover/uav_lab/scripts/MicroXRCEAgent', 'udp4', '-p', '18888', '-v', '4']}
process_started {'name': 'gazebo', 'pid': 774490, 'command': ['gz', 'sim', '-r', '-s', '-v', '3', '/home/car/uav_handover/uav_lab/.local/checkouts/px4-raptor/Tools/simulation/gz/worlds/default.sdf']}
process_started {'name': 'gz-stats', 'pid': 774491, 'command': ['gz', 'topic', '-e', '-t', '/world/default/stats']}
process_started {'name': 'tegrastats', 'pid': 774492, 'command': ['/usr/bin/tegrastats', '--interval', '1000']}
process_started {'name': 'px4', 'pid': 774531, 'command': ['/home/car/uav_handover/uav_lab/.local/checkouts/px4-raptor/build/px4_sitl_raptor/bin/px4', '-d', '-i', '21', '-w', '/home/car/uav_handover/data/final-state_restore/rootfs', '/home/car/uav_handover/data/final-state_restore/rootfs/etc']}
command_ack {'command': 211, 'result': 0, 'timestamp': 1791547819082606}
ready {'condition': 'PX4 DDS telemetry'}
mavlink_identity {'system_id': 22, 'autopilot': 12, 'udp_port': 18591}
process_started {'name': 'agent-reconnected', 'pid': 775057, 'command': ['/home/car/uav_handover/uav_lab/scripts/MicroXRCEAgent', 'udp4', '-p', '18888', '-v', '4']}
command_ack {'command': 211, 'result': 0, 'timestamp': 1791547819082585}
ready {'condition': 'DDS Client reconnection with fresh telemetry'}
command_requested {'command': 176, 'params': {'param1': 1, 'param2': 4, 'param3': 3}}
command_ack {'command': 176, 'result': 0, 'timestamp': 1791547834998592}
ready {'condition': 'command acknowledgement'}
command_requested {'command': 100001, 'params': {'param1': 14}}
command_ack {'command': 100001, 'result': 0, 'timestamp': 1791547836114592}
ready {'condition': 'command acknowledgement'}
ready {'condition': 'nav_state=14'}
mode_confirmed {'mode': 14, 'px4_timestamp': 1791547836126592}
command_requested {'command': 100001, 'params': {'param1': 4}}
command_ack {'command': 100001, 'result': 0, 'timestamp': 1791547836594592}
ready {'condition': 'command acknowledgement'}
ready {'condition': 'nav_state=4'}
mode_confirmed {'mode': 4, 'px4_timestamp': 1791547836606592}
state_operation {'target': 'raptor', 'operation': 'read', 'response': {'request_id': 23012000, 'applied_us': 23016000, 'target': 1, 'operation': 1, 'result': 1, 'dimension': 26, 'active': False, 'holding': False, 'values': [-0.204934478, -0.234444126, -0.362122983, -0.662225485, -0.391821444, -0.395217478, -0.370068461, -0.17902562, -0.829245567, 0.971801579, -0.00897155236, -0.510871053, 0.615393817, 0.871216059, -0.545000255, 0.657693207, -0.777341723, -0.732249737, -0.600215912, -0.608111143, -0.0352581032, 0.0114095779, 0.0931721628, -0.000453783985, 0.000511976308, 0.699487984]}}
ready {'condition': 'valid local position'}
state_operation {'target': 'raptor', 'operation': 'hold', 'response': {'request_id': 27148000, 'applied_us': 27152000, 'target': 1, 'operation': 4, 'result': 0, 'dimension': 26, 'active': False, 'holding': True, 'values': [-0.207745627, -0.244996786, -0.370079726, -0.661112189, -0.392801672, -0.405336171, -0.386862993, -0.18133387, -0.832665026, 0.973570883, -0.0159877297, -0.517609358, 0.625856638, 0.879067063, -0.543092489, 0.667237639, -0.785428524, -0.750664771, -0.605827808, -0.604066133, -0.00701871887, 0.025340993, 0.0658009052, 0.00103253964, -0.00103450357, 0.69884938]}}
state_operation {'target': 'raptor', 'operation': 'read', 'response': {'request_id': 27168000, 'applied_us': 27172000, 'target': 1, 'operation': 1, 'result': 0, 'dimension': 26, 'active': False, 'holding': True, 'values': [-0.207745627, -0.244996786, -0.370079726, -0.661112189, -0.392801672, -0.405336171, -0.386862993, -0.18133387, -0.832665026, 0.973570883, -0.0159877297, -0.517609358, 0.625856638, 0.879067063, -0.543092489, 0.667237639, -0.785428524, -0.750664771, -0.605827808, -0.604066133, -0.00701871887, 0.025340993, 0.0658009052, 0.00103253964, -0.00103450357, 0.69884938]}}
state_operation {'target': 'raptor', 'operation': 'inject', 'response': {'request_id': 27184000, 'applied_us': 27188000, 'target': 1, 'operation': 6, 'result': 0, 'dimension': 26, 'active': False, 'holding': True, 'values': [0.0500000007, 0.0500000007, 0.0500000007, 0.0500000007, 0.0500000007, 0.0500000007, 0.0500000007, 0.0500000007, 0.0500000007, 0.0500000007, 0.0500000007, 0.0500000007, 0.0500000007, 0.0500000007, 0.0500000007, 0.0500000007, 0.0299999993, 0.0299999993, 0.0299999993, 0.0299999993, -0.00701871887, 0.025340993, 0.0658009052, 0.00103253964, -0.00103450357, 0.69884938]}}
state_operation {'target': 'raptor', 'operation': 'read', 'response': {'request_id': 27204000, 'applied_us': 27208000, 'target': 1, 'operation': 1, 'result': 0, 'dimension': 26, 'active': False, 'holding': True, 'values': [0.0500000007, 0.0500000007, 0.0500000007, 0.0500000007, 0.0500000007, 0.0500000007, 0.0500000007, 0.0500000007, 0.0500000007, 0.0500000007, 0.0500000007, 0.0500000007, 0.0500000007, 0.0500000007, 0.0500000007, 0.0500000007, 0.0299999993, 0.0299999993, 0.0299999993, 0.0299999993, -0.00701871887, 0.025340993, 0.0658009052, 0.00103253964, -0.00103450357, 0.69884938]}}
state_operation {'target': 'raptor', 'operation': 'snapshot', 'response': {'request_id': 27224000, 'applied_us': 27228000, 'target': 1, 'operation': 2, 'result': 0, 'dimension': 26, 'active': False, 'holding': True, 'values': [0.0500000007, 0.0500000007, 0.0500000007, 0.0500000007, 0.0500000007, 0.0500000007, 0.0500000007, 0.0500000007, 0.0500000007, 0.0500000007, 0.0500000007, 0.0500000007, 0.0500000007, 0.0500000007, 0.0500000007, 0.0500000007, 0.0299999993, 0.0299999993, 0.0299999993, 0.0299999993, -0.00701871887, 0.025340993, 0.0658009052, 0.00103253964, -0.00103450357, 0.69884938]}}
state_operation {'target': 'raptor', 'operation': 'reset', 'response': {'request_id': 27240000, 'applied_us': 27244000, 'target': 1, 'operation': 3, 'result': 0, 'dimension': 26, 'active': False, 'holding': True, 'values': [0, 0, 0, 0, 0, 0, 0, 0, 0, 0, 0, 0, 0, 0, 0, 0, 0, 0, 0, 0, -0.00701871887, 0.025340993, 0.0658009052, 0.00103253964, -0.00103450357, 0.69884938]}}
state_operation {'target': 'raptor', 'operation': 'restore', 'response': {'request_id': 27264000, 'applied_us': 27268000, 'target': 1, 'operation': 5, 'result': 0, 'dimension': 26, 'active': False, 'holding': True, 'values': [0.0500000007, 0.0500000007, 0.0500000007, 0.0500000007, 0.0500000007, 0.0500000007, 0.0500000007, 0.0500000007, 0.0500000007, 0.0500000007, 0.0500000007, 0.0500000007, 0.0500000007, 0.0500000007, 0.0500000007, 0.0500000007, 0.0299999993, 0.0299999993, 0.0299999993, 0.0299999993, -0.00701871887, 0.025340993, 0.0658009052, 0.00103253964, -0.00103450357, 0.69884938]}}
state_operation {'target': 'raptor', 'operation': 'inject', 'response': {'request_id': 27284000, 'applied_us': 27288000, 'target': 1, 'operation': 6, 'result': 3, 'dimension': 26, 'active': False, 'holding': True, 'values': [0.0500000007, 0.0500000007, 0.0500000007, 0.0500000007, 0.0500000007, 0.0500000007, 0.0500000007, 0.0500000007, 0.0500000007, 0.0500000007, 0.0500000007, 0.0500000007, 0.0500000007, 0.0500000007, 0.0500000007, 0.0500000007, 0.0299999993, 0.0299999993, 0.0299999993, 0.0299999993, -0.00701871887, 0.025340993, 0.0658009052, 0.00103253964, -0.00103450357, 0.69884938]}}
state_operation {'target': 'raptor', 'operation': 'inject', 'response': {'request_id': 27304000, 'applied_us': 27308000, 'target': 1, 'operation': 6, 'result': 4, 'dimension': 26, 'active': False, 'holding': True, 'values': [0.0500000007, 0.0500000007, 0.0500000007, 0.0500000007, 0.0500000007, 0.0500000007, 0.0500000007, 0.0500000007, 0.0500000007, 0.0500000007, 0.0500000007, 0.0500000007, 0.0500000007, 0.0500000007, 0.0500000007, 0.0500000007, 0.0299999993, 0.0299999993, 0.0299999993, 0.0299999993, -0.00701871887, 0.025340993, 0.0658009052, 0.00103253964, -0.00103450357, 0.69884938]}}
state_operation {'target': 'raptor', 'operation': 'inject', 'response': {'request_id': 27328000, 'applied_us': 27328000, 'target': 1, 'operation': 6, 'result': 5, 'dimension': 26, 'active': False, 'holding': True, 'values': [0.0500000007, 0.0500000007, 0.0500000007, 0.0500000007, 0.0500000007, 0.0500000007, 0.0500000007, 0.0500000007, 0.0500000007, 0.0500000007, 0.0500000007, 0.0500000007, 0.0500000007, 0.0500000007, 0.0500000007, 0.0500000007, 0.0299999993, 0.0299999993, 0.0299999993, 0.0299999993, -0.00701871887, 0.025340993, 0.0658009052, 0.00103253964, -0.00103450357, 0.69884938]}}
state_operation {'target': 'raptor', 'operation': 'reset', 'response': {'request_id': 27348000, 'applied_us': 27352000, 'target': 1, 'operation': 3, 'result': 0, 'dimension': 26, 'active': False, 'holding': True, 'values': [0, 0, 0, 0, 0, 0, 0, 0, 0, 0, 0, 0, 0, 0, 0, 0, 0, 0, 0, 0, -0.00701871887, 0.025340993, 0.0658009052, 0.00103253964, -0.00103450357, 0.69884938]}}
state_operation {'target': 'raptor', 'operation': 'release', 'response': {'request_id': 27368000, 'applied_us': 27372000, 'target': 1, 'operation': 7, 'result': 0, 'dimension': 26, 'active': False, 'holding': False, 'values': [0, 0, 0, 0, 0, 0, 0, 0, 0, 0, 0, 0, 0, 0, 0, 0, 0, 0, 0, 0, -0.00701871887, 0.025340993, 0.0658009052, 0.00103253964, -0.00103450357, 0.69884938]}}
state_operation {'target': 'rate', 'operation': 'hold', 'response': {'request_id': 27388000, 'applied_us': 27392000, 'target': 2, 'operation': 4, 'result': 0, 'dimension': 3, 'active': False, 'holding': True, 'values': [0, 0, 0]}}
state_operation {'target': 'rate', 'operation': 'read', 'response': {'request_id': 27408000, 'applied_us': 27412000, 'target': 2, 'operation': 1, 'result': 0, 'dimension': 3, 'active': False, 'holding': True, 'values': [0, 0, 0]}}
state_operation {'target': 'rate', 'operation': 'inject', 'response': {'request_id': 27428000, 'applied_us': 27428000, 'target': 2, 'operation': 6, 'result': 0, 'dimension': 3, 'active': False, 'holding': True, 'values': [0.00999999978, -0.00999999978, 0.0149999997]}}
state_operation {'target': 'rate', 'operation': 'read', 'response': {'request_id': 27444000, 'applied_us': 27448000, 'target': 2, 'operation': 1, 'result': 0, 'dimension': 3, 'active': False, 'holding': True, 'values': [0.00999999978, -0.00999999978, 0.0149999997]}}
state_operation {'target': 'rate', 'operation': 'snapshot', 'response': {'request_id': 27464000, 'applied_us': 27468000, 'target': 2, 'operation': 2, 'result': 0, 'dimension': 3, 'active': False, 'holding': True, 'values': [0.00999999978, -0.00999999978, 0.0149999997]}}
state_operation {'target': 'rate', 'operation': 'reset', 'response': {'request_id': 27484000, 'applied_us': 27488000, 'target': 2, 'operation': 3, 'result': 0, 'dimension': 3, 'active': False, 'holding': True, 'values': [0, 0, 0]}}
state_operation {'target': 'rate', 'operation': 'restore', 'response': {'request_id': 27504000, 'applied_us': 27504000, 'target': 2, 'operation': 5, 'result': 0, 'dimension': 3, 'active': False, 'holding': True, 'values': [0.00999999978, -0.00999999978, 0.0149999997]}}
state_operation {'target': 'rate', 'operation': 'inject', 'response': {'request_id': 27520000, 'applied_us': 27524000, 'target': 2, 'operation': 6, 'result': 3, 'dimension': 3, 'active': False, 'holding': True, 'values': [0.00999999978, -0.00999999978, 0.0149999997]}}
state_operation {'target': 'rate', 'operation': 'inject', 'response': {'request_id': 27540000, 'applied_us': 27544000, 'target': 2, 'operation': 6, 'result': 4, 'dimension': 3, 'active': False, 'holding': True, 'values': [0.00999999978, -0.00999999978, 0.0149999997]}}
state_operation {'target': 'rate', 'operation': 'inject', 'response': {'request_id': 27560000, 'applied_us': 27564000, 'target': 2, 'operation': 6, 'result': 5, 'dimension': 3, 'active': False, 'holding': True, 'values': [0.00999999978, -0.00999999978, 0.0149999997]}}
state_operation {'target': 'rate', 'operation': 'reset', 'response': {'request_id': 27580000, 'applied_us': 27584000, 'target': 2, 'operation': 3, 'result': 0, 'dimension': 3, 'active': False, 'holding': True, 'values': [0, 0, 0]}}
state_operation {'target': 'rate', 'operation': 'release', 'response': {'request_id': 27600000, 'applied_us': 27604000, 'target': 2, 'operation': 7, 'result': 0, 'dimension': 3, 'active': False, 'holding': False, 'values': [0, 0, 0]}}
state_operation {'target': 'velocity', 'operation': 'hold', 'response': {'request_id': 27620000, 'applied_us': 27624000, 'target': 3, 'operation': 4, 'result': 0, 'dimension': 3, 'active': False, 'holding': True, 'values': [0, 0, 0]}}
state_operation {'target': 'velocity', 'operation': 'read', 'response': {'request_id': 27636000, 'applied_us': 27640000, 'target': 3, 'operation': 1, 'result': 0, 'dimension': 3, 'active': False, 'holding': True, 'values': [0, 0, 0]}}
state_operation {'target': 'velocity', 'operation': 'inject', 'response': {'request_id': 27656000, 'applied_us': 27664000, 'target': 3, 'operation': 6, 'result': 0, 'dimension': 3, 'active': False, 'holding': True, 'values': [0.00999999978, -0.00999999978, 0.0149999997]}}
state_operation {'target': 'velocity', 'operation': 'read', 'response': {'request_id': 27676000, 'applied_us': 27680000, 'target': 3, 'operation': 1, 'result': 0, 'dimension': 3, 'active': False, 'holding': True, 'values': [0.00999999978, -0.00999999978, 0.0149999997]}}
state_operation {'target': 'velocity', 'operation': 'snapshot', 'response': {'request_id': 27696000, 'applied_us': 27704000, 'target': 3, 'operation': 2, 'result': 0, 'dimension': 3, 'active': False, 'holding': True, 'values': [0.00999999978, -0.00999999978, 0.0149999997]}}
state_operation {'target': 'velocity', 'operation': 'reset', 'response': {'request_id': 27720000, 'applied_us': 27728000, 'target': 3, 'operation': 3, 'result': 0, 'dimension': 3, 'active': False, 'holding': True, 'values': [0, 0, 0]}}
state_operation {'target': 'velocity', 'operation': 'restore', 'response': {'request_id': 27744000, 'applied_us': 27752000, 'target': 3, 'operation': 5, 'result': 0, 'dimension': 3, 'active': False, 'holding': True, 'values': [0.00999999978, -0.00999999978, 0.0149999997]}}
state_operation {'target': 'velocity', 'operation': 'inject', 'response': {'request_id': 27764000, 'applied_us': 27768000, 'target': 3, 'operation': 6, 'result': 3, 'dimension': 3, 'active': False, 'holding': True, 'values': [0.00999999978, -0.00999999978, 0.0149999997]}}
state_operation {'target': 'velocity', 'operation': 'inject', 'response': {'request_id': 27784000, 'applied_us': 27792000, 'target': 3, 'operation': 6, 'result': 4, 'dimension': 3, 'active': False, 'holding': True, 'values': [0.00999999978, -0.00999999978, 0.0149999997]}}
state_operation {'target': 'velocity', 'operation': 'inject', 'response': {'request_id': 27808000, 'applied_us': 27816000, 'target': 3, 'operation': 6, 'result': 5, 'dimension': 3, 'active': False, 'holding': True, 'values': [0.00999999978, -0.00999999978, 0.0149999997]}}
state_operation {'target': 'velocity', 'operation': 'reset', 'response': {'request_id': 27836000, 'applied_us': 27840000, 'target': 3, 'operation': 3, 'result': 0, 'dimension': 3, 'active': False, 'holding': True, 'values': [0, 0, 0]}}
state_operation {'target': 'velocity', 'operation': 'release', 'response': {'request_id': 27856000, 'applied_us': 27856000, 'target': 3, 'operation': 7, 'result': 0, 'dimension': 3, 'active': False, 'holding': False, 'values': [0, 0, 0]}}
command_requested {'command': 400, 'params': {'param1': 1}}
command_ack {'command': 400, 'result': 0, 'timestamp': 1791547841698591}
ready {'condition': 'command acknowledgement'}
command_requested {'command': 22, 'params': {'param4': None, 'param5': None, 'param6': None, 'param7': 3.2766647040843964}}
command_ack {'command': 22, 'result': 0, 'timestamp': 1791547841794591}
ready {'condition': 'command acknowledgement'}
ready {'condition': 'takeoff altitude'}
command_requested {'command': 100001, 'params': {'param1': 4}}
command_ack {'command': 100001, 'result': 0, 'timestamp': 1791547850326590}
ready {'condition': 'command acknowledgement'}
ready {'condition': 'nav_state=4'}
mode_confirmed {'mode': 4, 'px4_timestamp': 1791547850326590}
hover_started {'label': 'classic_before', 'duration_s': 10}
ready {'condition': 'simulation hover duration classic_before'}
hover_ended {'label': 'classic_before'}
state_operation {'target': 'rate', 'operation': 'snapshot', 'response': {'request_id': 46752000, 'applied_us': 46756000, 'target': 2, 'operation': 2, 'result': 0, 'dimension': 3, 'active': True, 'holding': False, 'values': [-4.54435503e-05, 5.43007809e-05, -4.80441086e-05]}}
state_operation {'target': 'velocity', 'operation': 'snapshot', 'response': {'request_id': 46772000, 'applied_us': 46776000, 'target': 3, 'operation': 2, 'result': 0, 'dimension': 3, 'active': True, 'holding': False, 'values': [0.000121446727, 0.000365627406, 0.013302247]}}
handover_requested {'from_controller': 'C', 'to_controller': 'N', 'iteration': 0}
command_requested {'command': 100001, 'params': {'param1': 23}}
command_ack {'command': 100001, 'result': 0, 'timestamp': 1791547860610589}
ready {'condition': 'command acknowledgement'}
ready {'condition': 'nav_state=23'}
mode_confirmed {'mode': 23, 'px4_timestamp': 1791547860622589}
state_operation {'target': 'raptor', 'operation': 'restore', 'response': {'request_id': 47024000, 'applied_us': 47028000, 'target': 1, 'operation': 5, 'result': 2, 'dimension': 26, 'active': True, 'holding': False, 'values': [-0.373887867, 0.05405581, 0.318703741, 0.489565074, 0.34047097, 0.51363951, 0.412270188, -0.21146594, -0.796656072, 0.821971714, 0.366321534, 0.2555556, 0.126714483, -0.467344105, -0.607029974, -0.416177481, 0.554323852, 0.54956454, 0.528806627, 0.521462917, -0.0322965533, 0.0134579325, -2.99011731, 0, 0, 0]}}
state_operation {'target': 'raptor', 'operation': 'inject', 'response': {'request_id': 47044000, 'applied_us': 47048000, 'target': 1, 'operation': 6, 'result': 2, 'dimension': 26, 'active': True, 'holding': False, 'values': [-0.369185984, 0.055349227, 0.322465748, 0.493704021, 0.344023079, 0.5072487, 0.400860935, -0.224945381, -0.79478097, 0.825591862, 0.373650044, 0.261074543, 0.137069628, -0.452906072, -0.591213286, -0.398166329, 0.547878027, 0.535461366, 0.525553465, 0.524198174, -0.0322965533, 0.0134579325, -2.99011731, 0, 0, 0]}}
state_operation {'target': 'raptor', 'operation': 'snapshot', 'response': {'request_id': 47064000, 'applied_us': 47068000, 'target': 1, 'operation': 2, 'result': 0, 'dimension': 26, 'active': True, 'holding': False, 'values': [-0.363449872, 0.0558560416, 0.326102257, 0.496659696, 0.346520185, 0.499248415, 0.38371259, -0.243389621, -0.792904615, 0.831560433, 0.381742656, 0.268036157, 0.15315482, -0.436292082, -0.572265327, -0.372420371, 0.534332573, 0.519008934, 0.528655052, 0.53202635, -0.0322965533, 0.0134579325, -2.99011731, 0, 0, 0]}}
hover_started {'label': 'neural', 'duration_s': 5}
ready {'condition': 'simulation hover duration neural'}
hover_ended {'label': 'neural'}
state_operation {'target': 'rate', 'operation': 'restore', 'response': {'request_id': 52000000, 'applied_us': 52004000, 'target': 2, 'operation': 5, 'result': 0, 'dimension': 3, 'active': False, 'holding': False, 'values': [-4.54435503e-05, 5.43007809e-05, -4.80441086e-05]}}
state_operation {'target': 'velocity', 'operation': 'restore', 'response': {'request_id': 52020000, 'applied_us': 52024000, 'target': 3, 'operation': 5, 'result': 0, 'dimension': 3, 'active': False, 'holding': False, 'values': [0.000121446727, 0.000365627406, 0.013302247]}}
handover_requested {'from_controller': 'N', 'to_controller': 'C', 'iteration': 0}
command_requested {'command': 100001, 'params': {'param1': 4}}
command_ack {'command': 100001, 'result': 0, 'timestamp': 1791547865866589}
ready {'condition': 'command acknowledgement'}
ready {'condition': 'nav_state=4'}
mode_confirmed {'mode': 4, 'px4_timestamp': 1791547865878589}
hover_started {'label': 'classic_after', 'duration_s': 10}
ready {'condition': 'simulation hover duration classic_after'}
hover_ended {'label': 'classic_after'}
state_operation {'target': 'raptor', 'operation': 'hold', 'response': {'request_id': 62328000, 'applied_us': 62328000, 'target': 1, 'operation': 4, 'result': 0, 'dimension': 26, 'active': False, 'holding': True, 'values': [-0.251873076, -0.104234964, -0.115239538, -0.216329068, -0.208682284, -0.105571583, 0.361970067, -0.0618674532, -0.746261299, 0.819595337, 0.0854196846, -0.352527618, 0.230558127, 0.317411721, -0.54003191, 0.0569003895, -0.315633595, -0.27344197, -0.203789264, -0.236275405, -0.0455348603, 0.0202978887, -2.97183871, 0, 0, 4.76837158e-06]}}
state_operation {'target': 'raptor', 'operation': 'reset', 'response': {'request_id': 62348000, 'applied_us': 62352000, 'target': 1, 'operation': 3, 'result': 0, 'dimension': 26, 'active': False, 'holding': True, 'values': [0, 0, 0, 0, 0, 0, 0, 0, 0, 0, 0, 0, 0, 0, 0, 0, 0, 0, 0, 0, -0.0455348603, 0.0202978887, -2.97183871, 0, 0, 4.76837158e-06]}}
state_operation {'target': 'raptor', 'operation': 'restore', 'response': {'request_id': 62368000, 'applied_us': 62372000, 'target': 1, 'operation': 5, 'result': 0, 'dimension': 26, 'active': False, 'holding': True, 'values': [-0.363449872, 0.0558560416, 0.326102257, 0.496659696, 0.346520185, 0.499248415, 0.38371259, -0.243389621, -0.792904615, 0.831560433, 0.381742656, 0.268036157, 0.15315482, -0.436292082, -0.572265327, -0.372420371, 0.534332573, 0.519008934, 0.528655052, 0.53202635, -0.0322965533, 0.0134579325, -2.99011731, 0, 0, 0]}}
handover_requested {'from_controller': 'C', 'to_controller': 'N', 'iteration': 1}
command_requested {'command': 100001, 'params': {'param1': 23}}
command_ack {'command': 100001, 'result': 0, 'timestamp': 1791547876210589}
ready {'condition': 'command acknowledgement'}
ready {'condition': 'nav_state=23'}
mode_confirmed {'mode': 23, 'px4_timestamp': 1791547876234589}
state_operation {'target': 'raptor', 'operation': 'release', 'response': {'request_id': 62588000, 'applied_us': 62592000, 'target': 1, 'operation': 7, 'result': 0, 'dimension': 26, 'active': True, 'holding': False, 'values': [-0.363449872, 0.0558560416, 0.326102257, 0.496659696, 0.346520185, 0.499248415, 0.38371259, -0.243389621, -0.792904615, 0.831560433, 0.381742656, 0.268036157, 0.15315482, -0.436292082, -0.572265327, -0.372420371, 0.534332573, 0.519008934, 0.528655052, 0.53202635, -0.0322965533, 0.0134579325, -2.99011731, 0, 0, 0]}}
hover_started {'label': 'neural_restored', 'duration_s': 5}
ready {'condition': 'simulation hover duration neural_restored'}
hover_ended {'label': 'neural_restored'}
handover_requested {'from_controller': 'N', 'to_controller': 'C', 'iteration': 1}
command_requested {'command': 100001, 'params': {'param1': 4}}
command_ack {'command': 100001, 'result': 0, 'timestamp': 1791547881442589}
ready {'condition': 'command acknowledgement'}
ready {'condition': 'nav_state=4'}
mode_confirmed {'mode': 4, 'px4_timestamp': 1791547881454589}
hover_started {'label': 'classic_after_restore', 'duration_s': 10}
ready {'condition': 'simulation hover duration classic_after_restore'}
hover_ended {'label': 'classic_after_restore'}
command_requested {'command': 21, 'params': {}}
command_ack {'command': 21, 'result': 0, 'timestamp': 1791547891690588}
ready {'condition': 'command acknowledgement'}
ready {'condition': 'landing'}
ready {'condition': 'disarmed'}
process_stopped {'name': 'agent-reconnected', 'pid': 775057, 'exit_code': -2}
process_stopped {'name': 'px4', 'pid': 774531, 'exit_code': 0}
process_stopped {'name': 'tegrastats', 'pid': 774492, 'exit_code': -2}
process_stopped {'name': 'gz-stats', 'pid': 774491, 'exit_code': 0}
process_stopped {'name': 'gazebo', 'pid': 774490, 'exit_code': 0}
process_stopped {'name': 'agent', 'pid': 774489, 'exit_code': -2}
/home/car/uav_handover/data/final-state_restore PASS
