created {'thresholds': {'seed': 42, 'instance': 21, 'ros_domain_id': 71, 'agent_port': 18888, 'startup_timeout_s': 90, 'takeoff_timeout_s': 45, 'landing_timeout_s': 60, 'hover_s': 10, 'neural_s': 5, 'repetitions': 3, 'altitude_m': 3, 'hover_max_error_m': 1.0, 'hover_max_tilt_deg': 15, 'safety_radius_m': 10, 'safety_altitude_m': 8, 'safety_tilt_deg': 45, 'safety_angular_rate_rad_s': 8, 'inference_p99_us': 2500, 'settling_band_m': 0.2, 'settling_dwell_s': 2.0}}
process_started {'name': 'agent', 'pid': 775558, 'command': ['/home/car/uav_handover/uav_lab/scripts/MicroXRCEAgent', 'udp4', '-p', '18888', '-v', '4']}
process_started {'name': 'gazebo', 'pid': 775559, 'command': ['gz', 'sim', '-r', '-s', '-v', '3', '/home/car/uav_handover/uav_lab/.local/checkouts/px4-raptor/Tools/simulation/gz/worlds/default.sdf']}
process_started {'name': 'gz-stats', 'pid': 775560, 'command': ['gz', 'topic', '-e', '-t', '/world/default/stats']}
process_started {'name': 'tegrastats', 'pid': 775561, 'command': ['/usr/bin/tegrastats', '--interval', '1000']}
process_started {'name': 'px4', 'pid': 775597, 'command': ['/home/car/uav_handover/uav_lab/.local/checkouts/px4-raptor/build/px4_sitl_raptor/bin/px4', '-d', '-i', '21', '-w', '/home/car/uav_handover/data/final-state_injection/rootfs', '/home/car/uav_handover/data/final-state_injection/rootfs/etc']}
command_ack {'command': 211, 'result': 0, 'timestamp': 1791547910101791}
ready {'condition': 'PX4 DDS telemetry'}
mavlink_identity {'system_id': 22, 'autopilot': 12, 'udp_port': 18591}
process_started {'name': 'agent-reconnected', 'pid': 776124, 'command': ['/home/car/uav_handover/uav_lab/scripts/MicroXRCEAgent', 'udp4', '-p', '18888', '-v', '4']}
command_ack {'command': 211, 'result': 0, 'timestamp': 1791547910101759}
ready {'condition': 'DDS Client reconnection with fresh telemetry'}
command_requested {'command': 176, 'params': {'param1': 1, 'param2': 4, 'param3': 3}}
command_ack {'command': 176, 'result': 0, 'timestamp': 1791547926005762}
ready {'condition': 'command acknowledgement'}
command_requested {'command': 100001, 'params': {'param1': 14}}
command_ack {'command': 100001, 'result': 0, 'timestamp': 1791547927121763}
ready {'condition': 'command acknowledgement'}
ready {'condition': 'nav_state=14'}
mode_confirmed {'mode': 14, 'px4_timestamp': 1791547927133763}
command_requested {'command': 100001, 'params': {'param1': 4}}
command_ack {'command': 100001, 'result': 0, 'timestamp': 1791547927601763}
ready {'condition': 'command acknowledgement'}
ready {'condition': 'nav_state=4'}
mode_confirmed {'mode': 4, 'px4_timestamp': 1791547927613763}
state_operation {'target': 'raptor', 'operation': 'read', 'response': {'request_id': 22964000, 'applied_us': 22968000, 'target': 1, 'operation': 1, 'result': 1, 'dimension': 26, 'active': False, 'holding': False, 'values': [-0.216803059, -0.234543115, -0.372027695, -0.671912372, -0.391423106, -0.399766803, -0.383407801, -0.176000684, -0.830377877, 0.972999632, -0.00753793539, -0.522224128, 0.621246338, 0.877292514, -0.547219396, 0.659099936, -0.772705257, -0.742317915, -0.611796558, -0.616852403, -0.0353935398, -0.00894747768, -0.0966631845, 0.000511986436, 0.000277304964, 0.699488103]}}
ready {'condition': 'valid local position'}
state_operation {'target': 'raptor', 'operation': 'hold', 'response': {'request_id': 27100000, 'applied_us': 27104000, 'target': 1, 'operation': 4, 'result': 0, 'dimension': 26, 'active': False, 'holding': True, 'values': [-0.204323366, -0.248943567, -0.370404691, -0.639817894, -0.388006061, -0.408034921, -0.376470596, -0.17852895, -0.829370916, 0.972566724, -0.00591833144, -0.522862434, 0.61862433, 0.877658665, -0.542421699, 0.659461081, -0.778950512, -0.752455294, -0.599128008, -0.585596263, -0.00586568937, -0.0021091497, -0.0695511699, 0.000511761522, 0.000511761522, 0.699487984]}}
state_operation {'target': 'raptor', 'operation': 'read', 'response': {'request_id': 27120000, 'applied_us': 27124000, 'target': 1, 'operation': 1, 'result': 0, 'dimension': 26, 'active': False, 'holding': True, 'values': [-0.204323366, -0.248943567, -0.370404691, -0.639817894, -0.388006061, -0.408034921, -0.376470596, -0.17852895, -0.829370916, 0.972566724, -0.00591833144, -0.522862434, 0.61862433, 0.877658665, -0.542421699, 0.659461081, -0.778950512, -0.752455294, -0.599128008, -0.585596263, -0.00586568937, -0.0021091497, -0.0695511699, 0.000511761522, 0.000511761522, 0.699487984]}}
state_operation {'target': 'raptor', 'operation': 'inject', 'response': {'request_id': 27140000, 'applied_us': 27144000, 'target': 1, 'operation': 6, 'result': 0, 'dimension': 26, 'active': False, 'holding': True, 'values': [0.0500000007, 0.0500000007, 0.0500000007, 0.0500000007, 0.0500000007, 0.0500000007, 0.0500000007, 0.0500000007, 0.0500000007, 0.0500000007, 0.0500000007, 0.0500000007, 0.0500000007, 0.0500000007, 0.0500000007, 0.0500000007, 0.0299999993, 0.0299999993, 0.0299999993, 0.0299999993, -0.00586568937, -0.0021091497, -0.0695511699, 0.000511761522, 0.000511761522, 0.699487984]}}
state_operation {'target': 'raptor', 'operation': 'read', 'response': {'request_id': 27160000, 'applied_us': 27164000, 'target': 1, 'operation': 1, 'result': 0, 'dimension': 26, 'active': False, 'holding': True, 'values': [0.0500000007, 0.0500000007, 0.0500000007, 0.0500000007, 0.0500000007, 0.0500000007, 0.0500000007, 0.0500000007, 0.0500000007, 0.0500000007, 0.0500000007, 0.0500000007, 0.0500000007, 0.0500000007, 0.0500000007, 0.0500000007, 0.0299999993, 0.0299999993, 0.0299999993, 0.0299999993, -0.00586568937, -0.0021091497, -0.0695511699, 0.000511761522, 0.000511761522, 0.699487984]}}
state_operation {'target': 'raptor', 'operation': 'snapshot', 'response': {'request_id': 27180000, 'applied_us': 27184000, 'target': 1, 'operation': 2, 'result': 0, 'dimension': 26, 'active': False, 'holding': True, 'values': [0.0500000007, 0.0500000007, 0.0500000007, 0.0500000007, 0.0500000007, 0.0500000007, 0.0500000007, 0.0500000007, 0.0500000007, 0.0500000007, 0.0500000007, 0.0500000007, 0.0500000007, 0.0500000007, 0.0500000007, 0.0500000007, 0.0299999993, 0.0299999993, 0.0299999993, 0.0299999993, -0.00586568937, -0.0021091497, -0.0695511699, 0.000511761522, 0.000511761522, 0.699487984]}}
state_operation {'target': 'raptor', 'operation': 'reset', 'response': {'request_id': 27196000, 'applied_us': 27200000, 'target': 1, 'operation': 3, 'result': 0, 'dimension': 26, 'active': False, 'holding': True, 'values': [0, 0, 0, 0, 0, 0, 0, 0, 0, 0, 0, 0, 0, 0, 0, 0, 0, 0, 0, 0, -0.00586568937, -0.0021091497, -0.0695511699, 0.000511761522, 0.000511761522, 0.699487984]}}
state_operation {'target': 'raptor', 'operation': 'restore', 'response': {'request_id': 27216000, 'applied_us': 27220000, 'target': 1, 'operation': 5, 'result': 0, 'dimension': 26, 'active': False, 'holding': True, 'values': [0.0500000007, 0.0500000007, 0.0500000007, 0.0500000007, 0.0500000007, 0.0500000007, 0.0500000007, 0.0500000007, 0.0500000007, 0.0500000007, 0.0500000007, 0.0500000007, 0.0500000007, 0.0500000007, 0.0500000007, 0.0500000007, 0.0299999993, 0.0299999993, 0.0299999993, 0.0299999993, -0.00586568937, -0.0021091497, -0.0695511699, 0.000511761522, 0.000511761522, 0.699487984]}}
state_operation {'target': 'raptor', 'operation': 'inject', 'response': {'request_id': 27236000, 'applied_us': 27240000, 'target': 1, 'operation': 6, 'result': 3, 'dimension': 26, 'active': False, 'holding': True, 'values': [0.0500000007, 0.0500000007, 0.0500000007, 0.0500000007, 0.0500000007, 0.0500000007, 0.0500000007, 0.0500000007, 0.0500000007, 0.0500000007, 0.0500000007, 0.0500000007, 0.0500000007, 0.0500000007, 0.0500000007, 0.0500000007, 0.0299999993, 0.0299999993, 0.0299999993, 0.0299999993, -0.00586568937, -0.0021091497, -0.0695511699, 0.000511761522, 0.000511761522, 0.699487984]}}
state_operation {'target': 'raptor', 'operation': 'inject', 'response': {'request_id': 27256000, 'applied_us': 27260000, 'target': 1, 'operation': 6, 'result': 4, 'dimension': 26, 'active': False, 'holding': True, 'values': [0.0500000007, 0.0500000007, 0.0500000007, 0.0500000007, 0.0500000007, 0.0500000007, 0.0500000007, 0.0500000007, 0.0500000007, 0.0500000007, 0.0500000007, 0.0500000007, 0.0500000007, 0.0500000007, 0.0500000007, 0.0500000007, 0.0299999993, 0.0299999993, 0.0299999993, 0.0299999993, -0.00586568937, -0.0021091497, -0.0695511699, 0.000511761522, 0.000511761522, 0.699487984]}}
state_operation {'target': 'raptor', 'operation': 'inject', 'response': {'request_id': 27276000, 'applied_us': 27280000, 'target': 1, 'operation': 6, 'result': 5, 'dimension': 26, 'active': False, 'holding': True, 'values': [0.0500000007, 0.0500000007, 0.0500000007, 0.0500000007, 0.0500000007, 0.0500000007, 0.0500000007, 0.0500000007, 0.0500000007, 0.0500000007, 0.0500000007, 0.0500000007, 0.0500000007, 0.0500000007, 0.0500000007, 0.0500000007, 0.0299999993, 0.0299999993, 0.0299999993, 0.0299999993, -0.00586568937, -0.0021091497, -0.0695511699, 0.000511761522, 0.000511761522, 0.699487984]}}
state_operation {'target': 'raptor', 'operation': 'reset', 'response': {'request_id': 27292000, 'applied_us': 27296000, 'target': 1, 'operation': 3, 'result': 0, 'dimension': 26, 'active': False, 'holding': True, 'values': [0, 0, 0, 0, 0, 0, 0, 0, 0, 0, 0, 0, 0, 0, 0, 0, 0, 0, 0, 0, -0.00586568937, -0.0021091497, -0.0695511699, 0.000511761522, 0.000511761522, 0.699487984]}}
state_operation {'target': 'raptor', 'operation': 'release', 'response': {'request_id': 27312000, 'applied_us': 27316000, 'target': 1, 'operation': 7, 'result': 0, 'dimension': 26, 'active': False, 'holding': False, 'values': [0, 0, 0, 0, 0, 0, 0, 0, 0, 0, 0, 0, 0, 0, 0, 0, 0, 0, 0, 0, -0.00586568937, -0.0021091497, -0.0695511699, 0.000511761522, 0.000511761522, 0.699487984]}}
state_operation {'target': 'rate', 'operation': 'hold', 'response': {'request_id': 27332000, 'applied_us': 27332000, 'target': 2, 'operation': 4, 'result': 0, 'dimension': 3, 'active': False, 'holding': True, 'values': [0, 0, 0]}}
state_operation {'target': 'rate', 'operation': 'read', 'response': {'request_id': 27348000, 'applied_us': 27352000, 'target': 2, 'operation': 1, 'result': 0, 'dimension': 3, 'active': False, 'holding': True, 'values': [0, 0, 0]}}
state_operation {'target': 'rate', 'operation': 'inject', 'response': {'request_id': 27368000, 'applied_us': 27372000, 'target': 2, 'operation': 6, 'result': 0, 'dimension': 3, 'active': False, 'holding': True, 'values': [0.00999999978, -0.00999999978, 0.0149999997]}}
state_operation {'target': 'rate', 'operation': 'read', 'response': {'request_id': 27388000, 'applied_us': 27392000, 'target': 2, 'operation': 1, 'result': 0, 'dimension': 3, 'active': False, 'holding': True, 'values': [0.00999999978, -0.00999999978, 0.0149999997]}}
state_operation {'target': 'rate', 'operation': 'snapshot', 'response': {'request_id': 27408000, 'applied_us': 27408000, 'target': 2, 'operation': 2, 'result': 0, 'dimension': 3, 'active': False, 'holding': True, 'values': [0.00999999978, -0.00999999978, 0.0149999997]}}
state_operation {'target': 'rate', 'operation': 'reset', 'response': {'request_id': 27424000, 'applied_us': 27428000, 'target': 2, 'operation': 3, 'result': 0, 'dimension': 3, 'active': False, 'holding': True, 'values': [0, 0, 0]}}
state_operation {'target': 'rate', 'operation': 'restore', 'response': {'request_id': 27444000, 'applied_us': 27448000, 'target': 2, 'operation': 5, 'result': 0, 'dimension': 3, 'active': False, 'holding': True, 'values': [0.00999999978, -0.00999999978, 0.0149999997]}}
state_operation {'target': 'rate', 'operation': 'inject', 'response': {'request_id': 27464000, 'applied_us': 27464000, 'target': 2, 'operation': 6, 'result': 3, 'dimension': 3, 'active': False, 'holding': True, 'values': [0.00999999978, -0.00999999978, 0.0149999997]}}
state_operation {'target': 'rate', 'operation': 'inject', 'response': {'request_id': 27480000, 'applied_us': 27484000, 'target': 2, 'operation': 6, 'result': 4, 'dimension': 3, 'active': False, 'holding': True, 'values': [0.00999999978, -0.00999999978, 0.0149999997]}}
state_operation {'target': 'rate', 'operation': 'inject', 'response': {'request_id': 27500000, 'applied_us': 27504000, 'target': 2, 'operation': 6, 'result': 5, 'dimension': 3, 'active': False, 'holding': True, 'values': [0.00999999978, -0.00999999978, 0.0149999997]}}
state_operation {'target': 'rate', 'operation': 'reset', 'response': {'request_id': 27516000, 'applied_us': 27520000, 'target': 2, 'operation': 3, 'result': 0, 'dimension': 3, 'active': False, 'holding': True, 'values': [0, 0, 0]}}
state_operation {'target': 'rate', 'operation': 'release', 'response': {'request_id': 27536000, 'applied_us': 27540000, 'target': 2, 'operation': 7, 'result': 0, 'dimension': 3, 'active': False, 'holding': False, 'values': [0, 0, 0]}}
state_operation {'target': 'velocity', 'operation': 'hold', 'response': {'request_id': 27556000, 'applied_us': 27560000, 'target': 3, 'operation': 4, 'result': 0, 'dimension': 3, 'active': False, 'holding': True, 'values': [0, 0, 0]}}
state_operation {'target': 'velocity', 'operation': 'read', 'response': {'request_id': 27576000, 'applied_us': 27584000, 'target': 3, 'operation': 1, 'result': 0, 'dimension': 3, 'active': False, 'holding': True, 'values': [0, 0, 0]}}
state_operation {'target': 'velocity', 'operation': 'inject', 'response': {'request_id': 27600000, 'applied_us': 27608000, 'target': 3, 'operation': 6, 'result': 0, 'dimension': 3, 'active': False, 'holding': True, 'values': [0.00999999978, -0.00999999978, 0.0149999997]}}
state_operation {'target': 'velocity', 'operation': 'read', 'response': {'request_id': 27628000, 'applied_us': 27632000, 'target': 3, 'operation': 1, 'result': 0, 'dimension': 3, 'active': False, 'holding': True, 'values': [0.00999999978, -0.00999999978, 0.0149999997]}}
state_operation {'target': 'velocity', 'operation': 'snapshot', 'response': {'request_id': 27648000, 'applied_us': 27656000, 'target': 3, 'operation': 2, 'result': 0, 'dimension': 3, 'active': False, 'holding': True, 'values': [0.00999999978, -0.00999999978, 0.0149999997]}}
state_operation {'target': 'velocity', 'operation': 'reset', 'response': {'request_id': 27672000, 'applied_us': 27680000, 'target': 3, 'operation': 3, 'result': 0, 'dimension': 3, 'active': False, 'holding': True, 'values': [0, 0, 0]}}
state_operation {'target': 'velocity', 'operation': 'restore', 'response': {'request_id': 27696000, 'applied_us': 27704000, 'target': 3, 'operation': 5, 'result': 0, 'dimension': 3, 'active': False, 'holding': True, 'values': [0.00999999978, -0.00999999978, 0.0149999997]}}
state_operation {'target': 'velocity', 'operation': 'inject', 'response': {'request_id': 27720000, 'applied_us': 27728000, 'target': 3, 'operation': 6, 'result': 3, 'dimension': 3, 'active': False, 'holding': True, 'values': [0.00999999978, -0.00999999978, 0.0149999997]}}
state_operation {'target': 'velocity', 'operation': 'inject', 'response': {'request_id': 27748000, 'applied_us': 27752000, 'target': 3, 'operation': 6, 'result': 4, 'dimension': 3, 'active': False, 'holding': True, 'values': [0.00999999978, -0.00999999978, 0.0149999997]}}
state_operation {'target': 'velocity', 'operation': 'inject', 'response': {'request_id': 27768000, 'applied_us': 27776000, 'target': 3, 'operation': 6, 'result': 5, 'dimension': 3, 'active': False, 'holding': True, 'values': [0.00999999978, -0.00999999978, 0.0149999997]}}
state_operation {'target': 'velocity', 'operation': 'reset', 'response': {'request_id': 27792000, 'applied_us': 27800000, 'target': 3, 'operation': 3, 'result': 0, 'dimension': 3, 'active': False, 'holding': True, 'values': [0, 0, 0]}}
state_operation {'target': 'velocity', 'operation': 'release', 'response': {'request_id': 27816000, 'applied_us': 27824000, 'target': 3, 'operation': 7, 'result': 0, 'dimension': 3, 'active': False, 'holding': False, 'values': [0, 0, 0]}}
command_requested {'command': 400, 'params': {'param1': 1}}
command_ack {'command': 400, 'result': 0, 'timestamp': 1791547932713763}
ready {'condition': 'command acknowledgement'}
command_requested {'command': 22, 'params': {'param4': None, 'param5': None, 'param6': None, 'param7': 3.1345618665218353}}
command_ack {'command': 22, 'result': 0, 'timestamp': 1791547932809763}
ready {'condition': 'command acknowledgement'}
ready {'condition': 'takeoff altitude'}
command_requested {'command': 100001, 'params': {'param1': 4}}
command_ack {'command': 100001, 'result': 0, 'timestamp': 1791547941245763}
ready {'condition': 'command acknowledgement'}
ready {'condition': 'nav_state=4'}
mode_confirmed {'mode': 4, 'px4_timestamp': 1791547941245763}
hover_started {'label': 'classic_before', 'duration_s': 10}
ready {'condition': 'simulation hover duration classic_before'}
hover_ended {'label': 'classic_before'}
state_operation {'target': 'rate', 'operation': 'snapshot', 'response': {'request_id': 46620000, 'applied_us': 46624000, 'target': 2, 'operation': 2, 'result': 0, 'dimension': 3, 'active': True, 'holding': False, 'values': [6.82420136e-07, -7.23654739e-05, 4.2763837e-05]}}
state_operation {'target': 'velocity', 'operation': 'snapshot', 'response': {'request_id': 46640000, 'applied_us': 46648000, 'target': 3, 'operation': 2, 'result': 0, 'dimension': 3, 'active': True, 'holding': False, 'values': [0.00222256919, 5.47992713e-05, 0.0173101146]}}
state_operation {'target': 'raptor', 'operation': 'hold', 'response': {'request_id': 46680000, 'applied_us': 46684000, 'target': 1, 'operation': 4, 'result': 0, 'dimension': 26, 'active': False, 'holding': True, 'values': [-0.257270664, -0.0964135379, -0.113102391, -0.205685794, -0.203560218, -0.0829134732, 0.360563695, -0.0699197128, -0.738963425, 0.81554687, 0.0868646055, -0.350405008, 0.22936894, 0.312491238, -0.537754834, 0.0413348898, -0.289205015, -0.269859552, -0.213400498, -0.229129285, -0.00831899233, 0.00958439615, -2.99779558, 6.64264417e-06, 6.84285942e-06, -0.00112438202]}}
state_operation {'target': 'raptor', 'operation': 'read', 'response': {'request_id': 46700000, 'applied_us': 46704000, 'target': 1, 'operation': 1, 'result': 0, 'dimension': 26, 'active': False, 'holding': True, 'values': [-0.257270664, -0.0964135379, -0.113102391, -0.205685794, -0.203560218, -0.0829134732, 0.360563695, -0.0699197128, -0.738963425, 0.81554687, 0.0868646055, -0.350405008, 0.22936894, 0.312491238, -0.537754834, 0.0413348898, -0.289205015, -0.269859552, -0.213400498, -0.229129285, -0.00831899233, 0.00958439615, -2.99779558, 6.64264417e-06, 6.84285942e-06, -0.00112438202]}}
state_operation {'target': 'raptor', 'operation': 'inject', 'response': {'request_id': 46716000, 'applied_us': 46720000, 'target': 1, 'operation': 6, 'result': 0, 'dimension': 26, 'active': False, 'holding': True, 'values': [0.0199999996, 0.0199999996, 0.0199999996, 0.0199999996, 0.0199999996, 0.0199999996, 0.0199999996, 0.0199999996, 0.0199999996, 0.0199999996, 0.0199999996, 0.0199999996, 0.0199999996, 0.0199999996, 0.0199999996, 0.0199999996, -0.289205015, -0.269859552, -0.213400498, -0.229129285, -0.00831899233, 0.00958439615, -2.99779558, 6.64264417e-06, 6.84285942e-06, -0.00112438202]}}
handover_requested {'from_controller': 'C', 'to_controller': 'N', 'iteration': 0}
command_requested {'command': 100001, 'params': {'param1': 23}}
command_ack {'command': 100001, 'result': 0, 'timestamp': 1791547951601764}
ready {'condition': 'command acknowledgement'}
ready {'condition': 'nav_state=23'}
mode_confirmed {'mode': 23, 'px4_timestamp': 1791547951625764}
state_operation {'target': 'raptor', 'operation': 'restore', 'response': {'request_id': 46972000, 'applied_us': 46976000, 'target': 1, 'operation': 5, 'result': 2, 'dimension': 26, 'active': True, 'holding': True, 'values': [0.0199999996, 0.0199999996, 0.0199999996, 0.0199999996, 0.0199999996, 0.0199999996, 0.0199999996, 0.0199999996, 0.0199999996, 0.0199999996, 0.0199999996, 0.0199999996, 0.0199999996, 0.0199999996, 0.0199999996, 0.0199999996, -0.289205015, -0.269859552, -0.213400498, -0.229129285, -0.00831899233, 0.00958439615, -2.99779558, 6.64264417e-06, 6.84285942e-06, -0.00112438202]}}
state_operation {'target': 'raptor', 'operation': 'inject', 'response': {'request_id': 46992000, 'applied_us': 46992000, 'target': 1, 'operation': 6, 'result': 2, 'dimension': 26, 'active': True, 'holding': True, 'values': [0.0199999996, 0.0199999996, 0.0199999996, 0.0199999996, 0.0199999996, 0.0199999996, 0.0199999996, 0.0199999996, 0.0199999996, 0.0199999996, 0.0199999996, 0.0199999996, 0.0199999996, 0.0199999996, 0.0199999996, 0.0199999996, -0.289205015, -0.269859552, -0.213400498, -0.229129285, -0.00831899233, 0.00958439615, -2.99779558, 6.64264417e-06, 6.84285942e-06, -0.00112438202]}}
state_operation {'target': 'raptor', 'operation': 'release', 'response': {'request_id': 47012000, 'applied_us': 47016000, 'target': 1, 'operation': 7, 'result': 0, 'dimension': 26, 'active': True, 'holding': False, 'values': [0.0199999996, 0.0199999996, 0.0199999996, 0.0199999996, 0.0199999996, 0.0199999996, 0.0199999996, 0.0199999996, 0.0199999996, 0.0199999996, 0.0199999996, 0.0199999996, 0.0199999996, 0.0199999996, 0.0199999996, 0.0199999996, -0.289205015, -0.269859552, -0.213400498, -0.229129285, -0.00831899233, 0.00958439615, -2.99779558, 6.64264417e-06, 6.84285942e-06, -0.00112438202]}}
hover_started {'label': 'neural', 'duration_s': 5}
ready {'condition': 'simulation hover duration neural'}
hover_ended {'label': 'neural'}
handover_requested {'from_controller': 'N', 'to_controller': 'C', 'iteration': 0}
command_requested {'command': 100001, 'params': {'param1': 4}}
command_ack {'command': 100001, 'result': 0, 'timestamp': 1791547956809764}
ready {'condition': 'command acknowledgement'}
ready {'condition': 'nav_state=4'}
mode_confirmed {'mode': 4, 'px4_timestamp': 1791547956821764}
hover_started {'label': 'classic_after', 'duration_s': 10}
ready {'condition': 'simulation hover duration classic_after'}
hover_ended {'label': 'classic_after'}
command_requested {'command': 21, 'params': {}}
command_ack {'command': 21, 'result': 0, 'timestamp': 1791547967093764}
ready {'condition': 'command acknowledgement'}
ready {'condition': 'landing'}
ready {'condition': 'disarmed'}
process_stopped {'name': 'agent-reconnected', 'pid': 776124, 'exit_code': -2}
process_stopped {'name': 'px4', 'pid': 775597, 'exit_code': 0}
process_stopped {'name': 'tegrastats', 'pid': 775561, 'exit_code': -2}
process_stopped {'name': 'gz-stats', 'pid': 775560, 'exit_code': 0}
process_stopped {'name': 'gazebo', 'pid': 775559, 'exit_code': 0}
process_stopped {'name': 'agent', 'pid': 775558, 'exit_code': -2}
/home/car/uav_handover/data/final-state_injection PASS
