created {'thresholds': {'seed': 42, 'instance': 21, 'ros_domain_id': 71, 'agent_port': 18888, 'startup_timeout_s': 90, 'takeoff_timeout_s': 45, 'landing_timeout_s': 60, 'hover_s': 10, 'neural_s': 5, 'repetitions': 3, 'altitude_m': 3, 'hover_max_error_m': 1.0, 'hover_max_tilt_deg': 15, 'safety_radius_m': 10, 'safety_altitude_m': 8, 'safety_tilt_deg': 45, 'safety_angular_rate_rad_s': 8, 'inference_p99_us': 2500, 'settling_band_m': 0.2, 'settling_dwell_s': 2.0}}
process_started {'name': 'agent', 'pid': 782017, 'command': ['/home/car/uav_handover/uav_lab/scripts/MicroXRCEAgent', 'udp4', '-p', '18888', '-v', '4']}
process_started {'name': 'gazebo', 'pid': 782018, 'command': ['gz', 'sim', '-r', '-s', '-v', '3', '/home/car/uav_handover/uav_lab/.local/checkouts/px4-raptor/Tools/simulation/gz/worlds/default.sdf']}
process_started {'name': 'gz-stats', 'pid': 782019, 'command': ['gz', 'topic', '-e', '-t', '/world/default/stats']}
process_started {'name': 'tegrastats', 'pid': 782020, 'command': ['/usr/bin/tegrastats', '--interval', '1000']}
process_started {'name': 'px4', 'pid': 782057, 'command': ['/home/car/uav_handover/uav_lab/.local/checkouts/px4-raptor/build/px4_sitl_raptor/bin/px4', '-d', '-i', '21', '-w', '/home/car/uav_handover/data/final-raptor-hover/rootfs', '/home/car/uav_handover/data/final-raptor-hover/rootfs/etc']}
command_ack {'command': 211, 'result': 0, 'timestamp': 1791548411241445}
ready {'condition': 'PX4 DDS telemetry'}
mavlink_identity {'system_id': 22, 'autopilot': 12, 'udp_port': 18591}
process_started {'name': 'agent-reconnected', 'pid': 782587, 'command': ['/home/car/uav_handover/uav_lab/scripts/MicroXRCEAgent', 'udp4', '-p', '18888', '-v', '4']}
command_ack {'command': 211, 'result': 0, 'timestamp': 1791548411241391}
ready {'condition': 'DDS Client reconnection with fresh telemetry'}
command_requested {'command': 176, 'params': {'param1': 1, 'param2': 4, 'param3': 3}}
command_ack {'command': 176, 'result': 0, 'timestamp': 1791548427149393}
ready {'condition': 'command acknowledgement'}
command_requested {'command': 100001, 'params': {'param1': 14}}
command_ack {'command': 100001, 'result': 0, 'timestamp': 1791548428253392}
ready {'condition': 'command acknowledgement'}
ready {'condition': 'nav_state=14'}
mode_confirmed {'mode': 14, 'px4_timestamp': 1791548428265392}
command_requested {'command': 100001, 'params': {'param1': 4}}
command_ack {'command': 100001, 'result': 0, 'timestamp': 1791548428745392}
ready {'condition': 'command acknowledgement'}
ready {'condition': 'nav_state=4'}
mode_confirmed {'mode': 4, 'px4_timestamp': 1791548428757392}
state_operation {'target': 'raptor', 'operation': 'read', 'response': {'request_id': 23020000, 'applied_us': 23020000, 'target': 1, 'operation': 1, 'result': 1, 'dimension': 26, 'active': False, 'holding': False, 'values': [-0.212550819, -0.240020812, -0.372628689, -0.660998702, -0.387543917, -0.409769207, -0.38015148, -0.179310411, -0.829864204, 0.973200619, 0.00581246521, -0.524018228, 0.621558428, 0.880071342, -0.54544127, 0.66236937, -0.778837502, -0.75096041, -0.609635949, -0.607580304, 0.0162347518, 0.0324689485, -0.0137869706, -0.000511875958, -0.000511875958, 0.699487984]}}
ready {'condition': 'valid local position'}
state_operation {'target': 'raptor', 'operation': 'hold', 'response': {'request_id': 27156000, 'applied_us': 27156000, 'target': 1, 'operation': 4, 'result': 0, 'dimension': 26, 'active': False, 'holding': True, 'values': [-0.202636063, -0.245099992, -0.366856128, -0.64939785, -0.391504139, -0.401521921, -0.377386749, -0.177892119, -0.830433309, 0.972539425, -0.0151723418, -0.516129732, 0.619728386, 0.875241876, -0.542389512, 0.66011256, -0.781359851, -0.745482743, -0.597758651, -0.594585121, 0.00576674147, 0.0135331936, 0.0221563838, -0.000511902035, -0.000511902035, 0.699487984]}}
state_operation {'target': 'raptor', 'operation': 'read', 'response': {'request_id': 27176000, 'applied_us': 27180000, 'target': 1, 'operation': 1, 'result': 0, 'dimension': 26, 'active': False, 'holding': True, 'values': [-0.202636063, -0.245099992, -0.366856128, -0.64939785, -0.391504139, -0.401521921, -0.377386749, -0.177892119, -0.830433309, 0.972539425, -0.0151723418, -0.516129732, 0.619728386, 0.875241876, -0.542389512, 0.66011256, -0.781359851, -0.745482743, -0.597758651, -0.594585121, 0.00576674147, 0.0135331936, 0.0221563838, -0.000511902035, -0.000511902035, 0.699487984]}}
state_operation {'target': 'raptor', 'operation': 'inject', 'response': {'request_id': 27196000, 'applied_us': 27200000, 'target': 1, 'operation': 6, 'result': 0, 'dimension': 26, 'active': False, 'holding': True, 'values': [0.0500000007, 0.0500000007, 0.0500000007, 0.0500000007, 0.0500000007, 0.0500000007, 0.0500000007, 0.0500000007, 0.0500000007, 0.0500000007, 0.0500000007, 0.0500000007, 0.0500000007, 0.0500000007, 0.0500000007, 0.0500000007, 0.0299999993, 0.0299999993, 0.0299999993, 0.0299999993, 0.00576674147, 0.0135331936, 0.0221563838, -0.000511902035, -0.000511902035, 0.699487984]}}
state_operation {'target': 'raptor', 'operation': 'read', 'response': {'request_id': 27216000, 'applied_us': 27216000, 'target': 1, 'operation': 1, 'result': 0, 'dimension': 26, 'active': False, 'holding': True, 'values': [0.0500000007, 0.0500000007, 0.0500000007, 0.0500000007, 0.0500000007, 0.0500000007, 0.0500000007, 0.0500000007, 0.0500000007, 0.0500000007, 0.0500000007, 0.0500000007, 0.0500000007, 0.0500000007, 0.0500000007, 0.0500000007, 0.0299999993, 0.0299999993, 0.0299999993, 0.0299999993, 0.00576674147, 0.0135331936, 0.0221563838, -0.000511902035, -0.000511902035, 0.699487984]}}
state_operation {'target': 'raptor', 'operation': 'snapshot', 'response': {'request_id': 27236000, 'applied_us': 27236000, 'target': 1, 'operation': 2, 'result': 0, 'dimension': 26, 'active': False, 'holding': True, 'values': [0.0500000007, 0.0500000007, 0.0500000007, 0.0500000007, 0.0500000007, 0.0500000007, 0.0500000007, 0.0500000007, 0.0500000007, 0.0500000007, 0.0500000007, 0.0500000007, 0.0500000007, 0.0500000007, 0.0500000007, 0.0500000007, 0.0299999993, 0.0299999993, 0.0299999993, 0.0299999993, 0.00576674147, 0.0135331936, 0.0221563838, -0.000511902035, -0.000511902035, 0.699487984]}}
state_operation {'target': 'raptor', 'operation': 'reset', 'response': {'request_id': 27252000, 'applied_us': 27256000, 'target': 1, 'operation': 3, 'result': 0, 'dimension': 26, 'active': False, 'holding': True, 'values': [0, 0, 0, 0, 0, 0, 0, 0, 0, 0, 0, 0, 0, 0, 0, 0, 0, 0, 0, 0, 0.00576674147, 0.0135331936, 0.0221563838, -0.000511902035, -0.000511902035, 0.699487984]}}
state_operation {'target': 'raptor', 'operation': 'restore', 'response': {'request_id': 27272000, 'applied_us': 27276000, 'target': 1, 'operation': 5, 'result': 0, 'dimension': 26, 'active': False, 'holding': True, 'values': [0.0500000007, 0.0500000007, 0.0500000007, 0.0500000007, 0.0500000007, 0.0500000007, 0.0500000007, 0.0500000007, 0.0500000007, 0.0500000007, 0.0500000007, 0.0500000007, 0.0500000007, 0.0500000007, 0.0500000007, 0.0500000007, 0.0299999993, 0.0299999993, 0.0299999993, 0.0299999993, 0.00576674147, 0.0135331936, 0.0221563838, -0.000511902035, -0.000511902035, 0.699487984]}}
state_operation {'target': 'raptor', 'operation': 'inject', 'response': {'request_id': 27292000, 'applied_us': 27296000, 'target': 1, 'operation': 6, 'result': 3, 'dimension': 26, 'active': False, 'holding': True, 'values': [0.0500000007, 0.0500000007, 0.0500000007, 0.0500000007, 0.0500000007, 0.0500000007, 0.0500000007, 0.0500000007, 0.0500000007, 0.0500000007, 0.0500000007, 0.0500000007, 0.0500000007, 0.0500000007, 0.0500000007, 0.0500000007, 0.0299999993, 0.0299999993, 0.0299999993, 0.0299999993, 0.00576674147, 0.0135331936, 0.0221563838, -0.000511902035, -0.000511902035, 0.699487984]}}
state_operation {'target': 'raptor', 'operation': 'inject', 'response': {'request_id': 27312000, 'applied_us': 27316000, 'target': 1, 'operation': 6, 'result': 4, 'dimension': 26, 'active': False, 'holding': True, 'values': [0.0500000007, 0.0500000007, 0.0500000007, 0.0500000007, 0.0500000007, 0.0500000007, 0.0500000007, 0.0500000007, 0.0500000007, 0.0500000007, 0.0500000007, 0.0500000007, 0.0500000007, 0.0500000007, 0.0500000007, 0.0500000007, 0.0299999993, 0.0299999993, 0.0299999993, 0.0299999993, 0.00576674147, 0.0135331936, 0.0221563838, -0.000511902035, -0.000511902035, 0.699487984]}}
state_operation {'target': 'raptor', 'operation': 'inject', 'response': {'request_id': 27332000, 'applied_us': 27336000, 'target': 1, 'operation': 6, 'result': 5, 'dimension': 26, 'active': False, 'holding': True, 'values': [0.0500000007, 0.0500000007, 0.0500000007, 0.0500000007, 0.0500000007, 0.0500000007, 0.0500000007, 0.0500000007, 0.0500000007, 0.0500000007, 0.0500000007, 0.0500000007, 0.0500000007, 0.0500000007, 0.0500000007, 0.0500000007, 0.0299999993, 0.0299999993, 0.0299999993, 0.0299999993, 0.00576674147, 0.0135331936, 0.0221563838, -0.000511902035, -0.000511902035, 0.699487984]}}
state_operation {'target': 'raptor', 'operation': 'reset', 'response': {'request_id': 27352000, 'applied_us': 27356000, 'target': 1, 'operation': 3, 'result': 0, 'dimension': 26, 'active': False, 'holding': True, 'values': [0, 0, 0, 0, 0, 0, 0, 0, 0, 0, 0, 0, 0, 0, 0, 0, 0, 0, 0, 0, 0.00576674147, 0.0135331936, 0.0221563838, -0.000511902035, -0.000511902035, 0.699487984]}}
state_operation {'target': 'raptor', 'operation': 'release', 'response': {'request_id': 27372000, 'applied_us': 27376000, 'target': 1, 'operation': 7, 'result': 0, 'dimension': 26, 'active': False, 'holding': False, 'values': [0, 0, 0, 0, 0, 0, 0, 0, 0, 0, 0, 0, 0, 0, 0, 0, 0, 0, 0, 0, 0.00576674147, 0.0135331936, 0.0221563838, -0.000511902035, -0.000511902035, 0.699487984]}}
state_operation {'target': 'rate', 'operation': 'hold', 'response': {'request_id': 27392000, 'applied_us': 27396000, 'target': 2, 'operation': 4, 'result': 0, 'dimension': 3, 'active': False, 'holding': True, 'values': [0, 0, 0]}}
state_operation {'target': 'rate', 'operation': 'read', 'response': {'request_id': 27412000, 'applied_us': 27412000, 'target': 2, 'operation': 1, 'result': 0, 'dimension': 3, 'active': False, 'holding': True, 'values': [0, 0, 0]}}
state_operation {'target': 'rate', 'operation': 'inject', 'response': {'request_id': 27428000, 'applied_us': 27432000, 'target': 2, 'operation': 6, 'result': 0, 'dimension': 3, 'active': False, 'holding': True, 'values': [0.00999999978, -0.00999999978, 0.0149999997]}}
state_operation {'target': 'rate', 'operation': 'read', 'response': {'request_id': 27448000, 'applied_us': 27452000, 'target': 2, 'operation': 1, 'result': 0, 'dimension': 3, 'active': False, 'holding': True, 'values': [0.00999999978, -0.00999999978, 0.0149999997]}}
state_operation {'target': 'rate', 'operation': 'snapshot', 'response': {'request_id': 27468000, 'applied_us': 27472000, 'target': 2, 'operation': 2, 'result': 0, 'dimension': 3, 'active': False, 'holding': True, 'values': [0.00999999978, -0.00999999978, 0.0149999997]}}
state_operation {'target': 'rate', 'operation': 'reset', 'response': {'request_id': 27488000, 'applied_us': 27492000, 'target': 2, 'operation': 3, 'result': 0, 'dimension': 3, 'active': False, 'holding': True, 'values': [0, 0, 0]}}
state_operation {'target': 'rate', 'operation': 'restore', 'response': {'request_id': 27508000, 'applied_us': 27512000, 'target': 2, 'operation': 5, 'result': 0, 'dimension': 3, 'active': False, 'holding': True, 'values': [0.00999999978, -0.00999999978, 0.0149999997]}}
state_operation {'target': 'rate', 'operation': 'inject', 'response': {'request_id': 27528000, 'applied_us': 27532000, 'target': 2, 'operation': 6, 'result': 3, 'dimension': 3, 'active': False, 'holding': True, 'values': [0.00999999978, -0.00999999978, 0.0149999997]}}
state_operation {'target': 'rate', 'operation': 'inject', 'response': {'request_id': 27548000, 'applied_us': 27552000, 'target': 2, 'operation': 6, 'result': 4, 'dimension': 3, 'active': False, 'holding': True, 'values': [0.00999999978, -0.00999999978, 0.0149999997]}}
state_operation {'target': 'rate', 'operation': 'inject', 'response': {'request_id': 27568000, 'applied_us': 27572000, 'target': 2, 'operation': 6, 'result': 5, 'dimension': 3, 'active': False, 'holding': True, 'values': [0.00999999978, -0.00999999978, 0.0149999997]}}
state_operation {'target': 'rate', 'operation': 'reset', 'response': {'request_id': 27584000, 'applied_us': 27588000, 'target': 2, 'operation': 3, 'result': 0, 'dimension': 3, 'active': False, 'holding': True, 'values': [0, 0, 0]}}
state_operation {'target': 'rate', 'operation': 'release', 'response': {'request_id': 27604000, 'applied_us': 27608000, 'target': 2, 'operation': 7, 'result': 0, 'dimension': 3, 'active': False, 'holding': False, 'values': [0, 0, 0]}}
state_operation {'target': 'velocity', 'operation': 'hold', 'response': {'request_id': 27624000, 'applied_us': 27632000, 'target': 3, 'operation': 4, 'result': 0, 'dimension': 3, 'active': False, 'holding': True, 'values': [0, 0, 0]}}
state_operation {'target': 'velocity', 'operation': 'read', 'response': {'request_id': 27652000, 'applied_us': 27656000, 'target': 3, 'operation': 1, 'result': 0, 'dimension': 3, 'active': False, 'holding': True, 'values': [0, 0, 0]}}
state_operation {'target': 'velocity', 'operation': 'inject', 'response': {'request_id': 27672000, 'applied_us': 27672000, 'target': 3, 'operation': 6, 'result': 0, 'dimension': 3, 'active': False, 'holding': True, 'values': [0.00999999978, -0.00999999978, 0.0149999997]}}
state_operation {'target': 'velocity', 'operation': 'read', 'response': {'request_id': 27688000, 'applied_us': 27696000, 'target': 3, 'operation': 1, 'result': 0, 'dimension': 3, 'active': False, 'holding': True, 'values': [0.00999999978, -0.00999999978, 0.0149999997]}}
state_operation {'target': 'velocity', 'operation': 'snapshot', 'response': {'request_id': 27708000, 'applied_us': 27712000, 'target': 3, 'operation': 2, 'result': 0, 'dimension': 3, 'active': False, 'holding': True, 'values': [0.00999999978, -0.00999999978, 0.0149999997]}}
state_operation {'target': 'velocity', 'operation': 'reset', 'response': {'request_id': 27728000, 'applied_us': 27736000, 'target': 3, 'operation': 3, 'result': 0, 'dimension': 3, 'active': False, 'holding': True, 'values': [0, 0, 0]}}
state_operation {'target': 'velocity', 'operation': 'restore', 'response': {'request_id': 27752000, 'applied_us': 27760000, 'target': 3, 'operation': 5, 'result': 0, 'dimension': 3, 'active': False, 'holding': True, 'values': [0.00999999978, -0.00999999978, 0.0149999997]}}
state_operation {'target': 'velocity', 'operation': 'inject', 'response': {'request_id': 27772000, 'applied_us': 27776000, 'target': 3, 'operation': 6, 'result': 3, 'dimension': 3, 'active': False, 'holding': True, 'values': [0.00999999978, -0.00999999978, 0.0149999997]}}
state_operation {'target': 'velocity', 'operation': 'inject', 'response': {'request_id': 27796000, 'applied_us': 27800000, 'target': 3, 'operation': 6, 'result': 4, 'dimension': 3, 'active': False, 'holding': True, 'values': [0.00999999978, -0.00999999978, 0.0149999997]}}
state_operation {'target': 'velocity', 'operation': 'inject', 'response': {'request_id': 27812000, 'applied_us': 27816000, 'target': 3, 'operation': 6, 'result': 5, 'dimension': 3, 'active': False, 'holding': True, 'values': [0.00999999978, -0.00999999978, 0.0149999997]}}
state_operation {'target': 'velocity', 'operation': 'reset', 'response': {'request_id': 27832000, 'applied_us': 27840000, 'target': 3, 'operation': 3, 'result': 0, 'dimension': 3, 'active': False, 'holding': True, 'values': [0, 0, 0]}}
state_operation {'target': 'velocity', 'operation': 'release', 'response': {'request_id': 27856000, 'applied_us': 27864000, 'target': 3, 'operation': 7, 'result': 0, 'dimension': 3, 'active': False, 'holding': False, 'values': [0, 0, 0]}}
command_requested {'command': 400, 'params': {'param1': 1}}
command_ack {'command': 400, 'result': 0, 'timestamp': 1791548433833392}
ready {'condition': 'command acknowledgement'}
command_requested {'command': 22, 'params': {'param4': None, 'param5': None, 'param6': None, 'param7': None}}
command_ack {'command': 22, 'result': 0, 'timestamp': 1791548433941392}
ready {'condition': 'command acknowledgement'}
ready {'condition': 'takeoff altitude'}
command_requested {'command': 100001, 'params': {'param1': 4}}
command_ack {'command': 100001, 'result': 0, 'timestamp': 1791548442461391}
ready {'condition': 'command acknowledgement'}
ready {'condition': 'nav_state=4'}
mode_confirmed {'mode': 4, 'px4_timestamp': 1791548442461391}
hover_started {'label': 'classic_before', 'duration_s': 10}
ready {'condition': 'simulation hover duration classic_before'}
hover_ended {'label': 'classic_before'}
state_capture_started {'label': 'classic_before_handover'}
state_operation {'target': 'raptor', 'operation': 'read', 'response': {'request_id': 46740000, 'applied_us': 46744000, 'target': 1, 'operation': 1, 'result': 0, 'dimension': 26, 'active': False, 'holding': False, 'values': [-0.247903883, -0.0942341313, -0.0881721303, -0.206810668, -0.152847201, -0.118056774, 0.352015823, -0.0505230725, -0.765847862, 0.830524743, 0.113870829, -0.290230334, 0.23087433, 0.256582528, -0.540971994, 0.0646715239, -0.306378096, -0.20593828, -0.110737607, -0.206912339, -0.00191687059, -0.00109972467, -2.99547315, 1.06661491e-05, -4.14734404e-06, -0.00114440918]}}
state_operation {'target': 'rate', 'operation': 'read', 'response': {'request_id': 46760000, 'applied_us': 46764000, 'target': 2, 'operation': 1, 'result': 0, 'dimension': 3, 'active': True, 'holding': False, 'values': [1.5444034e-06, -4.4729044e-05, 0.000145437167]}}
state_operation {'target': 'velocity', 'operation': 'read', 'response': {'request_id': 46780000, 'applied_us': 46784000, 'target': 3, 'operation': 1, 'result': 0, 'dimension': 3, 'active': True, 'holding': False, 'values': [0.00382199883, 0.00583994109, 0.00968020037]}}
state_capture_finished {'label': 'classic_before_handover'}
handover_requested {'from_controller': 'C', 'to_controller': 'N', 'iteration': 0}
command_requested {'command': 100001, 'params': {'param1': 23}}
command_ack {'command': 100001, 'result': 0, 'timestamp': 1791548452757391}
ready {'condition': 'command acknowledgement'}
ready {'condition': 'nav_state=23'}
mode_confirmed {'mode': 23, 'px4_timestamp': 1791548452769391}
ready {'condition': 'RAPTOR active diagnostic DDS'}
state_capture_started {'label': 'neural_after_entry'}
state_operation {'target': 'raptor', 'operation': 'read', 'response': {'request_id': 47132000, 'applied_us': 47136000, 'target': 1, 'operation': 1, 'result': 0, 'dimension': 26, 'active': True, 'holding': False, 'values': [-0.359399915, 0.0576156601, 0.311245799, 0.479961842, 0.35123682, 0.489288121, 0.342851162, -0.262304515, -0.794032276, 0.84713763, 0.385187298, 0.285423219, 0.190505639, -0.422001988, -0.553856134, -0.329553008, 0.511540771, 0.498965204, 0.518160105, 0.522532344, 0.00325396378, -0.0239950996, -2.9834528, 0, 0, 0]}}
state_operation {'target': 'rate', 'operation': 'read', 'response': {'request_id': 47152000, 'applied_us': 47156000, 'target': 2, 'operation': 1, 'result': 0, 'dimension': 3, 'active': False, 'holding': False, 'values': [-8.31628677e-06, -3.70214875e-05, 0.000159697927]}}
state_operation {'target': 'velocity', 'operation': 'read', 'response': {'request_id': 47172000, 'applied_us': 47176000, 'target': 3, 'operation': 1, 'result': 0, 'dimension': 3, 'active': False, 'holding': False, 'values': [0, 0, 0]}}
state_capture_finished {'label': 'neural_after_entry'}
hover_started {'label': 'neural', 'duration_s': 5}
ready {'condition': 'simulation hover duration neural'}
hover_ended {'label': 'neural'}
state_capture_started {'label': 'neural_before_exit'}
state_operation {'target': 'raptor', 'operation': 'read', 'response': {'request_id': 52108000, 'applied_us': 52112000, 'target': 1, 'operation': 1, 'result': 0, 'dimension': 26, 'active': True, 'holding': False, 'values': [-0.35694766, 0.0440905541, 0.268164814, 0.407127142, 0.313341856, 0.456828266, 0.27570647, -0.263130724, -0.797613859, 0.867725551, 0.35396269, 0.263822615, 0.244710892, -0.39619717, -0.55582732, -0.264351308, 0.454460979, 0.456315786, 0.457497478, 0.456391811, 0.00325396378, -0.0239950996, -2.9834528, 0, 0, 0]}}
state_operation {'target': 'rate', 'operation': 'read', 'response': {'request_id': 52128000, 'applied_us': 52132000, 'target': 2, 'operation': 1, 'result': 0, 'dimension': 3, 'active': False, 'holding': False, 'values': [-8.31628677e-06, -3.70214875e-05, 0.000159697927]}}
state_operation {'target': 'velocity', 'operation': 'read', 'response': {'request_id': 52148000, 'applied_us': 52152000, 'target': 3, 'operation': 1, 'result': 0, 'dimension': 3, 'active': False, 'holding': False, 'values': [0, 0, 0]}}
state_capture_finished {'label': 'neural_before_exit'}
handover_requested {'from_controller': 'N', 'to_controller': 'C', 'iteration': 0}
command_requested {'command': 100001, 'params': {'param1': 4}}
command_ack {'command': 100001, 'result': 0, 'timestamp': 1791548458121393}
ready {'condition': 'command acknowledgement'}
ready {'condition': 'nav_state=4'}
mode_confirmed {'mode': 4, 'px4_timestamp': 1791548458133393}
state_capture_started {'label': 'classic_after_entry'}
state_operation {'target': 'raptor', 'operation': 'read', 'response': {'request_id': 52368000, 'applied_us': 52372000, 'target': 1, 'operation': 1, 'result': 0, 'dimension': 26, 'active': False, 'holding': False, 'values': [-0.330572277, 0.0288903359, 0.200122416, 0.264742494, 0.24510254, 0.332297295, 0.260797977, -0.238169551, -0.795961916, 0.871577621, 0.320834607, 0.192443371, 0.273591757, -0.283494622, -0.525306702, -0.157471642, 0.286335677, 0.331755042, 0.363171607, 0.315106452, -0.00387772056, -0.017546054, -2.97028232, -0.00416034739, 0.0037847315, -0.000121116631]}}
state_operation {'target': 'rate', 'operation': 'read', 'response': {'request_id': 52388000, 'applied_us': 52392000, 'target': 2, 'operation': 1, 'result': 0, 'dimension': 3, 'active': True, 'holding': False, 'values': [0.000355138298, -0.00035205821, 0.000136935414]}}
state_operation {'target': 'velocity', 'operation': 'read', 'response': {'request_id': 52408000, 'applied_us': 52408000, 'target': 3, 'operation': 1, 'result': 0, 'dimension': 3, 'active': True, 'holding': False, 'values': [0.000225984739, -5.39120629e-05, 0.00125386741]}}
state_capture_finished {'label': 'classic_after_entry'}
hover_started {'label': 'classic_after', 'duration_s': 10}
ready {'condition': 'simulation hover duration classic_after'}
hover_ended {'label': 'classic_after'}
command_requested {'command': 21, 'params': {}}
command_ack {'command': 21, 'result': 0, 'timestamp': 1791548468333395}
ready {'condition': 'command acknowledgement'}
ready {'condition': 'landing'}
ready {'condition': 'disarmed'}
process_stopped {'name': 'agent-reconnected', 'pid': 782587, 'exit_code': -2}
process_stopped {'name': 'px4', 'pid': 782057, 'exit_code': 0}
process_stopped {'name': 'tegrastats', 'pid': 782020, 'exit_code': -2}
process_stopped {'name': 'gz-stats', 'pid': 782019, 'exit_code': 0}
process_stopped {'name': 'gazebo', 'pid': 782018, 'exit_code': 0}
process_stopped {'name': 'agent', 'pid': 782017, 'exit_code': -2}
/home/car/uav_handover/data/final-raptor-hover PASS
