created {'thresholds': {'seed': 42, 'instance': 21, 'ros_domain_id': 71, 'agent_port': 18888, 'startup_timeout_s': 90, 'takeoff_timeout_s': 45, 'landing_timeout_s': 60, 'hover_s': 10, 'neural_s': 5, 'repetitions': 3, 'altitude_m': 3, 'hover_max_error_m': 1.0, 'hover_max_tilt_deg': 15, 'safety_radius_m': 10, 'safety_altitude_m': 8, 'safety_tilt_deg': 45, 'safety_angular_rate_rad_s': 8, 'inference_p99_us': 2500, 'settling_band_m': 0.2, 'settling_dwell_s': 2.0}}
process_started {'name': 'agent', 'pid': 770862, 'command': ['/home/car/uav_handover/uav_lab/scripts/MicroXRCEAgent', 'udp4', '-p', '18888', '-v', '4']}
process_started {'name': 'gazebo', 'pid': 770863, 'command': ['gz', 'sim', '-r', '-s', '-v', '3', '/home/car/uav_handover/uav_lab/.local/checkouts/px4-raptor/Tools/simulation/gz/worlds/default.sdf']}
process_started {'name': 'gz-stats', 'pid': 770864, 'command': ['gz', 'topic', '-e', '-t', '/world/default/stats']}
process_started {'name': 'tegrastats', 'pid': 770865, 'command': ['/usr/bin/tegrastats', '--interval', '1000']}
process_started {'name': 'px4', 'pid': 770902, 'command': ['/home/car/uav_handover/uav_lab/.local/checkouts/px4-raptor/build/px4_sitl_raptor/bin/px4', '-d', '-i', '21', '-w', '/home/car/uav_handover/data/final-state_reset/rootfs', '/home/car/uav_handover/data/final-state_reset/rootfs/etc']}
command_ack {'command': 211, 'result': 0, 'timestamp': 1791547672851215}
ready {'condition': 'PX4 DDS telemetry'}
process_started {'name': 'agent-reconnected', 'pid': 771432, 'command': ['/home/car/uav_handover/uav_lab/scripts/MicroXRCEAgent', 'udp4', '-p', '18888', '-v', '4']}
command_ack {'command': 211, 'result': 0, 'timestamp': 1791547672851215}
ready {'condition': 'DDS Client reconnection with fresh telemetry'}
command_requested {'command': 176, 'params': {'param1': 1, 'param2': 4, 'param3': 3}}
command_ack {'command': 176, 'result': 0, 'timestamp': 1791547686727221}
ready {'condition': 'command acknowledgement'}
command_requested {'command': 100001, 'params': {'param1': 14}}
command_ack {'command': 100001, 'result': 0, 'timestamp': 1791547687843221}
ready {'condition': 'command acknowledgement'}
ready {'condition': 'nav_state=14'}
mode_confirmed {'mode': 14, 'px4_timestamp': 1791547687855221}
command_requested {'command': 100001, 'params': {'param1': 4}}
command_ack {'command': 100001, 'result': 0, 'timestamp': 1791547688323221}
ready {'condition': 'command acknowledgement'}
ready {'condition': 'nav_state=4'}
mode_confirmed {'mode': 4, 'px4_timestamp': 1791547688335221}
state_operation {'target': 'raptor', 'operation': 'read', 'response': {'request_id': 20964000, 'applied_us': 20968000, 'target': 1, 'operation': 1, 'result': 1, 'dimension': 26, 'active': False, 'holding': False, 'values': [-0.203463912, -0.234818071, -0.363130629, -0.666286528, -0.390102118, -0.401166499, -0.375660121, -0.182216465, -0.830104411, 0.972673357, -0.000787660189, -0.50912267, 0.619175494, 0.874848664, -0.544081867, 0.66390264, -0.780387044, -0.733405292, -0.599373341, -0.61137569, 0.0461275391, -0.0474271327, -0.031168323, 0.000511864142, -0.000511864142, 0.699488342]}}
ready {'condition': 'valid local position'}
state_operation {'target': 'raptor', 'operation': 'hold', 'response': {'request_id': 25100000, 'applied_us': 25104000, 'target': 1, 'operation': 4, 'result': 0, 'dimension': 26, 'active': False, 'holding': True, 'values': [-0.216789842, -0.241279289, -0.372032166, -0.664454579, -0.396297216, -0.393683225, -0.381896466, -0.171824396, -0.830988705, 0.972538829, -0.0285604224, -0.52286613, 0.619836152, 0.875005543, -0.545673013, 0.656905115, -0.781600416, -0.751459658, -0.614843667, -0.611435235, -0.00944593642, -0.0288265981, -0.0387510806, -0.00103423162, 0.00103282405, 0.698848188]}}
state_operation {'target': 'raptor', 'operation': 'read', 'response': {'request_id': 25124000, 'applied_us': 25128000, 'target': 1, 'operation': 1, 'result': 0, 'dimension': 26, 'active': False, 'holding': True, 'values': [-0.216789842, -0.241279289, -0.372032166, -0.664454579, -0.396297216, -0.393683225, -0.381896466, -0.171824396, -0.830988705, 0.972538829, -0.0285604224, -0.52286613, 0.619836152, 0.875005543, -0.545673013, 0.656905115, -0.781600416, -0.751459658, -0.614843667, -0.611435235, -0.00944593642, -0.0288265981, -0.0387510806, -0.00103423162, 0.00103282405, 0.698848188]}}
state_operation {'target': 'raptor', 'operation': 'inject', 'response': {'request_id': 25144000, 'applied_us': 25148000, 'target': 1, 'operation': 6, 'result': 0, 'dimension': 26, 'active': False, 'holding': True, 'values': [0.0500000007, 0.0500000007, 0.0500000007, 0.0500000007, 0.0500000007, 0.0500000007, 0.0500000007, 0.0500000007, 0.0500000007, 0.0500000007, 0.0500000007, 0.0500000007, 0.0500000007, 0.0500000007, 0.0500000007, 0.0500000007, 0.0299999993, 0.0299999993, 0.0299999993, 0.0299999993, -0.00944593642, -0.0288265981, -0.0387510806, -0.00103423162, 0.00103282405, 0.698848188]}}
state_operation {'target': 'raptor', 'operation': 'read', 'response': {'request_id': 25164000, 'applied_us': 25168000, 'target': 1, 'operation': 1, 'result': 0, 'dimension': 26, 'active': False, 'holding': True, 'values': [0.0500000007, 0.0500000007, 0.0500000007, 0.0500000007, 0.0500000007, 0.0500000007, 0.0500000007, 0.0500000007, 0.0500000007, 0.0500000007, 0.0500000007, 0.0500000007, 0.0500000007, 0.0500000007, 0.0500000007, 0.0500000007, 0.0299999993, 0.0299999993, 0.0299999993, 0.0299999993, -0.00944593642, -0.0288265981, -0.0387510806, -0.00103423162, 0.00103282405, 0.698848188]}}
state_operation {'target': 'raptor', 'operation': 'snapshot', 'response': {'request_id': 25184000, 'applied_us': 25188000, 'target': 1, 'operation': 2, 'result': 0, 'dimension': 26, 'active': False, 'holding': True, 'values': [0.0500000007, 0.0500000007, 0.0500000007, 0.0500000007, 0.0500000007, 0.0500000007, 0.0500000007, 0.0500000007, 0.0500000007, 0.0500000007, 0.0500000007, 0.0500000007, 0.0500000007, 0.0500000007, 0.0500000007, 0.0500000007, 0.0299999993, 0.0299999993, 0.0299999993, 0.0299999993, -0.00944593642, -0.0288265981, -0.0387510806, -0.00103423162, 0.00103282405, 0.698848188]}}
state_operation {'target': 'raptor', 'operation': 'reset', 'response': {'request_id': 25204000, 'applied_us': 25208000, 'target': 1, 'operation': 3, 'result': 0, 'dimension': 26, 'active': False, 'holding': True, 'values': [0, 0, 0, 0, 0, 0, 0, 0, 0, 0, 0, 0, 0, 0, 0, 0, 0, 0, 0, 0, -0.00944593642, -0.0288265981, -0.0387510806, -0.00103423162, 0.00103282405, 0.698848188]}}
state_operation {'target': 'raptor', 'operation': 'restore', 'response': {'request_id': 25224000, 'applied_us': 25228000, 'target': 1, 'operation': 5, 'result': 0, 'dimension': 26, 'active': False, 'holding': True, 'values': [0.0500000007, 0.0500000007, 0.0500000007, 0.0500000007, 0.0500000007, 0.0500000007, 0.0500000007, 0.0500000007, 0.0500000007, 0.0500000007, 0.0500000007, 0.0500000007, 0.0500000007, 0.0500000007, 0.0500000007, 0.0500000007, 0.0299999993, 0.0299999993, 0.0299999993, 0.0299999993, -0.00944593642, -0.0288265981, -0.0387510806, -0.00103423162, 0.00103282405, 0.698848188]}}
state_operation {'target': 'raptor', 'operation': 'inject', 'response': {'request_id': 25244000, 'applied_us': 25248000, 'target': 1, 'operation': 6, 'result': 3, 'dimension': 26, 'active': False, 'holding': True, 'values': [0.0500000007, 0.0500000007, 0.0500000007, 0.0500000007, 0.0500000007, 0.0500000007, 0.0500000007, 0.0500000007, 0.0500000007, 0.0500000007, 0.0500000007, 0.0500000007, 0.0500000007, 0.0500000007, 0.0500000007, 0.0500000007, 0.0299999993, 0.0299999993, 0.0299999993, 0.0299999993, -0.00944593642, -0.0288265981, -0.0387510806, -0.00103423162, 0.00103282405, 0.698848188]}}
state_operation {'target': 'raptor', 'operation': 'inject', 'response': {'request_id': 25264000, 'applied_us': 25268000, 'target': 1, 'operation': 6, 'result': 4, 'dimension': 26, 'active': False, 'holding': True, 'values': [0.0500000007, 0.0500000007, 0.0500000007, 0.0500000007, 0.0500000007, 0.0500000007, 0.0500000007, 0.0500000007, 0.0500000007, 0.0500000007, 0.0500000007, 0.0500000007, 0.0500000007, 0.0500000007, 0.0500000007, 0.0500000007, 0.0299999993, 0.0299999993, 0.0299999993, 0.0299999993, -0.00944593642, -0.0288265981, -0.0387510806, -0.00103423162, 0.00103282405, 0.698848188]}}
state_operation {'target': 'raptor', 'operation': 'inject', 'response': {'request_id': 25284000, 'applied_us': 25288000, 'target': 1, 'operation': 6, 'result': 5, 'dimension': 26, 'active': False, 'holding': True, 'values': [0.0500000007, 0.0500000007, 0.0500000007, 0.0500000007, 0.0500000007, 0.0500000007, 0.0500000007, 0.0500000007, 0.0500000007, 0.0500000007, 0.0500000007, 0.0500000007, 0.0500000007, 0.0500000007, 0.0500000007, 0.0500000007, 0.0299999993, 0.0299999993, 0.0299999993, 0.0299999993, -0.00944593642, -0.0288265981, -0.0387510806, -0.00103423162, 0.00103282405, 0.698848188]}}
state_operation {'target': 'raptor', 'operation': 'reset', 'response': {'request_id': 25300000, 'applied_us': 25304000, 'target': 1, 'operation': 3, 'result': 0, 'dimension': 26, 'active': False, 'holding': True, 'values': [0, 0, 0, 0, 0, 0, 0, 0, 0, 0, 0, 0, 0, 0, 0, 0, 0, 0, 0, 0, -0.00944593642, -0.0288265981, -0.0387510806, -0.00103423162, 0.00103282405, 0.698848188]}}
state_operation {'target': 'raptor', 'operation': 'release', 'response': {'request_id': 25320000, 'applied_us': 25324000, 'target': 1, 'operation': 7, 'result': 0, 'dimension': 26, 'active': False, 'holding': False, 'values': [0, 0, 0, 0, 0, 0, 0, 0, 0, 0, 0, 0, 0, 0, 0, 0, 0, 0, 0, 0, -0.00944593642, -0.0288265981, -0.0387510806, -0.00103423162, 0.00103282405, 0.698848188]}}
state_operation {'target': 'rate', 'operation': 'hold', 'response': {'request_id': 25340000, 'applied_us': 25344000, 'target': 2, 'operation': 4, 'result': 0, 'dimension': 3, 'active': False, 'holding': True, 'values': [0, 0, 0]}}
state_operation {'target': 'rate', 'operation': 'read', 'response': {'request_id': 25360000, 'applied_us': 25364000, 'target': 2, 'operation': 1, 'result': 0, 'dimension': 3, 'active': False, 'holding': True, 'values': [0, 0, 0]}}
state_operation {'target': 'rate', 'operation': 'inject', 'response': {'request_id': 25380000, 'applied_us': 25384000, 'target': 2, 'operation': 6, 'result': 0, 'dimension': 3, 'active': False, 'holding': True, 'values': [0.00999999978, -0.00999999978, 0.0149999997]}}
state_operation {'target': 'rate', 'operation': 'read', 'response': {'request_id': 25400000, 'applied_us': 25404000, 'target': 2, 'operation': 1, 'result': 0, 'dimension': 3, 'active': False, 'holding': True, 'values': [0.00999999978, -0.00999999978, 0.0149999997]}}
state_operation {'target': 'rate', 'operation': 'snapshot', 'response': {'request_id': 25420000, 'applied_us': 25424000, 'target': 2, 'operation': 2, 'result': 0, 'dimension': 3, 'active': False, 'holding': True, 'values': [0.00999999978, -0.00999999978, 0.0149999997]}}
state_operation {'target': 'rate', 'operation': 'reset', 'response': {'request_id': 25436000, 'applied_us': 25440000, 'target': 2, 'operation': 3, 'result': 0, 'dimension': 3, 'active': False, 'holding': True, 'values': [0, 0, 0]}}
state_operation {'target': 'rate', 'operation': 'restore', 'response': {'request_id': 25456000, 'applied_us': 25460000, 'target': 2, 'operation': 5, 'result': 0, 'dimension': 3, 'active': False, 'holding': True, 'values': [0.00999999978, -0.00999999978, 0.0149999997]}}
state_operation {'target': 'rate', 'operation': 'inject', 'response': {'request_id': 25476000, 'applied_us': 25480000, 'target': 2, 'operation': 6, 'result': 3, 'dimension': 3, 'active': False, 'holding': True, 'values': [0.00999999978, -0.00999999978, 0.0149999997]}}
state_operation {'target': 'rate', 'operation': 'inject', 'response': {'request_id': 25496000, 'applied_us': 25500000, 'target': 2, 'operation': 6, 'result': 4, 'dimension': 3, 'active': False, 'holding': True, 'values': [0.00999999978, -0.00999999978, 0.0149999997]}}
state_operation {'target': 'rate', 'operation': 'inject', 'response': {'request_id': 25516000, 'applied_us': 25520000, 'target': 2, 'operation': 6, 'result': 5, 'dimension': 3, 'active': False, 'holding': True, 'values': [0.00999999978, -0.00999999978, 0.0149999997]}}
state_operation {'target': 'rate', 'operation': 'reset', 'response': {'request_id': 25532000, 'applied_us': 25536000, 'target': 2, 'operation': 3, 'result': 0, 'dimension': 3, 'active': False, 'holding': True, 'values': [0, 0, 0]}}
state_operation {'target': 'rate', 'operation': 'release', 'response': {'request_id': 25552000, 'applied_us': 25556000, 'target': 2, 'operation': 7, 'result': 0, 'dimension': 3, 'active': False, 'holding': False, 'values': [0, 0, 0]}}
state_operation {'target': 'velocity', 'operation': 'hold', 'response': {'request_id': 25568000, 'applied_us': 25576000, 'target': 3, 'operation': 4, 'result': 0, 'dimension': 3, 'active': False, 'holding': True, 'values': [0, 0, 0]}}
state_operation {'target': 'velocity', 'operation': 'read', 'response': {'request_id': 25592000, 'applied_us': 25600000, 'target': 3, 'operation': 1, 'result': 0, 'dimension': 3, 'active': False, 'holding': True, 'values': [0, 0, 0]}}
state_operation {'target': 'velocity', 'operation': 'inject', 'response': {'request_id': 25616000, 'applied_us': 25624000, 'target': 3, 'operation': 6, 'result': 0, 'dimension': 3, 'active': False, 'holding': True, 'values': [0.00999999978, -0.00999999978, 0.0149999997]}}
state_operation {'target': 'velocity', 'operation': 'read', 'response': {'request_id': 25640000, 'applied_us': 25648000, 'target': 3, 'operation': 1, 'result': 0, 'dimension': 3, 'active': False, 'holding': True, 'values': [0.00999999978, -0.00999999978, 0.0149999997]}}
state_operation {'target': 'velocity', 'operation': 'snapshot', 'response': {'request_id': 25664000, 'applied_us': 25672000, 'target': 3, 'operation': 2, 'result': 0, 'dimension': 3, 'active': False, 'holding': True, 'values': [0.00999999978, -0.00999999978, 0.0149999997]}}
state_operation {'target': 'velocity', 'operation': 'reset', 'response': {'request_id': 25688000, 'applied_us': 25696000, 'target': 3, 'operation': 3, 'result': 0, 'dimension': 3, 'active': False, 'holding': True, 'values': [0, 0, 0]}}
state_operation {'target': 'velocity', 'operation': 'restore', 'response': {'request_id': 25708000, 'applied_us': 25712000, 'target': 3, 'operation': 5, 'result': 0, 'dimension': 3, 'active': False, 'holding': True, 'values': [0.00999999978, -0.00999999978, 0.0149999997]}}
state_operation {'target': 'velocity', 'operation': 'inject', 'response': {'request_id': 25728000, 'applied_us': 25736000, 'target': 3, 'operation': 6, 'result': 3, 'dimension': 3, 'active': False, 'holding': True, 'values': [0.00999999978, -0.00999999978, 0.0149999997]}}
state_operation {'target': 'velocity', 'operation': 'inject', 'response': {'request_id': 25752000, 'applied_us': 25760000, 'target': 3, 'operation': 6, 'result': 4, 'dimension': 3, 'active': False, 'holding': True, 'values': [0.00999999978, -0.00999999978, 0.0149999997]}}
state_operation {'target': 'velocity', 'operation': 'inject', 'response': {'request_id': 25776000, 'applied_us': 25784000, 'target': 3, 'operation': 6, 'result': 5, 'dimension': 3, 'active': False, 'holding': True, 'values': [0.00999999978, -0.00999999978, 0.0149999997]}}
state_operation {'target': 'velocity', 'operation': 'reset', 'response': {'request_id': 25800000, 'applied_us': 25808000, 'target': 3, 'operation': 3, 'result': 0, 'dimension': 3, 'active': False, 'holding': True, 'values': [0, 0, 0]}}
state_operation {'target': 'velocity', 'operation': 'release', 'response': {'request_id': 25828000, 'applied_us': 25832000, 'target': 3, 'operation': 7, 'result': 0, 'dimension': 3, 'active': False, 'holding': False, 'values': [0, 0, 0]}}
command_requested {'command': 400, 'params': {'param1': 1}}
command_ack {'command': 400, 'result': 0, 'timestamp': 1791547693435221}
ready {'condition': 'command acknowledgement'}
command_requested {'command': 22, 'params': {'param4': None, 'param5': None, 'param6': None, 'param7': 3.1659847646951675}}
command_ack {'command': 22, 'result': 0, 'timestamp': 1791547693531221}
ready {'condition': 'command acknowledgement'}
ready {'condition': 'takeoff altitude'}
command_requested {'command': 100001, 'params': {'param1': 4}}
command_ack {'command': 100001, 'result': 0, 'timestamp': 1791547701967225}
ready {'condition': 'command acknowledgement'}
ready {'condition': 'nav_state=4'}
mode_confirmed {'mode': 4, 'px4_timestamp': 1791547701967225}
hover_started {'label': 'classic_before', 'duration_s': 10}
ready {'condition': 'simulation hover duration classic_before'}
hover_ended {'label': 'classic_before'}
state_operation {'target': 'rate', 'operation': 'snapshot', 'response': {'request_id': 44628000, 'applied_us': 44632000, 'target': 2, 'operation': 2, 'result': 0, 'dimension': 3, 'active': True, 'holding': False, 'values': [-5.30023353e-05, 5.10396894e-05, 5.15473403e-05]}}
state_operation {'target': 'velocity', 'operation': 'snapshot', 'response': {'request_id': 44648000, 'applied_us': 44652000, 'target': 3, 'operation': 2, 'result': 0, 'dimension': 3, 'active': True, 'holding': False, 'values': [0.00616268534, 0.00288225082, 0.0111338729]}}
handover_requested {'from_controller': 'C', 'to_controller': 'N', 'iteration': 0}
command_requested {'command': 100001, 'params': {'param1': 23}}
command_ack {'command': 100001, 'result': 0, 'timestamp': 1791547712263227}
ready {'condition': 'command acknowledgement'}
ready {'condition': 'nav_state=23'}
mode_confirmed {'mode': 23, 'px4_timestamp': 1791547712275227}
state_operation {'target': 'raptor', 'operation': 'restore', 'response': {'request_id': 44900000, 'applied_us': 44904000, 'target': 1, 'operation': 5, 'result': 2, 'dimension': 26, 'active': True, 'holding': False, 'values': [-0.378113329, 0.0509278104, 0.30542329, 0.479476571, 0.335579664, 0.518285036, 0.420082361, -0.192147419, -0.800162613, 0.820436299, 0.352393717, 0.248919711, 0.120999545, -0.481510639, -0.624712646, -0.433023304, 0.557293534, 0.558701992, 0.52454567, 0.511255205, -0.0115957232, -0.0494146533, -2.98374653, 0, 0, 0]}}
state_operation {'target': 'raptor', 'operation': 'inject', 'response': {'request_id': 44920000, 'applied_us': 44924000, 'target': 1, 'operation': 6, 'result': 2, 'dimension': 26, 'active': True, 'holding': False, 'values': [-0.373620301, 0.052702345, 0.309218884, 0.484922022, 0.339433879, 0.511490941, 0.409462005, -0.207269862, -0.798100412, 0.823701739, 0.361151248, 0.253877431, 0.130316392, -0.466028512, -0.608580709, -0.413602173, 0.551052272, 0.545115113, 0.519664466, 0.515103161, -0.0115957232, -0.0494146533, -2.98374653, 0, 0, 0]}}
state_operation {'target': 'raptor', 'operation': 'reset', 'response': {'request_id': 44940000, 'applied_us': 44944000, 'target': 1, 'operation': 3, 'result': 0, 'dimension': 26, 'active': True, 'holding': False, 'values': [0, 0, 0, 0, 0, 0, 0, 0, 0, 0, 0, 0, 0, 0, 0, 0, 0, 0, 0, 0, -0.0115957232, -0.0494146533, -2.98374653, 0, 0, 0]}}
state_operation {'target': 'rate', 'operation': 'reset', 'response': {'request_id': 44960000, 'applied_us': 44964000, 'target': 2, 'operation': 3, 'result': 0, 'dimension': 3, 'active': False, 'holding': False, 'values': [0, 0, 0]}}
state_operation {'target': 'velocity', 'operation': 'reset', 'response': {'request_id': 44980000, 'applied_us': 44988000, 'target': 3, 'operation': 3, 'result': 0, 'dimension': 3, 'active': False, 'holding': False, 'values': [0, 0, 0]}}
hover_started {'label': 'neural', 'duration_s': 5}
ready {'condition': 'simulation hover duration neural'}
hover_ended {'label': 'neural'}
handover_requested {'from_controller': 'N', 'to_controller': 'C', 'iteration': 0}
command_requested {'command': 100001, 'params': {'param1': 4}}
command_ack {'command': 100001, 'result': 0, 'timestamp': 1791547717507227}
ready {'condition': 'command acknowledgement'}
ready {'condition': 'nav_state=4'}
mode_confirmed {'mode': 4, 'px4_timestamp': 1791547717519227}
hover_started {'label': 'classic_after', 'duration_s': 10}
ready {'condition': 'simulation hover duration classic_after'}
hover_ended {'label': 'classic_after'}
command_requested {'command': 21, 'params': {}}
command_ack {'command': 21, 'result': 0, 'timestamp': 1791547727779227}
ready {'condition': 'command acknowledgement'}
ready {'condition': 'landing'}
ready {'condition': 'disarmed'}
process_stopped {'name': 'agent-reconnected', 'pid': 771432, 'exit_code': -2}
process_stopped {'name': 'px4', 'pid': 770902, 'exit_code': 0}
process_stopped {'name': 'tegrastats', 'pid': 770865, 'exit_code': -2}
process_stopped {'name': 'gz-stats', 'pid': 770864, 'exit_code': 0}
process_stopped {'name': 'gazebo', 'pid': 770863, 'exit_code': 0}
process_stopped {'name': 'agent', 'pid': 770862, 'exit_code': -2}
/home/car/uav_handover/data/final-state_reset PASS
