created {'thresholds': {'seed': 42, 'instance': 21, 'ros_domain_id': 71, 'agent_port': 18888, 'startup_timeout_s': 90, 'takeoff_timeout_s': 45, 'landing_timeout_s': 60, 'hover_s': 10, 'neural_s': 5, 'repetitions': 3, 'altitude_m': 3, 'hover_max_error_m': 1.0, 'hover_max_tilt_deg': 15, 'safety_radius_m': 10, 'safety_altitude_m': 8, 'safety_tilt_deg': 45, 'safety_angular_rate_rad_s': 8, 'inference_p99_us': 2500, 'settling_band_m': 0.2, 'settling_dwell_s': 2.0}}
process_started {'name': 'agent', 'pid': 780969, 'command': ['/home/car/uav_handover/uav_lab/scripts/MicroXRCEAgent', 'udp4', '-p', '18888', '-v', '4']}
process_started {'name': 'gazebo', 'pid': 780970, 'command': ['gz', 'sim', '-r', '-s', '-v', '3', '/home/car/uav_handover/uav_lab/.local/checkouts/px4-raptor/Tools/simulation/gz/worlds/default.sdf']}
process_started {'name': 'gz-stats', 'pid': 780971, 'command': ['gz', 'topic', '-e', '-t', '/world/default/stats']}
process_started {'name': 'tegrastats', 'pid': 780972, 'command': ['/usr/bin/tegrastats', '--interval', '1000']}
process_started {'name': 'px4', 'pid': 781009, 'command': ['/home/car/uav_handover/uav_lab/.local/checkouts/px4-raptor/build/px4_sitl_raptor/bin/px4', '-d', '-i', '21', '-w', '/home/car/uav_handover/data/final-state_restore-02/rootfs', '/home/car/uav_handover/data/final-state_restore-02/rootfs/etc']}
command_ack {'command': 211, 'result': 0, 'timestamp': 1791548320016997}
ready {'condition': 'PX4 DDS telemetry'}
mavlink_identity {'system_id': 22, 'autopilot': 12, 'udp_port': 18591}
process_started {'name': 'agent-reconnected', 'pid': 781525, 'command': ['/home/car/uav_handover/uav_lab/scripts/MicroXRCEAgent', 'udp4', '-p', '18888', '-v', '4']}
command_ack {'command': 211, 'result': 0, 'timestamp': 1791548320016985}
ready {'condition': 'DDS Client reconnection with fresh telemetry'}
command_requested {'command': 176, 'params': {'param1': 1, 'param2': 4, 'param3': 3}}
command_ack {'command': 176, 'result': 0, 'timestamp': 1791548335928989}
ready {'condition': 'command acknowledgement'}
command_requested {'command': 100001, 'params': {'param1': 14}}
command_ack {'command': 100001, 'result': 0, 'timestamp': 1791548337032988}
ready {'condition': 'command acknowledgement'}
ready {'condition': 'nav_state=14'}
mode_confirmed {'mode': 14, 'px4_timestamp': 1791548337044988}
command_requested {'command': 100001, 'params': {'param1': 4}}
command_ack {'command': 100001, 'result': 0, 'timestamp': 1791548337512988}
ready {'condition': 'command acknowledgement'}
ready {'condition': 'nav_state=4'}
mode_confirmed {'mode': 4, 'px4_timestamp': 1791548337524988}
state_operation {'target': 'raptor', 'operation': 'read', 'response': {'request_id': 23032000, 'applied_us': 23036000, 'target': 1, 'operation': 1, 'result': 1, 'dimension': 26, 'active': False, 'holding': False, 'values': [-0.214376375, -0.236693472, -0.371095002, -0.661621094, -0.389853328, -0.402729124, -0.372877955, -0.177492127, -0.828592181, 0.972333014, 0.000548038399, -0.524243057, 0.617758751, 0.876352191, -0.545906544, 0.656037331, -0.775369287, -0.747683883, -0.612159312, -0.609539866, -0.0139803011, 0.00258663273, 0.0052581178, -0.000511750579, -0.000511750579, 0.699487984]}}
ready {'condition': 'valid local position'}
state_operation {'target': 'raptor', 'operation': 'hold', 'response': {'request_id': 27168000, 'applied_us': 27172000, 'target': 1, 'operation': 4, 'result': 0, 'dimension': 26, 'active': False, 'holding': True, 'values': [-0.207752943, -0.244565994, -0.369842678, -0.65343231, -0.392589867, -0.398516059, -0.381947577, -0.175455824, -0.830813468, 0.972642958, -0.0218557715, -0.519533098, 0.620023131, 0.875297785, -0.544124424, 0.658394516, -0.779814661, -0.74836427, -0.604732692, -0.599044919, -0.0212385114, -0.0139805777, -0.00143890013, -0.000511844119, -0.000511844119, 0.699487984]}}
state_operation {'target': 'raptor', 'operation': 'read', 'response': {'request_id': 27188000, 'applied_us': 27192000, 'target': 1, 'operation': 1, 'result': 0, 'dimension': 26, 'active': False, 'holding': True, 'values': [-0.207752943, -0.244565994, -0.369842678, -0.65343231, -0.392589867, -0.398516059, -0.381947577, -0.175455824, -0.830813468, 0.972642958, -0.0218557715, -0.519533098, 0.620023131, 0.875297785, -0.544124424, 0.658394516, -0.779814661, -0.74836427, -0.604732692, -0.599044919, -0.0212385114, -0.0139805777, -0.00143890013, -0.000511844119, -0.000511844119, 0.699487984]}}
state_operation {'target': 'raptor', 'operation': 'inject', 'response': {'request_id': 27208000, 'applied_us': 27212000, 'target': 1, 'operation': 6, 'result': 0, 'dimension': 26, 'active': False, 'holding': True, 'values': [0.0500000007, 0.0500000007, 0.0500000007, 0.0500000007, 0.0500000007, 0.0500000007, 0.0500000007, 0.0500000007, 0.0500000007, 0.0500000007, 0.0500000007, 0.0500000007, 0.0500000007, 0.0500000007, 0.0500000007, 0.0500000007, 0.0299999993, 0.0299999993, 0.0299999993, 0.0299999993, -0.0212385114, -0.0139805777, -0.00143890013, -0.000511844119, -0.000511844119, 0.699487984]}}
state_operation {'target': 'raptor', 'operation': 'read', 'response': {'request_id': 27228000, 'applied_us': 27232000, 'target': 1, 'operation': 1, 'result': 0, 'dimension': 26, 'active': False, 'holding': True, 'values': [0.0500000007, 0.0500000007, 0.0500000007, 0.0500000007, 0.0500000007, 0.0500000007, 0.0500000007, 0.0500000007, 0.0500000007, 0.0500000007, 0.0500000007, 0.0500000007, 0.0500000007, 0.0500000007, 0.0500000007, 0.0500000007, 0.0299999993, 0.0299999993, 0.0299999993, 0.0299999993, -0.0212385114, -0.0139805777, -0.00143890013, -0.000511844119, -0.000511844119, 0.699487984]}}
state_operation {'target': 'raptor', 'operation': 'snapshot', 'response': {'request_id': 27248000, 'applied_us': 27248000, 'target': 1, 'operation': 2, 'result': 0, 'dimension': 26, 'active': False, 'holding': True, 'values': [0.0500000007, 0.0500000007, 0.0500000007, 0.0500000007, 0.0500000007, 0.0500000007, 0.0500000007, 0.0500000007, 0.0500000007, 0.0500000007, 0.0500000007, 0.0500000007, 0.0500000007, 0.0500000007, 0.0500000007, 0.0500000007, 0.0299999993, 0.0299999993, 0.0299999993, 0.0299999993, -0.0212385114, -0.0139805777, -0.00143890013, -0.000511844119, -0.000511844119, 0.699487984]}}
state_operation {'target': 'raptor', 'operation': 'reset', 'response': {'request_id': 27264000, 'applied_us': 27268000, 'target': 1, 'operation': 3, 'result': 0, 'dimension': 26, 'active': False, 'holding': True, 'values': [0, 0, 0, 0, 0, 0, 0, 0, 0, 0, 0, 0, 0, 0, 0, 0, 0, 0, 0, 0, -0.0212385114, -0.0139805777, -0.00143890013, -0.000511844119, -0.000511844119, 0.699487984]}}
state_operation {'target': 'raptor', 'operation': 'restore', 'response': {'request_id': 27284000, 'applied_us': 27288000, 'target': 1, 'operation': 5, 'result': 0, 'dimension': 26, 'active': False, 'holding': True, 'values': [0.0500000007, 0.0500000007, 0.0500000007, 0.0500000007, 0.0500000007, 0.0500000007, 0.0500000007, 0.0500000007, 0.0500000007, 0.0500000007, 0.0500000007, 0.0500000007, 0.0500000007, 0.0500000007, 0.0500000007, 0.0500000007, 0.0299999993, 0.0299999993, 0.0299999993, 0.0299999993, -0.0212385114, -0.0139805777, -0.00143890013, -0.000511844119, -0.000511844119, 0.699487984]}}
state_operation {'target': 'raptor', 'operation': 'inject', 'response': {'request_id': 27304000, 'applied_us': 27308000, 'target': 1, 'operation': 6, 'result': 3, 'dimension': 26, 'active': False, 'holding': True, 'values': [0.0500000007, 0.0500000007, 0.0500000007, 0.0500000007, 0.0500000007, 0.0500000007, 0.0500000007, 0.0500000007, 0.0500000007, 0.0500000007, 0.0500000007, 0.0500000007, 0.0500000007, 0.0500000007, 0.0500000007, 0.0500000007, 0.0299999993, 0.0299999993, 0.0299999993, 0.0299999993, -0.0212385114, -0.0139805777, -0.00143890013, -0.000511844119, -0.000511844119, 0.699487984]}}
state_operation {'target': 'raptor', 'operation': 'inject', 'response': {'request_id': 27324000, 'applied_us': 27328000, 'target': 1, 'operation': 6, 'result': 4, 'dimension': 26, 'active': False, 'holding': True, 'values': [0.0500000007, 0.0500000007, 0.0500000007, 0.0500000007, 0.0500000007, 0.0500000007, 0.0500000007, 0.0500000007, 0.0500000007, 0.0500000007, 0.0500000007, 0.0500000007, 0.0500000007, 0.0500000007, 0.0500000007, 0.0500000007, 0.0299999993, 0.0299999993, 0.0299999993, 0.0299999993, -0.0212385114, -0.0139805777, -0.00143890013, -0.000511844119, -0.000511844119, 0.699487984]}}
state_operation {'target': 'raptor', 'operation': 'inject', 'response': {'request_id': 27344000, 'applied_us': 27348000, 'target': 1, 'operation': 6, 'result': 5, 'dimension': 26, 'active': False, 'holding': True, 'values': [0.0500000007, 0.0500000007, 0.0500000007, 0.0500000007, 0.0500000007, 0.0500000007, 0.0500000007, 0.0500000007, 0.0500000007, 0.0500000007, 0.0500000007, 0.0500000007, 0.0500000007, 0.0500000007, 0.0500000007, 0.0500000007, 0.0299999993, 0.0299999993, 0.0299999993, 0.0299999993, -0.0212385114, -0.0139805777, -0.00143890013, -0.000511844119, -0.000511844119, 0.699487984]}}
state_operation {'target': 'raptor', 'operation': 'reset', 'response': {'request_id': 27364000, 'applied_us': 27368000, 'target': 1, 'operation': 3, 'result': 0, 'dimension': 26, 'active': False, 'holding': True, 'values': [0, 0, 0, 0, 0, 0, 0, 0, 0, 0, 0, 0, 0, 0, 0, 0, 0, 0, 0, 0, -0.0212385114, -0.0139805777, -0.00143890013, -0.000511844119, -0.000511844119, 0.699487984]}}
state_operation {'target': 'raptor', 'operation': 'release', 'response': {'request_id': 27384000, 'applied_us': 27384000, 'target': 1, 'operation': 7, 'result': 0, 'dimension': 26, 'active': False, 'holding': False, 'values': [0, 0, 0, 0, 0, 0, 0, 0, 0, 0, 0, 0, 0, 0, 0, 0, 0, 0, 0, 0, -0.0212385114, -0.0139805777, -0.00143890013, -0.000511844119, -0.000511844119, 0.699487984]}}
state_operation {'target': 'rate', 'operation': 'hold', 'response': {'request_id': 27404000, 'applied_us': 27404000, 'target': 2, 'operation': 4, 'result': 0, 'dimension': 3, 'active': False, 'holding': True, 'values': [0, 0, 0]}}
state_operation {'target': 'rate', 'operation': 'read', 'response': {'request_id': 27420000, 'applied_us': 27424000, 'target': 2, 'operation': 1, 'result': 0, 'dimension': 3, 'active': False, 'holding': True, 'values': [0, 0, 0]}}
state_operation {'target': 'rate', 'operation': 'inject', 'response': {'request_id': 27440000, 'applied_us': 27444000, 'target': 2, 'operation': 6, 'result': 0, 'dimension': 3, 'active': False, 'holding': True, 'values': [0.00999999978, -0.00999999978, 0.0149999997]}}
state_operation {'target': 'rate', 'operation': 'read', 'response': {'request_id': 27460000, 'applied_us': 27464000, 'target': 2, 'operation': 1, 'result': 0, 'dimension': 3, 'active': False, 'holding': True, 'values': [0.00999999978, -0.00999999978, 0.0149999997]}}
state_operation {'target': 'rate', 'operation': 'snapshot', 'response': {'request_id': 27480000, 'applied_us': 27484000, 'target': 2, 'operation': 2, 'result': 0, 'dimension': 3, 'active': False, 'holding': True, 'values': [0.00999999978, -0.00999999978, 0.0149999997]}}
state_operation {'target': 'rate', 'operation': 'reset', 'response': {'request_id': 27500000, 'applied_us': 27500000, 'target': 2, 'operation': 3, 'result': 0, 'dimension': 3, 'active': False, 'holding': True, 'values': [0, 0, 0]}}
state_operation {'target': 'rate', 'operation': 'restore', 'response': {'request_id': 27516000, 'applied_us': 27520000, 'target': 2, 'operation': 5, 'result': 0, 'dimension': 3, 'active': False, 'holding': True, 'values': [0.00999999978, -0.00999999978, 0.0149999997]}}
state_operation {'target': 'rate', 'operation': 'inject', 'response': {'request_id': 27536000, 'applied_us': 27540000, 'target': 2, 'operation': 6, 'result': 3, 'dimension': 3, 'active': False, 'holding': True, 'values': [0.00999999978, -0.00999999978, 0.0149999997]}}
state_operation {'target': 'rate', 'operation': 'inject', 'response': {'request_id': 27556000, 'applied_us': 27560000, 'target': 2, 'operation': 6, 'result': 4, 'dimension': 3, 'active': False, 'holding': True, 'values': [0.00999999978, -0.00999999978, 0.0149999997]}}
state_operation {'target': 'rate', 'operation': 'inject', 'response': {'request_id': 27576000, 'applied_us': 27580000, 'target': 2, 'operation': 6, 'result': 5, 'dimension': 3, 'active': False, 'holding': True, 'values': [0.00999999978, -0.00999999978, 0.0149999997]}}
state_operation {'target': 'rate', 'operation': 'reset', 'response': {'request_id': 27596000, 'applied_us': 27600000, 'target': 2, 'operation': 3, 'result': 0, 'dimension': 3, 'active': False, 'holding': True, 'values': [0, 0, 0]}}
state_operation {'target': 'rate', 'operation': 'release', 'response': {'request_id': 27616000, 'applied_us': 27620000, 'target': 2, 'operation': 7, 'result': 0, 'dimension': 3, 'active': False, 'holding': False, 'values': [0, 0, 0]}}
state_operation {'target': 'velocity', 'operation': 'hold', 'response': {'request_id': 27632000, 'applied_us': 27640000, 'target': 3, 'operation': 4, 'result': 0, 'dimension': 3, 'active': False, 'holding': True, 'values': [0, 0, 0]}}
state_operation {'target': 'velocity', 'operation': 'read', 'response': {'request_id': 27656000, 'applied_us': 27664000, 'target': 3, 'operation': 1, 'result': 0, 'dimension': 3, 'active': False, 'holding': True, 'values': [0, 0, 0]}}
state_operation {'target': 'velocity', 'operation': 'inject', 'response': {'request_id': 27680000, 'applied_us': 27688000, 'target': 3, 'operation': 6, 'result': 0, 'dimension': 3, 'active': False, 'holding': True, 'values': [0.00999999978, -0.00999999978, 0.0149999997]}}
state_operation {'target': 'velocity', 'operation': 'read', 'response': {'request_id': 27700000, 'applied_us': 27704000, 'target': 3, 'operation': 1, 'result': 0, 'dimension': 3, 'active': False, 'holding': True, 'values': [0.00999999978, -0.00999999978, 0.0149999997]}}
state_operation {'target': 'velocity', 'operation': 'snapshot', 'response': {'request_id': 27720000, 'applied_us': 27728000, 'target': 3, 'operation': 2, 'result': 0, 'dimension': 3, 'active': False, 'holding': True, 'values': [0.00999999978, -0.00999999978, 0.0149999997]}}
state_operation {'target': 'velocity', 'operation': 'reset', 'response': {'request_id': 27744000, 'applied_us': 27752000, 'target': 3, 'operation': 3, 'result': 0, 'dimension': 3, 'active': False, 'holding': True, 'values': [0, 0, 0]}}
state_operation {'target': 'velocity', 'operation': 'restore', 'response': {'request_id': 27768000, 'applied_us': 27776000, 'target': 3, 'operation': 5, 'result': 0, 'dimension': 3, 'active': False, 'holding': True, 'values': [0.00999999978, -0.00999999978, 0.0149999997]}}
state_operation {'target': 'velocity', 'operation': 'inject', 'response': {'request_id': 27792000, 'applied_us': 27800000, 'target': 3, 'operation': 6, 'result': 3, 'dimension': 3, 'active': False, 'holding': True, 'values': [0.00999999978, -0.00999999978, 0.0149999997]}}
state_operation {'target': 'velocity', 'operation': 'inject', 'response': {'request_id': 27816000, 'applied_us': 27824000, 'target': 3, 'operation': 6, 'result': 4, 'dimension': 3, 'active': False, 'holding': True, 'values': [0.00999999978, -0.00999999978, 0.0149999997]}}
state_operation {'target': 'velocity', 'operation': 'inject', 'response': {'request_id': 27840000, 'applied_us': 27848000, 'target': 3, 'operation': 6, 'result': 5, 'dimension': 3, 'active': False, 'holding': True, 'values': [0.00999999978, -0.00999999978, 0.0149999997]}}
state_operation {'target': 'velocity', 'operation': 'reset', 'response': {'request_id': 27860000, 'applied_us': 27864000, 'target': 3, 'operation': 3, 'result': 0, 'dimension': 3, 'active': False, 'holding': True, 'values': [0, 0, 0]}}
state_operation {'target': 'velocity', 'operation': 'release', 'response': {'request_id': 27880000, 'applied_us': 27888000, 'target': 3, 'operation': 7, 'result': 0, 'dimension': 3, 'active': False, 'holding': False, 'values': [0, 0, 0]}}
command_requested {'command': 400, 'params': {'param1': 1}}
command_ack {'command': 400, 'result': 0, 'timestamp': 1791548342624988}
ready {'condition': 'command acknowledgement'}
command_requested {'command': 22, 'params': {'param4': None, 'param5': None, 'param6': None, 'param7': None}}
command_ack {'command': 22, 'result': 0, 'timestamp': 1791548342720988}
ready {'condition': 'command acknowledgement'}
ready {'condition': 'takeoff altitude'}
command_requested {'command': 100001, 'params': {'param1': 4}}
command_ack {'command': 100001, 'result': 0, 'timestamp': 1791548351144987}
ready {'condition': 'command acknowledgement'}
ready {'condition': 'nav_state=4'}
mode_confirmed {'mode': 4, 'px4_timestamp': 1791548351144987}
hover_started {'label': 'classic_before', 'duration_s': 10}
ready {'condition': 'simulation hover duration classic_before'}
hover_ended {'label': 'classic_before'}
state_capture_started {'label': 'classic_before_handover'}
state_operation {'target': 'raptor', 'operation': 'read', 'response': {'request_id': 46664000, 'applied_us': 46668000, 'target': 1, 'operation': 1, 'result': 0, 'dimension': 26, 'active': False, 'holding': False, 'values': [-0.258914322, -0.0948144048, -0.0987081006, -0.149803489, -0.180162594, -0.0443670154, 0.360569209, -0.0861609206, -0.733861029, 0.812152207, 0.0909861699, -0.329477042, 0.229458034, 0.287188172, -0.528725088, 0.0139585724, -0.240062013, -0.253570437, -0.190231904, -0.172592655, -0.0102294441, -0.0156415328, -3.01615691, 9.21568594e-13, -4.26325641e-13, -0.00117874146]}}
state_operation {'target': 'rate', 'operation': 'read', 'response': {'request_id': 46684000, 'applied_us': 46688000, 'target': 2, 'operation': 1, 'result': 0, 'dimension': 3, 'active': True, 'holding': False, 'values': [6.69209621e-05, -2.55126524e-05, -2.18109144e-05]}}
state_operation {'target': 'velocity', 'operation': 'read', 'response': {'request_id': 46704000, 'applied_us': 46712000, 'target': 3, 'operation': 1, 'result': 0, 'dimension': 3, 'active': True, 'holding': False, 'values': [0.00103121798, -0.00233367551, 0.0122466786]}}
state_capture_finished {'label': 'classic_before_handover'}
state_operation {'target': 'rate', 'operation': 'snapshot', 'response': {'request_id': 46724000, 'applied_us': 46728000, 'target': 2, 'operation': 2, 'result': 0, 'dimension': 3, 'active': True, 'holding': False, 'values': [4.99121306e-05, -2.56310268e-05, -2.10075705e-05]}}
state_operation {'target': 'velocity', 'operation': 'snapshot', 'response': {'request_id': 46744000, 'applied_us': 46752000, 'target': 3, 'operation': 2, 'result': 0, 'dimension': 3, 'active': True, 'holding': False, 'values': [0.00083013525, -0.00260946294, 0.0119686453]}}
handover_requested {'from_controller': 'C', 'to_controller': 'N', 'iteration': 0}
command_requested {'command': 100001, 'params': {'param1': 23}}
command_ack {'command': 100001, 'result': 0, 'timestamp': 1791548361488988}
ready {'condition': 'command acknowledgement'}
ready {'condition': 'nav_state=23'}
mode_confirmed {'mode': 23, 'px4_timestamp': 1791548361500988}
ready {'condition': 'RAPTOR active diagnostic DDS'}
state_capture_started {'label': 'neural_after_entry'}
state_operation {'target': 'raptor', 'operation': 'read', 'response': {'request_id': 47104000, 'applied_us': 47108000, 'target': 1, 'operation': 1, 'result': 0, 'dimension': 26, 'active': True, 'holding': False, 'values': [-0.357260674, 0.0661028326, 0.311782718, 0.482536018, 0.347810924, 0.465150326, 0.360454857, -0.245827541, -0.799046457, 0.843658566, 0.376383215, 0.25334695, 0.166942954, -0.411061049, -0.558117449, -0.341157168, 0.513477564, 0.490454406, 0.509452343, 0.522867084, -0.00426761294, 0.0020389501, -2.98366833, 0, 0, 0]}}
state_operation {'target': 'rate', 'operation': 'read', 'response': {'request_id': 47120000, 'applied_us': 47124000, 'target': 2, 'operation': 1, 'result': 0, 'dimension': 3, 'active': False, 'holding': False, 'values': [2.28591762e-05, -3.43310494e-05, -2.06572313e-05]}}
state_operation {'target': 'velocity', 'operation': 'read', 'response': {'request_id': 47140000, 'applied_us': 47144000, 'target': 3, 'operation': 1, 'result': 0, 'dimension': 3, 'active': False, 'holding': False, 'values': [0, 0, 0]}}
state_capture_finished {'label': 'neural_after_entry'}
state_operation {'target': 'raptor', 'operation': 'restore', 'response': {'request_id': 47160000, 'applied_us': 47164000, 'target': 1, 'operation': 5, 'result': 2, 'dimension': 26, 'active': True, 'holding': False, 'values': [-0.357515216, 0.060426373, 0.304328054, 0.463240147, 0.343972415, 0.466059238, 0.337247759, -0.260990977, -0.795601904, 0.851557434, 0.380722076, 0.266330212, 0.194059476, -0.403441161, -0.551264942, -0.315723777, 0.497793287, 0.479385048, 0.498354942, 0.506332219, -0.00426761294, 0.0020389501, -2.98366833, 0, 0, 0]}}
state_operation {'target': 'raptor', 'operation': 'inject', 'response': {'request_id': 47180000, 'applied_us': 47184000, 'target': 1, 'operation': 6, 'result': 2, 'dimension': 26, 'active': True, 'holding': False, 'values': [-0.356176049, 0.0574699156, 0.299125403, 0.45548588, 0.338855505, 0.463289589, 0.326698631, -0.265994906, -0.794324875, 0.854626596, 0.379265308, 0.266719669, 0.204686478, -0.397939563, -0.547710598, -0.303244442, 0.487016708, 0.470270872, 0.490724921, 0.498180747, -0.00426761294, 0.0020389501, -2.98366833, 0, 0, 0]}}
state_operation {'target': 'raptor', 'operation': 'snapshot', 'response': {'request_id': 47200000, 'applied_us': 47204000, 'target': 1, 'operation': 2, 'result': 0, 'dimension': 26, 'active': True, 'holding': False, 'values': [-0.354902804, 0.0554620512, 0.296028674, 0.449035734, 0.334999084, 0.460474551, 0.320040971, -0.268413693, -0.793820679, 0.856474936, 0.377551585, 0.267204553, 0.211656839, -0.393893689, -0.545985401, -0.295418084, 0.481591344, 0.465223849, 0.486597329, 0.493498296, -0.00426761294, 0.0020389501, -2.98366833, 0, 0, 0]}}
hover_started {'label': 'neural', 'duration_s': 5}
ready {'condition': 'simulation hover duration neural'}
hover_ended {'label': 'neural'}
state_operation {'target': 'rate', 'operation': 'hold', 'response': {'request_id': 52136000, 'applied_us': 52140000, 'target': 2, 'operation': 4, 'result': 0, 'dimension': 3, 'active': False, 'holding': True, 'values': [2.28591762e-05, -3.43310494e-05, -2.06572313e-05]}}
state_operation {'target': 'velocity', 'operation': 'hold', 'response': {'request_id': 52156000, 'applied_us': 52160000, 'target': 3, 'operation': 4, 'result': 0, 'dimension': 3, 'active': False, 'holding': True, 'values': [0, 0, 0]}}
state_operation {'target': 'rate', 'operation': 'restore', 'response': {'request_id': 52176000, 'applied_us': 52180000, 'target': 2, 'operation': 5, 'result': 0, 'dimension': 3, 'active': False, 'holding': True, 'values': [4.99121306e-05, -2.56310268e-05, -2.10075705e-05]}}
state_operation {'target': 'velocity', 'operation': 'restore', 'response': {'request_id': 52196000, 'applied_us': 52200000, 'target': 3, 'operation': 5, 'result': 0, 'dimension': 3, 'active': False, 'holding': True, 'values': [0.00083013525, -0.00260946294, 0.0119686453]}}
state_capture_started {'label': 'neural_before_exit'}
state_operation {'target': 'raptor', 'operation': 'read', 'response': {'request_id': 52216000, 'applied_us': 52220000, 'target': 1, 'operation': 1, 'result': 0, 'dimension': 26, 'active': True, 'holding': False, 'values': [-0.355113298, 0.0519601293, 0.266987354, 0.408335418, 0.320647269, 0.45014897, 0.276676238, -0.264529228, -0.795854032, 0.867151558, 0.359977871, 0.263973415, 0.241838381, -0.389818937, -0.54946661, -0.263370007, 0.455554932, 0.452309906, 0.455685437, 0.457055271, -0.00426761294, 0.0020389501, -2.98366833, 0, 0, 0]}}
state_operation {'target': 'rate', 'operation': 'read', 'response': {'request_id': 52232000, 'applied_us': 52236000, 'target': 2, 'operation': 1, 'result': 0, 'dimension': 3, 'active': False, 'holding': True, 'values': [4.99121306e-05, -2.56310268e-05, -2.10075705e-05]}}
state_operation {'target': 'velocity', 'operation': 'read', 'response': {'request_id': 52256000, 'applied_us': 52256000, 'target': 3, 'operation': 1, 'result': 0, 'dimension': 3, 'active': False, 'holding': True, 'values': [0.00083013525, -0.00260946294, 0.0119686453]}}
state_capture_finished {'label': 'neural_before_exit'}
handover_requested {'from_controller': 'N', 'to_controller': 'C', 'iteration': 0}
command_requested {'command': 100001, 'params': {'param1': 4}}
command_ack {'command': 100001, 'result': 0, 'timestamp': 1791548366996988}
ready {'condition': 'command acknowledgement'}
ready {'condition': 'nav_state=4'}
mode_confirmed {'mode': 4, 'px4_timestamp': 1791548367008988}
state_operation {'target': 'rate', 'operation': 'release', 'response': {'request_id': 52476000, 'applied_us': 52480000, 'target': 2, 'operation': 7, 'result': 0, 'dimension': 3, 'active': True, 'holding': False, 'values': [4.99121306e-05, -2.56310268e-05, -2.10075705e-05]}}
state_operation {'target': 'velocity', 'operation': 'release', 'response': {'request_id': 52496000, 'applied_us': 52504000, 'target': 3, 'operation': 7, 'result': 0, 'dimension': 3, 'active': True, 'holding': False, 'values': [0.00083013525, -0.00260946294, 0.0119686453]}}
state_capture_started {'label': 'classic_after_entry'}
state_operation {'target': 'raptor', 'operation': 'read', 'response': {'request_id': 52520000, 'applied_us': 52524000, 'target': 1, 'operation': 1, 'result': 0, 'dimension': 26, 'active': False, 'holding': False, 'values': [-0.333443731, 0.0273400247, 0.199288949, 0.288482577, 0.249874219, 0.35222581, 0.266410172, -0.237855047, -0.792950511, 0.868407607, 0.317101091, 0.194301471, 0.269726664, -0.29102844, -0.528023839, -0.179842085, 0.309865803, 0.334680647, 0.366538882, 0.336831629, -0.0220938716, -0.00210973714, -2.97032332, 0.00296264701, 0.00382537325, -0.000157356262]}}
state_operation {'target': 'rate', 'operation': 'read', 'response': {'request_id': 52540000, 'applied_us': 52544000, 'target': 2, 'operation': 1, 'result': 0, 'dimension': 3, 'active': True, 'holding': False, 'values': [-0.000185834768, -0.000216853776, -2.04222179e-05]}}
state_operation {'target': 'velocity', 'operation': 'read', 'response': {'request_id': 52560000, 'applied_us': 52568000, 'target': 3, 'operation': 1, 'result': 0, 'dimension': 3, 'active': True, 'holding': False, 'values': [0.000554325059, -0.00288235513, 0.0122649912]}}
state_capture_finished {'label': 'classic_after_entry'}
hover_started {'label': 'classic_after', 'duration_s': 10}
ready {'condition': 'simulation hover duration classic_after'}
hover_ended {'label': 'classic_after'}
state_operation {'target': 'raptor', 'operation': 'hold', 'response': {'request_id': 62560000, 'applied_us': 62564000, 'target': 1, 'operation': 4, 'result': 0, 'dimension': 26, 'active': False, 'holding': True, 'values': [-0.271667451, -0.0652556494, -0.0821482763, -0.180900097, -0.165278032, -0.0272625834, 0.364712596, -0.0826322883, -0.725954413, 0.801940024, 0.114415109, -0.30775553, 0.21078591, 0.255588979, -0.536658704, 0.00326138991, -0.215125725, -0.199162662, -0.186740309, -0.206144243, -0.0177730154, 0.00346936076, -2.9706223, 0, 0, -4.76837158e-06]}}
state_operation {'target': 'raptor', 'operation': 'reset', 'response': {'request_id': 62580000, 'applied_us': 62584000, 'target': 1, 'operation': 3, 'result': 0, 'dimension': 26, 'active': False, 'holding': True, 'values': [0, 0, 0, 0, 0, 0, 0, 0, 0, 0, 0, 0, 0, 0, 0, 0, 0, 0, 0, 0, -0.0177730154, 0.00346936076, -2.9706223, 0, 0, -4.76837158e-06]}}
state_operation {'target': 'raptor', 'operation': 'restore', 'response': {'request_id': 62600000, 'applied_us': 62604000, 'target': 1, 'operation': 5, 'result': 0, 'dimension': 26, 'active': False, 'holding': True, 'values': [-0.354902804, 0.0554620512, 0.296028674, 0.449035734, 0.334999084, 0.460474551, 0.320040971, -0.268413693, -0.793820679, 0.856474936, 0.377551585, 0.267204553, 0.211656839, -0.393893689, -0.545985401, -0.295418084, 0.481591344, 0.465223849, 0.486597329, 0.493498296, -0.00426761294, 0.0020389501, -2.98366833, 0, 0, 0]}}
handover_requested {'from_controller': 'C', 'to_controller': 'N', 'iteration': 1}
command_requested {'command': 100001, 'params': {'param1': 23}}
command_ack {'command': 100001, 'result': 0, 'timestamp': 1791548377328988}
ready {'condition': 'command acknowledgement'}
ready {'condition': 'nav_state=23'}
mode_confirmed {'mode': 23, 'px4_timestamp': 1791548377352988}
state_operation {'target': 'raptor', 'operation': 'release', 'response': {'request_id': 62820000, 'applied_us': 62824000, 'target': 1, 'operation': 7, 'result': 0, 'dimension': 26, 'active': True, 'holding': False, 'values': [-0.354902804, 0.0554620512, 0.296028674, 0.449035734, 0.334999084, 0.460474551, 0.320040971, -0.268413693, -0.793820679, 0.856474936, 0.377551585, 0.267204553, 0.211656839, -0.393893689, -0.545985401, -0.295418084, 0.481591344, 0.465223849, 0.486597329, 0.493498296, -0.00426761294, 0.0020389501, -2.98366833, 0, 0, 0]}}
hover_started {'label': 'neural_restored', 'duration_s': 5}
ready {'condition': 'simulation hover duration neural_restored'}
hover_ended {'label': 'neural_restored'}
handover_requested {'from_controller': 'N', 'to_controller': 'C', 'iteration': 1}
command_requested {'command': 100001, 'params': {'param1': 4}}
command_ack {'command': 100001, 'result': 0, 'timestamp': 1791548382572988}
ready {'condition': 'command acknowledgement'}
ready {'condition': 'nav_state=4'}
mode_confirmed {'mode': 4, 'px4_timestamp': 1791548382584988}
hover_started {'label': 'classic_after_restore', 'duration_s': 10}
ready {'condition': 'simulation hover duration classic_after_restore'}
hover_ended {'label': 'classic_after_restore'}
command_requested {'command': 21, 'params': {}}
command_ack {'command': 21, 'result': 0, 'timestamp': 1791548392808988}
ready {'condition': 'command acknowledgement'}
ready {'condition': 'landing'}
ready {'condition': 'disarmed'}
process_stopped {'name': 'agent-reconnected', 'pid': 781525, 'exit_code': -2}
process_stopped {'name': 'px4', 'pid': 781009, 'exit_code': 0}
process_stopped {'name': 'tegrastats', 'pid': 780972, 'exit_code': -2}
process_stopped {'name': 'gz-stats', 'pid': 780971, 'exit_code': 0}
process_stopped {'name': 'gazebo', 'pid': 780970, 'exit_code': 0}
process_stopped {'name': 'agent', 'pid': 780969, 'exit_code': -2}
/home/car/uav_handover/data/final-state_restore-02 PASS
