created {'thresholds': {'seed': 42, 'instance': 21, 'ros_domain_id': 71, 'agent_port': 18888, 'startup_timeout_s': 90, 'takeoff_timeout_s': 45, 'landing_timeout_s': 60, 'hover_s': 10, 'neural_s': 5, 'repetitions': 3, 'altitude_m': 3, 'hover_max_error_m': 1.0, 'hover_max_tilt_deg': 15, 'safety_radius_m': 10, 'safety_altitude_m': 8, 'safety_tilt_deg': 45, 'safety_angular_rate_rad_s': 8, 'inference_p99_us': 2500, 'settling_band_m': 0.2, 'settling_dwell_s': 2.0}}
process_started {'name': 'agent', 'pid': 773472, 'command': ['/home/car/uav_handover/uav_lab/scripts/MicroXRCEAgent', 'udp4', '-p', '18888', '-v', '4']}
process_started {'name': 'gazebo', 'pid': 773473, 'command': ['gz', 'sim', '-r', '-s', '-v', '3', '/home/car/uav_handover/uav_lab/.local/checkouts/px4-raptor/Tools/simulation/gz/worlds/default.sdf']}
process_started {'name': 'gz-stats', 'pid': 773474, 'command': ['gz', 'topic', '-e', '-t', '/world/default/stats']}
process_started {'name': 'tegrastats', 'pid': 773475, 'command': ['/usr/bin/tegrastats', '--interval', '1000']}
process_started {'name': 'px4', 'pid': 773512, 'command': ['/home/car/uav_handover/uav_lab/.local/checkouts/px4-raptor/build/px4_sitl_raptor/bin/px4', '-d', '-i', '21', '-w', '/home/car/uav_handover/data/final-state_hold/rootfs', '/home/car/uav_handover/data/final-state_hold/rootfs/etc']}
command_ack {'command': 211, 'result': 0, 'timestamp': 1791547745859556}
ready {'condition': 'PX4 DDS telemetry'}
process_started {'name': 'agent-reconnected', 'pid': 774026, 'command': ['/home/car/uav_handover/uav_lab/scripts/MicroXRCEAgent', 'udp4', '-p', '18888', '-v', '4']}
command_ack {'command': 211, 'result': 0, 'timestamp': 1791547745859473}
ready {'condition': 'DDS Client reconnection with fresh telemetry'}
command_requested {'command': 176, 'params': {'param1': 1, 'param2': 4, 'param3': 3}}
command_ack {'command': 176, 'result': 0, 'timestamp': 1791547759827480}
ready {'condition': 'command acknowledgement'}
command_requested {'command': 100001, 'params': {'param1': 14}}
command_ack {'command': 100001, 'result': 0, 'timestamp': 1791547760931480}
ready {'condition': 'command acknowledgement'}
ready {'condition': 'nav_state=14'}
mode_confirmed {'mode': 14, 'px4_timestamp': 1791547760943480}
command_requested {'command': 100001, 'params': {'param1': 4}}
command_ack {'command': 100001, 'result': 0, 'timestamp': 1791547761423480}
ready {'condition': 'command acknowledgement'}
ready {'condition': 'nav_state=4'}
mode_confirmed {'mode': 4, 'px4_timestamp': 1791547761435480}
state_operation {'target': 'raptor', 'operation': 'read', 'response': {'request_id': 21060000, 'applied_us': 21064000, 'target': 1, 'operation': 1, 'result': 1, 'dimension': 26, 'active': False, 'holding': False, 'values': [-0.211403474, -0.239331171, -0.370324701, -0.6586743, -0.387578189, -0.404526651, -0.382649302, -0.178138316, -0.829538584, 0.972896457, 0.000316000194, -0.521468818, 0.619270682, 0.877936304, -0.546092749, 0.660962462, -0.776870608, -0.746371567, -0.608029604, -0.605692148, 0.0313184559, -0.0226127077, -0.00505235139, -0.00103594037, -0.000854443409, 0.698848009]}}
ready {'condition': 'valid local position'}
state_operation {'target': 'raptor', 'operation': 'hold', 'response': {'request_id': 25196000, 'applied_us': 25200000, 'target': 1, 'operation': 4, 'result': 0, 'dimension': 26, 'active': False, 'holding': True, 'values': [-0.20585008, -0.250580013, -0.373312801, -0.652470112, -0.389325231, -0.413029432, -0.389109939, -0.181723103, -0.832412362, 0.973997295, -0.00839717407, -0.522576511, 0.628398359, 0.882458508, -0.541591346, 0.667806268, -0.785295069, -0.758156478, -0.602349699, -0.595165372, 0.0586340949, -0.0121767009, -0.0255078506, 0.000511784921, 0.000511784921, 0.699488163]}}
state_operation {'target': 'raptor', 'operation': 'read', 'response': {'request_id': 25216000, 'applied_us': 25220000, 'target': 1, 'operation': 1, 'result': 0, 'dimension': 26, 'active': False, 'holding': True, 'values': [-0.20585008, -0.250580013, -0.373312801, -0.652470112, -0.389325231, -0.413029432, -0.389109939, -0.181723103, -0.832412362, 0.973997295, -0.00839717407, -0.522576511, 0.628398359, 0.882458508, -0.541591346, 0.667806268, -0.785295069, -0.758156478, -0.602349699, -0.595165372, 0.0586340949, -0.0121767009, -0.0255078506, 0.000511784921, 0.000511784921, 0.699488163]}}
state_operation {'target': 'raptor', 'operation': 'inject', 'response': {'request_id': 25236000, 'applied_us': 25240000, 'target': 1, 'operation': 6, 'result': 0, 'dimension': 26, 'active': False, 'holding': True, 'values': [0.0500000007, 0.0500000007, 0.0500000007, 0.0500000007, 0.0500000007, 0.0500000007, 0.0500000007, 0.0500000007, 0.0500000007, 0.0500000007, 0.0500000007, 0.0500000007, 0.0500000007, 0.0500000007, 0.0500000007, 0.0500000007, 0.0299999993, 0.0299999993, 0.0299999993, 0.0299999993, 0.0586340949, -0.0121767009, -0.0255078506, 0.000511784921, 0.000511784921, 0.699488163]}}
state_operation {'target': 'raptor', 'operation': 'read', 'response': {'request_id': 25260000, 'applied_us': 25260000, 'target': 1, 'operation': 1, 'result': 0, 'dimension': 26, 'active': False, 'holding': True, 'values': [0.0500000007, 0.0500000007, 0.0500000007, 0.0500000007, 0.0500000007, 0.0500000007, 0.0500000007, 0.0500000007, 0.0500000007, 0.0500000007, 0.0500000007, 0.0500000007, 0.0500000007, 0.0500000007, 0.0500000007, 0.0500000007, 0.0299999993, 0.0299999993, 0.0299999993, 0.0299999993, 0.0586340949, -0.0121767009, -0.0255078506, 0.000511784921, 0.000511784921, 0.699488163]}}
state_operation {'target': 'raptor', 'operation': 'snapshot', 'response': {'request_id': 25280000, 'applied_us': 25284000, 'target': 1, 'operation': 2, 'result': 0, 'dimension': 26, 'active': False, 'holding': True, 'values': [0.0500000007, 0.0500000007, 0.0500000007, 0.0500000007, 0.0500000007, 0.0500000007, 0.0500000007, 0.0500000007, 0.0500000007, 0.0500000007, 0.0500000007, 0.0500000007, 0.0500000007, 0.0500000007, 0.0500000007, 0.0500000007, 0.0299999993, 0.0299999993, 0.0299999993, 0.0299999993, 0.0586340949, -0.0121767009, -0.0255078506, 0.000511784921, 0.000511784921, 0.699488163]}}
state_operation {'target': 'raptor', 'operation': 'reset', 'response': {'request_id': 25300000, 'applied_us': 25304000, 'target': 1, 'operation': 3, 'result': 0, 'dimension': 26, 'active': False, 'holding': True, 'values': [0, 0, 0, 0, 0, 0, 0, 0, 0, 0, 0, 0, 0, 0, 0, 0, 0, 0, 0, 0, 0.0586340949, -0.0121767009, -0.0255078506, 0.000511784921, 0.000511784921, 0.699488163]}}
state_operation {'target': 'raptor', 'operation': 'restore', 'response': {'request_id': 25320000, 'applied_us': 25320000, 'target': 1, 'operation': 5, 'result': 0, 'dimension': 26, 'active': False, 'holding': True, 'values': [0.0500000007, 0.0500000007, 0.0500000007, 0.0500000007, 0.0500000007, 0.0500000007, 0.0500000007, 0.0500000007, 0.0500000007, 0.0500000007, 0.0500000007, 0.0500000007, 0.0500000007, 0.0500000007, 0.0500000007, 0.0500000007, 0.0299999993, 0.0299999993, 0.0299999993, 0.0299999993, 0.0586340949, -0.0121767009, -0.0255078506, 0.000511784921, 0.000511784921, 0.699488163]}}
state_operation {'target': 'raptor', 'operation': 'inject', 'response': {'request_id': 25340000, 'applied_us': 25344000, 'target': 1, 'operation': 6, 'result': 3, 'dimension': 26, 'active': False, 'holding': True, 'values': [0.0500000007, 0.0500000007, 0.0500000007, 0.0500000007, 0.0500000007, 0.0500000007, 0.0500000007, 0.0500000007, 0.0500000007, 0.0500000007, 0.0500000007, 0.0500000007, 0.0500000007, 0.0500000007, 0.0500000007, 0.0500000007, 0.0299999993, 0.0299999993, 0.0299999993, 0.0299999993, 0.0586340949, -0.0121767009, -0.0255078506, 0.000511784921, 0.000511784921, 0.699488163]}}
state_operation {'target': 'raptor', 'operation': 'inject', 'response': {'request_id': 25360000, 'applied_us': 25364000, 'target': 1, 'operation': 6, 'result': 4, 'dimension': 26, 'active': False, 'holding': True, 'values': [0.0500000007, 0.0500000007, 0.0500000007, 0.0500000007, 0.0500000007, 0.0500000007, 0.0500000007, 0.0500000007, 0.0500000007, 0.0500000007, 0.0500000007, 0.0500000007, 0.0500000007, 0.0500000007, 0.0500000007, 0.0500000007, 0.0299999993, 0.0299999993, 0.0299999993, 0.0299999993, 0.0586340949, -0.0121767009, -0.0255078506, 0.000511784921, 0.000511784921, 0.699488163]}}
state_operation {'target': 'raptor', 'operation': 'inject', 'response': {'request_id': 25380000, 'applied_us': 25384000, 'target': 1, 'operation': 6, 'result': 5, 'dimension': 26, 'active': False, 'holding': True, 'values': [0.0500000007, 0.0500000007, 0.0500000007, 0.0500000007, 0.0500000007, 0.0500000007, 0.0500000007, 0.0500000007, 0.0500000007, 0.0500000007, 0.0500000007, 0.0500000007, 0.0500000007, 0.0500000007, 0.0500000007, 0.0500000007, 0.0299999993, 0.0299999993, 0.0299999993, 0.0299999993, 0.0586340949, -0.0121767009, -0.0255078506, 0.000511784921, 0.000511784921, 0.699488163]}}
state_operation {'target': 'raptor', 'operation': 'reset', 'response': {'request_id': 25400000, 'applied_us': 25404000, 'target': 1, 'operation': 3, 'result': 0, 'dimension': 26, 'active': False, 'holding': True, 'values': [0, 0, 0, 0, 0, 0, 0, 0, 0, 0, 0, 0, 0, 0, 0, 0, 0, 0, 0, 0, 0.0586340949, -0.0121767009, -0.0255078506, 0.000511784921, 0.000511784921, 0.699488163]}}
state_operation {'target': 'raptor', 'operation': 'release', 'response': {'request_id': 25420000, 'applied_us': 25424000, 'target': 1, 'operation': 7, 'result': 0, 'dimension': 26, 'active': False, 'holding': False, 'values': [0, 0, 0, 0, 0, 0, 0, 0, 0, 0, 0, 0, 0, 0, 0, 0, 0, 0, 0, 0, 0.0586340949, -0.0121767009, -0.0255078506, 0.000511784921, 0.000511784921, 0.699488163]}}
state_operation {'target': 'rate', 'operation': 'hold', 'response': {'request_id': 25440000, 'applied_us': 25444000, 'target': 2, 'operation': 4, 'result': 0, 'dimension': 3, 'active': False, 'holding': True, 'values': [0, 0, 0]}}
state_operation {'target': 'rate', 'operation': 'read', 'response': {'request_id': 25460000, 'applied_us': 25464000, 'target': 2, 'operation': 1, 'result': 0, 'dimension': 3, 'active': False, 'holding': True, 'values': [0, 0, 0]}}
state_operation {'target': 'rate', 'operation': 'inject', 'response': {'request_id': 25480000, 'applied_us': 25484000, 'target': 2, 'operation': 6, 'result': 0, 'dimension': 3, 'active': False, 'holding': True, 'values': [0.00999999978, -0.00999999978, 0.0149999997]}}
state_operation {'target': 'rate', 'operation': 'read', 'response': {'request_id': 25500000, 'applied_us': 25504000, 'target': 2, 'operation': 1, 'result': 0, 'dimension': 3, 'active': False, 'holding': True, 'values': [0.00999999978, -0.00999999978, 0.0149999997]}}
state_operation {'target': 'rate', 'operation': 'snapshot', 'response': {'request_id': 25520000, 'applied_us': 25524000, 'target': 2, 'operation': 2, 'result': 0, 'dimension': 3, 'active': False, 'holding': True, 'values': [0.00999999978, -0.00999999978, 0.0149999997]}}
state_operation {'target': 'rate', 'operation': 'reset', 'response': {'request_id': 25540000, 'applied_us': 25540000, 'target': 2, 'operation': 3, 'result': 0, 'dimension': 3, 'active': False, 'holding': True, 'values': [0, 0, 0]}}
state_operation {'target': 'rate', 'operation': 'restore', 'response': {'request_id': 25556000, 'applied_us': 25560000, 'target': 2, 'operation': 5, 'result': 0, 'dimension': 3, 'active': False, 'holding': True, 'values': [0.00999999978, -0.00999999978, 0.0149999997]}}
state_operation {'target': 'rate', 'operation': 'inject', 'response': {'request_id': 25576000, 'applied_us': 25580000, 'target': 2, 'operation': 6, 'result': 3, 'dimension': 3, 'active': False, 'holding': True, 'values': [0.00999999978, -0.00999999978, 0.0149999997]}}
state_operation {'target': 'rate', 'operation': 'inject', 'response': {'request_id': 25596000, 'applied_us': 25600000, 'target': 2, 'operation': 6, 'result': 4, 'dimension': 3, 'active': False, 'holding': True, 'values': [0.00999999978, -0.00999999978, 0.0149999997]}}
state_operation {'target': 'rate', 'operation': 'inject', 'response': {'request_id': 25616000, 'applied_us': 25620000, 'target': 2, 'operation': 6, 'result': 5, 'dimension': 3, 'active': False, 'holding': True, 'values': [0.00999999978, -0.00999999978, 0.0149999997]}}
state_operation {'target': 'rate', 'operation': 'reset', 'response': {'request_id': 25636000, 'applied_us': 25640000, 'target': 2, 'operation': 3, 'result': 0, 'dimension': 3, 'active': False, 'holding': True, 'values': [0, 0, 0]}}
state_operation {'target': 'rate', 'operation': 'release', 'response': {'request_id': 25656000, 'applied_us': 25660000, 'target': 2, 'operation': 7, 'result': 0, 'dimension': 3, 'active': False, 'holding': False, 'values': [0, 0, 0]}}
state_operation {'target': 'velocity', 'operation': 'hold', 'response': {'request_id': 25676000, 'applied_us': 25684000, 'target': 3, 'operation': 4, 'result': 0, 'dimension': 3, 'active': False, 'holding': True, 'values': [0, 0, 0]}}
state_operation {'target': 'velocity', 'operation': 'read', 'response': {'request_id': 25700000, 'applied_us': 25708000, 'target': 3, 'operation': 1, 'result': 0, 'dimension': 3, 'active': False, 'holding': True, 'values': [0, 0, 0]}}
state_operation {'target': 'velocity', 'operation': 'inject', 'response': {'request_id': 25724000, 'applied_us': 25732000, 'target': 3, 'operation': 6, 'result': 0, 'dimension': 3, 'active': False, 'holding': True, 'values': [0.00999999978, -0.00999999978, 0.0149999997]}}
state_operation {'target': 'velocity', 'operation': 'read', 'response': {'request_id': 25748000, 'applied_us': 25756000, 'target': 3, 'operation': 1, 'result': 0, 'dimension': 3, 'active': False, 'holding': True, 'values': [0.00999999978, -0.00999999978, 0.0149999997]}}
state_operation {'target': 'velocity', 'operation': 'snapshot', 'response': {'request_id': 25772000, 'applied_us': 25780000, 'target': 3, 'operation': 2, 'result': 0, 'dimension': 3, 'active': False, 'holding': True, 'values': [0.00999999978, -0.00999999978, 0.0149999997]}}
state_operation {'target': 'velocity', 'operation': 'reset', 'response': {'request_id': 25796000, 'applied_us': 25804000, 'target': 3, 'operation': 3, 'result': 0, 'dimension': 3, 'active': False, 'holding': True, 'values': [0, 0, 0]}}
state_operation {'target': 'velocity', 'operation': 'restore', 'response': {'request_id': 25820000, 'applied_us': 25828000, 'target': 3, 'operation': 5, 'result': 0, 'dimension': 3, 'active': False, 'holding': True, 'values': [0.00999999978, -0.00999999978, 0.0149999997]}}
state_operation {'target': 'velocity', 'operation': 'inject', 'response': {'request_id': 25840000, 'applied_us': 25844000, 'target': 3, 'operation': 6, 'result': 3, 'dimension': 3, 'active': False, 'holding': True, 'values': [0.00999999978, -0.00999999978, 0.0149999997]}}
state_operation {'target': 'velocity', 'operation': 'inject', 'response': {'request_id': 25860000, 'applied_us': 25868000, 'target': 3, 'operation': 6, 'result': 4, 'dimension': 3, 'active': False, 'holding': True, 'values': [0.00999999978, -0.00999999978, 0.0149999997]}}
state_operation {'target': 'velocity', 'operation': 'inject', 'response': {'request_id': 25880000, 'applied_us': 25884000, 'target': 3, 'operation': 6, 'result': 5, 'dimension': 3, 'active': False, 'holding': True, 'values': [0.00999999978, -0.00999999978, 0.0149999997]}}
state_operation {'target': 'velocity', 'operation': 'reset', 'response': {'request_id': 25900000, 'applied_us': 25908000, 'target': 3, 'operation': 3, 'result': 0, 'dimension': 3, 'active': False, 'holding': True, 'values': [0, 0, 0]}}
state_operation {'target': 'velocity', 'operation': 'release', 'response': {'request_id': 25924000, 'applied_us': 25932000, 'target': 3, 'operation': 7, 'result': 0, 'dimension': 3, 'active': False, 'holding': False, 'values': [0, 0, 0]}}
command_requested {'command': 400, 'params': {'param1': 1}}
command_ack {'command': 400, 'result': 0, 'timestamp': 1791547766547478}
ready {'condition': 'command acknowledgement'}
command_requested {'command': 22, 'params': {'param4': None, 'param5': None, 'param6': None, 'param7': 3.2070919573307037}}
command_ack {'command': 22, 'result': 0, 'timestamp': 1791547766643478}
ready {'condition': 'command acknowledgement'}
ready {'condition': 'takeoff altitude'}
command_requested {'command': 100001, 'params': {'param1': 4}}
command_ack {'command': 100001, 'result': 0, 'timestamp': 1791547775079476}
ready {'condition': 'command acknowledgement'}
ready {'condition': 'nav_state=4'}
mode_confirmed {'mode': 4, 'px4_timestamp': 1791547775079476}
hover_started {'label': 'classic_before', 'duration_s': 10}
ready {'condition': 'simulation hover duration classic_before'}
hover_ended {'label': 'classic_before'}
state_operation {'target': 'rate', 'operation': 'snapshot', 'response': {'request_id': 44728000, 'applied_us': 44732000, 'target': 2, 'operation': 2, 'result': 0, 'dimension': 3, 'active': True, 'holding': False, 'values': [-5.3591757e-05, -1.96658384e-05, 1.5462012e-05]}}
state_operation {'target': 'velocity', 'operation': 'snapshot', 'response': {'request_id': 44748000, 'applied_us': 44756000, 'target': 3, 'operation': 2, 'result': 0, 'dimension': 3, 'active': True, 'holding': False, 'values': [-0.00126522023, 0.00523366453, 0.0154310921]}}
handover_requested {'from_controller': 'C', 'to_controller': 'N', 'iteration': 0}
command_requested {'command': 100001, 'params': {'param1': 23}}
command_ack {'command': 100001, 'result': 0, 'timestamp': 1791547785363473}
ready {'condition': 'command acknowledgement'}
ready {'condition': 'nav_state=23'}
mode_confirmed {'mode': 23, 'px4_timestamp': 1791547785375473}
state_operation {'target': 'raptor', 'operation': 'restore', 'response': {'request_id': 45004000, 'applied_us': 45008000, 'target': 1, 'operation': 5, 'result': 2, 'dimension': 26, 'active': True, 'holding': False, 'values': [-0.375834495, 0.051260259, 0.314991981, 0.492339373, 0.345347375, 0.512977421, 0.418225348, -0.202973604, -0.802353263, 0.824297905, 0.363182455, 0.255260348, 0.124850951, -0.476093739, -0.615608215, -0.424499273, 0.562548161, 0.558215976, 0.539509833, 0.530276477, 0.0693801939, -0.00272110687, -3.0001986, 0, 0, 0]}}
state_operation {'target': 'raptor', 'operation': 'inject', 'response': {'request_id': 45024000, 'applied_us': 45028000, 'target': 1, 'operation': 6, 'result': 2, 'dimension': 26, 'active': True, 'holding': False, 'values': [-0.370340139, 0.0542789176, 0.316006452, 0.49383384, 0.350040644, 0.503678381, 0.398775697, -0.222969711, -0.799758852, 0.830848694, 0.373683155, 0.263274938, 0.142124698, -0.456702709, -0.593560517, -0.395950377, 0.543786466, 0.534831047, 0.532603562, 0.529709876, 0.0693801939, -0.00272110687, -3.0001986, 0, 0, 0]}}
state_operation {'target': 'raptor', 'operation': 'hold', 'response': {'request_id': 45044000, 'applied_us': 45048000, 'target': 1, 'operation': 4, 'result': 0, 'dimension': 26, 'active': True, 'holding': True, 'values': [-0.366863757, 0.0550251082, 0.315881878, 0.493110597, 0.351558477, 0.49760896, 0.385828197, -0.234480351, -0.798450947, 0.835218847, 0.378433853, 0.267767131, 0.154136926, -0.445079714, -0.58106935, -0.37774545, 0.539344013, 0.525359929, 0.531972289, 0.534634948, 0.0693801939, -0.00272110687, -3.0001986, 0, 0, 0]}}
hover_started {'label': 'neural', 'duration_s': 5}
ready {'condition': 'simulation hover duration neural'}
hover_ended {'label': 'neural'}
state_operation {'target': 'raptor', 'operation': 'release', 'response': {'request_id': 49980000, 'applied_us': 49984000, 'target': 1, 'operation': 7, 'result': 0, 'dimension': 26, 'active': True, 'holding': False, 'values': [-0.366863757, 0.0550251082, 0.315881878, 0.493110597, 0.351558477, 0.49760896, 0.385828197, -0.234480351, -0.798450947, 0.835218847, 0.378433853, 0.267767131, 0.154136926, -0.445079714, -0.58106935, -0.37774545, 0.539344013, 0.525359929, 0.531972289, 0.534634948, 0.0693801939, -0.00272110687, -3.0001986, 0, 0, 0]}}
handover_requested {'from_controller': 'N', 'to_controller': 'C', 'iteration': 0}
command_requested {'command': 100001, 'params': {'param1': 4}}
command_ack {'command': 100001, 'result': 0, 'timestamp': 1791547790595473}
ready {'condition': 'command acknowledgement'}
ready {'condition': 'nav_state=4'}
mode_confirmed {'mode': 4, 'px4_timestamp': 1791547790607473}
hover_started {'label': 'classic_after', 'duration_s': 10}
ready {'condition': 'simulation hover duration classic_after'}
hover_ended {'label': 'classic_after'}
command_requested {'command': 21, 'params': {}}
command_ack {'command': 21, 'result': 0, 'timestamp': 1791547800867472}
ready {'condition': 'command acknowledgement'}
ready {'condition': 'landing'}
ready {'condition': 'disarmed'}
process_stopped {'name': 'agent-reconnected', 'pid': 774026, 'exit_code': -2}
process_stopped {'name': 'px4', 'pid': 773512, 'exit_code': 0}
process_stopped {'name': 'tegrastats', 'pid': 773475, 'exit_code': -2}
process_stopped {'name': 'gz-stats', 'pid': 773474, 'exit_code': 0}
process_stopped {'name': 'gazebo', 'pid': 773473, 'exit_code': 0}
process_stopped {'name': 'agent', 'pid': 773472, 'exit_code': -2}
/home/car/uav_handover/data/final-state_hold PASS
