created {'thresholds': {'seed': 42, 'instance': 21, 'ros_domain_id': 71, 'agent_port': 18888, 'startup_timeout_s': 90, 'takeoff_timeout_s': 45, 'landing_timeout_s': 60, 'hover_s': 10, 'neural_s': 5, 'repetitions': 3, 'altitude_m': 3, 'hover_max_error_m': 1.0, 'hover_max_tilt_deg': 15, 'safety_radius_m': 10, 'safety_altitude_m': 8, 'safety_tilt_deg': 45, 'safety_angular_rate_rad_s': 8, 'inference_p99_us': 2500}}
process_started {'name': 'agent', 'pid': 762439, 'command': ['/home/car/uav_handover/uav_lab/scripts/MicroXRCEAgent', 'udp4', '-p', '18888', '-v', '4']}
process_started {'name': 'gazebo', 'pid': 762440, 'command': ['gz', 'sim', '-r', '-s', '-v', '3', '/home/car/uav_handover/uav_lab/.local/checkouts/px4-raptor/Tools/simulation/gz/worlds/default.sdf']}
process_started {'name': 'gz-stats', 'pid': 762441, 'command': ['gz', 'topic', '-e', '-t', '/world/default/stats']}
process_started {'name': 'tegrastats', 'pid': 762442, 'command': ['/usr/bin/tegrastats', '--interval', '1000']}
process_started {'name': 'px4', 'pid': 762487, 'command': ['/home/car/uav_handover/uav_lab/.local/checkouts/px4-raptor/build/px4_sitl_raptor/bin/px4', '-d', '-i', '21', '-w', '/home/car/uav_handover/data/final-handover-01/rootfs', '/home/car/uav_handover/data/final-handover-01/rootfs/etc']}
command_ack {'command': 211, 'result': 0, 'timestamp': 1791547286283952}
ready {'condition': 'PX4 DDS telemetry'}
process_started {'name': 'agent-reconnected', 'pid': 763154, 'command': ['/home/car/uav_handover/uav_lab/scripts/MicroXRCEAgent', 'udp4', '-p', '18888', '-v', '4']}
command_ack {'command': 211, 'result': 0, 'timestamp': 1791547286283969}
ready {'condition': 'DDS Client reconnection with fresh telemetry'}
command_requested {'command': 176, 'params': {'param1': 1, 'param2': 4, 'param3': 3}}
command_ack {'command': 176, 'result': 0, 'timestamp': 1791547300239971}
ready {'condition': 'command acknowledgement'}
command_requested {'command': 100001, 'params': {'param1': 14}}
command_ack {'command': 100001, 'result': 0, 'timestamp': 1791547301343972}
ready {'condition': 'command acknowledgement'}
ready {'condition': 'nav_state=14'}
mode_confirmed {'mode': 14, 'px4_timestamp': 1791547301355972}
command_requested {'command': 100001, 'params': {'param1': 4}}
command_ack {'command': 100001, 'result': 0, 'timestamp': 1791547301835972}
ready {'condition': 'command acknowledgement'}
ready {'condition': 'nav_state=4'}
mode_confirmed {'mode': 4, 'px4_timestamp': 1791547301847972}
failure {'reason': "Expecting ',' delimiter: line 1 column 127 (char 126)"}
Traceback (most recent call last):
  File "/home/car/uav_handover/tools/run_experiment.py", line 350, in main
    e.execute();status='PASS'
    ^^^^^^^^^^^
  File "/home/car/uav_handover/tools/run_experiment.py", line 283, in execute
    self.state('raptor','read',expected=1)
  File "/home/car/uav_handover/tools/run_experiment.py", line 184, in state
    data=next((json.loads(s) for s in text.splitlines() if s.startswith('{"request_id"')),None)
         ^^^^^^^^^^^^^^^^^^^^^^^^^^^^^^^^^^^^^^^^^^^^^^^^^^^^^^^^^^^^^^^^^^^^^^^^^^^^^^^^^^^^^^
  File "/home/car/uav_handover/tools/run_experiment.py", line 184, in <genexpr>
    data=next((json.loads(s) for s in text.splitlines() if s.startswith('{"request_id"')),None)
               ^^^^^^^^^^^^^
  File "/usr/lib/python3.12/json/__init__.py", line 346, in loads
    return _default_decoder.decode(s)
           ^^^^^^^^^^^^^^^^^^^^^^^^^^
  File "/usr/lib/python3.12/json/decoder.py", line 337, in decode
    obj, end = self.raw_decode(s, idx=_w(s, 0).end())
               ^^^^^^^^^^^^^^^^^^^^^^^^^^^^^^^^^^^^^^
  File "/usr/lib/python3.12/json/decoder.py", line 353, in raw_decode
    obj, end = self.scan_once(s, idx)
               ^^^^^^^^^^^^^^^^^^^^^^
json.decoder.JSONDecodeError: Expecting ',' delimiter: line 1 column 127 (char 126)
process_stopped {'name': 'agent-reconnected', 'pid': 763154, 'exit_code': -2}
process_stopped {'name': 'px4', 'pid': 762487, 'exit_code': 0}
process_stopped {'name': 'tegrastats', 'pid': 762442, 'exit_code': -2}
process_stopped {'name': 'gz-stats', 'pid': 762441, 'exit_code': 0}
process_stopped {'name': 'gazebo', 'pid': 762440, 'exit_code': 0}
process_stopped {'name': 'agent', 'pid': 762439, 'exit_code': -2}
/home/car/uav_handover/data/final-handover-01 FAIL
