/fmu/in/actuator_motors [px4_msgs/msg/ActuatorMotors]
/fmu/in/actuator_servos [px4_msgs/msg/ActuatorServos]
/fmu/in/arming_check_reply_v1 [px4_msgs/msg/ArmingCheckReply]
/fmu/in/aux_global_position [px4_msgs/msg/VehicleGlobalPosition]
/fmu/in/config_control_setpoints [px4_msgs/msg/VehicleControlMode]
/fmu/in/config_overrides_request [px4_msgs/msg/ConfigOverrides]
/fmu/in/distance_sensor [px4_msgs/msg/DistanceSensor]
/fmu/in/fixed_wing_lateral_setpoint [px4_msgs/msg/FixedWingLateralSetpoint]
/fmu/in/fixed_wing_longitudinal_setpoint [px4_msgs/msg/FixedWingLongitudinalSetpoint]
/fmu/in/goto_setpoint [px4_msgs/msg/GotoSetpoint]
/fmu/in/landing_gear [px4_msgs/msg/LandingGear]
/fmu/in/lateral_control_configuration [px4_msgs/msg/LateralControlConfiguration]
/fmu/in/longitudinal_control_configuration [px4_msgs/msg/LongitudinalControlConfiguration]
/fmu/in/manual_control_input [px4_msgs/msg/ManualControlSetpoint]
/fmu/in/message_format_request [px4_msgs/msg/MessageFormatRequest]
/fmu/in/mode_completed [px4_msgs/msg/ModeCompleted]
/fmu/in/obstacle_distance [px4_msgs/msg/ObstacleDistance]
/fmu/in/offboard_control_mode [px4_msgs/msg/OffboardControlMode]
/fmu/in/onboard_computer_status [px4_msgs/msg/OnboardComputerStatus]
/fmu/in/register_ext_component_request [px4_msgs/msg/RegisterExtComponentRequest]
/fmu/in/rover_attitude_setpoint [px4_msgs/msg/RoverAttitudeSetpoint]
/fmu/in/rover_position_setpoint [px4_msgs/msg/RoverPositionSetpoint]
/fmu/in/rover_rate_setpoint [px4_msgs/msg/RoverRateSetpoint]
/fmu/in/rover_speed_setpoint [px4_msgs/msg/RoverSpeedSetpoint]
/fmu/in/rover_steering_setpoint [px4_msgs/msg/RoverSteeringSetpoint]
/fmu/in/rover_throttle_setpoint [px4_msgs/msg/RoverThrottleSetpoint]
/fmu/in/sensor_optical_flow [px4_msgs/msg/SensorOpticalFlow]
/fmu/in/telemetry_status [px4_msgs/msg/TelemetryStatus]
/fmu/in/trajectory_setpoint [px4_msgs/msg/TrajectorySetpoint]
/fmu/in/unregister_ext_component [px4_msgs/msg/UnregisterExtComponent]
/fmu/in/vehicle_attitude_setpoint_v1 [px4_msgs/msg/VehicleAttitudeSetpoint]
/fmu/in/vehicle_command [px4_msgs/msg/VehicleCommand]
/fmu/in/vehicle_command_mode_executor [px4_msgs/msg/VehicleCommand]
/fmu/in/vehicle_mocap_odometry [px4_msgs/msg/VehicleOdometry]
/fmu/in/vehicle_rates_setpoint [px4_msgs/msg/VehicleRatesSetpoint]
/fmu/in/vehicle_thrust_setpoint [px4_msgs/msg/VehicleThrustSetpoint]
/fmu/in/vehicle_torque_setpoint [px4_msgs/msg/VehicleTorqueSetpoint]
/fmu/in/vehicle_visual_odometry [px4_msgs/msg/VehicleOdometry]
/fmu/out/airspeed_validated_v1 [px4_msgs/msg/AirspeedValidated]
/fmu/out/arming_check_request_v1 [px4_msgs/msg/ArmingCheckRequest]
/fmu/out/battery_status_v1 [px4_msgs/msg/BatteryStatus]
/fmu/out/collision_constraints [px4_msgs/msg/CollisionConstraints]
/fmu/out/estimator_status_flags [px4_msgs/msg/EstimatorStatusFlags]
/fmu/out/failsafe_flags [px4_msgs/msg/FailsafeFlags]
/fmu/out/gimbal_device_attitude_status [px4_msgs/msg/GimbalDeviceAttitudeStatus]
/fmu/out/home_position_v1 [px4_msgs/msg/HomePosition]
/fmu/out/manual_control_setpoint [px4_msgs/msg/ManualControlSetpoint]
/fmu/out/message_format_response [px4_msgs/msg/MessageFormatResponse]
/fmu/out/mode_completed [px4_msgs/msg/ModeCompleted]
/fmu/out/position_setpoint_triplet [px4_msgs/msg/PositionSetpointTriplet]
/fmu/out/register_ext_component_reply [px4_msgs/msg/RegisterExtComponentReply]
/fmu/out/sensor_combined [px4_msgs/msg/SensorCombined]
/fmu/out/timesync_status [px4_msgs/msg/TimesyncStatus]
/fmu/out/transponder_report [px4_msgs/msg/TransponderReport]
/fmu/out/vehicle_attitude [px4_msgs/msg/VehicleAttitude]
/fmu/out/vehicle_command_ack [px4_msgs/msg/VehicleCommandAck]
/fmu/out/vehicle_control_mode [px4_msgs/msg/VehicleControlMode]
/fmu/out/vehicle_global_position [px4_msgs/msg/VehicleGlobalPosition]
/fmu/out/vehicle_gps_position [px4_msgs/msg/SensorGps]
/fmu/out/vehicle_land_detected [px4_msgs/msg/VehicleLandDetected]
/fmu/out/vehicle_local_position_v1 [px4_msgs/msg/VehicleLocalPosition]
/fmu/out/vehicle_odometry [px4_msgs/msg/VehicleOdometry]
/fmu/out/vehicle_status_v1 [px4_msgs/msg/VehicleStatus]
/fmu/out/vtol_vehicle_status [px4_msgs/msg/VtolVehicleStatus]
/fmu/out/wind [px4_msgs/msg/Wind]
/parameter_events [rcl_interfaces/msg/ParameterEvent]
/rosout [rcl_interfaces/msg/Log]
