make: Entering directory '/home/car/uav_handover/uav_lab/.local/checkouts/px4-raptor'
3dr_ctrl-n1_bootloader
3dr_ctrl-n1[_default]
3dr_ctrl-zero-h7-oem-revg_bootloader
3dr_ctrl-zero-h7-oem-revg[_default]
accton-godwit_ga1_bootloader
accton-godwit_ga1[_default]
accton-godwit_ga1_performance-test
aedrox_aedroxh7_bootloader
aedrox_aedroxh7[_default]
airmind_mindpx-v2[_default]
ark_can-flow-mr_canbootloader
ark_can-flow-mr[_default]
ark_can-flow_canbootloader
ark_can-flow[_default]
ark_can-gps_canbootloader
ark_can-gps[_default]
ark_can-rtk-gps_canbootloader
ark_can-rtk-gps[_default]
ark_cannode_canbootloader
ark_cannode[_default]
ark_dist_canbootloader
ark_dist[_default]
ark_f9p-gps_canbootloader
ark_f9p-gps[_default]
ark_fmu-v6s_bootloader
ark_fmu-v6s[_default]
ark_fmu-v6s_encrypted_logs
ark_fmu-v6s_rover
ark_fmu-v6s_zenoh
ark_fmu-v6x_bootloader
ark_fmu-v6x[_default]
ark_fmu-v6x_encrypted_logs
ark_fmu-v6x_mavlink-dev
ark_fmu-v6x_rover
ark_fmu-v6x_zenoh
ark_fpv_bootloader
ark_fpv[_default]
ark_fpv_encrypted_logs
ark_fpv_fw
ark_fpv_mavlink-dev
ark_fpv_rover
ark_fpv_vtol
ark_mag_canbootloader
ark_mag[_default]
ark_pi6x_bootloader
ark_pi6x[_default]
ark_pi6x_encrypted_logs
ark_pi6x_mavlink-dev
ark_pi6x_rover
ark_septentrio-gps_canbootloader
ark_septentrio-gps[_default]
ark_teseo-gps_canbootloader
ark_x20-gps_canbootloader
ark_x20-gps[_default]
atl_mantis-edu[_default]
auterion_fmu-v6s_bootloader
auterion_fmu-v6s[_default]
auterion_fmu-v6s_multicopter
auterion_fmu-v6s_performance-test
auterion_fmu-v6s_rover
auterion_fmu-v6s_zenoh
auterion_fmu-v6x_bootloader
auterion_fmu-v6x[_default]
auterion_fmu-v6x_flash-analysis
auterion_fmu-v6x_multicopter
auterion_fmu-v6x_performance-test
auterion_fmu-v6x_rover
auterion_fmu-v6x_spacecraft
auterion_fmu-v6x_uuv
auterion_fmu-v6x_zenoh
av_x-v1[_default]
beaglebone_blue[_default]
bitcraze_crazyflie21[_default]
bitcraze_crazyflie[_default]
bluerobotics_navigator[_default]
cbunmanned_h753-som_bootloader
cbunmanned_h753-som[_default]
corvon_743v1_bootloader
corvon_743v1[_default]
corvon_743v2_bootloader
corvon_743v2[_default]
corvon_v5[_default]
cuav_7-nano_bootloader
cuav_7-nano[_default]
cuav_can-gps-v1_canbootloader
cuav_can-gps-v1[_default]
cuav_fmu-v6x_bootloader
cuav_fmu-v6x[_default]
cuav_nora_bootloader
cuav_nora[_default]
cuav_x25-evo_bootloader
cuav_x25-evo[_default]
cuav_x25-mega_bootloader
cuav_x25-mega[_default]
cuav_x25-super_bootloader
cuav_x25-super[_default]
cuav_x7pro_bootloader
cuav_x7pro[_default]
cuav_x7pro_test
cubepilot_cubeorange_bootloader
cubepilot_cubeorange_console
cubepilot_cubeorange[_default]
cubepilot_cubeorange_test
cubepilot_cubeorangeplus_bootloader
cubepilot_cubeorangeplus_console
cubepilot_cubeorangeplus[_default]
cubepilot_cubeorangeplus_test
cubepilot_cubeyellow[_default]
cubepilot_io-v2[_default]
diatone_mamba-f405-mk2[_default]
emlid_navio2_arm64
emlid_navio2[_default]
espressif_esp32[_default]
flywoo_gn-f405[_default]
freefly_can-rtk-gps_canbootloader
freefly_can-rtk-gps[_default]
gearup_airbrainh743_bootloader
gearup_airbrainh743[_default]
hkust_nxt-dual_bootloader
hkust_nxt-dual[_default]
hkust_nxt-v1_bootloader
hkust_nxt-v1[_default]
holybro_can-gps-v1_canbootloader
holybro_can-gps-v1[_default]
holybro_durandal-v1_bootloader
holybro_durandal-v1[_default]
holybro_h-flow_canbootloader
holybro_h-flow[_default]
holybro_kakutef7[_default]
holybro_kakuteh7-wing_bootloader
holybro_kakuteh7-wing[_default]
holybro_kakuteh7_bootloader
holybro_kakuteh7[_default]
holybro_kakuteh7dualimu_bootloader
holybro_kakuteh7dualimu[_default]
holybro_kakuteh7mini_bootloader
holybro_kakuteh7mini[_default]
holybro_kakuteh7v2_bootloader
holybro_kakuteh7v2[_default]
holybro_pix32v5[_default]
matek_gnss-m9n-f4_canbootloader
matek_gnss-m9n-f4[_default]
matek_h743-mini_bootloader
matek_h743-mini[_default]
matek_h743-slim_bootloader
matek_h743-slim[_default]
matek_h743_bootloader
matek_h743[_default]
micoair_h743-aio_bootloader
micoair_h743-aio[_default]
micoair_h743-lite_bootloader
micoair_h743-lite[_default]
micoair_h743-v2_bootloader
micoair_h743-v2[_default]
micoair_h743_bootloader
micoair_h743[_default]
modalai_fc-v1[_default]
modalai_fc-v2_bootloader
modalai_fc-v2[_default]
modalai_voxl2-io[_default]
modalai_voxl2[_default]
modalai_voxl2_slpi
mro_ctrl-zero-classic_bootloader
mro_ctrl-zero-classic[_default]
mro_ctrl-zero-f7-oem[_default]
mro_ctrl-zero-f7[_default]
mro_ctrl-zero-h7-oem_bootloader
mro_ctrl-zero-h7-oem[_default]
mro_ctrl-zero-h7_bootloader
mro_ctrl-zero-h7[_default]
mro_pixracerpro_bootloader
mro_pixracerpro[_default]
mro_pixracerpro_neural
mro_x21-777[_default]
mro_x21[_default]
narinfc_h7_bootloader
narinfc_h7[_default]
narinfc_h7_test
nxp_fmuk66-e[_default]
nxp_fmuk66-e_socketcan
nxp_fmuk66-v3[_default]
nxp_fmuk66-v3_socketcan
nxp_fmuk66-v3_test
nxp_mr-canhubk3[_default]
nxp_mr-canhubk3_fmu
nxp_mr-canhubk3_sysview
nxp_mr-tropic_bootloader
nxp_mr-tropic[_default]
nxp_tropic-community[_default]
nxp_ucans32k146_canbootloader
nxp_ucans32k146_cyphal
nxp_ucans32k146[_default]
omnibus_f4sd[_default]
omnibus_f4sd_icm20608g
px4_fmu-v2[_default]
px4_fmu-v2_fixedwing
px4_fmu-v2_lto
px4_fmu-v2_multicopter
px4_fmu-v2_rover
px4_fmu-v3[_default]
px4_fmu-v3_rover
px4_fmu-v4[_default]
px4_fmu-v4_rover
px4_fmu-v4_test
px4_fmu-v4pro[_default]
px4_fmu-v4pro_rover
px4_fmu-v4pro_test
px4_fmu-v5_cryptotest
px4_fmu-v5_cyphal
px4_fmu-v5_debug
px4_fmu-v5[_default]
px4_fmu-v5_lto
px4_fmu-v5_protected
px4_fmu-v5_rover
px4_fmu-v5_stackcheck
px4_fmu-v5_test
px4_fmu-v5_uavcanv0periph
px4_fmu-v5x[_default]
px4_fmu-v5x_flash-analysis
px4_fmu-v5x_performance-test
px4_fmu-v5x_rover
px4_fmu-v5x_test
px4_fmu-v6c_bootloader
px4_fmu-v6c[_default]
px4_fmu-v6c_neural
px4_fmu-v6c_raptor
px4_fmu-v6c_rover
px4_fmu-v6c_visionTargetEstMoving
px4_fmu-v6c_visionTargetEstStatic
px4_fmu-v6u_bootloader
px4_fmu-v6u[_default]
px4_fmu-v6u_rover
px4_fmu-v6x_airship
px4_fmu-v6x_bootloader
px4_fmu-v6x_bootloader_secureboot
px4_fmu-v6x[_default]
px4_fmu-v6x_flash-analysis
px4_fmu-v6x_mavlink-dev
px4_fmu-v6x_multicopter
px4_fmu-v6x_performance-test
px4_fmu-v6x_rover
px4_fmu-v6x_secureboot
px4_fmu-v6x_spacecraft
px4_fmu-v6x_test
px4_fmu-v6x_uuv
px4_fmu-v6x_zenoh
px4_fmu-v6xrt_allyes
px4_fmu-v6xrt_bench
px4_fmu-v6xrt_bootloader
px4_fmu-v6xrt[_default]
px4_fmu-v6xrt_rover
px4_io-v2[_default]
px4_raspberrypi[_default]
px4_ros2[_default]
px4_sitl_allyes
px4_sitl[_default]
px4_sitl_mavlink-dev
px4_sitl_neural
px4_sitl_nolockstep
px4_sitl_raptor
px4_sitl_replay
px4_sitl_sih
px4_sitl_spacecraft
px4_sitl_test
px4_sitl_test-daa-crosstrack
px4_sitl_uuv
px4_sitl_vtest-moving
px4_sitl_zenoh
radiolink_PIX6[_default]
raspberrypi_pico[_default]
saam_saampixv1_1[_default]
scumaker_pilotpi_arm64
scumaker_pilotpi[_default]
siyi_n7_bootloader
siyi_n7[_default]
sky-drones_smartap-airlink[_default]
spracing_h7extreme[_default]
svehicle_e2_bootloader
svehicle_e2[_default]
thepeach_k1[_default]
thepeach_r1[_default]
uvify_core[_default]
x-mav_ap-h743r1_bootloader
x-mav_ap-h743r1[_default]
x-mav_ap-h743r1_rover
x-mav_ap-h743v2_bootloader
x-mav_ap-h743v2[_default]
zeroone_x6_bootloader
zeroone_x6[_default]
make: Leaving directory '/home/car/uav_handover/uav_lab/.local/checkouts/px4-raptor'
