WARNING: Skipping /usr/lib/python3.12/dist-packages/pybind11-2.11.1.dist-info due to invalid metadata entry 'name'
Requirement already satisfied: numpy<2 in /usr/lib/python3/dist-packages (1.26.4)
Requirement already satisfied: empy==3.3.4 in /usr/lib/python3/dist-packages (3.3.4)
Collecting pyulog
  Using cached pyulog-1.2.4-py3-none-any.whl.metadata (1.6 kB)
Collecting pymavlink
  Downloading pymavlink-2.4.50-cp312-cp312-manylinux2014_aarch64.manylinux_2_17_aarch64.manylinux_2_28_aarch64.whl.metadata (7.6 kB)
Collecting kconfiglib
  Using cached kconfiglib-14.1.0-py2.py3-none-any.whl.metadata (39 kB)
Collecting pyros-genmsg
  Using cached pyros_genmsg-0.5.8-py2.py3-none-any.whl.metadata (358 bytes)
Collecting cerberus
  Using cached cerberus-1.3.8-py3-none-any.whl.metadata (5.5 kB)
Collecting nunavut
  Using cached nunavut-2.3.1-6748279276-py3-none-any.whl.metadata (11 kB)
Collecting pkgconfig
  Using cached pkgconfig-1.6.0-py3-none-any.whl.metadata (4.9 kB)
Requirement already satisfied: lxml in /usr/lib/python3/dist-packages (from pymavlink) (5.2.1)
Collecting fastcrc (from pymavlink)
  Downloading fastcrc-0.5.0-cp312-cp312-manylinux_2_17_aarch64.manylinux2014_aarch64.whl.metadata (4.9 kB)
Collecting pydsdl~=1.18 (from nunavut)
  Using cached pydsdl-1.25.0-py3-none-any.whl.metadata (1.9 kB)
Requirement already satisfied: pyyaml in /usr/lib/python3/dist-packages (from nunavut) (6.0.1)
Collecting importlib-resources (from nunavut)
  Using cached importlib_resources-7.1.0-py3-none-any.whl.metadata (4.0 kB)
Using cached pyulog-1.2.4-py3-none-any.whl (52 kB)
Downloading pymavlink-2.4.50-cp312-cp312-manylinux2014_aarch64.manylinux_2_17_aarch64.manylinux_2_28_aarch64.whl (7.2 MB)
   ━━━━━━━━━━━━━━━━━━━━━━━━━━━━━━━━━━━━━━━━ 7.2/7.2 MB 4.8 MB/s eta 0:00:00
Using cached kconfiglib-14.1.0-py2.py3-none-any.whl (145 kB)
Using cached pyros_genmsg-0.5.8-py2.py3-none-any.whl (25 kB)
Using cached cerberus-1.3.8-py3-none-any.whl (30 kB)
Using cached nunavut-2.3.1-6748279276-py3-none-any.whl (369 kB)
Using cached pkgconfig-1.6.0-py3-none-any.whl (7.1 kB)
Using cached pydsdl-1.25.0-py3-none-any.whl (145 kB)
Downloading fastcrc-0.5.0-cp312-cp312-manylinux_2_17_aarch64.manylinux2014_aarch64.whl (996 kB)
   ━━━━━━━━━━━━━━━━━━━━━━━━━━━━━━━━━━━━━━━━ 996.5/996.5 kB 5.1 MB/s eta 0:00:00
Using cached importlib_resources-7.1.0-py3-none-any.whl (37 kB)
WARNING: Skipping /usr/lib/python3.12/dist-packages/pybind11-2.11.1.dist-info due to invalid metadata entry 'name'
Installing collected packages: pyros-genmsg, pydsdl, pyulog, pkgconfig, kconfiglib, importlib-resources, fastcrc, cerberus, pymavlink, nunavut
Successfully installed cerberus-1.3.8 fastcrc-0.5.0 importlib-resources-7.1.0 kconfiglib-14.1.0 nunavut-2.3.1 pkgconfig-1.6.0 pydsdl-1.25.0 pymavlink-2.4.50 pyros-genmsg-0.5.8 pyulog-1.2.4
