created {'thresholds': {'seed': 42, 'instance': 21, 'ros_domain_id': 71, 'agent_port': 18888, 'startup_timeout_s': 90, 'takeoff_timeout_s': 45, 'landing_timeout_s': 60, 'hover_s': 10, 'neural_s': 5, 'repetitions': 3, 'altitude_m': 3, 'hover_max_error_m': 1.0, 'hover_max_tilt_deg': 15, 'safety_radius_m': 10, 'safety_altitude_m': 8, 'safety_tilt_deg': 45, 'safety_angular_rate_rad_s': 8, 'inference_p99_us': 2500, 'settling_band_m': 0.2, 'settling_dwell_s': 2.0}}
process_started {'name': 'agent', 'pid': 787322, 'command': ['/home/car/uav_handover/uav_lab/scripts/MicroXRCEAgent', 'udp4', '-p', '18888', '-v', '4']}
process_started {'name': 'gazebo', 'pid': 787323, 'command': ['gz', 'sim', '-r', '-s', '-v', '3', '/home/car/uav_handover/uav_lab/.local/checkouts/px4-raptor/Tools/simulation/gz/worlds/default.sdf']}
process_started {'name': 'gz-stats', 'pid': 787324, 'command': ['gz', 'topic', '-e', '-t', '/world/default/stats']}
process_started {'name': 'tegrastats', 'pid': 787325, 'command': ['/usr/bin/tegrastats', '--interval', '1000']}
process_started {'name': 'px4', 'pid': 787361, 'command': ['/home/car/uav_handover/uav_lab/.local/checkouts/px4-raptor/build/px4_sitl_raptor/bin/px4', '-d', '-i', '21', '-w', '/home/car/uav_handover/data/verified-state_reset/rootfs', '/home/car/uav_handover/data/verified-state_reset/rootfs/etc']}
command_ack {'command': 211, 'result': 0, 'timestamp': 1791548839244230}
ready {'condition': 'PX4 DDS telemetry'}
mavlink_identity {'system_id': 22, 'autopilot': 12, 'udp_port': 18591}
process_started {'name': 'agent-reconnected', 'pid': 787895, 'command': ['/home/car/uav_handover/uav_lab/scripts/MicroXRCEAgent', 'udp4', '-p', '18888', '-v', '4']}
command_ack {'command': 211, 'result': 0, 'timestamp': 1791548839244244}
ready {'condition': 'DDS Client reconnection with fresh telemetry'}
command_requested {'command': 176, 'params': {'param1': 1, 'param2': 4, 'param3': 3}}
command_ack {'command': 176, 'result': 0, 'timestamp': 1791548855160247}
ready {'condition': 'command acknowledgement'}
command_requested {'command': 100001, 'params': {'param1': 14}}
command_ack {'command': 100001, 'result': 0, 'timestamp': 1791548856264247}
ready {'condition': 'command acknowledgement'}
ready {'condition': 'nav_state=14'}
mode_confirmed {'mode': 14, 'px4_timestamp': 1791548856276247}
command_requested {'command': 100001, 'params': {'param1': 4}}
command_ack {'command': 100001, 'result': 0, 'timestamp': 1791548856756247}
ready {'condition': 'command acknowledgement'}
ready {'condition': 'nav_state=4'}
mode_confirmed {'mode': 4, 'px4_timestamp': 1791548856768247}
state_operation {'target': 'raptor', 'operation': 'read', 'response': {'request_id': 22964000, 'applied_us': 22968000, 'target': 1, 'operation': 1, 'result': 1, 'dimension': 26, 'active': False, 'holding': False, 'values': [-0.212343827, -0.234459504, -0.368811429, -0.666718423, -0.389969617, -0.398781389, -0.379584461, -0.175578743, -0.829548955, 0.972582579, -0.00471785385, -0.517706931, 0.617311001, 0.875294328, -0.547267973, 0.659035563, -0.777054608, -0.74085027, -0.609418333, -0.614021182, 0.00510207284, -0.00577792665, -0.0132535389, -0.00051183207, 0.000511542836, 0.699487984]}}
ready {'condition': 'valid local position'}
state_operation {'target': 'raptor', 'operation': 'hold', 'response': {'request_id': 27100000, 'applied_us': 27104000, 'target': 1, 'operation': 4, 'result': 0, 'dimension': 26, 'active': False, 'holding': True, 'values': [-0.21194835, -0.240682483, -0.369528502, -0.667652607, -0.396274507, -0.395302445, -0.385700405, -0.177195787, -0.832314074, 0.973002136, -0.0280231889, -0.517186403, 0.623337507, 0.875494301, -0.544559777, 0.662073255, -0.780507803, -0.749901712, -0.611082852, -0.612402022, -0.0204502102, -0.0343175456, -0.0284245703, 0.00103373139, -0.00103351963, 0.698848009]}}
state_operation {'target': 'raptor', 'operation': 'read', 'response': {'request_id': 27120000, 'applied_us': 27124000, 'target': 1, 'operation': 1, 'result': 0, 'dimension': 26, 'active': False, 'holding': True, 'values': [-0.21194835, -0.240682483, -0.369528502, -0.667652607, -0.396274507, -0.395302445, -0.385700405, -0.177195787, -0.832314074, 0.973002136, -0.0280231889, -0.517186403, 0.623337507, 0.875494301, -0.544559777, 0.662073255, -0.780507803, -0.749901712, -0.611082852, -0.612402022, -0.0204502102, -0.0343175456, -0.0284245703, 0.00103373139, -0.00103351963, 0.698848009]}}
state_operation {'target': 'raptor', 'operation': 'inject', 'response': {'request_id': 27140000, 'applied_us': 27144000, 'target': 1, 'operation': 6, 'result': 0, 'dimension': 26, 'active': False, 'holding': True, 'values': [0.0500000007, 0.0500000007, 0.0500000007, 0.0500000007, 0.0500000007, 0.0500000007, 0.0500000007, 0.0500000007, 0.0500000007, 0.0500000007, 0.0500000007, 0.0500000007, 0.0500000007, 0.0500000007, 0.0500000007, 0.0500000007, 0.0299999993, 0.0299999993, 0.0299999993, 0.0299999993, -0.0204502102, -0.0343175456, -0.0284245703, 0.00103373139, -0.00103351963, 0.698848009]}}
state_operation {'target': 'raptor', 'operation': 'read', 'response': {'request_id': 27160000, 'applied_us': 27164000, 'target': 1, 'operation': 1, 'result': 0, 'dimension': 26, 'active': False, 'holding': True, 'values': [0.0500000007, 0.0500000007, 0.0500000007, 0.0500000007, 0.0500000007, 0.0500000007, 0.0500000007, 0.0500000007, 0.0500000007, 0.0500000007, 0.0500000007, 0.0500000007, 0.0500000007, 0.0500000007, 0.0500000007, 0.0500000007, 0.0299999993, 0.0299999993, 0.0299999993, 0.0299999993, -0.0204502102, -0.0343175456, -0.0284245703, 0.00103373139, -0.00103351963, 0.698848009]}}
state_operation {'target': 'raptor', 'operation': 'snapshot', 'response': {'request_id': 27180000, 'applied_us': 27184000, 'target': 1, 'operation': 2, 'result': 0, 'dimension': 26, 'active': False, 'holding': True, 'values': [0.0500000007, 0.0500000007, 0.0500000007, 0.0500000007, 0.0500000007, 0.0500000007, 0.0500000007, 0.0500000007, 0.0500000007, 0.0500000007, 0.0500000007, 0.0500000007, 0.0500000007, 0.0500000007, 0.0500000007, 0.0500000007, 0.0299999993, 0.0299999993, 0.0299999993, 0.0299999993, -0.0204502102, -0.0343175456, -0.0284245703, 0.00103373139, -0.00103351963, 0.698848009]}}
state_operation {'target': 'raptor', 'operation': 'reset', 'response': {'request_id': 27200000, 'applied_us': 27204000, 'target': 1, 'operation': 3, 'result': 0, 'dimension': 26, 'active': False, 'holding': True, 'values': [0, 0, 0, 0, 0, 0, 0, 0, 0, 0, 0, 0, 0, 0, 0, 0, 0, 0, 0, 0, -0.0204502102, -0.0343175456, -0.0284245703, 0.00103373139, -0.00103351963, 0.698848009]}}
state_operation {'target': 'raptor', 'operation': 'restore', 'response': {'request_id': 27224000, 'applied_us': 27224000, 'target': 1, 'operation': 5, 'result': 0, 'dimension': 26, 'active': False, 'holding': True, 'values': [0.0500000007, 0.0500000007, 0.0500000007, 0.0500000007, 0.0500000007, 0.0500000007, 0.0500000007, 0.0500000007, 0.0500000007, 0.0500000007, 0.0500000007, 0.0500000007, 0.0500000007, 0.0500000007, 0.0500000007, 0.0500000007, 0.0299999993, 0.0299999993, 0.0299999993, 0.0299999993, -0.0204502102, -0.0343175456, -0.0284245703, 0.00103373139, -0.00103351963, 0.698848009]}}
state_operation {'target': 'raptor', 'operation': 'inject', 'response': {'request_id': 27244000, 'applied_us': 27244000, 'target': 1, 'operation': 6, 'result': 3, 'dimension': 26, 'active': False, 'holding': True, 'values': [0.0500000007, 0.0500000007, 0.0500000007, 0.0500000007, 0.0500000007, 0.0500000007, 0.0500000007, 0.0500000007, 0.0500000007, 0.0500000007, 0.0500000007, 0.0500000007, 0.0500000007, 0.0500000007, 0.0500000007, 0.0500000007, 0.0299999993, 0.0299999993, 0.0299999993, 0.0299999993, -0.0204502102, -0.0343175456, -0.0284245703, 0.00103373139, -0.00103351963, 0.698848009]}}
state_operation {'target': 'raptor', 'operation': 'inject', 'response': {'request_id': 27260000, 'applied_us': 27264000, 'target': 1, 'operation': 6, 'result': 4, 'dimension': 26, 'active': False, 'holding': True, 'values': [0.0500000007, 0.0500000007, 0.0500000007, 0.0500000007, 0.0500000007, 0.0500000007, 0.0500000007, 0.0500000007, 0.0500000007, 0.0500000007, 0.0500000007, 0.0500000007, 0.0500000007, 0.0500000007, 0.0500000007, 0.0500000007, 0.0299999993, 0.0299999993, 0.0299999993, 0.0299999993, -0.0204502102, -0.0343175456, -0.0284245703, 0.00103373139, -0.00103351963, 0.698848009]}}
state_operation {'target': 'raptor', 'operation': 'inject', 'response': {'request_id': 27280000, 'applied_us': 27284000, 'target': 1, 'operation': 6, 'result': 5, 'dimension': 26, 'active': False, 'holding': True, 'values': [0.0500000007, 0.0500000007, 0.0500000007, 0.0500000007, 0.0500000007, 0.0500000007, 0.0500000007, 0.0500000007, 0.0500000007, 0.0500000007, 0.0500000007, 0.0500000007, 0.0500000007, 0.0500000007, 0.0500000007, 0.0500000007, 0.0299999993, 0.0299999993, 0.0299999993, 0.0299999993, -0.0204502102, -0.0343175456, -0.0284245703, 0.00103373139, -0.00103351963, 0.698848009]}}
state_operation {'target': 'raptor', 'operation': 'reset', 'response': {'request_id': 27300000, 'applied_us': 27304000, 'target': 1, 'operation': 3, 'result': 0, 'dimension': 26, 'active': False, 'holding': True, 'values': [0, 0, 0, 0, 0, 0, 0, 0, 0, 0, 0, 0, 0, 0, 0, 0, 0, 0, 0, 0, -0.0204502102, -0.0343175456, -0.0284245703, 0.00103373139, -0.00103351963, 0.698848009]}}
state_operation {'target': 'raptor', 'operation': 'release', 'response': {'request_id': 27320000, 'applied_us': 27324000, 'target': 1, 'operation': 7, 'result': 0, 'dimension': 26, 'active': False, 'holding': False, 'values': [0, 0, 0, 0, 0, 0, 0, 0, 0, 0, 0, 0, 0, 0, 0, 0, 0, 0, 0, 0, -0.0204502102, -0.0343175456, -0.0284245703, 0.00103373139, -0.00103351963, 0.698848009]}}
state_operation {'target': 'rate', 'operation': 'hold', 'response': {'request_id': 27340000, 'applied_us': 27344000, 'target': 2, 'operation': 4, 'result': 0, 'dimension': 3, 'active': False, 'holding': True, 'values': [0, 0, 0]}}
state_operation {'target': 'rate', 'operation': 'read', 'response': {'request_id': 27360000, 'applied_us': 27364000, 'target': 2, 'operation': 1, 'result': 0, 'dimension': 3, 'active': False, 'holding': True, 'values': [0, 0, 0]}}
state_operation {'target': 'rate', 'operation': 'inject', 'response': {'request_id': 27380000, 'applied_us': 27380000, 'target': 2, 'operation': 6, 'result': 0, 'dimension': 3, 'active': False, 'holding': True, 'values': [0.00999999978, -0.00999999978, 0.0149999997]}}
state_operation {'target': 'rate', 'operation': 'read', 'response': {'request_id': 27396000, 'applied_us': 27400000, 'target': 2, 'operation': 1, 'result': 0, 'dimension': 3, 'active': False, 'holding': True, 'values': [0.00999999978, -0.00999999978, 0.0149999997]}}
state_operation {'target': 'rate', 'operation': 'snapshot', 'response': {'request_id': 27416000, 'applied_us': 27420000, 'target': 2, 'operation': 2, 'result': 0, 'dimension': 3, 'active': False, 'holding': True, 'values': [0.00999999978, -0.00999999978, 0.0149999997]}}
state_operation {'target': 'rate', 'operation': 'reset', 'response': {'request_id': 27436000, 'applied_us': 27440000, 'target': 2, 'operation': 3, 'result': 0, 'dimension': 3, 'active': False, 'holding': True, 'values': [0, 0, 0]}}
state_operation {'target': 'rate', 'operation': 'restore', 'response': {'request_id': 27460000, 'applied_us': 27464000, 'target': 2, 'operation': 5, 'result': 0, 'dimension': 3, 'active': False, 'holding': True, 'values': [0.00999999978, -0.00999999978, 0.0149999997]}}
state_operation {'target': 'rate', 'operation': 'inject', 'response': {'request_id': 27480000, 'applied_us': 27484000, 'target': 2, 'operation': 6, 'result': 3, 'dimension': 3, 'active': False, 'holding': True, 'values': [0.00999999978, -0.00999999978, 0.0149999997]}}
state_operation {'target': 'rate', 'operation': 'inject', 'response': {'request_id': 27500000, 'applied_us': 27504000, 'target': 2, 'operation': 6, 'result': 4, 'dimension': 3, 'active': False, 'holding': True, 'values': [0.00999999978, -0.00999999978, 0.0149999997]}}
state_operation {'target': 'rate', 'operation': 'inject', 'response': {'request_id': 27520000, 'applied_us': 27524000, 'target': 2, 'operation': 6, 'result': 5, 'dimension': 3, 'active': False, 'holding': True, 'values': [0.00999999978, -0.00999999978, 0.0149999997]}}
state_operation {'target': 'rate', 'operation': 'reset', 'response': {'request_id': 27540000, 'applied_us': 27540000, 'target': 2, 'operation': 3, 'result': 0, 'dimension': 3, 'active': False, 'holding': True, 'values': [0, 0, 0]}}
state_operation {'target': 'rate', 'operation': 'release', 'response': {'request_id': 27556000, 'applied_us': 27560000, 'target': 2, 'operation': 7, 'result': 0, 'dimension': 3, 'active': False, 'holding': False, 'values': [0, 0, 0]}}
state_operation {'target': 'velocity', 'operation': 'hold', 'response': {'request_id': 27576000, 'applied_us': 27580000, 'target': 3, 'operation': 4, 'result': 0, 'dimension': 3, 'active': False, 'holding': True, 'values': [0, 0, 0]}}
state_operation {'target': 'velocity', 'operation': 'read', 'response': {'request_id': 27596000, 'applied_us': 27604000, 'target': 3, 'operation': 1, 'result': 0, 'dimension': 3, 'active': False, 'holding': True, 'values': [0, 0, 0]}}
state_operation {'target': 'velocity', 'operation': 'inject', 'response': {'request_id': 27620000, 'applied_us': 27628000, 'target': 3, 'operation': 6, 'result': 0, 'dimension': 3, 'active': False, 'holding': True, 'values': [0.00999999978, -0.00999999978, 0.0149999997]}}
state_operation {'target': 'velocity', 'operation': 'read', 'response': {'request_id': 27648000, 'applied_us': 27652000, 'target': 3, 'operation': 1, 'result': 0, 'dimension': 3, 'active': False, 'holding': True, 'values': [0.00999999978, -0.00999999978, 0.0149999997]}}
state_operation {'target': 'velocity', 'operation': 'snapshot', 'response': {'request_id': 27664000, 'applied_us': 27668000, 'target': 3, 'operation': 2, 'result': 0, 'dimension': 3, 'active': False, 'holding': True, 'values': [0.00999999978, -0.00999999978, 0.0149999997]}}
state_operation {'target': 'velocity', 'operation': 'reset', 'response': {'request_id': 27684000, 'applied_us': 27692000, 'target': 3, 'operation': 3, 'result': 0, 'dimension': 3, 'active': False, 'holding': True, 'values': [0, 0, 0]}}
state_operation {'target': 'velocity', 'operation': 'restore', 'response': {'request_id': 27708000, 'applied_us': 27716000, 'target': 3, 'operation': 5, 'result': 0, 'dimension': 3, 'active': False, 'holding': True, 'values': [0.00999999978, -0.00999999978, 0.0149999997]}}
state_operation {'target': 'velocity', 'operation': 'inject', 'response': {'request_id': 27728000, 'applied_us': 27732000, 'target': 3, 'operation': 6, 'result': 3, 'dimension': 3, 'active': False, 'holding': True, 'values': [0.00999999978, -0.00999999978, 0.0149999997]}}
state_operation {'target': 'velocity', 'operation': 'inject', 'response': {'request_id': 27748000, 'applied_us': 27756000, 'target': 3, 'operation': 6, 'result': 4, 'dimension': 3, 'active': False, 'holding': True, 'values': [0.00999999978, -0.00999999978, 0.0149999997]}}
state_operation {'target': 'velocity', 'operation': 'inject', 'response': {'request_id': 27772000, 'applied_us': 27780000, 'target': 3, 'operation': 6, 'result': 5, 'dimension': 3, 'active': False, 'holding': True, 'values': [0.00999999978, -0.00999999978, 0.0149999997]}}
state_operation {'target': 'velocity', 'operation': 'reset', 'response': {'request_id': 27800000, 'applied_us': 27804000, 'target': 3, 'operation': 3, 'result': 0, 'dimension': 3, 'active': False, 'holding': True, 'values': [0, 0, 0]}}
state_operation {'target': 'velocity', 'operation': 'release', 'response': {'request_id': 27820000, 'applied_us': 27820000, 'target': 3, 'operation': 7, 'result': 0, 'dimension': 3, 'active': False, 'holding': False, 'values': [0, 0, 0]}}
command_requested {'command': 400, 'params': {'param1': 1}}
command_ack {'command': 400, 'result': 0, 'timestamp': 1791548861856246}
ready {'condition': 'command acknowledgement'}
command_requested {'command': 22, 'params': {'param4': None, 'param5': None, 'param6': None, 'param7': None}}
command_ack {'command': 22, 'result': 0, 'timestamp': 1791548861952246}
ready {'condition': 'command acknowledgement'}
ready {'condition': 'takeoff altitude'}
command_requested {'command': 100001, 'params': {'param1': 4}}
command_ack {'command': 100001, 'result': 0, 'timestamp': 1791548870280246}
ready {'condition': 'command acknowledgement'}
ready {'condition': 'nav_state=4'}
mode_confirmed {'mode': 4, 'px4_timestamp': 1791548870280246}
hover_started {'label': 'classic_before', 'duration_s': 10}
ready {'condition': 'simulation hover duration classic_before'}
hover_ended {'label': 'classic_before'}
state_capture_started {'label': 'classic_before_handover'}
state_operation {'target': 'raptor', 'operation': 'read', 'response': {'request_id': 46696000, 'applied_us': 46700000, 'target': 1, 'operation': 1, 'result': 0, 'dimension': 26, 'active': False, 'holding': False, 'values': [-0.254286706, -0.105108522, -0.129753277, -0.225886732, -0.216583058, -0.118774459, 0.364174873, -0.0519964136, -0.746100128, 0.819610059, 0.0816281512, -0.371114194, 0.228358835, 0.332956791, -0.544071198, 0.059249226, -0.328114003, -0.292127788, -0.222868055, -0.249686435, -0.0334036946, -0.0292455461, -3.01956844, -1.51032646e-05, -1.00109437e-05, -0.00111293793]}}
state_operation {'target': 'rate', 'operation': 'read', 'response': {'request_id': 46716000, 'applied_us': 46720000, 'target': 2, 'operation': 1, 'result': 0, 'dimension': 3, 'active': True, 'holding': False, 'values': [1.40334696e-05, -2.09799182e-05, -1.54030949e-05]}}
state_operation {'target': 'velocity', 'operation': 'read', 'response': {'request_id': 46736000, 'applied_us': 46740000, 'target': 3, 'operation': 1, 'result': 0, 'dimension': 3, 'active': True, 'holding': False, 'values': [-0.000672160939, 0.00648035062, 0.0199112054]}}
state_capture_finished {'label': 'classic_before_handover'}
state_operation {'target': 'rate', 'operation': 'snapshot', 'response': {'request_id': 46752000, 'applied_us': 46756000, 'target': 2, 'operation': 2, 'result': 0, 'dimension': 3, 'active': True, 'holding': False, 'values': [5.4920356e-06, -2.46976851e-05, -1.46596758e-05]}}
state_operation {'target': 'velocity', 'operation': 'snapshot', 'response': {'request_id': 46772000, 'applied_us': 46780000, 'target': 3, 'operation': 2, 'result': 0, 'dimension': 3, 'active': True, 'holding': False, 'values': [-0.000683448336, 0.00628757151, 0.0199705157]}}
handover_requested {'from_controller': 'C', 'to_controller': 'N', 'iteration': 0}
command_requested {'command': 100001, 'params': {'param1': 23}}
command_ack {'command': 100001, 'result': 0, 'timestamp': 1791548880816245}
ready {'condition': 'command acknowledgement'}
ready {'condition': 'nav_state=23'}
mode_confirmed {'mode': 23, 'px4_timestamp': 1791548880828245}
ready {'condition': 'RAPTOR active diagnostic DDS'}
state_capture_started {'label': 'neural_after_entry'}
state_operation {'target': 'raptor', 'operation': 'read', 'response': {'request_id': 47124000, 'applied_us': 47128000, 'target': 1, 'operation': 1, 'result': 0, 'dimension': 26, 'active': True, 'holding': False, 'values': [-0.35829863, 0.054456044, 0.3194727, 0.479709119, 0.343790263, 0.48264426, 0.347696424, -0.26661858, -0.793703735, 0.846910715, 0.387697935, 0.276880682, 0.188133806, -0.415458918, -0.551420569, -0.324436575, 0.508749902, 0.495049745, 0.517386794, 0.523626983, -0.0332373045, -0.0334984027, -3.03413534, 0, 0, 0]}}
state_operation {'target': 'rate', 'operation': 'read', 'response': {'request_id': 47144000, 'applied_us': 47148000, 'target': 2, 'operation': 1, 'result': 0, 'dimension': 3, 'active': False, 'holding': False, 'values': [-1.11229865e-05, -3.34173674e-05, -1.45150962e-05]}}
state_operation {'target': 'velocity', 'operation': 'read', 'response': {'request_id': 47164000, 'applied_us': 47172000, 'target': 3, 'operation': 1, 'result': 0, 'dimension': 3, 'active': False, 'holding': False, 'values': [0, 0, 0]}}
state_capture_finished {'label': 'neural_after_entry'}
state_operation {'target': 'raptor', 'operation': 'restore', 'response': {'request_id': 47188000, 'applied_us': 47192000, 'target': 1, 'operation': 5, 'result': 2, 'dimension': 26, 'active': True, 'holding': False, 'values': [-0.353135914, 0.0508371331, 0.302326262, 0.448647082, 0.332250059, 0.468931407, 0.304498285, -0.280808717, -0.791679323, 0.859277189, 0.381213576, 0.280892015, 0.225739077, -0.396431476, -0.53821069, -0.281584978, 0.478691995, 0.468445688, 0.492580682, 0.496380359, -0.0332373045, -0.0334984027, -3.03413534, 0, 0, 0]}}
state_operation {'target': 'raptor', 'operation': 'inject', 'response': {'request_id': 47208000, 'applied_us': 47212000, 'target': 1, 'operation': 6, 'result': 2, 'dimension': 26, 'active': True, 'holding': False, 'values': [-0.352461576, 0.0502880663, 0.296244293, 0.438211024, 0.327143103, 0.466024786, 0.291759193, -0.283337146, -0.791583598, 0.862736225, 0.377275437, 0.280430734, 0.235506281, -0.393964738, -0.537678957, -0.271036446, 0.47129482, 0.463368922, 0.48285982, 0.485061675, -0.0332373045, -0.0334984027, -3.03413534, 0, 0, 0]}}
state_operation {'target': 'raptor', 'operation': 'reset', 'response': {'request_id': 47228000, 'applied_us': 47232000, 'target': 1, 'operation': 3, 'result': 0, 'dimension': 26, 'active': True, 'holding': False, 'values': [0, 0, 0, 0, 0, 0, 0, 0, 0, 0, 0, 0, 0, 0, 0, 0, 0, 0, 0, 0, -0.0332373045, -0.0334984027, -3.03413534, 0, 0, 0]}}
state_operation {'target': 'rate', 'operation': 'reset', 'response': {'request_id': 47244000, 'applied_us': 47248000, 'target': 2, 'operation': 3, 'result': 0, 'dimension': 3, 'active': False, 'holding': False, 'values': [0, 0, 0]}}
state_operation {'target': 'velocity', 'operation': 'reset', 'response': {'request_id': 47264000, 'applied_us': 47268000, 'target': 3, 'operation': 3, 'result': 0, 'dimension': 3, 'active': False, 'holding': False, 'values': [0, 0, 0]}}
hover_started {'label': 'neural', 'duration_s': 5}
ready {'condition': 'simulation hover duration neural'}
hover_ended {'label': 'neural'}
state_capture_started {'label': 'neural_before_exit'}
state_operation {'target': 'raptor', 'operation': 'read', 'response': {'request_id': 52300000, 'applied_us': 52304000, 'target': 1, 'operation': 1, 'result': 0, 'dimension': 26, 'active': True, 'holding': False, 'values': [-0.356652826, 0.0457654223, 0.262704998, 0.401653647, 0.313679218, 0.454389691, 0.273682505, -0.261053771, -0.797589123, 0.868253231, 0.352238268, 0.263075203, 0.246443316, -0.394995123, -0.555263817, -0.263781607, 0.452485114, 0.453784764, 0.453678519, 0.450915784, -0.0332373045, -0.0334984027, -3.03413534, 0, 0, 0]}}
state_operation {'target': 'rate', 'operation': 'read', 'response': {'request_id': 52320000, 'applied_us': 52324000, 'target': 2, 'operation': 1, 'result': 0, 'dimension': 3, 'active': False, 'holding': False, 'values': [0, 0, 0]}}
state_operation {'target': 'velocity', 'operation': 'read', 'response': {'request_id': 52340000, 'applied_us': 52348000, 'target': 3, 'operation': 1, 'result': 0, 'dimension': 3, 'active': False, 'holding': False, 'values': [0, 0, 0]}}
state_capture_finished {'label': 'neural_before_exit'}
handover_requested {'from_controller': 'N', 'to_controller': 'C', 'iteration': 0}
command_requested {'command': 100001, 'params': {'param1': 4}}
command_ack {'command': 100001, 'result': 0, 'timestamp': 1791548886384245}
ready {'condition': 'command acknowledgement'}
ready {'condition': 'nav_state=4'}
mode_confirmed {'mode': 4, 'px4_timestamp': 1791548886396245}
state_capture_started {'label': 'classic_after_entry'}
state_operation {'target': 'raptor', 'operation': 'read', 'response': {'request_id': 52568000, 'applied_us': 52572000, 'target': 1, 'operation': 1, 'result': 0, 'dimension': 26, 'active': False, 'holding': False, 'values': [-0.334079266, 0.034620259, 0.198346123, 0.25661841, 0.242209882, 0.342867613, 0.260272324, -0.238837197, -0.79172194, 0.869040549, 0.319652885, 0.192948744, 0.27150926, -0.283939928, -0.526963711, -0.162667736, 0.295304775, 0.338205218, 0.354163408, 0.306862056, -0.0417585447, -0.0288632214, -3.02288246, -0.000272951846, 0.00232866593, -0.000158309937]}}
state_operation {'target': 'rate', 'operation': 'read', 'response': {'request_id': 52588000, 'applied_us': 52592000, 'target': 2, 'operation': 1, 'result': 0, 'dimension': 3, 'active': True, 'holding': False, 'values': [1.59406209e-05, -6.18551567e-05, -1.61120397e-06]}}
state_operation {'target': 'velocity', 'operation': 'read', 'response': {'request_id': 52608000, 'applied_us': 52612000, 'target': 3, 'operation': 1, 'result': 0, 'dimension': 3, 'active': True, 'holding': False, 'values': [0.00037370465, 0.000137012699, 0.00103851466]}}
state_capture_finished {'label': 'classic_after_entry'}
hover_started {'label': 'classic_after', 'duration_s': 10}
ready {'condition': 'simulation hover duration classic_after'}
hover_ended {'label': 'classic_after'}
command_requested {'command': 21, 'params': {}}
command_ack {'command': 21, 'result': 0, 'timestamp': 1791548896800245}
ready {'condition': 'command acknowledgement'}
ready {'condition': 'landing'}
ready {'condition': 'disarmed'}
process_stopped {'name': 'agent-reconnected', 'pid': 787895, 'exit_code': -2}
process_stopped {'name': 'px4', 'pid': 787361, 'exit_code': 0}
process_stopped {'name': 'tegrastats', 'pid': 787325, 'exit_code': -2}
process_stopped {'name': 'gz-stats', 'pid': 787324, 'exit_code': 0}
process_stopped {'name': 'gazebo', 'pid': 787323, 'exit_code': 0}
process_stopped {'name': 'agent', 'pid': 787322, 'exit_code': -2}
/home/car/uav_handover/data/verified-state_reset PASS
