created {'thresholds': {'seed': 42, 'instance': 21, 'ros_domain_id': 71, 'agent_port': 18888, 'startup_timeout_s': 90, 'takeoff_timeout_s': 45, 'landing_timeout_s': 60, 'hover_s': 10, 'neural_s': 5, 'repetitions': 3, 'altitude_m': 3, 'hover_max_error_m': 1.0, 'hover_max_tilt_deg': 15, 'safety_radius_m': 10, 'safety_altitude_m': 8, 'safety_tilt_deg': 45, 'safety_angular_rate_rad_s': 8, 'inference_p99_us': 2500, 'settling_band_m': 0.2, 'settling_dwell_s': 2.0}}
process_started {'name': 'agent', 'pid': 783566, 'command': ['/home/car/uav_handover/uav_lab/scripts/MicroXRCEAgent', 'udp4', '-p', '18888', '-v', '4']}
process_started {'name': 'gazebo', 'pid': 783567, 'command': ['gz', 'sim', '-r', '-s', '-v', '3', '/home/car/uav_handover/uav_lab/.local/checkouts/px4-raptor/Tools/simulation/gz/worlds/default.sdf']}
process_started {'name': 'gz-stats', 'pid': 783568, 'command': ['gz', 'topic', '-e', '-t', '/world/default/stats']}
process_started {'name': 'tegrastats', 'pid': 783569, 'command': ['/usr/bin/tegrastats', '--interval', '1000']}
process_started {'name': 'px4', 'pid': 783605, 'command': ['/home/car/uav_handover/uav_lab/.local/checkouts/px4-raptor/build/px4_sitl_raptor/bin/px4', '-d', '-i', '21', '-w', '/home/car/uav_handover/data/verified-raptor_hover/rootfs', '/home/car/uav_handover/data/verified-raptor_hover/rootfs/etc']}
command_ack {'command': 211, 'result': 0, 'timestamp': 1791548654783513}
ready {'condition': 'PX4 DDS telemetry'}
mavlink_identity {'system_id': 22, 'autopilot': 12, 'udp_port': 18591}
process_started {'name': 'agent-reconnected', 'pid': 784175, 'command': ['/home/car/uav_handover/uav_lab/scripts/MicroXRCEAgent', 'udp4', '-p', '18888', '-v', '4']}
command_ack {'command': 211, 'result': 0, 'timestamp': 1791548654787859}
ready {'condition': 'DDS Client reconnection with fresh telemetry'}
command_requested {'command': 176, 'params': {'param1': 1, 'param2': 4, 'param3': 3}}
command_ack {'command': 176, 'result': 0, 'timestamp': 1791548670703862}
ready {'condition': 'command acknowledgement'}
command_requested {'command': 100001, 'params': {'param1': 14}}
command_ack {'command': 100001, 'result': 0, 'timestamp': 1791548671807864}
ready {'condition': 'command acknowledgement'}
ready {'condition': 'nav_state=14'}
mode_confirmed {'mode': 14, 'px4_timestamp': 1791548671819864}
command_requested {'command': 100001, 'params': {'param1': 4}}
command_ack {'command': 100001, 'result': 0, 'timestamp': 1791548672299864}
ready {'condition': 'command acknowledgement'}
ready {'condition': 'nav_state=4'}
mode_confirmed {'mode': 4, 'px4_timestamp': 1791548672311864}
state_operation {'target': 'raptor', 'operation': 'read', 'response': {'request_id': 22944000, 'applied_us': 22948000, 'target': 1, 'operation': 1, 'result': 1, 'dimension': 26, 'active': False, 'holding': False, 'values': [-0.212408885, -0.238442913, -0.371688634, -0.658377886, -0.387221187, -0.40604201, -0.378985345, -0.177024633, -0.829077542, 0.972800791, 0.00390077103, -0.522460997, 0.617314577, 0.878005624, -0.546934068, 0.659988582, -0.777450264, -0.745393753, -0.609208107, -0.607921422, 0.00101573893, 0.0436055921, -0.0352244675, 0.00040359571, 0.000511966064, 0.699488461]}}
ready {'condition': 'valid local position'}
state_operation {'target': 'raptor', 'operation': 'hold', 'response': {'request_id': 27084000, 'applied_us': 27088000, 'target': 1, 'operation': 4, 'result': 0, 'dimension': 26, 'active': False, 'holding': True, 'values': [-0.211414963, -0.246856496, -0.372679502, -0.655503511, -0.391584188, -0.404492408, -0.383804798, -0.178267851, -0.831448853, 0.973139703, -0.0165046155, -0.522685885, 0.622923493, 0.87855494, -0.543866754, 0.662946522, -0.781095624, -0.756604373, -0.609024882, -0.601749301, 0.0115059782, 0.0392437354, -0.0368183777, -0.00103348249, -0.00103479694, 0.698848009]}}
state_operation {'target': 'raptor', 'operation': 'read', 'response': {'request_id': 27104000, 'applied_us': 27108000, 'target': 1, 'operation': 1, 'result': 0, 'dimension': 26, 'active': False, 'holding': True, 'values': [-0.211414963, -0.246856496, -0.372679502, -0.655503511, -0.391584188, -0.404492408, -0.383804798, -0.178267851, -0.831448853, 0.973139703, -0.0165046155, -0.522685885, 0.622923493, 0.87855494, -0.543866754, 0.662946522, -0.781095624, -0.756604373, -0.609024882, -0.601749301, 0.0115059782, 0.0392437354, -0.0368183777, -0.00103348249, -0.00103479694, 0.698848009]}}
state_operation {'target': 'raptor', 'operation': 'inject', 'response': {'request_id': 27124000, 'applied_us': 27128000, 'target': 1, 'operation': 6, 'result': 0, 'dimension': 26, 'active': False, 'holding': True, 'values': [0.0500000007, 0.0500000007, 0.0500000007, 0.0500000007, 0.0500000007, 0.0500000007, 0.0500000007, 0.0500000007, 0.0500000007, 0.0500000007, 0.0500000007, 0.0500000007, 0.0500000007, 0.0500000007, 0.0500000007, 0.0500000007, 0.0299999993, 0.0299999993, 0.0299999993, 0.0299999993, 0.0115059782, 0.0392437354, -0.0368183777, -0.00103348249, -0.00103479694, 0.698848009]}}
state_operation {'target': 'raptor', 'operation': 'read', 'response': {'request_id': 27144000, 'applied_us': 27148000, 'target': 1, 'operation': 1, 'result': 0, 'dimension': 26, 'active': False, 'holding': True, 'values': [0.0500000007, 0.0500000007, 0.0500000007, 0.0500000007, 0.0500000007, 0.0500000007, 0.0500000007, 0.0500000007, 0.0500000007, 0.0500000007, 0.0500000007, 0.0500000007, 0.0500000007, 0.0500000007, 0.0500000007, 0.0500000007, 0.0299999993, 0.0299999993, 0.0299999993, 0.0299999993, 0.0115059782, 0.0392437354, -0.0368183777, -0.00103348249, -0.00103479694, 0.698848009]}}
state_operation {'target': 'raptor', 'operation': 'snapshot', 'response': {'request_id': 27164000, 'applied_us': 27168000, 'target': 1, 'operation': 2, 'result': 0, 'dimension': 26, 'active': False, 'holding': True, 'values': [0.0500000007, 0.0500000007, 0.0500000007, 0.0500000007, 0.0500000007, 0.0500000007, 0.0500000007, 0.0500000007, 0.0500000007, 0.0500000007, 0.0500000007, 0.0500000007, 0.0500000007, 0.0500000007, 0.0500000007, 0.0500000007, 0.0299999993, 0.0299999993, 0.0299999993, 0.0299999993, 0.0115059782, 0.0392437354, -0.0368183777, -0.00103348249, -0.00103479694, 0.698848009]}}
state_operation {'target': 'raptor', 'operation': 'reset', 'response': {'request_id': 27184000, 'applied_us': 27188000, 'target': 1, 'operation': 3, 'result': 0, 'dimension': 26, 'active': False, 'holding': True, 'values': [0, 0, 0, 0, 0, 0, 0, 0, 0, 0, 0, 0, 0, 0, 0, 0, 0, 0, 0, 0, 0.0115059782, 0.0392437354, -0.0368183777, -0.00103348249, -0.00103479694, 0.698848009]}}
state_operation {'target': 'raptor', 'operation': 'restore', 'response': {'request_id': 27204000, 'applied_us': 27208000, 'target': 1, 'operation': 5, 'result': 0, 'dimension': 26, 'active': False, 'holding': True, 'values': [0.0500000007, 0.0500000007, 0.0500000007, 0.0500000007, 0.0500000007, 0.0500000007, 0.0500000007, 0.0500000007, 0.0500000007, 0.0500000007, 0.0500000007, 0.0500000007, 0.0500000007, 0.0500000007, 0.0500000007, 0.0500000007, 0.0299999993, 0.0299999993, 0.0299999993, 0.0299999993, 0.0115059782, 0.0392437354, -0.0368183777, -0.00103348249, -0.00103479694, 0.698848009]}}
state_operation {'target': 'raptor', 'operation': 'inject', 'response': {'request_id': 27224000, 'applied_us': 27228000, 'target': 1, 'operation': 6, 'result': 3, 'dimension': 26, 'active': False, 'holding': True, 'values': [0.0500000007, 0.0500000007, 0.0500000007, 0.0500000007, 0.0500000007, 0.0500000007, 0.0500000007, 0.0500000007, 0.0500000007, 0.0500000007, 0.0500000007, 0.0500000007, 0.0500000007, 0.0500000007, 0.0500000007, 0.0500000007, 0.0299999993, 0.0299999993, 0.0299999993, 0.0299999993, 0.0115059782, 0.0392437354, -0.0368183777, -0.00103348249, -0.00103479694, 0.698848009]}}
state_operation {'target': 'raptor', 'operation': 'inject', 'response': {'request_id': 27244000, 'applied_us': 27248000, 'target': 1, 'operation': 6, 'result': 4, 'dimension': 26, 'active': False, 'holding': True, 'values': [0.0500000007, 0.0500000007, 0.0500000007, 0.0500000007, 0.0500000007, 0.0500000007, 0.0500000007, 0.0500000007, 0.0500000007, 0.0500000007, 0.0500000007, 0.0500000007, 0.0500000007, 0.0500000007, 0.0500000007, 0.0500000007, 0.0299999993, 0.0299999993, 0.0299999993, 0.0299999993, 0.0115059782, 0.0392437354, -0.0368183777, -0.00103348249, -0.00103479694, 0.698848009]}}
state_operation {'target': 'raptor', 'operation': 'inject', 'response': {'request_id': 27264000, 'applied_us': 27268000, 'target': 1, 'operation': 6, 'result': 5, 'dimension': 26, 'active': False, 'holding': True, 'values': [0.0500000007, 0.0500000007, 0.0500000007, 0.0500000007, 0.0500000007, 0.0500000007, 0.0500000007, 0.0500000007, 0.0500000007, 0.0500000007, 0.0500000007, 0.0500000007, 0.0500000007, 0.0500000007, 0.0500000007, 0.0500000007, 0.0299999993, 0.0299999993, 0.0299999993, 0.0299999993, 0.0115059782, 0.0392437354, -0.0368183777, -0.00103348249, -0.00103479694, 0.698848009]}}
state_operation {'target': 'raptor', 'operation': 'reset', 'response': {'request_id': 27284000, 'applied_us': 27288000, 'target': 1, 'operation': 3, 'result': 0, 'dimension': 26, 'active': False, 'holding': True, 'values': [0, 0, 0, 0, 0, 0, 0, 0, 0, 0, 0, 0, 0, 0, 0, 0, 0, 0, 0, 0, 0.0115059782, 0.0392437354, -0.0368183777, -0.00103348249, -0.00103479694, 0.698848009]}}
state_operation {'target': 'raptor', 'operation': 'release', 'response': {'request_id': 27304000, 'applied_us': 27308000, 'target': 1, 'operation': 7, 'result': 0, 'dimension': 26, 'active': False, 'holding': False, 'values': [0, 0, 0, 0, 0, 0, 0, 0, 0, 0, 0, 0, 0, 0, 0, 0, 0, 0, 0, 0, 0.0115059782, 0.0392437354, -0.0368183777, -0.00103348249, -0.00103479694, 0.698848009]}}
state_operation {'target': 'rate', 'operation': 'hold', 'response': {'request_id': 27324000, 'applied_us': 27328000, 'target': 2, 'operation': 4, 'result': 0, 'dimension': 3, 'active': False, 'holding': True, 'values': [0, 0, 0]}}
state_operation {'target': 'rate', 'operation': 'read', 'response': {'request_id': 27344000, 'applied_us': 27344000, 'target': 2, 'operation': 1, 'result': 0, 'dimension': 3, 'active': False, 'holding': True, 'values': [0, 0, 0]}}
state_operation {'target': 'rate', 'operation': 'inject', 'response': {'request_id': 27360000, 'applied_us': 27364000, 'target': 2, 'operation': 6, 'result': 0, 'dimension': 3, 'active': False, 'holding': True, 'values': [0.00999999978, -0.00999999978, 0.0149999997]}}
state_operation {'target': 'rate', 'operation': 'read', 'response': {'request_id': 27380000, 'applied_us': 27384000, 'target': 2, 'operation': 1, 'result': 0, 'dimension': 3, 'active': False, 'holding': True, 'values': [0.00999999978, -0.00999999978, 0.0149999997]}}
state_operation {'target': 'rate', 'operation': 'snapshot', 'response': {'request_id': 27400000, 'applied_us': 27404000, 'target': 2, 'operation': 2, 'result': 0, 'dimension': 3, 'active': False, 'holding': True, 'values': [0.00999999978, -0.00999999978, 0.0149999997]}}
state_operation {'target': 'rate', 'operation': 'reset', 'response': {'request_id': 27420000, 'applied_us': 27424000, 'target': 2, 'operation': 3, 'result': 0, 'dimension': 3, 'active': False, 'holding': True, 'values': [0, 0, 0]}}
state_operation {'target': 'rate', 'operation': 'restore', 'response': {'request_id': 27440000, 'applied_us': 27444000, 'target': 2, 'operation': 5, 'result': 0, 'dimension': 3, 'active': False, 'holding': True, 'values': [0.00999999978, -0.00999999978, 0.0149999997]}}
state_operation {'target': 'rate', 'operation': 'inject', 'response': {'request_id': 27460000, 'applied_us': 27464000, 'target': 2, 'operation': 6, 'result': 3, 'dimension': 3, 'active': False, 'holding': True, 'values': [0.00999999978, -0.00999999978, 0.0149999997]}}
state_operation {'target': 'rate', 'operation': 'inject', 'response': {'request_id': 27480000, 'applied_us': 27484000, 'target': 2, 'operation': 6, 'result': 4, 'dimension': 3, 'active': False, 'holding': True, 'values': [0.00999999978, -0.00999999978, 0.0149999997]}}
state_operation {'target': 'rate', 'operation': 'inject', 'response': {'request_id': 27500000, 'applied_us': 27504000, 'target': 2, 'operation': 6, 'result': 5, 'dimension': 3, 'active': False, 'holding': True, 'values': [0.00999999978, -0.00999999978, 0.0149999997]}}
state_operation {'target': 'rate', 'operation': 'reset', 'response': {'request_id': 27520000, 'applied_us': 27524000, 'target': 2, 'operation': 3, 'result': 0, 'dimension': 3, 'active': False, 'holding': True, 'values': [0, 0, 0]}}
state_operation {'target': 'rate', 'operation': 'release', 'response': {'request_id': 27540000, 'applied_us': 27544000, 'target': 2, 'operation': 7, 'result': 0, 'dimension': 3, 'active': False, 'holding': False, 'values': [0, 0, 0]}}
state_operation {'target': 'velocity', 'operation': 'hold', 'response': {'request_id': 27560000, 'applied_us': 27564000, 'target': 3, 'operation': 4, 'result': 0, 'dimension': 3, 'active': False, 'holding': True, 'values': [0, 0, 0]}}
state_operation {'target': 'velocity', 'operation': 'read', 'response': {'request_id': 27580000, 'applied_us': 27588000, 'target': 3, 'operation': 1, 'result': 0, 'dimension': 3, 'active': False, 'holding': True, 'values': [0, 0, 0]}}
state_operation {'target': 'velocity', 'operation': 'inject', 'response': {'request_id': 27604000, 'applied_us': 27612000, 'target': 3, 'operation': 6, 'result': 0, 'dimension': 3, 'active': False, 'holding': True, 'values': [0.00999999978, -0.00999999978, 0.0149999997]}}
state_operation {'target': 'velocity', 'operation': 'read', 'response': {'request_id': 27628000, 'applied_us': 27636000, 'target': 3, 'operation': 1, 'result': 0, 'dimension': 3, 'active': False, 'holding': True, 'values': [0.00999999978, -0.00999999978, 0.0149999997]}}
state_operation {'target': 'velocity', 'operation': 'snapshot', 'response': {'request_id': 27652000, 'applied_us': 27660000, 'target': 3, 'operation': 2, 'result': 0, 'dimension': 3, 'active': False, 'holding': True, 'values': [0.00999999978, -0.00999999978, 0.0149999997]}}
state_operation {'target': 'velocity', 'operation': 'reset', 'response': {'request_id': 27676000, 'applied_us': 27684000, 'target': 3, 'operation': 3, 'result': 0, 'dimension': 3, 'active': False, 'holding': True, 'values': [0, 0, 0]}}
state_operation {'target': 'velocity', 'operation': 'restore', 'response': {'request_id': 27704000, 'applied_us': 27708000, 'target': 3, 'operation': 5, 'result': 0, 'dimension': 3, 'active': False, 'holding': True, 'values': [0.00999999978, -0.00999999978, 0.0149999997]}}
state_operation {'target': 'velocity', 'operation': 'inject', 'response': {'request_id': 27724000, 'applied_us': 27732000, 'target': 3, 'operation': 6, 'result': 3, 'dimension': 3, 'active': False, 'holding': True, 'values': [0.00999999978, -0.00999999978, 0.0149999997]}}
state_operation {'target': 'velocity', 'operation': 'inject', 'response': {'request_id': 27748000, 'applied_us': 27756000, 'target': 3, 'operation': 6, 'result': 4, 'dimension': 3, 'active': False, 'holding': True, 'values': [0.00999999978, -0.00999999978, 0.0149999997]}}
state_operation {'target': 'velocity', 'operation': 'inject', 'response': {'request_id': 27772000, 'applied_us': 27780000, 'target': 3, 'operation': 6, 'result': 5, 'dimension': 3, 'active': False, 'holding': True, 'values': [0.00999999978, -0.00999999978, 0.0149999997]}}
state_operation {'target': 'velocity', 'operation': 'reset', 'response': {'request_id': 27796000, 'applied_us': 27804000, 'target': 3, 'operation': 3, 'result': 0, 'dimension': 3, 'active': False, 'holding': True, 'values': [0, 0, 0]}}
state_operation {'target': 'velocity', 'operation': 'release', 'response': {'request_id': 27824000, 'applied_us': 27828000, 'target': 3, 'operation': 7, 'result': 0, 'dimension': 3, 'active': False, 'holding': False, 'values': [0, 0, 0]}}
command_requested {'command': 400, 'params': {'param1': 1}}
command_ack {'command': 400, 'result': 0, 'timestamp': 1791548677423868}
ready {'condition': 'command acknowledgement'}
command_requested {'command': 22, 'params': {'param4': None, 'param5': None, 'param6': None, 'param7': None}}
command_ack {'command': 22, 'result': 0, 'timestamp': 1791548677531868}
ready {'condition': 'command acknowledgement'}
ready {'condition': 'takeoff altitude'}
command_requested {'command': 100001, 'params': {'param1': 4}}
command_ack {'command': 100001, 'result': 0, 'timestamp': 1791548685847874}
ready {'condition': 'command acknowledgement'}
ready {'condition': 'nav_state=4'}
mode_confirmed {'mode': 4, 'px4_timestamp': 1791548685847874}
hover_started {'label': 'classic_before', 'duration_s': 10}
ready {'condition': 'simulation hover duration classic_before'}
hover_ended {'label': 'classic_before'}
state_capture_started {'label': 'classic_before_handover'}
state_operation {'target': 'raptor', 'operation': 'read', 'response': {'request_id': 46700000, 'applied_us': 46704000, 'target': 1, 'operation': 1, 'result': 0, 'dimension': 26, 'active': False, 'holding': False, 'values': [-0.240020037, -0.115360677, -0.12032719, -0.249628276, -0.197954386, -0.160630673, 0.355523318, -0.0331632458, -0.772044122, 0.834896088, 0.0807595775, -0.335299611, 0.237771243, 0.303750694, -0.546999514, 0.0934574008, -0.37257883, -0.261309117, -0.153952628, -0.251147598, 0.012620111, 0.0452106148, -3.04528809, -3.58012475e-13, 5.68434189e-14, -0.00113010406]}}
state_operation {'target': 'rate', 'operation': 'read', 'response': {'request_id': 46724000, 'applied_us': 46724000, 'target': 2, 'operation': 1, 'result': 0, 'dimension': 3, 'active': True, 'holding': False, 'values': [-8.16389656e-05, 3.63488289e-05, -1.02156873e-05]}}
state_operation {'target': 'velocity', 'operation': 'read', 'response': {'request_id': 46744000, 'applied_us': 46748000, 'target': 3, 'operation': 1, 'result': 0, 'dimension': 3, 'active': True, 'holding': False, 'values': [-0.00376533414, -0.00229155482, 0.0174190961]}}
state_capture_finished {'label': 'classic_before_handover'}
handover_requested {'from_controller': 'C', 'to_controller': 'N', 'iteration': 0}
command_requested {'command': 100001, 'params': {'param1': 23}}
command_ack {'command': 100001, 'result': 0, 'timestamp': 1791548696347880}
ready {'condition': 'command acknowledgement'}
ready {'condition': 'nav_state=23'}
mode_confirmed {'mode': 23, 'px4_timestamp': 1791548696359880}
ready {'condition': 'RAPTOR active diagnostic DDS'}
state_capture_started {'label': 'neural_after_entry'}
state_operation {'target': 'raptor', 'operation': 'read', 'response': {'request_id': 47096000, 'applied_us': 47100000, 'target': 1, 'operation': 1, 'result': 0, 'dimension': 26, 'active': True, 'holding': False, 'values': [-0.354784518, 0.0513758473, 0.310743541, 0.477442712, 0.342194974, 0.476832867, 0.347300023, -0.262139797, -0.793357193, 0.846879721, 0.382334143, 0.273303717, 0.191220805, -0.411316872, -0.551747859, -0.325008988, 0.499080926, 0.481942862, 0.510589004, 0.517740488, 0.030312378, 0.0311730169, -3.05034971, 0, 0, 0]}}
state_operation {'target': 'rate', 'operation': 'read', 'response': {'request_id': 47116000, 'applied_us': 47120000, 'target': 2, 'operation': 1, 'result': 0, 'dimension': 3, 'active': False, 'holding': False, 'values': [-7.75755907e-05, 4.01955404e-05, -1.97517802e-05]}}
state_operation {'target': 'velocity', 'operation': 'read', 'response': {'request_id': 47136000, 'applied_us': 47140000, 'target': 3, 'operation': 1, 'result': 0, 'dimension': 3, 'active': False, 'holding': False, 'values': [0, 0, 0]}}
state_capture_finished {'label': 'neural_after_entry'}
hover_started {'label': 'neural', 'duration_s': 5}
ready {'condition': 'simulation hover duration neural'}
hover_ended {'label': 'neural'}
state_capture_started {'label': 'neural_before_exit'}
state_operation {'target': 'raptor', 'operation': 'read', 'response': {'request_id': 52272000, 'applied_us': 52276000, 'target': 1, 'operation': 1, 'result': 0, 'dimension': 26, 'active': True, 'holding': False, 'values': [-0.356816351, 0.0429616608, 0.265769571, 0.40704906, 0.31550464, 0.459663689, 0.270950466, -0.262751013, -0.799119711, 0.869650245, 0.350733548, 0.267747462, 0.248648345, -0.401492745, -0.556860685, -0.266013414, 0.457638741, 0.458623439, 0.460363626, 0.458368242, 0.030312378, 0.0311730169, -3.05034971, 0, 0, 0]}}
state_operation {'target': 'rate', 'operation': 'read', 'response': {'request_id': 52292000, 'applied_us': 52296000, 'target': 2, 'operation': 1, 'result': 0, 'dimension': 3, 'active': False, 'holding': False, 'values': [-7.75755907e-05, 4.01955404e-05, -1.97517802e-05]}}
state_operation {'target': 'velocity', 'operation': 'read', 'response': {'request_id': 52312000, 'applied_us': 52316000, 'target': 3, 'operation': 1, 'result': 0, 'dimension': 3, 'active': False, 'holding': False, 'values': [0, 0, 0]}}
state_capture_finished {'label': 'neural_before_exit'}
handover_requested {'from_controller': 'N', 'to_controller': 'C', 'iteration': 0}
command_requested {'command': 100001, 'params': {'param1': 4}}
command_ack {'command': 100001, 'result': 0, 'timestamp': 1791548701915883}
ready {'condition': 'command acknowledgement'}
ready {'condition': 'nav_state=4'}
mode_confirmed {'mode': 4, 'px4_timestamp': 1791548701927883}
state_capture_started {'label': 'classic_after_entry'}
state_operation {'target': 'raptor', 'operation': 'read', 'response': {'request_id': 52536000, 'applied_us': 52540000, 'target': 1, 'operation': 1, 'result': 0, 'dimension': 26, 'active': False, 'holding': False, 'values': [-0.336938888, 0.0346748419, 0.221517563, 0.310834527, 0.275041401, 0.36416319, 0.264743298, -0.241839692, -0.799975336, 0.872343302, 0.332512766, 0.220450714, 0.265704036, -0.32171613, -0.533848286, -0.190249935, 0.337996483, 0.372850657, 0.404931307, 0.364309728, 0.0278048776, 0.0459218249, -3.03301501, -0.00223529665, -0.00184325245, -0.000127792358]}}
state_operation {'target': 'rate', 'operation': 'read', 'response': {'request_id': 52556000, 'applied_us': 52560000, 'target': 2, 'operation': 1, 'result': 0, 'dimension': 3, 'active': True, 'holding': False, 'values': [-0.000224635383, -3.205127e-05, -3.90776149e-05]}}
state_operation {'target': 'velocity', 'operation': 'read', 'response': {'request_id': 52576000, 'applied_us': 52580000, 'target': 3, 'operation': 1, 'result': 0, 'dimension': 3, 'active': True, 'holding': False, 'values': [1.49475845e-05, 0.000555407081, -0.000605362817]}}
state_capture_finished {'label': 'classic_after_entry'}
hover_started {'label': 'classic_after', 'duration_s': 10}
ready {'condition': 'simulation hover duration classic_after'}
hover_ended {'label': 'classic_after'}
command_requested {'command': 21, 'params': {}}
command_ack {'command': 21, 'result': 0, 'timestamp': 1791548712343888}
ready {'condition': 'command acknowledgement'}
ready {'condition': 'landing'}
ready {'condition': 'disarmed'}
process_stopped {'name': 'agent-reconnected', 'pid': 784175, 'exit_code': -2}
process_stopped {'name': 'px4', 'pid': 783605, 'exit_code': 0}
process_stopped {'name': 'tegrastats', 'pid': 783569, 'exit_code': -2}
process_stopped {'name': 'gz-stats', 'pid': 783568, 'exit_code': 0}
process_stopped {'name': 'gazebo', 'pid': 783567, 'exit_code': 0}
process_stopped {'name': 'agent', 'pid': 783566, 'exit_code': -2}
/home/car/uav_handover/data/verified-raptor_hover PASS
