created {'thresholds': {'seed': 42, 'instance': 21, 'ros_domain_id': 71, 'agent_port': 18888, 'startup_timeout_s': 90, 'takeoff_timeout_s': 45, 'landing_timeout_s': 60, 'hover_s': 10, 'neural_s': 5, 'repetitions': 3, 'altitude_m': 3, 'hover_max_error_m': 1.0, 'hover_max_tilt_deg': 15, 'safety_radius_m': 10, 'safety_altitude_m': 8, 'safety_tilt_deg': 45, 'safety_angular_rate_rad_s': 8, 'inference_p99_us': 2500, 'settling_band_m': 0.2, 'settling_dwell_s': 2.0}}
process_started {'name': 'agent', 'pid': 788334, 'command': ['/home/car/uav_handover/uav_lab/scripts/MicroXRCEAgent', 'udp4', '-p', '18888', '-v', '4']}
process_started {'name': 'gazebo', 'pid': 788335, 'command': ['gz', 'sim', '-r', '-s', '-v', '3', '/home/car/uav_handover/uav_lab/.local/checkouts/px4-raptor/Tools/simulation/gz/worlds/default.sdf']}
process_started {'name': 'gz-stats', 'pid': 788336, 'command': ['gz', 'topic', '-e', '-t', '/world/default/stats']}
process_started {'name': 'tegrastats', 'pid': 788337, 'command': ['/usr/bin/tegrastats', '--interval', '1000']}
process_started {'name': 'px4', 'pid': 788378, 'command': ['/home/car/uav_handover/uav_lab/.local/checkouts/px4-raptor/build/px4_sitl_raptor/bin/px4', '-d', '-i', '21', '-w', '/home/car/uav_handover/data/verified-state_hold/rootfs', '/home/car/uav_handover/data/verified-state_hold/rootfs/etc']}
command_ack {'command': 211, 'result': 0, 'timestamp': 1791548915201158}
ready {'condition': 'PX4 DDS telemetry'}
mavlink_identity {'system_id': 22, 'autopilot': 12, 'udp_port': 18591}
process_started {'name': 'agent-reconnected', 'pid': 788899, 'command': ['/home/car/uav_handover/uav_lab/scripts/MicroXRCEAgent', 'udp4', '-p', '18888', '-v', '4']}
command_ack {'command': 211, 'result': 0, 'timestamp': 1791548915201166}
ready {'condition': 'DDS Client reconnection with fresh telemetry'}
command_requested {'command': 176, 'params': {'param1': 1, 'param2': 4, 'param3': 3}}
command_ack {'command': 176, 'result': 0, 'timestamp': 1791548931121172}
ready {'condition': 'command acknowledgement'}
command_requested {'command': 100001, 'params': {'param1': 14}}
command_ack {'command': 100001, 'result': 0, 'timestamp': 1791548932225172}
ready {'condition': 'command acknowledgement'}
ready {'condition': 'nav_state=14'}
mode_confirmed {'mode': 14, 'px4_timestamp': 1791548932237172}
command_requested {'command': 100001, 'params': {'param1': 4}}
command_ack {'command': 100001, 'result': 0, 'timestamp': 1791548932705172}
ready {'condition': 'command acknowledgement'}
ready {'condition': 'nav_state=4'}
mode_confirmed {'mode': 4, 'px4_timestamp': 1791548932717172}
state_operation {'target': 'raptor', 'operation': 'read', 'response': {'request_id': 23044000, 'applied_us': 23048000, 'target': 1, 'operation': 1, 'result': 1, 'dimension': 26, 'active': False, 'holding': False, 'values': [-0.212256834, -0.232547909, -0.366185397, -0.663542628, -0.393019885, -0.390670031, -0.372272462, -0.173643619, -0.828622878, 0.971583664, -0.0143950703, -0.517420888, 0.612994134, 0.870517731, -0.547517061, 0.652139485, -0.773253739, -0.735854149, -0.609808564, -0.612422049, 0.00575067382, -0.00929375738, 0.0580437183, 0.000511813385, -3.69289637e-06, 0.699487984]}}
ready {'condition': 'valid local position'}
state_operation {'target': 'raptor', 'operation': 'hold', 'response': {'request_id': 27180000, 'applied_us': 27184000, 'target': 1, 'operation': 4, 'result': 0, 'dimension': 26, 'active': False, 'holding': True, 'values': [-0.218442947, -0.240078509, -0.371427357, -0.65725261, -0.396447033, -0.389345378, -0.370057911, -0.170569986, -0.828706324, 0.971332014, -0.0286195818, -0.52573818, 0.613837123, 0.871157229, -0.54597187, 0.648813903, -0.776830256, -0.749971569, -0.616258085, -0.606530011, -0.00267482316, 0.00585831841, 0.0683899447, -0.00103731372, 0, 0.698848009]}}
state_operation {'target': 'raptor', 'operation': 'read', 'response': {'request_id': 27200000, 'applied_us': 27204000, 'target': 1, 'operation': 1, 'result': 0, 'dimension': 26, 'active': False, 'holding': True, 'values': [-0.218442947, -0.240078509, -0.371427357, -0.65725261, -0.396447033, -0.389345378, -0.370057911, -0.170569986, -0.828706324, 0.971332014, -0.0286195818, -0.52573818, 0.613837123, 0.871157229, -0.54597187, 0.648813903, -0.776830256, -0.749971569, -0.616258085, -0.606530011, -0.00267482316, 0.00585831841, 0.0683899447, -0.00103731372, 0, 0.698848009]}}
state_operation {'target': 'raptor', 'operation': 'inject', 'response': {'request_id': 27220000, 'applied_us': 27224000, 'target': 1, 'operation': 6, 'result': 0, 'dimension': 26, 'active': False, 'holding': True, 'values': [0.0500000007, 0.0500000007, 0.0500000007, 0.0500000007, 0.0500000007, 0.0500000007, 0.0500000007, 0.0500000007, 0.0500000007, 0.0500000007, 0.0500000007, 0.0500000007, 0.0500000007, 0.0500000007, 0.0500000007, 0.0500000007, 0.0299999993, 0.0299999993, 0.0299999993, 0.0299999993, -0.00267482316, 0.00585831841, 0.0683899447, -0.00103731372, 0, 0.698848009]}}
state_operation {'target': 'raptor', 'operation': 'read', 'response': {'request_id': 27240000, 'applied_us': 27240000, 'target': 1, 'operation': 1, 'result': 0, 'dimension': 26, 'active': False, 'holding': True, 'values': [0.0500000007, 0.0500000007, 0.0500000007, 0.0500000007, 0.0500000007, 0.0500000007, 0.0500000007, 0.0500000007, 0.0500000007, 0.0500000007, 0.0500000007, 0.0500000007, 0.0500000007, 0.0500000007, 0.0500000007, 0.0500000007, 0.0299999993, 0.0299999993, 0.0299999993, 0.0299999993, -0.00267482316, 0.00585831841, 0.0683899447, -0.00103731372, 0, 0.698848009]}}
state_operation {'target': 'raptor', 'operation': 'snapshot', 'response': {'request_id': 27260000, 'applied_us': 27260000, 'target': 1, 'operation': 2, 'result': 0, 'dimension': 26, 'active': False, 'holding': True, 'values': [0.0500000007, 0.0500000007, 0.0500000007, 0.0500000007, 0.0500000007, 0.0500000007, 0.0500000007, 0.0500000007, 0.0500000007, 0.0500000007, 0.0500000007, 0.0500000007, 0.0500000007, 0.0500000007, 0.0500000007, 0.0500000007, 0.0299999993, 0.0299999993, 0.0299999993, 0.0299999993, -0.00267482316, 0.00585831841, 0.0683899447, -0.00103731372, 0, 0.698848009]}}
state_operation {'target': 'raptor', 'operation': 'reset', 'response': {'request_id': 27276000, 'applied_us': 27280000, 'target': 1, 'operation': 3, 'result': 0, 'dimension': 26, 'active': False, 'holding': True, 'values': [0, 0, 0, 0, 0, 0, 0, 0, 0, 0, 0, 0, 0, 0, 0, 0, 0, 0, 0, 0, -0.00267482316, 0.00585831841, 0.0683899447, -0.00103731372, 0, 0.698848009]}}
state_operation {'target': 'raptor', 'operation': 'restore', 'response': {'request_id': 27296000, 'applied_us': 27300000, 'target': 1, 'operation': 5, 'result': 0, 'dimension': 26, 'active': False, 'holding': True, 'values': [0.0500000007, 0.0500000007, 0.0500000007, 0.0500000007, 0.0500000007, 0.0500000007, 0.0500000007, 0.0500000007, 0.0500000007, 0.0500000007, 0.0500000007, 0.0500000007, 0.0500000007, 0.0500000007, 0.0500000007, 0.0500000007, 0.0299999993, 0.0299999993, 0.0299999993, 0.0299999993, -0.00267482316, 0.00585831841, 0.0683899447, -0.00103731372, 0, 0.698848009]}}
state_operation {'target': 'raptor', 'operation': 'inject', 'response': {'request_id': 27316000, 'applied_us': 27320000, 'target': 1, 'operation': 6, 'result': 3, 'dimension': 26, 'active': False, 'holding': True, 'values': [0.0500000007, 0.0500000007, 0.0500000007, 0.0500000007, 0.0500000007, 0.0500000007, 0.0500000007, 0.0500000007, 0.0500000007, 0.0500000007, 0.0500000007, 0.0500000007, 0.0500000007, 0.0500000007, 0.0500000007, 0.0500000007, 0.0299999993, 0.0299999993, 0.0299999993, 0.0299999993, -0.00267482316, 0.00585831841, 0.0683899447, -0.00103731372, 0, 0.698848009]}}
state_operation {'target': 'raptor', 'operation': 'inject', 'response': {'request_id': 27336000, 'applied_us': 27340000, 'target': 1, 'operation': 6, 'result': 4, 'dimension': 26, 'active': False, 'holding': True, 'values': [0.0500000007, 0.0500000007, 0.0500000007, 0.0500000007, 0.0500000007, 0.0500000007, 0.0500000007, 0.0500000007, 0.0500000007, 0.0500000007, 0.0500000007, 0.0500000007, 0.0500000007, 0.0500000007, 0.0500000007, 0.0500000007, 0.0299999993, 0.0299999993, 0.0299999993, 0.0299999993, -0.00267482316, 0.00585831841, 0.0683899447, -0.00103731372, 0, 0.698848009]}}
state_operation {'target': 'raptor', 'operation': 'inject', 'response': {'request_id': 27356000, 'applied_us': 27360000, 'target': 1, 'operation': 6, 'result': 5, 'dimension': 26, 'active': False, 'holding': True, 'values': [0.0500000007, 0.0500000007, 0.0500000007, 0.0500000007, 0.0500000007, 0.0500000007, 0.0500000007, 0.0500000007, 0.0500000007, 0.0500000007, 0.0500000007, 0.0500000007, 0.0500000007, 0.0500000007, 0.0500000007, 0.0500000007, 0.0299999993, 0.0299999993, 0.0299999993, 0.0299999993, -0.00267482316, 0.00585831841, 0.0683899447, -0.00103731372, 0, 0.698848009]}}
state_operation {'target': 'raptor', 'operation': 'reset', 'response': {'request_id': 27376000, 'applied_us': 27380000, 'target': 1, 'operation': 3, 'result': 0, 'dimension': 26, 'active': False, 'holding': True, 'values': [0, 0, 0, 0, 0, 0, 0, 0, 0, 0, 0, 0, 0, 0, 0, 0, 0, 0, 0, 0, -0.00267482316, 0.00585831841, 0.0683899447, -0.00103731372, 0, 0.698848009]}}
state_operation {'target': 'raptor', 'operation': 'release', 'response': {'request_id': 27396000, 'applied_us': 27396000, 'target': 1, 'operation': 7, 'result': 0, 'dimension': 26, 'active': False, 'holding': False, 'values': [0, 0, 0, 0, 0, 0, 0, 0, 0, 0, 0, 0, 0, 0, 0, 0, 0, 0, 0, 0, -0.00267482316, 0.00585831841, 0.0683899447, -0.00103731372, 0, 0.698848009]}}
state_operation {'target': 'rate', 'operation': 'hold', 'response': {'request_id': 27412000, 'applied_us': 27416000, 'target': 2, 'operation': 4, 'result': 0, 'dimension': 3, 'active': False, 'holding': True, 'values': [0, 0, 0]}}
state_operation {'target': 'rate', 'operation': 'read', 'response': {'request_id': 27432000, 'applied_us': 27436000, 'target': 2, 'operation': 1, 'result': 0, 'dimension': 3, 'active': False, 'holding': True, 'values': [0, 0, 0]}}
state_operation {'target': 'rate', 'operation': 'inject', 'response': {'request_id': 27452000, 'applied_us': 27456000, 'target': 2, 'operation': 6, 'result': 0, 'dimension': 3, 'active': False, 'holding': True, 'values': [0.00999999978, -0.00999999978, 0.0149999997]}}
state_operation {'target': 'rate', 'operation': 'read', 'response': {'request_id': 27468000, 'applied_us': 27472000, 'target': 2, 'operation': 1, 'result': 0, 'dimension': 3, 'active': False, 'holding': True, 'values': [0.00999999978, -0.00999999978, 0.0149999997]}}
state_operation {'target': 'rate', 'operation': 'snapshot', 'response': {'request_id': 27488000, 'applied_us': 27492000, 'target': 2, 'operation': 2, 'result': 0, 'dimension': 3, 'active': False, 'holding': True, 'values': [0.00999999978, -0.00999999978, 0.0149999997]}}
state_operation {'target': 'rate', 'operation': 'reset', 'response': {'request_id': 27508000, 'applied_us': 27512000, 'target': 2, 'operation': 3, 'result': 0, 'dimension': 3, 'active': False, 'holding': True, 'values': [0, 0, 0]}}
state_operation {'target': 'rate', 'operation': 'restore', 'response': {'request_id': 27528000, 'applied_us': 27532000, 'target': 2, 'operation': 5, 'result': 0, 'dimension': 3, 'active': False, 'holding': True, 'values': [0.00999999978, -0.00999999978, 0.0149999997]}}
state_operation {'target': 'rate', 'operation': 'inject', 'response': {'request_id': 27548000, 'applied_us': 27552000, 'target': 2, 'operation': 6, 'result': 3, 'dimension': 3, 'active': False, 'holding': True, 'values': [0.00999999978, -0.00999999978, 0.0149999997]}}
state_operation {'target': 'rate', 'operation': 'inject', 'response': {'request_id': 27568000, 'applied_us': 27568000, 'target': 2, 'operation': 6, 'result': 4, 'dimension': 3, 'active': False, 'holding': True, 'values': [0.00999999978, -0.00999999978, 0.0149999997]}}
state_operation {'target': 'rate', 'operation': 'inject', 'response': {'request_id': 27588000, 'applied_us': 27592000, 'target': 2, 'operation': 6, 'result': 5, 'dimension': 3, 'active': False, 'holding': True, 'values': [0.00999999978, -0.00999999978, 0.0149999997]}}
state_operation {'target': 'rate', 'operation': 'reset', 'response': {'request_id': 27608000, 'applied_us': 27608000, 'target': 2, 'operation': 3, 'result': 0, 'dimension': 3, 'active': False, 'holding': True, 'values': [0, 0, 0]}}
state_operation {'target': 'rate', 'operation': 'release', 'response': {'request_id': 27624000, 'applied_us': 27628000, 'target': 2, 'operation': 7, 'result': 0, 'dimension': 3, 'active': False, 'holding': False, 'values': [0, 0, 0]}}
state_operation {'target': 'velocity', 'operation': 'hold', 'response': {'request_id': 27644000, 'applied_us': 27648000, 'target': 3, 'operation': 4, 'result': 0, 'dimension': 3, 'active': False, 'holding': True, 'values': [0, 0, 0]}}
state_operation {'target': 'velocity', 'operation': 'read', 'response': {'request_id': 27664000, 'applied_us': 27664000, 'target': 3, 'operation': 1, 'result': 0, 'dimension': 3, 'active': False, 'holding': True, 'values': [0, 0, 0]}}
state_operation {'target': 'velocity', 'operation': 'inject', 'response': {'request_id': 27680000, 'applied_us': 27688000, 'target': 3, 'operation': 6, 'result': 0, 'dimension': 3, 'active': False, 'holding': True, 'values': [0.00999999978, -0.00999999978, 0.0149999997]}}
state_operation {'target': 'velocity', 'operation': 'read', 'response': {'request_id': 27700000, 'applied_us': 27704000, 'target': 3, 'operation': 1, 'result': 0, 'dimension': 3, 'active': False, 'holding': True, 'values': [0.00999999978, -0.00999999978, 0.0149999997]}}
state_operation {'target': 'velocity', 'operation': 'snapshot', 'response': {'request_id': 27720000, 'applied_us': 27728000, 'target': 3, 'operation': 2, 'result': 0, 'dimension': 3, 'active': False, 'holding': True, 'values': [0.00999999978, -0.00999999978, 0.0149999997]}}
state_operation {'target': 'velocity', 'operation': 'reset', 'response': {'request_id': 27744000, 'applied_us': 27752000, 'target': 3, 'operation': 3, 'result': 0, 'dimension': 3, 'active': False, 'holding': True, 'values': [0, 0, 0]}}
state_operation {'target': 'velocity', 'operation': 'restore', 'response': {'request_id': 27768000, 'applied_us': 27776000, 'target': 3, 'operation': 5, 'result': 0, 'dimension': 3, 'active': False, 'holding': True, 'values': [0.00999999978, -0.00999999978, 0.0149999997]}}
state_operation {'target': 'velocity', 'operation': 'inject', 'response': {'request_id': 27792000, 'applied_us': 27800000, 'target': 3, 'operation': 6, 'result': 3, 'dimension': 3, 'active': False, 'holding': True, 'values': [0.00999999978, -0.00999999978, 0.0149999997]}}
state_operation {'target': 'velocity', 'operation': 'inject', 'response': {'request_id': 27816000, 'applied_us': 27824000, 'target': 3, 'operation': 6, 'result': 4, 'dimension': 3, 'active': False, 'holding': True, 'values': [0.00999999978, -0.00999999978, 0.0149999997]}}
state_operation {'target': 'velocity', 'operation': 'inject', 'response': {'request_id': 27836000, 'applied_us': 27840000, 'target': 3, 'operation': 6, 'result': 5, 'dimension': 3, 'active': False, 'holding': True, 'values': [0.00999999978, -0.00999999978, 0.0149999997]}}
state_operation {'target': 'velocity', 'operation': 'reset', 'response': {'request_id': 27860000, 'applied_us': 27864000, 'target': 3, 'operation': 3, 'result': 0, 'dimension': 3, 'active': False, 'holding': True, 'values': [0, 0, 0]}}
state_operation {'target': 'velocity', 'operation': 'release', 'response': {'request_id': 27876000, 'applied_us': 27880000, 'target': 3, 'operation': 7, 'result': 0, 'dimension': 3, 'active': False, 'holding': False, 'values': [0, 0, 0]}}
command_requested {'command': 400, 'params': {'param1': 1}}
command_ack {'command': 400, 'result': 0, 'timestamp': 1791548937793172}
ready {'condition': 'command acknowledgement'}
command_requested {'command': 22, 'params': {'param4': None, 'param5': None, 'param6': None, 'param7': None}}
command_ack {'command': 22, 'result': 0, 'timestamp': 1791548937901172}
ready {'condition': 'command acknowledgement'}
ready {'condition': 'takeoff altitude'}
command_requested {'command': 100001, 'params': {'param1': 4}}
command_ack {'command': 100001, 'result': 0, 'timestamp': 1791548946517171}
ready {'condition': 'command acknowledgement'}
ready {'condition': 'nav_state=4'}
mode_confirmed {'mode': 4, 'px4_timestamp': 1791548946517171}
hover_started {'label': 'classic_before', 'duration_s': 10}
ready {'condition': 'simulation hover duration classic_before'}
hover_ended {'label': 'classic_before'}
state_capture_started {'label': 'classic_before_handover'}
state_operation {'target': 'raptor', 'operation': 'read', 'response': {'request_id': 47056000, 'applied_us': 47060000, 'target': 1, 'operation': 1, 'result': 0, 'dimension': 26, 'active': False, 'holding': False, 'values': [-0.251951158, -0.110158369, -0.129251853, -0.208906487, -0.216261238, -0.106946833, 0.359902114, -0.0616671965, -0.745098293, 0.821164906, 0.0750015527, -0.36955446, 0.235489771, 0.334404767, -0.53923583, 0.0552313142, -0.318991572, -0.300168306, -0.223417819, -0.231037855, -0.0198240336, 0.00985328108, -2.94086909, -4.26325641e-13, -7.1778564e-13, -0.00093460083]}}
state_operation {'target': 'rate', 'operation': 'read', 'response': {'request_id': 47076000, 'applied_us': 47080000, 'target': 2, 'operation': 1, 'result': 0, 'dimension': 3, 'active': True, 'holding': False, 'values': [1.70856201e-05, -6.97708383e-05, 8.80195876e-05]}}
state_operation {'target': 'velocity', 'operation': 'read', 'response': {'request_id': 47096000, 'applied_us': 47104000, 'target': 3, 'operation': 1, 'result': 0, 'dimension': 3, 'active': True, 'holding': False, 'values': [-0.0023550631, -0.000377030141, 0.0191647038]}}
state_capture_finished {'label': 'classic_before_handover'}
state_operation {'target': 'rate', 'operation': 'snapshot', 'response': {'request_id': 47120000, 'applied_us': 47124000, 'target': 2, 'operation': 2, 'result': 0, 'dimension': 3, 'active': True, 'holding': False, 'values': [1.86385387e-05, -7.61213305e-05, 8.46829498e-05]}}
state_operation {'target': 'velocity', 'operation': 'snapshot', 'response': {'request_id': 47140000, 'applied_us': 47144000, 'target': 3, 'operation': 2, 'result': 0, 'dimension': 3, 'active': True, 'holding': False, 'values': [-0.00249806908, -0.000496993074, 0.0193146039]}}
handover_requested {'from_controller': 'C', 'to_controller': 'N', 'iteration': 0}
command_requested {'command': 100001, 'params': {'param1': 23}}
command_ack {'command': 100001, 'result': 0, 'timestamp': 1791548957053172}
ready {'condition': 'command acknowledgement'}
ready {'condition': 'nav_state=23'}
mode_confirmed {'mode': 23, 'px4_timestamp': 1791548957065172}
ready {'condition': 'RAPTOR active diagnostic DDS'}
state_capture_started {'label': 'neural_after_entry'}
state_operation {'target': 'raptor', 'operation': 'read', 'response': {'request_id': 47492000, 'applied_us': 47496000, 'target': 1, 'operation': 1, 'result': 0, 'dimension': 26, 'active': True, 'holding': False, 'values': [-0.356283545, 0.0526179299, 0.309749901, 0.470216423, 0.337883562, 0.478507668, 0.338656902, -0.268453091, -0.791845322, 0.849096596, 0.383031666, 0.274921387, 0.198977143, -0.405935854, -0.547511637, -0.314905763, 0.496039242, 0.48007971, 0.504902422, 0.510971069, -0.00776821328, 0.0191613454, -2.95502925, 0, 0, 0]}}
state_operation {'target': 'rate', 'operation': 'read', 'response': {'request_id': 47512000, 'applied_us': 47516000, 'target': 2, 'operation': 1, 'result': 0, 'dimension': 3, 'active': False, 'holding': False, 'values': [1.47657393e-05, -7.3581672e-05, 8.05168529e-05]}}
state_operation {'target': 'velocity', 'operation': 'read', 'response': {'request_id': 47532000, 'applied_us': 47536000, 'target': 3, 'operation': 1, 'result': 0, 'dimension': 3, 'active': False, 'holding': False, 'values': [0, 0, 0]}}
state_capture_finished {'label': 'neural_after_entry'}
state_operation {'target': 'raptor', 'operation': 'restore', 'response': {'request_id': 47552000, 'applied_us': 47556000, 'target': 1, 'operation': 5, 'result': 2, 'dimension': 26, 'active': True, 'holding': False, 'values': [-0.353583157, 0.0468864627, 0.296217948, 0.442935914, 0.324551851, 0.469842762, 0.304359853, -0.278224379, -0.790737033, 0.85879916, 0.37535122, 0.27677092, 0.228262112, -0.394230962, -0.542110026, -0.281535834, 0.473217785, 0.46437797, 0.485400528, 0.489101738, -0.00776821328, 0.0191613454, -2.95502925, 0, 0, 0]}}
state_operation {'target': 'raptor', 'operation': 'inject', 'response': {'request_id': 47572000, 'applied_us': 47576000, 'target': 1, 'operation': 6, 'result': 2, 'dimension': 26, 'active': True, 'holding': False, 'values': [-0.352895498, 0.0438478813, 0.291044235, 0.432145089, 0.319445997, 0.4669092, 0.292853981, -0.279482126, -0.790794015, 0.861928225, 0.371311843, 0.276750773, 0.237686038, -0.391019434, -0.542054951, -0.271022588, 0.464033067, 0.45872277, 0.478504241, 0.478292465, -0.00776821328, 0.0191613454, -2.95502925, 0, 0, 0]}}
state_operation {'target': 'raptor', 'operation': 'hold', 'response': {'request_id': 47592000, 'applied_us': 47596000, 'target': 1, 'operation': 4, 'result': 0, 'dimension': 26, 'active': True, 'holding': True, 'values': [-0.352961212, 0.0427344851, 0.286837816, 0.426174283, 0.316198975, 0.465781271, 0.286219418, -0.280317187, -0.790758312, 0.863595307, 0.368402809, 0.275927126, 0.242459938, -0.390706867, -0.542441428, -0.266245365, 0.461146533, 0.45697102, 0.473659664, 0.473781914, -0.00776821328, 0.0191613454, -2.95502925, 0, 0, 0]}}
hover_started {'label': 'neural', 'duration_s': 5}
ready {'condition': 'simulation hover duration neural'}
hover_ended {'label': 'neural'}
state_operation {'target': 'raptor', 'operation': 'release', 'response': {'request_id': 52728000, 'applied_us': 52732000, 'target': 1, 'operation': 7, 'result': 0, 'dimension': 26, 'active': True, 'holding': False, 'values': [-0.352961212, 0.0427344851, 0.286837816, 0.426174283, 0.316198975, 0.465781271, 0.286219418, -0.280317187, -0.790758312, 0.863595307, 0.368402809, 0.275927126, 0.242459938, -0.390706867, -0.542441428, -0.266245365, 0.461146533, 0.45697102, 0.473659664, 0.473781914, -0.00776821328, 0.0191613454, -2.95502925, 0, 0, 0]}}
state_capture_started {'label': 'neural_before_exit'}
state_operation {'target': 'raptor', 'operation': 'read', 'response': {'request_id': 52748000, 'applied_us': 52752000, 'target': 1, 'operation': 1, 'result': 0, 'dimension': 26, 'active': True, 'holding': False, 'values': [-0.338702619, 0.0319863111, 0.252837867, 0.408833265, 0.335728824, 0.422564924, 0.273051441, -0.25985989, -0.809537411, 0.876225233, 0.360406697, 0.288570195, 0.2661753, -0.385849655, -0.547387242, -0.236168087, 0.416186333, 0.442383885, 0.496624649, 0.472591668, -0.00776821328, 0.0191613454, -2.95502925, 0, 0, 0]}}
state_operation {'target': 'rate', 'operation': 'read', 'response': {'request_id': 52768000, 'applied_us': 52772000, 'target': 2, 'operation': 1, 'result': 0, 'dimension': 3, 'active': False, 'holding': False, 'values': [1.47657393e-05, -7.3581672e-05, 8.05168529e-05]}}
state_operation {'target': 'velocity', 'operation': 'read', 'response': {'request_id': 52784000, 'applied_us': 52792000, 'target': 3, 'operation': 1, 'result': 0, 'dimension': 3, 'active': False, 'holding': False, 'values': [0, 0, 0]}}
state_capture_finished {'label': 'neural_before_exit'}
handover_requested {'from_controller': 'N', 'to_controller': 'C', 'iteration': 0}
command_requested {'command': 100001, 'params': {'param1': 4}}
command_ack {'command': 100001, 'result': 0, 'timestamp': 1791548962705172}
ready {'condition': 'command acknowledgement'}
ready {'condition': 'nav_state=4'}
mode_confirmed {'mode': 4, 'px4_timestamp': 1791548962717172}
state_capture_started {'label': 'classic_after_entry'}
state_operation {'target': 'raptor', 'operation': 'read', 'response': {'request_id': 53008000, 'applied_us': 53012000, 'target': 1, 'operation': 1, 'result': 0, 'dimension': 26, 'active': False, 'holding': False, 'values': [-0.346427858, 0.0440068506, 0.221148029, 0.321902394, 0.255788535, 0.405249625, 0.26977548, -0.256746054, -0.781581998, 0.860389411, 0.321056038, 0.20262143, 0.256125867, -0.305146962, -0.528304219, -0.214579254, 0.367025137, 0.357798308, 0.357151479, 0.360245049, 0.0173493084, 0.0225588363, -2.9309392, -0.00207654131, -0.00431841612, 0.000938415527]}}
state_operation {'target': 'rate', 'operation': 'read', 'response': {'request_id': 53028000, 'applied_us': 53032000, 'target': 2, 'operation': 1, 'result': 0, 'dimension': 3, 'active': True, 'holding': False, 'values': [-0.00263987784, 0.000818106986, 2.81814991e-05]}}
state_operation {'target': 'velocity', 'operation': 'read', 'response': {'request_id': 53048000, 'applied_us': 53056000, 'target': 3, 'operation': 1, 'result': 0, 'dimension': 3, 'active': True, 'holding': False, 'values': [0.00158403383, -0.00045096851, 0.00216419809]}}
state_capture_finished {'label': 'classic_after_entry'}
hover_started {'label': 'classic_after', 'duration_s': 10}
ready {'condition': 'simulation hover duration classic_after'}
hover_ended {'label': 'classic_after'}
command_requested {'command': 21, 'params': {}}
command_ack {'command': 21, 'result': 0, 'timestamp': 1791548973133172}
ready {'condition': 'command acknowledgement'}
ready {'condition': 'landing'}
ready {'condition': 'disarmed'}
process_stopped {'name': 'agent-reconnected', 'pid': 788899, 'exit_code': -2}
process_stopped {'name': 'px4', 'pid': 788378, 'exit_code': 0}
process_stopped {'name': 'tegrastats', 'pid': 788337, 'exit_code': -2}
process_stopped {'name': 'gz-stats', 'pid': 788336, 'exit_code': 0}
process_stopped {'name': 'gazebo', 'pid': 788335, 'exit_code': 0}
process_stopped {'name': 'agent', 'pid': 788334, 'exit_code': -2}
/home/car/uav_handover/data/verified-state_hold PASS
