created {'thresholds': {'seed': 42, 'instance': 21, 'ros_domain_id': 71, 'agent_port': 18888, 'startup_timeout_s': 90, 'takeoff_timeout_s': 45, 'landing_timeout_s': 60, 'hover_s': 10, 'neural_s': 5, 'repetitions': 3, 'altitude_m': 3, 'hover_max_error_m': 1.0, 'hover_max_tilt_deg': 15, 'safety_radius_m': 10, 'safety_altitude_m': 8, 'safety_tilt_deg': 45, 'safety_angular_rate_rad_s': 8, 'inference_p99_us': 2500, 'settling_band_m': 0.2, 'settling_dwell_s': 2.0}}
process_started {'name': 'agent', 'pid': 786169, 'command': ['/home/car/uav_handover/uav_lab/scripts/MicroXRCEAgent', 'udp4', '-p', '18888', '-v', '4']}
process_started {'name': 'gazebo', 'pid': 786170, 'command': ['gz', 'sim', '-r', '-s', '-v', '3', '/home/car/uav_handover/uav_lab/.local/checkouts/px4-raptor/Tools/simulation/gz/worlds/default.sdf']}
process_started {'name': 'gz-stats', 'pid': 786171, 'command': ['gz', 'topic', '-e', '-t', '/world/default/stats']}
process_started {'name': 'tegrastats', 'pid': 786172, 'command': ['/usr/bin/tegrastats', '--interval', '1000']}
process_started {'name': 'px4', 'pid': 786208, 'command': ['/home/car/uav_handover/uav_lab/.local/checkouts/px4-raptor/build/px4_sitl_raptor/bin/px4', '-d', '-i', '21', '-w', '/home/car/uav_handover/data/verified-repeated_handover/rootfs', '/home/car/uav_handover/data/verified-repeated_handover/rootfs/etc']}
command_ack {'command': 211, 'result': 0, 'timestamp': 1791548730739133}
ready {'condition': 'PX4 DDS telemetry'}
mavlink_identity {'system_id': 22, 'autopilot': 12, 'udp_port': 18591}
process_started {'name': 'agent-reconnected', 'pid': 786723, 'command': ['/home/car/uav_handover/uav_lab/scripts/MicroXRCEAgent', 'udp4', '-p', '18888', '-v', '4']}
command_ack {'command': 211, 'result': 0, 'timestamp': 1791548730739082}
ready {'condition': 'DDS Client reconnection with fresh telemetry'}
command_requested {'command': 176, 'params': {'param1': 1, 'param2': 4, 'param3': 3}}
command_ack {'command': 176, 'result': 0, 'timestamp': 1791548746635084}
ready {'condition': 'command acknowledgement'}
command_requested {'command': 100001, 'params': {'param1': 14}}
command_ack {'command': 100001, 'result': 0, 'timestamp': 1791548747751084}
ready {'condition': 'command acknowledgement'}
ready {'condition': 'nav_state=14'}
mode_confirmed {'mode': 14, 'px4_timestamp': 1791548747763084}
command_requested {'command': 100001, 'params': {'param1': 4}}
command_ack {'command': 100001, 'result': 0, 'timestamp': 1791548748231084}
ready {'condition': 'command acknowledgement'}
ready {'condition': 'nav_state=4'}
mode_confirmed {'mode': 4, 'px4_timestamp': 1791548748243084}
state_operation {'target': 'raptor', 'operation': 'read', 'response': {'request_id': 22964000, 'applied_us': 22968000, 'target': 1, 'operation': 1, 'result': 1, 'dimension': 26, 'active': False, 'holding': False, 'values': [-0.213099018, -0.234348789, -0.367763638, -0.667854846, -0.391319573, -0.396564215, -0.380876154, -0.175714627, -0.829916716, 0.972546697, -0.00848498195, -0.518008471, 0.617965221, 0.87473762, -0.547266304, 0.65858233, -0.776151717, -0.74120003, -0.610634029, -0.6148175, 0.00739324838, 0.0208188463, 0.0398207828, -0.00103654235, 0.00103448424, 0.698848903]}}
ready {'condition': 'valid local position'}
state_operation {'target': 'raptor', 'operation': 'hold', 'response': {'request_id': 27100000, 'applied_us': 27104000, 'target': 1, 'operation': 4, 'result': 0, 'dimension': 26, 'active': False, 'holding': True, 'values': [-0.219513103, -0.242282048, -0.376114696, -0.663836718, -0.395964116, -0.39442265, -0.385898262, -0.169976801, -0.831099451, 0.972742856, -0.0302205607, -0.529183447, 0.621912539, 0.876095414, -0.54657501, 0.653028548, -0.776866019, -0.757722795, -0.619753003, -0.61118573, -0.0309384558, 0.0114449635, 0.0357537121, 0.000511863211, -0.000511863211, 0.699487984]}}
state_operation {'target': 'raptor', 'operation': 'read', 'response': {'request_id': 27120000, 'applied_us': 27124000, 'target': 1, 'operation': 1, 'result': 0, 'dimension': 26, 'active': False, 'holding': True, 'values': [-0.219513103, -0.242282048, -0.376114696, -0.663836718, -0.395964116, -0.39442265, -0.385898262, -0.169976801, -0.831099451, 0.972742856, -0.0302205607, -0.529183447, 0.621912539, 0.876095414, -0.54657501, 0.653028548, -0.776866019, -0.757722795, -0.619753003, -0.61118573, -0.0309384558, 0.0114449635, 0.0357537121, 0.000511863211, -0.000511863211, 0.699487984]}}
state_operation {'target': 'raptor', 'operation': 'inject', 'response': {'request_id': 27140000, 'applied_us': 27144000, 'target': 1, 'operation': 6, 'result': 0, 'dimension': 26, 'active': False, 'holding': True, 'values': [0.0500000007, 0.0500000007, 0.0500000007, 0.0500000007, 0.0500000007, 0.0500000007, 0.0500000007, 0.0500000007, 0.0500000007, 0.0500000007, 0.0500000007, 0.0500000007, 0.0500000007, 0.0500000007, 0.0500000007, 0.0500000007, 0.0299999993, 0.0299999993, 0.0299999993, 0.0299999993, -0.0309384558, 0.0114449635, 0.0357537121, 0.000511863211, -0.000511863211, 0.699487984]}}
state_operation {'target': 'raptor', 'operation': 'read', 'response': {'request_id': 27160000, 'applied_us': 27164000, 'target': 1, 'operation': 1, 'result': 0, 'dimension': 26, 'active': False, 'holding': True, 'values': [0.0500000007, 0.0500000007, 0.0500000007, 0.0500000007, 0.0500000007, 0.0500000007, 0.0500000007, 0.0500000007, 0.0500000007, 0.0500000007, 0.0500000007, 0.0500000007, 0.0500000007, 0.0500000007, 0.0500000007, 0.0500000007, 0.0299999993, 0.0299999993, 0.0299999993, 0.0299999993, -0.0309384558, 0.0114449635, 0.0357537121, 0.000511863211, -0.000511863211, 0.699487984]}}
state_operation {'target': 'raptor', 'operation': 'snapshot', 'response': {'request_id': 27180000, 'applied_us': 27180000, 'target': 1, 'operation': 2, 'result': 0, 'dimension': 26, 'active': False, 'holding': True, 'values': [0.0500000007, 0.0500000007, 0.0500000007, 0.0500000007, 0.0500000007, 0.0500000007, 0.0500000007, 0.0500000007, 0.0500000007, 0.0500000007, 0.0500000007, 0.0500000007, 0.0500000007, 0.0500000007, 0.0500000007, 0.0500000007, 0.0299999993, 0.0299999993, 0.0299999993, 0.0299999993, -0.0309384558, 0.0114449635, 0.0357537121, 0.000511863211, -0.000511863211, 0.699487984]}}
state_operation {'target': 'raptor', 'operation': 'reset', 'response': {'request_id': 27200000, 'applied_us': 27204000, 'target': 1, 'operation': 3, 'result': 0, 'dimension': 26, 'active': False, 'holding': True, 'values': [0, 0, 0, 0, 0, 0, 0, 0, 0, 0, 0, 0, 0, 0, 0, 0, 0, 0, 0, 0, -0.0309384558, 0.0114449635, 0.0357537121, 0.000511863211, -0.000511863211, 0.699487984]}}
state_operation {'target': 'raptor', 'operation': 'restore', 'response': {'request_id': 27220000, 'applied_us': 27220000, 'target': 1, 'operation': 5, 'result': 0, 'dimension': 26, 'active': False, 'holding': True, 'values': [0.0500000007, 0.0500000007, 0.0500000007, 0.0500000007, 0.0500000007, 0.0500000007, 0.0500000007, 0.0500000007, 0.0500000007, 0.0500000007, 0.0500000007, 0.0500000007, 0.0500000007, 0.0500000007, 0.0500000007, 0.0500000007, 0.0299999993, 0.0299999993, 0.0299999993, 0.0299999993, -0.0309384558, 0.0114449635, 0.0357537121, 0.000511863211, -0.000511863211, 0.699487984]}}
state_operation {'target': 'raptor', 'operation': 'inject', 'response': {'request_id': 27240000, 'applied_us': 27240000, 'target': 1, 'operation': 6, 'result': 3, 'dimension': 26, 'active': False, 'holding': True, 'values': [0.0500000007, 0.0500000007, 0.0500000007, 0.0500000007, 0.0500000007, 0.0500000007, 0.0500000007, 0.0500000007, 0.0500000007, 0.0500000007, 0.0500000007, 0.0500000007, 0.0500000007, 0.0500000007, 0.0500000007, 0.0500000007, 0.0299999993, 0.0299999993, 0.0299999993, 0.0299999993, -0.0309384558, 0.0114449635, 0.0357537121, 0.000511863211, -0.000511863211, 0.699487984]}}
state_operation {'target': 'raptor', 'operation': 'inject', 'response': {'request_id': 27260000, 'applied_us': 27260000, 'target': 1, 'operation': 6, 'result': 4, 'dimension': 26, 'active': False, 'holding': True, 'values': [0.0500000007, 0.0500000007, 0.0500000007, 0.0500000007, 0.0500000007, 0.0500000007, 0.0500000007, 0.0500000007, 0.0500000007, 0.0500000007, 0.0500000007, 0.0500000007, 0.0500000007, 0.0500000007, 0.0500000007, 0.0500000007, 0.0299999993, 0.0299999993, 0.0299999993, 0.0299999993, -0.0309384558, 0.0114449635, 0.0357537121, 0.000511863211, -0.000511863211, 0.699487984]}}
state_operation {'target': 'raptor', 'operation': 'inject', 'response': {'request_id': 27280000, 'applied_us': 27284000, 'target': 1, 'operation': 6, 'result': 5, 'dimension': 26, 'active': False, 'holding': True, 'values': [0.0500000007, 0.0500000007, 0.0500000007, 0.0500000007, 0.0500000007, 0.0500000007, 0.0500000007, 0.0500000007, 0.0500000007, 0.0500000007, 0.0500000007, 0.0500000007, 0.0500000007, 0.0500000007, 0.0500000007, 0.0500000007, 0.0299999993, 0.0299999993, 0.0299999993, 0.0299999993, -0.0309384558, 0.0114449635, 0.0357537121, 0.000511863211, -0.000511863211, 0.699487984]}}
state_operation {'target': 'raptor', 'operation': 'reset', 'response': {'request_id': 27296000, 'applied_us': 27300000, 'target': 1, 'operation': 3, 'result': 0, 'dimension': 26, 'active': False, 'holding': True, 'values': [0, 0, 0, 0, 0, 0, 0, 0, 0, 0, 0, 0, 0, 0, 0, 0, 0, 0, 0, 0, -0.0309384558, 0.0114449635, 0.0357537121, 0.000511863211, -0.000511863211, 0.699487984]}}
state_operation {'target': 'raptor', 'operation': 'release', 'response': {'request_id': 27316000, 'applied_us': 27320000, 'target': 1, 'operation': 7, 'result': 0, 'dimension': 26, 'active': False, 'holding': False, 'values': [0, 0, 0, 0, 0, 0, 0, 0, 0, 0, 0, 0, 0, 0, 0, 0, 0, 0, 0, 0, -0.0309384558, 0.0114449635, 0.0357537121, 0.000511863211, -0.000511863211, 0.699487984]}}
state_operation {'target': 'rate', 'operation': 'hold', 'response': {'request_id': 27336000, 'applied_us': 27340000, 'target': 2, 'operation': 4, 'result': 0, 'dimension': 3, 'active': False, 'holding': True, 'values': [0, 0, 0]}}
state_operation {'target': 'rate', 'operation': 'read', 'response': {'request_id': 27356000, 'applied_us': 27360000, 'target': 2, 'operation': 1, 'result': 0, 'dimension': 3, 'active': False, 'holding': True, 'values': [0, 0, 0]}}
state_operation {'target': 'rate', 'operation': 'inject', 'response': {'request_id': 27376000, 'applied_us': 27380000, 'target': 2, 'operation': 6, 'result': 0, 'dimension': 3, 'active': False, 'holding': True, 'values': [0.00999999978, -0.00999999978, 0.0149999997]}}
state_operation {'target': 'rate', 'operation': 'read', 'response': {'request_id': 27396000, 'applied_us': 27400000, 'target': 2, 'operation': 1, 'result': 0, 'dimension': 3, 'active': False, 'holding': True, 'values': [0.00999999978, -0.00999999978, 0.0149999997]}}
state_operation {'target': 'rate', 'operation': 'snapshot', 'response': {'request_id': 27416000, 'applied_us': 27420000, 'target': 2, 'operation': 2, 'result': 0, 'dimension': 3, 'active': False, 'holding': True, 'values': [0.00999999978, -0.00999999978, 0.0149999997]}}
state_operation {'target': 'rate', 'operation': 'reset', 'response': {'request_id': 27436000, 'applied_us': 27440000, 'target': 2, 'operation': 3, 'result': 0, 'dimension': 3, 'active': False, 'holding': True, 'values': [0, 0, 0]}}
state_operation {'target': 'rate', 'operation': 'restore', 'response': {'request_id': 27456000, 'applied_us': 27460000, 'target': 2, 'operation': 5, 'result': 0, 'dimension': 3, 'active': False, 'holding': True, 'values': [0.00999999978, -0.00999999978, 0.0149999997]}}
state_operation {'target': 'rate', 'operation': 'inject', 'response': {'request_id': 27476000, 'applied_us': 27480000, 'target': 2, 'operation': 6, 'result': 3, 'dimension': 3, 'active': False, 'holding': True, 'values': [0.00999999978, -0.00999999978, 0.0149999997]}}
state_operation {'target': 'rate', 'operation': 'inject', 'response': {'request_id': 27496000, 'applied_us': 27496000, 'target': 2, 'operation': 6, 'result': 4, 'dimension': 3, 'active': False, 'holding': True, 'values': [0.00999999978, -0.00999999978, 0.0149999997]}}
state_operation {'target': 'rate', 'operation': 'inject', 'response': {'request_id': 27512000, 'applied_us': 27516000, 'target': 2, 'operation': 6, 'result': 5, 'dimension': 3, 'active': False, 'holding': True, 'values': [0.00999999978, -0.00999999978, 0.0149999997]}}
state_operation {'target': 'rate', 'operation': 'reset', 'response': {'request_id': 27532000, 'applied_us': 27536000, 'target': 2, 'operation': 3, 'result': 0, 'dimension': 3, 'active': False, 'holding': True, 'values': [0, 0, 0]}}
state_operation {'target': 'rate', 'operation': 'release', 'response': {'request_id': 27552000, 'applied_us': 27556000, 'target': 2, 'operation': 7, 'result': 0, 'dimension': 3, 'active': False, 'holding': False, 'values': [0, 0, 0]}}
state_operation {'target': 'velocity', 'operation': 'hold', 'response': {'request_id': 27572000, 'applied_us': 27580000, 'target': 3, 'operation': 4, 'result': 0, 'dimension': 3, 'active': False, 'holding': True, 'values': [0, 0, 0]}}
state_operation {'target': 'velocity', 'operation': 'read', 'response': {'request_id': 27596000, 'applied_us': 27604000, 'target': 3, 'operation': 1, 'result': 0, 'dimension': 3, 'active': False, 'holding': True, 'values': [0, 0, 0]}}
state_operation {'target': 'velocity', 'operation': 'inject', 'response': {'request_id': 27620000, 'applied_us': 27628000, 'target': 3, 'operation': 6, 'result': 0, 'dimension': 3, 'active': False, 'holding': True, 'values': [0.00999999978, -0.00999999978, 0.0149999997]}}
state_operation {'target': 'velocity', 'operation': 'read', 'response': {'request_id': 27644000, 'applied_us': 27652000, 'target': 3, 'operation': 1, 'result': 0, 'dimension': 3, 'active': False, 'holding': True, 'values': [0.00999999978, -0.00999999978, 0.0149999997]}}
state_operation {'target': 'velocity', 'operation': 'snapshot', 'response': {'request_id': 27668000, 'applied_us': 27676000, 'target': 3, 'operation': 2, 'result': 0, 'dimension': 3, 'active': False, 'holding': True, 'values': [0.00999999978, -0.00999999978, 0.0149999997]}}
state_operation {'target': 'velocity', 'operation': 'reset', 'response': {'request_id': 27692000, 'applied_us': 27700000, 'target': 3, 'operation': 3, 'result': 0, 'dimension': 3, 'active': False, 'holding': True, 'values': [0, 0, 0]}}
state_operation {'target': 'velocity', 'operation': 'restore', 'response': {'request_id': 27712000, 'applied_us': 27716000, 'target': 3, 'operation': 5, 'result': 0, 'dimension': 3, 'active': False, 'holding': True, 'values': [0.00999999978, -0.00999999978, 0.0149999997]}}
state_operation {'target': 'velocity', 'operation': 'inject', 'response': {'request_id': 27732000, 'applied_us': 27740000, 'target': 3, 'operation': 6, 'result': 3, 'dimension': 3, 'active': False, 'holding': True, 'values': [0.00999999978, -0.00999999978, 0.0149999997]}}
state_operation {'target': 'velocity', 'operation': 'inject', 'response': {'request_id': 27756000, 'applied_us': 27764000, 'target': 3, 'operation': 6, 'result': 4, 'dimension': 3, 'active': False, 'holding': True, 'values': [0.00999999978, -0.00999999978, 0.0149999997]}}
state_operation {'target': 'velocity', 'operation': 'inject', 'response': {'request_id': 27784000, 'applied_us': 27788000, 'target': 3, 'operation': 6, 'result': 5, 'dimension': 3, 'active': False, 'holding': True, 'values': [0.00999999978, -0.00999999978, 0.0149999997]}}
state_operation {'target': 'velocity', 'operation': 'reset', 'response': {'request_id': 27804000, 'applied_us': 27812000, 'target': 3, 'operation': 3, 'result': 0, 'dimension': 3, 'active': False, 'holding': True, 'values': [0, 0, 0]}}
state_operation {'target': 'velocity', 'operation': 'release', 'response': {'request_id': 27828000, 'applied_us': 27836000, 'target': 3, 'operation': 7, 'result': 0, 'dimension': 3, 'active': False, 'holding': False, 'values': [0, 0, 0]}}
command_requested {'command': 400, 'params': {'param1': 1}}
command_ack {'command': 400, 'result': 0, 'timestamp': 1791548753355084}
ready {'condition': 'command acknowledgement'}
command_requested {'command': 22, 'params': {'param4': None, 'param5': None, 'param6': None, 'param7': None}}
command_ack {'command': 22, 'result': 0, 'timestamp': 1791548753451084}
ready {'condition': 'command acknowledgement'}
ready {'condition': 'takeoff altitude'}
command_requested {'command': 100001, 'params': {'param1': 4}}
command_ack {'command': 100001, 'result': 0, 'timestamp': 1791548762079084}
ready {'condition': 'command acknowledgement'}
ready {'condition': 'nav_state=4'}
mode_confirmed {'mode': 4, 'px4_timestamp': 1791548762079084}
hover_started {'label': 'classic_before', 'duration_s': 10}
ready {'condition': 'simulation hover duration classic_before'}
hover_ended {'label': 'classic_before'}
state_capture_started {'label': 'classic_before_handover'}
state_operation {'target': 'raptor', 'operation': 'read', 'response': {'request_id': 47012000, 'applied_us': 47016000, 'target': 1, 'operation': 1, 'result': 0, 'dimension': 26, 'active': False, 'holding': False, 'values': [-0.262836218, -0.0840292424, -0.0974122956, -0.203225091, -0.193609416, -0.0558960773, 0.364075124, -0.077104032, -0.733270764, 0.808739483, 0.0932916254, -0.331406653, 0.221041784, 0.285488695, -0.537689805, 0.0273739696, -0.261796266, -0.235802412, -0.204875946, -0.225958899, -0.0212537758, 0.00631208252, -2.97279572, -4.26325669e-13, 1.27897692e-13, -0.00098991394]}}
state_operation {'target': 'rate', 'operation': 'read', 'response': {'request_id': 47032000, 'applied_us': 47036000, 'target': 2, 'operation': 1, 'result': 0, 'dimension': 3, 'active': True, 'holding': False, 'values': [4.1878091e-05, -3.62101346e-05, 2.3664521e-05]}}
state_operation {'target': 'velocity', 'operation': 'read', 'response': {'request_id': 47056000, 'applied_us': 47060000, 'target': 3, 'operation': 1, 'result': 0, 'dimension': 3, 'active': True, 'holding': False, 'values': [0.00204664492, -0.00735083828, 0.0142416805]}}
state_capture_finished {'label': 'classic_before_handover'}
handover_requested {'from_controller': 'C', 'to_controller': 'N', 'iteration': 0}
command_requested {'command': 100001, 'params': {'param1': 23}}
command_ack {'command': 100001, 'result': 0, 'timestamp': 1791548772567085}
ready {'condition': 'command acknowledgement'}
ready {'condition': 'nav_state=23'}
mode_confirmed {'mode': 23, 'px4_timestamp': 1791548772591085}
ready {'condition': 'RAPTOR active diagnostic DDS'}
state_capture_started {'label': 'neural_after_entry'}
state_operation {'target': 'raptor', 'operation': 'read', 'response': {'request_id': 47404000, 'applied_us': 47408000, 'target': 1, 'operation': 1, 'result': 0, 'dimension': 26, 'active': True, 'holding': False, 'values': [-0.355501413, 0.0509107187, 0.316978246, 0.474255264, 0.335697353, 0.478105098, 0.342132151, -0.273930013, -0.787760198, 0.845446885, 0.386009067, 0.275585443, 0.196248427, -0.394926995, -0.539682508, -0.311583847, 0.490658045, 0.472413778, 0.506896019, 0.513136506, -0.0385128595, 0.0119533623, -2.97278261, 0, 0, 0]}}
state_operation {'target': 'rate', 'operation': 'read', 'response': {'request_id': 47424000, 'applied_us': 47428000, 'target': 2, 'operation': 1, 'result': 0, 'dimension': 3, 'active': False, 'holding': False, 'values': [3.36826415e-05, -2.60166071e-05, 1.8369079e-05]}}
state_operation {'target': 'velocity', 'operation': 'read', 'response': {'request_id': 47444000, 'applied_us': 47452000, 'target': 3, 'operation': 1, 'result': 0, 'dimension': 3, 'active': False, 'holding': False, 'values': [0, 0, 0]}}
state_capture_finished {'label': 'neural_after_entry'}
hover_started {'label': 'neural', 'duration_s': 5}
ready {'condition': 'simulation hover duration neural'}
hover_ended {'label': 'neural'}
state_capture_started {'label': 'neural_before_exit'}
state_operation {'target': 'raptor', 'operation': 'read', 'response': {'request_id': 52588000, 'applied_us': 52592000, 'target': 1, 'operation': 1, 'result': 0, 'dimension': 26, 'active': True, 'holding': False, 'values': [-0.356259316, 0.0446025431, 0.263084233, 0.406931967, 0.314294875, 0.45792824, 0.28092438, -0.25938201, -0.79864186, 0.867348015, 0.347656965, 0.262457758, 0.241960213, -0.399422497, -0.558673263, -0.271429062, 0.456877261, 0.457290381, 0.455984235, 0.457685858, -0.0385128595, 0.0119533623, -2.97278261, 0, 0, 0]}}
state_operation {'target': 'rate', 'operation': 'read', 'response': {'request_id': 52608000, 'applied_us': 52612000, 'target': 2, 'operation': 1, 'result': 0, 'dimension': 3, 'active': False, 'holding': False, 'values': [3.36826415e-05, -2.60166071e-05, 1.8369079e-05]}}
state_operation {'target': 'velocity', 'operation': 'read', 'response': {'request_id': 52628000, 'applied_us': 52636000, 'target': 3, 'operation': 1, 'result': 0, 'dimension': 3, 'active': False, 'holding': False, 'values': [0, 0, 0]}}
state_capture_finished {'label': 'neural_before_exit'}
handover_requested {'from_controller': 'N', 'to_controller': 'C', 'iteration': 0}
command_requested {'command': 100001, 'params': {'param1': 4}}
command_ack {'command': 100001, 'result': 0, 'timestamp': 1791548778147089}
ready {'condition': 'command acknowledgement'}
ready {'condition': 'nav_state=4'}
mode_confirmed {'mode': 4, 'px4_timestamp': 1791548778159089}
state_capture_started {'label': 'classic_after_entry'}
state_operation {'target': 'raptor', 'operation': 'read', 'response': {'request_id': 52852000, 'applied_us': 52856000, 'target': 1, 'operation': 1, 'result': 0, 'dimension': 26, 'active': False, 'holding': False, 'values': [-0.329829872, 0.033109799, 0.188990772, 0.265264779, 0.239665121, 0.341072381, 0.261771739, -0.242443711, -0.786964297, 0.866410434, 0.313159406, 0.183338761, 0.272749424, -0.264364272, -0.516525686, -0.162637025, 0.291394621, 0.313711584, 0.340682596, 0.313818932, -0.0409750342, 0.0223911256, -2.9604249, -0.00120342232, -0.00501314318, -0.000367164612]}}
state_operation {'target': 'rate', 'operation': 'read', 'response': {'request_id': 52872000, 'applied_us': 52876000, 'target': 2, 'operation': 1, 'result': 0, 'dimension': 3, 'active': True, 'holding': False, 'values': [-9.01579187e-05, 0.00014454429, -3.67144708e-06]}}
state_operation {'target': 'velocity', 'operation': 'read', 'response': {'request_id': 52892000, 'applied_us': 52900000, 'target': 3, 'operation': 1, 'result': 0, 'dimension': 3, 'active': True, 'holding': False, 'values': [0.000265743118, 0.000174664528, 0.000866802118]}}
state_capture_finished {'label': 'classic_after_entry'}
hover_started {'label': 'classic_after', 'duration_s': 10}
ready {'condition': 'simulation hover duration classic_after'}
hover_ended {'label': 'classic_after'}
state_capture_started {'label': 'classic_before_handover'}
state_operation {'target': 'raptor', 'operation': 'read', 'response': {'request_id': 63076000, 'applied_us': 63080000, 'target': 1, 'operation': 1, 'result': 0, 'dimension': 26, 'active': False, 'holding': False, 'values': [-0.251689374, -0.0993585214, -0.104232013, -0.199929208, -0.182869807, -0.0972734094, 0.355233073, -0.0626550764, -0.751374781, 0.822995365, 0.0944914818, -0.325978816, 0.232313901, 0.290817946, -0.537759662, 0.0522481836, -0.297853738, -0.247759625, -0.169130594, -0.212462097, -0.0427304283, 0.015078593, -2.96113443, 0, 0, -4.76837158e-06]}}
state_operation {'target': 'rate', 'operation': 'read', 'response': {'request_id': 63096000, 'applied_us': 63100000, 'target': 2, 'operation': 1, 'result': 0, 'dimension': 3, 'active': True, 'holding': False, 'values': [-4.58112336e-05, -7.47524609e-06, -4.17977608e-05]}}
state_operation {'target': 'velocity', 'operation': 'read', 'response': {'request_id': 63116000, 'applied_us': 63124000, 'target': 3, 'operation': 1, 'result': 0, 'dimension': 3, 'active': True, 'holding': False, 'values': [-0.000414953945, -0.00187947112, 0.00354855112]}}
state_capture_finished {'label': 'classic_before_handover'}
handover_requested {'from_controller': 'C', 'to_controller': 'N', 'iteration': 1}
command_requested {'command': 100001, 'params': {'param1': 23}}
command_ack {'command': 100001, 'result': 0, 'timestamp': 1791548788635088}
ready {'condition': 'command acknowledgement'}
ready {'condition': 'nav_state=23'}
mode_confirmed {'mode': 23, 'px4_timestamp': 1791548788647088}
ready {'condition': 'RAPTOR active diagnostic DDS'}
state_capture_started {'label': 'neural_after_entry'}
state_operation {'target': 'raptor', 'operation': 'read', 'response': {'request_id': 63472000, 'applied_us': 63476000, 'target': 1, 'operation': 1, 'result': 0, 'dimension': 26, 'active': True, 'holding': False, 'values': [-0.354596794, 0.0402311571, 0.328709066, 0.478917569, 0.320471823, 0.477898777, 0.362787098, -0.257361114, -0.795068085, 0.841609478, 0.374718219, 0.260743588, 0.180896446, -0.411630392, -0.563378096, -0.33287704, 0.498414278, 0.490650952, 0.519237697, 0.515304148, -0.0323745757, 0.00834760256, -2.93045354, 0, 0, 0]}}
state_operation {'target': 'rate', 'operation': 'read', 'response': {'request_id': 63492000, 'applied_us': 63496000, 'target': 2, 'operation': 1, 'result': 0, 'dimension': 3, 'active': False, 'holding': False, 'values': [-4.43652716e-05, -1.9647794e-05, -3.32296513e-05]}}
state_operation {'target': 'velocity', 'operation': 'read', 'response': {'request_id': 63512000, 'applied_us': 63516000, 'target': 3, 'operation': 1, 'result': 0, 'dimension': 3, 'active': False, 'holding': False, 'values': [0, 0, 0]}}
state_capture_finished {'label': 'neural_after_entry'}
hover_started {'label': 'neural', 'duration_s': 5}
ready {'condition': 'simulation hover duration neural'}
hover_ended {'label': 'neural'}
state_capture_started {'label': 'neural_before_exit'}
state_operation {'target': 'raptor', 'operation': 'read', 'response': {'request_id': 68652000, 'applied_us': 68656000, 'target': 1, 'operation': 1, 'result': 0, 'dimension': 26, 'active': True, 'holding': False, 'values': [-0.355855107, 0.0453165546, 0.269352794, 0.407086343, 0.312558442, 0.458110631, 0.274441004, -0.26668936, -0.796334386, 0.867872417, 0.352508992, 0.264593422, 0.245793447, -0.394533753, -0.553234458, -0.264292955, 0.456078887, 0.454893261, 0.455739856, 0.456070334, -0.0323745757, 0.00834760256, -2.93045354, 0, 0, 0]}}
state_operation {'target': 'rate', 'operation': 'read', 'response': {'request_id': 68672000, 'applied_us': 68676000, 'target': 2, 'operation': 1, 'result': 0, 'dimension': 3, 'active': False, 'holding': False, 'values': [-4.43652716e-05, -1.9647794e-05, -3.32296513e-05]}}
state_operation {'target': 'velocity', 'operation': 'read', 'response': {'request_id': 68692000, 'applied_us': 68700000, 'target': 3, 'operation': 1, 'result': 0, 'dimension': 3, 'active': False, 'holding': False, 'values': [0, 0, 0]}}
state_capture_finished {'label': 'neural_before_exit'}
handover_requested {'from_controller': 'N', 'to_controller': 'C', 'iteration': 1}
command_requested {'command': 100001, 'params': {'param1': 4}}
command_ack {'command': 100001, 'result': 0, 'timestamp': 1791548794215089}
ready {'condition': 'command acknowledgement'}
ready {'condition': 'nav_state=4'}
mode_confirmed {'mode': 4, 'px4_timestamp': 1791548794227089}
state_capture_started {'label': 'classic_after_entry'}
state_operation {'target': 'raptor', 'operation': 'read', 'response': {'request_id': 68920000, 'applied_us': 68924000, 'target': 1, 'operation': 1, 'result': 0, 'dimension': 26, 'active': False, 'holding': False, 'values': [-0.335289598, 0.031279292, 0.201879844, 0.293553412, 0.253349006, 0.356711268, 0.265442312, -0.24241668, -0.792040408, 0.868523002, 0.319610268, 0.195053458, 0.268101424, -0.292732477, -0.527177989, -0.182414919, 0.320136309, 0.339528292, 0.365744382, 0.342913479, -0.0458777398, 0.0181087945, -2.91654587, -0.0010915586, -0.00191738689, -2.76565552e-05]}}
state_operation {'target': 'rate', 'operation': 'read', 'response': {'request_id': 68940000, 'applied_us': 68944000, 'target': 2, 'operation': 1, 'result': 0, 'dimension': 3, 'active': True, 'holding': False, 'values': [0.000390851899, -5.99101668e-06, -5.88154762e-05]}}
state_operation {'target': 'velocity', 'operation': 'read', 'response': {'request_id': 68960000, 'applied_us': 68964000, 'target': 3, 'operation': 1, 'result': 0, 'dimension': 3, 'active': True, 'holding': False, 'values': [-0.000115222858, -0.000103740604, 0.000667395652]}}
state_capture_finished {'label': 'classic_after_entry'}
hover_started {'label': 'classic_after', 'duration_s': 10}
ready {'condition': 'simulation hover duration classic_after'}
hover_ended {'label': 'classic_after'}
state_capture_started {'label': 'classic_before_handover'}
state_operation {'target': 'raptor', 'operation': 'read', 'response': {'request_id': 79136000, 'applied_us': 79140000, 'target': 1, 'operation': 1, 'result': 0, 'dimension': 26, 'active': False, 'holding': False, 'values': [-0.261244714, -0.0962411389, -0.116934307, -0.183852479, -0.204163238, -0.0563104227, 0.360352099, -0.0752547905, -0.732389271, 0.810934782, 0.0734960586, -0.354116321, 0.229103655, 0.308621436, -0.533744931, 0.0230360981, -0.265480936, -0.275975674, -0.226556569, -0.210354105, -0.0474668182, 0.0153174037, -2.9165895, 0, 0, -4.76837158e-06]}}
state_operation {'target': 'rate', 'operation': 'read', 'response': {'request_id': 79160000, 'applied_us': 79160000, 'target': 2, 'operation': 1, 'result': 0, 'dimension': 3, 'active': True, 'holding': False, 'values': [-5.51506673e-05, 5.49879551e-05, 3.39583748e-05]}}
state_operation {'target': 'velocity', 'operation': 'read', 'response': {'request_id': 79180000, 'applied_us': 79180000, 'target': 3, 'operation': 1, 'result': 0, 'dimension': 3, 'active': True, 'holding': False, 'values': [-0.0109149385, -0.00638082623, 0.0033871585]}}
state_capture_finished {'label': 'classic_before_handover'}
handover_requested {'from_controller': 'C', 'to_controller': 'N', 'iteration': 2}
command_requested {'command': 100001, 'params': {'param1': 23}}
command_ack {'command': 100001, 'result': 0, 'timestamp': 1791548804703088}
ready {'condition': 'command acknowledgement'}
ready {'condition': 'nav_state=23'}
mode_confirmed {'mode': 23, 'px4_timestamp': 1791548804715088}
ready {'condition': 'RAPTOR active diagnostic DDS'}
state_capture_started {'label': 'neural_after_entry'}
state_operation {'target': 'raptor', 'operation': 'read', 'response': {'request_id': 79528000, 'applied_us': 79532000, 'target': 1, 'operation': 1, 'result': 0, 'dimension': 26, 'active': True, 'holding': False, 'values': [-0.351221114, 0.0505497567, 0.315602124, 0.480938286, 0.341502905, 0.467067391, 0.348538846, -0.266851068, -0.793790758, 0.847443819, 0.385204434, 0.268376499, 0.190265715, -0.403632075, -0.545899451, -0.317177713, 0.493104607, 0.475885749, 0.512823164, 0.522487283, -0.0350502841, 0.0333902501, -2.91845489, 0, 0, 0]}}
state_operation {'target': 'rate', 'operation': 'read', 'response': {'request_id': 79548000, 'applied_us': 79552000, 'target': 2, 'operation': 1, 'result': 0, 'dimension': 3, 'active': False, 'holding': False, 'values': [-2.66427705e-05, 4.97292094e-05, 3.96894939e-05]}}
state_operation {'target': 'velocity', 'operation': 'read', 'response': {'request_id': 79568000, 'applied_us': 79572000, 'target': 3, 'operation': 1, 'result': 0, 'dimension': 3, 'active': False, 'holding': False, 'values': [0, 0, 0]}}
state_capture_finished {'label': 'neural_after_entry'}
hover_started {'label': 'neural', 'duration_s': 5}
ready {'condition': 'simulation hover duration neural'}
hover_ended {'label': 'neural'}
state_capture_started {'label': 'neural_before_exit'}
state_operation {'target': 'raptor', 'operation': 'read', 'response': {'request_id': 84704000, 'applied_us': 84708000, 'target': 1, 'operation': 1, 'result': 0, 'dimension': 26, 'active': True, 'holding': False, 'values': [-0.3555637, 0.0473347306, 0.26375249, 0.401212722, 0.318533152, 0.459353209, 0.252993733, -0.271666318, -0.796830952, 0.872624338, 0.353169203, 0.276343405, 0.260020196, -0.396153003, -0.548575103, -0.251274288, 0.453679383, 0.45486927, 0.455992401, 0.454881907, -0.0350502841, 0.0333902501, -2.91845489, 0, 0, 0]}}
state_operation {'target': 'rate', 'operation': 'read', 'response': {'request_id': 84724000, 'applied_us': 84728000, 'target': 2, 'operation': 1, 'result': 0, 'dimension': 3, 'active': False, 'holding': False, 'values': [-2.66427705e-05, 4.97292094e-05, 3.96894939e-05]}}
state_operation {'target': 'velocity', 'operation': 'read', 'response': {'request_id': 84748000, 'applied_us': 84748000, 'target': 3, 'operation': 1, 'result': 0, 'dimension': 3, 'active': False, 'holding': False, 'values': [0, 0, 0]}}
state_capture_finished {'label': 'neural_before_exit'}
handover_requested {'from_controller': 'N', 'to_controller': 'C', 'iteration': 2}
command_requested {'command': 100001, 'params': {'param1': 4}}
command_ack {'command': 100001, 'result': 0, 'timestamp': 1791548810259088}
ready {'condition': 'command acknowledgement'}
ready {'condition': 'nav_state=4'}
mode_confirmed {'mode': 4, 'px4_timestamp': 1791548810271088}
state_capture_started {'label': 'classic_after_entry'}
state_operation {'target': 'raptor', 'operation': 'read', 'response': {'request_id': 84968000, 'applied_us': 84972000, 'target': 1, 'operation': 1, 'result': 0, 'dimension': 26, 'active': False, 'holding': False, 'values': [-0.342560112, 0.0331174657, 0.24044171, 0.346471459, 0.28971687, 0.388150364, 0.2698403, -0.244083315, -0.803741992, 0.872791052, 0.339035302, 0.236153498, 0.258247763, -0.350978702, -0.545383573, -0.214979649, 0.373263597, 0.403712302, 0.434965968, 0.399392843, -0.043041002, 0.0403636955, -2.89691067, -0.00191136915, 0.000244147319, 0.00116109848]}}
state_operation {'target': 'rate', 'operation': 'read', 'response': {'request_id': 84988000, 'applied_us': 84992000, 'target': 2, 'operation': 1, 'result': 0, 'dimension': 3, 'active': True, 'holding': False, 'values': [-1.93182495e-05, -3.05776084e-05, -6.8826912e-06]}}
state_operation {'target': 'velocity', 'operation': 'read', 'response': {'request_id': 85008000, 'applied_us': 85012000, 'target': 3, 'operation': 1, 'result': 0, 'dimension': 3, 'active': True, 'holding': False, 'values': [-4.38815041e-05, 0.000123608159, -0.000501082861]}}
state_capture_finished {'label': 'classic_after_entry'}
hover_started {'label': 'classic_after', 'duration_s': 10}
ready {'condition': 'simulation hover duration classic_after'}
hover_ended {'label': 'classic_after'}
command_requested {'command': 21, 'params': {}}
command_ack {'command': 21, 'result': 0, 'timestamp': 1791548820687088}
ready {'condition': 'command acknowledgement'}
ready {'condition': 'landing'}
ready {'condition': 'disarmed'}
process_stopped {'name': 'agent-reconnected', 'pid': 786723, 'exit_code': -2}
process_stopped {'name': 'px4', 'pid': 786208, 'exit_code': 0}
process_stopped {'name': 'tegrastats', 'pid': 786172, 'exit_code': -2}
process_stopped {'name': 'gz-stats', 'pid': 786171, 'exit_code': 0}
process_stopped {'name': 'gazebo', 'pid': 786170, 'exit_code': 0}
process_stopped {'name': 'agent', 'pid': 786169, 'exit_code': -2}
/home/car/uav_handover/data/verified-repeated_handover PASS
