created {'thresholds': {'seed': 42, 'instance': 21, 'ros_domain_id': 71, 'agent_port': 18888, 'startup_timeout_s': 90, 'takeoff_timeout_s': 45, 'landing_timeout_s': 60, 'hover_s': 10, 'neural_s': 5, 'repetitions': 3, 'altitude_m': 3, 'hover_max_error_m': 1.0, 'hover_max_tilt_deg': 15, 'safety_radius_m': 10, 'safety_altitude_m': 8, 'safety_tilt_deg': 45, 'safety_angular_rate_rad_s': 8, 'inference_p99_us': 2500, 'settling_band_m': 0.2, 'settling_dwell_s': 2.0}}
process_started {'name': 'agent', 'pid': 789366, 'command': ['/home/car/uav_handover/uav_lab/scripts/MicroXRCEAgent', 'udp4', '-p', '18888', '-v', '4']}
process_started {'name': 'gazebo', 'pid': 789367, 'command': ['gz', 'sim', '-r', '-s', '-v', '3', '/home/car/uav_handover/uav_lab/.local/checkouts/px4-raptor/Tools/simulation/gz/worlds/default.sdf']}
process_started {'name': 'gz-stats', 'pid': 789368, 'command': ['gz', 'topic', '-e', '-t', '/world/default/stats']}
process_started {'name': 'tegrastats', 'pid': 789369, 'command': ['/usr/bin/tegrastats', '--interval', '1000']}
process_started {'name': 'px4', 'pid': 789405, 'command': ['/home/car/uav_handover/uav_lab/.local/checkouts/px4-raptor/build/px4_sitl_raptor/bin/px4', '-d', '-i', '21', '-w', '/home/car/uav_handover/data/verified-state_restore/rootfs', '/home/car/uav_handover/data/verified-state_restore/rootfs/etc']}
command_ack {'command': 211, 'result': 0, 'timestamp': 1791548991364928}
ready {'condition': 'PX4 DDS telemetry'}
mavlink_identity {'system_id': 22, 'autopilot': 12, 'udp_port': 18591}
process_started {'name': 'agent-reconnected', 'pid': 789931, 'command': ['/home/car/uav_handover/uav_lab/scripts/MicroXRCEAgent', 'udp4', '-p', '18888', '-v', '4']}
command_ack {'command': 211, 'result': 0, 'timestamp': 1791548991364905}
ready {'condition': 'DDS Client reconnection with fresh telemetry'}
command_requested {'command': 176, 'params': {'param1': 1, 'param2': 4, 'param3': 3}}
command_ack {'command': 176, 'result': 0, 'timestamp': 1791549007268913}
ready {'condition': 'command acknowledgement'}
command_requested {'command': 100001, 'params': {'param1': 14}}
command_ack {'command': 100001, 'result': 0, 'timestamp': 1791549008372913}
ready {'condition': 'command acknowledgement'}
ready {'condition': 'nav_state=14'}
mode_confirmed {'mode': 14, 'px4_timestamp': 1791549008384913}
command_requested {'command': 100001, 'params': {'param1': 4}}
command_ack {'command': 100001, 'result': 0, 'timestamp': 1791549008864913}
ready {'condition': 'command acknowledgement'}
ready {'condition': 'nav_state=4'}
mode_confirmed {'mode': 4, 'px4_timestamp': 1791549008876913}
state_operation {'target': 'raptor', 'operation': 'read', 'response': {'request_id': 22936000, 'applied_us': 22936000, 'target': 1, 'operation': 1, 'result': 1, 'dimension': 26, 'active': False, 'holding': False, 'values': [-0.209201247, -0.236189529, -0.367834061, -0.668226063, -0.390547007, -0.403693587, -0.377641499, -0.180303469, -0.830385089, 0.972941875, -0.00107324473, -0.516734421, 0.621822417, 0.877110243, -0.544316709, 0.662434936, -0.779713511, -0.743044972, -0.607239604, -0.615841568, 0.0304642916, -0.0421730354, 0.0132963387, 0.00103385025, -0.00070351176, 0.698848426]}}
ready {'condition': 'valid local position'}
state_operation {'target': 'raptor', 'operation': 'hold', 'response': {'request_id': 27072000, 'applied_us': 27076000, 'target': 1, 'operation': 4, 'result': 0, 'dimension': 26, 'active': False, 'holding': True, 'values': [-0.203048438, -0.242046505, -0.364844918, -0.663499594, -0.394177765, -0.39713487, -0.38419801, -0.178873688, -0.832361877, 0.972960114, -0.0241347309, -0.510680258, 0.622949183, 0.874634087, -0.543301046, 0.663650751, -0.783149779, -0.74142009, -0.599470973, -0.604975164, 0.00534254126, -0.0396753736, -0.0025432054, -0.000511761173, 0.000511761173, 0.699488044]}}
state_operation {'target': 'raptor', 'operation': 'read', 'response': {'request_id': 27092000, 'applied_us': 27096000, 'target': 1, 'operation': 1, 'result': 0, 'dimension': 26, 'active': False, 'holding': True, 'values': [-0.203048438, -0.242046505, -0.364844918, -0.663499594, -0.394177765, -0.39713487, -0.38419801, -0.178873688, -0.832361877, 0.972960114, -0.0241347309, -0.510680258, 0.622949183, 0.874634087, -0.543301046, 0.663650751, -0.783149779, -0.74142009, -0.599470973, -0.604975164, 0.00534254126, -0.0396753736, -0.0025432054, -0.000511761173, 0.000511761173, 0.699488044]}}
state_operation {'target': 'raptor', 'operation': 'inject', 'response': {'request_id': 27112000, 'applied_us': 27116000, 'target': 1, 'operation': 6, 'result': 0, 'dimension': 26, 'active': False, 'holding': True, 'values': [0.0500000007, 0.0500000007, 0.0500000007, 0.0500000007, 0.0500000007, 0.0500000007, 0.0500000007, 0.0500000007, 0.0500000007, 0.0500000007, 0.0500000007, 0.0500000007, 0.0500000007, 0.0500000007, 0.0500000007, 0.0500000007, 0.0299999993, 0.0299999993, 0.0299999993, 0.0299999993, 0.00534254126, -0.0396753736, -0.0025432054, -0.000511761173, 0.000511761173, 0.699488044]}}
state_operation {'target': 'raptor', 'operation': 'read', 'response': {'request_id': 27132000, 'applied_us': 27136000, 'target': 1, 'operation': 1, 'result': 0, 'dimension': 26, 'active': False, 'holding': True, 'values': [0.0500000007, 0.0500000007, 0.0500000007, 0.0500000007, 0.0500000007, 0.0500000007, 0.0500000007, 0.0500000007, 0.0500000007, 0.0500000007, 0.0500000007, 0.0500000007, 0.0500000007, 0.0500000007, 0.0500000007, 0.0500000007, 0.0299999993, 0.0299999993, 0.0299999993, 0.0299999993, 0.00534254126, -0.0396753736, -0.0025432054, -0.000511761173, 0.000511761173, 0.699488044]}}
state_operation {'target': 'raptor', 'operation': 'snapshot', 'response': {'request_id': 27152000, 'applied_us': 27152000, 'target': 1, 'operation': 2, 'result': 0, 'dimension': 26, 'active': False, 'holding': True, 'values': [0.0500000007, 0.0500000007, 0.0500000007, 0.0500000007, 0.0500000007, 0.0500000007, 0.0500000007, 0.0500000007, 0.0500000007, 0.0500000007, 0.0500000007, 0.0500000007, 0.0500000007, 0.0500000007, 0.0500000007, 0.0500000007, 0.0299999993, 0.0299999993, 0.0299999993, 0.0299999993, 0.00534254126, -0.0396753736, -0.0025432054, -0.000511761173, 0.000511761173, 0.699488044]}}
state_operation {'target': 'raptor', 'operation': 'reset', 'response': {'request_id': 27168000, 'applied_us': 27172000, 'target': 1, 'operation': 3, 'result': 0, 'dimension': 26, 'active': False, 'holding': True, 'values': [0, 0, 0, 0, 0, 0, 0, 0, 0, 0, 0, 0, 0, 0, 0, 0, 0, 0, 0, 0, 0.00534254126, -0.0396753736, -0.0025432054, -0.000511761173, 0.000511761173, 0.699488044]}}
state_operation {'target': 'raptor', 'operation': 'restore', 'response': {'request_id': 27188000, 'applied_us': 27192000, 'target': 1, 'operation': 5, 'result': 0, 'dimension': 26, 'active': False, 'holding': True, 'values': [0.0500000007, 0.0500000007, 0.0500000007, 0.0500000007, 0.0500000007, 0.0500000007, 0.0500000007, 0.0500000007, 0.0500000007, 0.0500000007, 0.0500000007, 0.0500000007, 0.0500000007, 0.0500000007, 0.0500000007, 0.0500000007, 0.0299999993, 0.0299999993, 0.0299999993, 0.0299999993, 0.00534254126, -0.0396753736, -0.0025432054, -0.000511761173, 0.000511761173, 0.699488044]}}
state_operation {'target': 'raptor', 'operation': 'inject', 'response': {'request_id': 27208000, 'applied_us': 27212000, 'target': 1, 'operation': 6, 'result': 3, 'dimension': 26, 'active': False, 'holding': True, 'values': [0.0500000007, 0.0500000007, 0.0500000007, 0.0500000007, 0.0500000007, 0.0500000007, 0.0500000007, 0.0500000007, 0.0500000007, 0.0500000007, 0.0500000007, 0.0500000007, 0.0500000007, 0.0500000007, 0.0500000007, 0.0500000007, 0.0299999993, 0.0299999993, 0.0299999993, 0.0299999993, 0.00534254126, -0.0396753736, -0.0025432054, -0.000511761173, 0.000511761173, 0.699488044]}}
state_operation {'target': 'raptor', 'operation': 'inject', 'response': {'request_id': 27228000, 'applied_us': 27232000, 'target': 1, 'operation': 6, 'result': 4, 'dimension': 26, 'active': False, 'holding': True, 'values': [0.0500000007, 0.0500000007, 0.0500000007, 0.0500000007, 0.0500000007, 0.0500000007, 0.0500000007, 0.0500000007, 0.0500000007, 0.0500000007, 0.0500000007, 0.0500000007, 0.0500000007, 0.0500000007, 0.0500000007, 0.0500000007, 0.0299999993, 0.0299999993, 0.0299999993, 0.0299999993, 0.00534254126, -0.0396753736, -0.0025432054, -0.000511761173, 0.000511761173, 0.699488044]}}
state_operation {'target': 'raptor', 'operation': 'inject', 'response': {'request_id': 27248000, 'applied_us': 27252000, 'target': 1, 'operation': 6, 'result': 5, 'dimension': 26, 'active': False, 'holding': True, 'values': [0.0500000007, 0.0500000007, 0.0500000007, 0.0500000007, 0.0500000007, 0.0500000007, 0.0500000007, 0.0500000007, 0.0500000007, 0.0500000007, 0.0500000007, 0.0500000007, 0.0500000007, 0.0500000007, 0.0500000007, 0.0500000007, 0.0299999993, 0.0299999993, 0.0299999993, 0.0299999993, 0.00534254126, -0.0396753736, -0.0025432054, -0.000511761173, 0.000511761173, 0.699488044]}}
state_operation {'target': 'raptor', 'operation': 'reset', 'response': {'request_id': 27268000, 'applied_us': 27272000, 'target': 1, 'operation': 3, 'result': 0, 'dimension': 26, 'active': False, 'holding': True, 'values': [0, 0, 0, 0, 0, 0, 0, 0, 0, 0, 0, 0, 0, 0, 0, 0, 0, 0, 0, 0, 0.00534254126, -0.0396753736, -0.0025432054, -0.000511761173, 0.000511761173, 0.699488044]}}
state_operation {'target': 'raptor', 'operation': 'release', 'response': {'request_id': 27288000, 'applied_us': 27292000, 'target': 1, 'operation': 7, 'result': 0, 'dimension': 26, 'active': False, 'holding': False, 'values': [0, 0, 0, 0, 0, 0, 0, 0, 0, 0, 0, 0, 0, 0, 0, 0, 0, 0, 0, 0, 0.00534254126, -0.0396753736, -0.0025432054, -0.000511761173, 0.000511761173, 0.699488044]}}
state_operation {'target': 'rate', 'operation': 'hold', 'response': {'request_id': 27308000, 'applied_us': 27312000, 'target': 2, 'operation': 4, 'result': 0, 'dimension': 3, 'active': False, 'holding': True, 'values': [0, 0, 0]}}
state_operation {'target': 'rate', 'operation': 'read', 'response': {'request_id': 27328000, 'applied_us': 27332000, 'target': 2, 'operation': 1, 'result': 0, 'dimension': 3, 'active': False, 'holding': True, 'values': [0, 0, 0]}}
state_operation {'target': 'rate', 'operation': 'inject', 'response': {'request_id': 27348000, 'applied_us': 27352000, 'target': 2, 'operation': 6, 'result': 0, 'dimension': 3, 'active': False, 'holding': True, 'values': [0.00999999978, -0.00999999978, 0.0149999997]}}
state_operation {'target': 'rate', 'operation': 'read', 'response': {'request_id': 27372000, 'applied_us': 27376000, 'target': 2, 'operation': 1, 'result': 0, 'dimension': 3, 'active': False, 'holding': True, 'values': [0.00999999978, -0.00999999978, 0.0149999997]}}
state_operation {'target': 'rate', 'operation': 'snapshot', 'response': {'request_id': 27392000, 'applied_us': 27392000, 'target': 2, 'operation': 2, 'result': 0, 'dimension': 3, 'active': False, 'holding': True, 'values': [0.00999999978, -0.00999999978, 0.0149999997]}}
state_operation {'target': 'rate', 'operation': 'reset', 'response': {'request_id': 27408000, 'applied_us': 27412000, 'target': 2, 'operation': 3, 'result': 0, 'dimension': 3, 'active': False, 'holding': True, 'values': [0, 0, 0]}}
state_operation {'target': 'rate', 'operation': 'restore', 'response': {'request_id': 27428000, 'applied_us': 27432000, 'target': 2, 'operation': 5, 'result': 0, 'dimension': 3, 'active': False, 'holding': True, 'values': [0.00999999978, -0.00999999978, 0.0149999997]}}
state_operation {'target': 'rate', 'operation': 'inject', 'response': {'request_id': 27448000, 'applied_us': 27452000, 'target': 2, 'operation': 6, 'result': 3, 'dimension': 3, 'active': False, 'holding': True, 'values': [0.00999999978, -0.00999999978, 0.0149999997]}}
state_operation {'target': 'rate', 'operation': 'inject', 'response': {'request_id': 27472000, 'applied_us': 27472000, 'target': 2, 'operation': 6, 'result': 4, 'dimension': 3, 'active': False, 'holding': True, 'values': [0.00999999978, -0.00999999978, 0.0149999997]}}
state_operation {'target': 'rate', 'operation': 'inject', 'response': {'request_id': 27488000, 'applied_us': 27492000, 'target': 2, 'operation': 6, 'result': 5, 'dimension': 3, 'active': False, 'holding': True, 'values': [0.00999999978, -0.00999999978, 0.0149999997]}}
state_operation {'target': 'rate', 'operation': 'reset', 'response': {'request_id': 27508000, 'applied_us': 27512000, 'target': 2, 'operation': 3, 'result': 0, 'dimension': 3, 'active': False, 'holding': True, 'values': [0, 0, 0]}}
state_operation {'target': 'rate', 'operation': 'release', 'response': {'request_id': 27532000, 'applied_us': 27532000, 'target': 2, 'operation': 7, 'result': 0, 'dimension': 3, 'active': False, 'holding': False, 'values': [0, 0, 0]}}
state_operation {'target': 'velocity', 'operation': 'hold', 'response': {'request_id': 27548000, 'applied_us': 27552000, 'target': 3, 'operation': 4, 'result': 0, 'dimension': 3, 'active': False, 'holding': True, 'values': [0, 0, 0]}}
state_operation {'target': 'velocity', 'operation': 'read', 'response': {'request_id': 27568000, 'applied_us': 27576000, 'target': 3, 'operation': 1, 'result': 0, 'dimension': 3, 'active': False, 'holding': True, 'values': [0, 0, 0]}}
state_operation {'target': 'velocity', 'operation': 'inject', 'response': {'request_id': 27592000, 'applied_us': 27600000, 'target': 3, 'operation': 6, 'result': 0, 'dimension': 3, 'active': False, 'holding': True, 'values': [0.00999999978, -0.00999999978, 0.0149999997]}}
state_operation {'target': 'velocity', 'operation': 'read', 'response': {'request_id': 27612000, 'applied_us': 27616000, 'target': 3, 'operation': 1, 'result': 0, 'dimension': 3, 'active': False, 'holding': True, 'values': [0.00999999978, -0.00999999978, 0.0149999997]}}
state_operation {'target': 'velocity', 'operation': 'snapshot', 'response': {'request_id': 27632000, 'applied_us': 27640000, 'target': 3, 'operation': 2, 'result': 0, 'dimension': 3, 'active': False, 'holding': True, 'values': [0.00999999978, -0.00999999978, 0.0149999997]}}
state_operation {'target': 'velocity', 'operation': 'reset', 'response': {'request_id': 27660000, 'applied_us': 27664000, 'target': 3, 'operation': 3, 'result': 0, 'dimension': 3, 'active': False, 'holding': True, 'values': [0, 0, 0]}}
state_operation {'target': 'velocity', 'operation': 'restore', 'response': {'request_id': 27676000, 'applied_us': 27680000, 'target': 3, 'operation': 5, 'result': 0, 'dimension': 3, 'active': False, 'holding': True, 'values': [0.00999999978, -0.00999999978, 0.0149999997]}}
state_operation {'target': 'velocity', 'operation': 'inject', 'response': {'request_id': 27696000, 'applied_us': 27704000, 'target': 3, 'operation': 6, 'result': 3, 'dimension': 3, 'active': False, 'holding': True, 'values': [0.00999999978, -0.00999999978, 0.0149999997]}}
state_operation {'target': 'velocity', 'operation': 'inject', 'response': {'request_id': 27720000, 'applied_us': 27728000, 'target': 3, 'operation': 6, 'result': 4, 'dimension': 3, 'active': False, 'holding': True, 'values': [0.00999999978, -0.00999999978, 0.0149999997]}}
state_operation {'target': 'velocity', 'operation': 'inject', 'response': {'request_id': 27740000, 'applied_us': 27744000, 'target': 3, 'operation': 6, 'result': 5, 'dimension': 3, 'active': False, 'holding': True, 'values': [0.00999999978, -0.00999999978, 0.0149999997]}}
state_operation {'target': 'velocity', 'operation': 'reset', 'response': {'request_id': 27764000, 'applied_us': 27768000, 'target': 3, 'operation': 3, 'result': 0, 'dimension': 3, 'active': False, 'holding': True, 'values': [0, 0, 0]}}
state_operation {'target': 'velocity', 'operation': 'release', 'response': {'request_id': 27784000, 'applied_us': 27784000, 'target': 3, 'operation': 7, 'result': 0, 'dimension': 3, 'active': False, 'holding': False, 'values': [0, 0, 0]}}
command_requested {'command': 400, 'params': {'param1': 1}}
command_ack {'command': 400, 'result': 0, 'timestamp': 1791549013964913}
ready {'condition': 'command acknowledgement'}
command_requested {'command': 22, 'params': {'param4': None, 'param5': None, 'param6': None, 'param7': None}}
command_ack {'command': 22, 'result': 0, 'timestamp': 1791549014060913}
ready {'condition': 'command acknowledgement'}
ready {'condition': 'takeoff altitude'}
command_requested {'command': 100001, 'params': {'param1': 4}}
command_ack {'command': 100001, 'result': 0, 'timestamp': 1791549022484913}
ready {'condition': 'command acknowledgement'}
ready {'condition': 'nav_state=4'}
mode_confirmed {'mode': 4, 'px4_timestamp': 1791549022484913}
hover_started {'label': 'classic_before', 'duration_s': 10}
ready {'condition': 'simulation hover duration classic_before'}
hover_ended {'label': 'classic_before'}
state_capture_started {'label': 'classic_before_handover'}
state_operation {'target': 'raptor', 'operation': 'read', 'response': {'request_id': 46760000, 'applied_us': 46764000, 'target': 1, 'operation': 1, 'result': 0, 'dimension': 26, 'active': False, 'holding': False, 'values': [-0.245100334, -0.112694897, -0.110476747, -0.186747357, -0.188450992, -0.114800915, 0.359214962, -0.0581585616, -0.756637633, 0.826517403, 0.0880945101, -0.336269885, 0.235505164, 0.302873582, -0.536578178, 0.0578628369, -0.313985407, -0.267945051, -0.163481921, -0.198285133, 0.0165423881, -0.0545809083, -3.01098108, -8.91261243e-06, -3.39334588e-06, -0.00105762482]}}
state_operation {'target': 'rate', 'operation': 'read', 'response': {'request_id': 46780000, 'applied_us': 46784000, 'target': 2, 'operation': 1, 'result': 0, 'dimension': 3, 'active': True, 'holding': False, 'values': [-3.20709987e-05, -1.80108009e-06, -4.92510553e-05]}}
state_operation {'target': 'velocity', 'operation': 'read', 'response': {'request_id': 46800000, 'applied_us': 46808000, 'target': 3, 'operation': 1, 'result': 0, 'dimension': 3, 'active': True, 'holding': False, 'values': [0.00105500675, 0.000239460409, 0.0151640773]}}
state_capture_finished {'label': 'classic_before_handover'}
state_operation {'target': 'rate', 'operation': 'snapshot', 'response': {'request_id': 46824000, 'applied_us': 46828000, 'target': 2, 'operation': 2, 'result': 0, 'dimension': 3, 'active': True, 'holding': False, 'values': [-4.31068547e-05, 3.89003799e-06, -5.31383412e-05]}}
state_operation {'target': 'velocity', 'operation': 'snapshot', 'response': {'request_id': 46848000, 'applied_us': 46848000, 'target': 3, 'operation': 2, 'result': 0, 'dimension': 3, 'active': True, 'holding': False, 'values': [0.000564555114, 0.000175535039, 0.0148976464]}}
handover_requested {'from_controller': 'C', 'to_controller': 'N', 'iteration': 0}
command_requested {'command': 100001, 'params': {'param1': 23}}
command_ack {'command': 100001, 'result': 0, 'timestamp': 1791549033020912}
ready {'condition': 'command acknowledgement'}
ready {'condition': 'nav_state=23'}
mode_confirmed {'mode': 23, 'px4_timestamp': 1791549033032912}
ready {'condition': 'RAPTOR active diagnostic DDS'}
state_capture_started {'label': 'neural_after_entry'}
state_operation {'target': 'raptor', 'operation': 'read', 'response': {'request_id': 47196000, 'applied_us': 47200000, 'target': 1, 'operation': 1, 'result': 0, 'dimension': 26, 'active': True, 'holding': False, 'values': [-0.356831163, 0.0491877533, 0.309967399, 0.476191163, 0.339567155, 0.488320172, 0.341660947, -0.262096673, -0.793218374, 0.846781194, 0.378091335, 0.279081166, 0.195660651, -0.418715179, -0.553307474, -0.327731133, 0.504425049, 0.488066852, 0.510986149, 0.516265631, 0.0305319484, -0.0480479524, -3.0093658, 0, 0, 0]}}
state_operation {'target': 'rate', 'operation': 'read', 'response': {'request_id': 47216000, 'applied_us': 47220000, 'target': 2, 'operation': 1, 'result': 0, 'dimension': 3, 'active': False, 'holding': False, 'values': [-5.04731615e-05, 6.24321774e-06, -5.9142043e-05]}}
state_operation {'target': 'velocity', 'operation': 'read', 'response': {'request_id': 47236000, 'applied_us': 47240000, 'target': 3, 'operation': 1, 'result': 0, 'dimension': 3, 'active': False, 'holding': False, 'values': [0, 0, 0]}}
state_capture_finished {'label': 'neural_after_entry'}
state_operation {'target': 'raptor', 'operation': 'restore', 'response': {'request_id': 47256000, 'applied_us': 47260000, 'target': 1, 'operation': 5, 'result': 2, 'dimension': 26, 'active': True, 'holding': False, 'values': [-0.354524016, 0.044331748, 0.294943362, 0.444491059, 0.326084405, 0.479746073, 0.301037878, -0.27528429, -0.791690707, 0.858557522, 0.37064904, 0.2836667, 0.230705485, -0.404838055, -0.544673502, -0.288835973, 0.479844421, 0.470745564, 0.491291046, 0.490674376, 0.0305319484, -0.0480479524, -3.0093658, 0, 0, 0]}}
state_operation {'target': 'raptor', 'operation': 'inject', 'response': {'request_id': 47276000, 'applied_us': 47280000, 'target': 1, 'operation': 6, 'result': 2, 'dimension': 26, 'active': True, 'holding': False, 'values': [-0.353887975, 0.0431113467, 0.291393697, 0.436641425, 0.322398335, 0.477349281, 0.292476892, -0.276988506, -0.791849732, 0.86098361, 0.36794281, 0.283966869, 0.237669796, -0.402032554, -0.544221103, -0.280236781, 0.471915543, 0.464547306, 0.483697385, 0.482999027, 0.0305319484, -0.0480479524, -3.0093658, 0, 0, 0]}}
state_operation {'target': 'raptor', 'operation': 'snapshot', 'response': {'request_id': 47296000, 'applied_us': 47300000, 'target': 1, 'operation': 2, 'result': 0, 'dimension': 26, 'active': True, 'holding': False, 'values': [-0.353687614, 0.0406722277, 0.28531903, 0.426958829, 0.318119466, 0.473862827, 0.280982703, -0.279243827, -0.792070389, 0.864098191, 0.363776416, 0.283165932, 0.246978462, -0.398673654, -0.543719411, -0.26983577, 0.465558648, 0.461482227, 0.478013515, 0.476034313, 0.0305319484, -0.0480479524, -3.0093658, 0, 0, 0]}}
hover_started {'label': 'neural', 'duration_s': 5}
ready {'condition': 'simulation hover duration neural'}
hover_ended {'label': 'neural'}
state_operation {'target': 'rate', 'operation': 'hold', 'response': {'request_id': 52432000, 'applied_us': 52436000, 'target': 2, 'operation': 4, 'result': 0, 'dimension': 3, 'active': False, 'holding': True, 'values': [-5.04731615e-05, 6.24321774e-06, -5.9142043e-05]}}
state_operation {'target': 'velocity', 'operation': 'hold', 'response': {'request_id': 52452000, 'applied_us': 52456000, 'target': 3, 'operation': 4, 'result': 0, 'dimension': 3, 'active': False, 'holding': True, 'values': [0, 0, 0]}}
state_operation {'target': 'rate', 'operation': 'restore', 'response': {'request_id': 52472000, 'applied_us': 52476000, 'target': 2, 'operation': 5, 'result': 0, 'dimension': 3, 'active': False, 'holding': True, 'values': [-4.31068547e-05, 3.89003799e-06, -5.31383412e-05]}}
state_operation {'target': 'velocity', 'operation': 'restore', 'response': {'request_id': 52492000, 'applied_us': 52496000, 'target': 3, 'operation': 5, 'result': 0, 'dimension': 3, 'active': False, 'holding': True, 'values': [0.000564555114, 0.000175535039, 0.0148976464]}}
state_capture_started {'label': 'neural_before_exit'}
state_operation {'target': 'raptor', 'operation': 'read', 'response': {'request_id': 52512000, 'applied_us': 52516000, 'target': 1, 'operation': 1, 'result': 0, 'dimension': 26, 'active': True, 'holding': False, 'values': [-0.356885314, 0.046553649, 0.261963367, 0.405225366, 0.318780154, 0.461232364, 0.266734213, -0.263081163, -0.79865706, 0.870148659, 0.348392248, 0.270951241, 0.250770867, -0.400568843, -0.555000961, -0.265515417, 0.458837599, 0.457669944, 0.457589984, 0.457589418, 0.0305319484, -0.0480479524, -3.0093658, 0, 0, 0]}}
state_operation {'target': 'rate', 'operation': 'read', 'response': {'request_id': 52532000, 'applied_us': 52536000, 'target': 2, 'operation': 1, 'result': 0, 'dimension': 3, 'active': False, 'holding': True, 'values': [-4.31068547e-05, 3.89003799e-06, -5.31383412e-05]}}
state_operation {'target': 'velocity', 'operation': 'read', 'response': {'request_id': 52552000, 'applied_us': 52560000, 'target': 3, 'operation': 1, 'result': 0, 'dimension': 3, 'active': False, 'holding': True, 'values': [0.000564555114, 0.000175535039, 0.0148976464]}}
state_capture_finished {'label': 'neural_before_exit'}
handover_requested {'from_controller': 'N', 'to_controller': 'C', 'iteration': 0}
command_requested {'command': 100001, 'params': {'param1': 4}}
command_ack {'command': 100001, 'result': 0, 'timestamp': 1791549038732912}
ready {'condition': 'command acknowledgement'}
ready {'condition': 'nav_state=4'}
mode_confirmed {'mode': 4, 'px4_timestamp': 1791549038744912}
state_operation {'target': 'rate', 'operation': 'release', 'response': {'request_id': 52780000, 'applied_us': 52784000, 'target': 2, 'operation': 7, 'result': 0, 'dimension': 3, 'active': True, 'holding': False, 'values': [-4.31068547e-05, 3.89003799e-06, -5.31383412e-05]}}
state_operation {'target': 'velocity', 'operation': 'release', 'response': {'request_id': 52800000, 'applied_us': 52800000, 'target': 3, 'operation': 7, 'result': 0, 'dimension': 3, 'active': True, 'holding': False, 'values': [0.000564555114, 0.000175535039, 0.0148976464]}}
state_capture_started {'label': 'classic_after_entry'}
state_operation {'target': 'raptor', 'operation': 'read', 'response': {'request_id': 52816000, 'applied_us': 52820000, 'target': 1, 'operation': 1, 'result': 0, 'dimension': 26, 'active': False, 'holding': False, 'values': [-0.339071035, 0.0362208746, 0.220036313, 0.309899986, 0.259623259, 0.374269187, 0.271548867, -0.248166949, -0.791117251, 0.866379559, 0.326322198, 0.204195306, 0.26100859, -0.305214614, -0.529359877, -0.197214529, 0.343312413, 0.357604325, 0.379267573, 0.356670171, 0.0338960178, -0.0375409648, -2.99201775, -0.00825225562, -0.00281289336, 0.000355720549]}}
state_operation {'target': 'rate', 'operation': 'read', 'response': {'request_id': 52836000, 'applied_us': 52840000, 'target': 2, 'operation': 1, 'result': 0, 'dimension': 3, 'active': True, 'holding': False, 'values': [0.00040309623, 7.1397888e-05, -4.63807337e-05]}}
state_operation {'target': 'velocity', 'operation': 'read', 'response': {'request_id': 52856000, 'applied_us': 52864000, 'target': 3, 'operation': 1, 'result': 0, 'dimension': 3, 'active': True, 'holding': False, 'values': [0.00105348846, 0.000144271471, 0.0146826208]}}
state_capture_finished {'label': 'classic_after_entry'}
hover_started {'label': 'classic_after', 'duration_s': 10}
ready {'condition': 'simulation hover duration classic_after'}
hover_ended {'label': 'classic_after'}
state_operation {'target': 'raptor', 'operation': 'hold', 'response': {'request_id': 63052000, 'applied_us': 63056000, 'target': 1, 'operation': 4, 'result': 0, 'dimension': 26, 'active': False, 'holding': True, 'values': [-0.234833509, -0.12260621, -0.120744064, -0.243340537, -0.196368873, -0.175484046, 0.357480079, -0.0301995464, -0.776510835, 0.837959468, 0.0831433311, -0.335647881, 0.239833683, 0.307696849, -0.547290146, 0.100339383, -0.384412378, -0.266511202, -0.14144671, -0.241664261, 0.0218513366, -0.0416465737, -2.99150586, -8.11859718e-06, -2.78522111e-06, 4.76837158e-06]}}
state_operation {'target': 'raptor', 'operation': 'reset', 'response': {'request_id': 63072000, 'applied_us': 63076000, 'target': 1, 'operation': 3, 'result': 0, 'dimension': 26, 'active': False, 'holding': True, 'values': [0, 0, 0, 0, 0, 0, 0, 0, 0, 0, 0, 0, 0, 0, 0, 0, 0, 0, 0, 0, 0.0218513366, -0.0416465737, -2.99150586, -8.11859718e-06, -2.78522111e-06, 4.76837158e-06]}}
state_operation {'target': 'raptor', 'operation': 'restore', 'response': {'request_id': 63092000, 'applied_us': 63096000, 'target': 1, 'operation': 5, 'result': 0, 'dimension': 26, 'active': False, 'holding': True, 'values': [-0.353687614, 0.0406722277, 0.28531903, 0.426958829, 0.318119466, 0.473862827, 0.280982703, -0.279243827, -0.792070389, 0.864098191, 0.363776416, 0.283165932, 0.246978462, -0.398673654, -0.543719411, -0.26983577, 0.465558648, 0.461482227, 0.478013515, 0.476034313, 0.0305319484, -0.0480479524, -3.0093658, 0, 0, 0]}}
handover_requested {'from_controller': 'C', 'to_controller': 'N', 'iteration': 1}
command_requested {'command': 100001, 'params': {'param1': 23}}
command_ack {'command': 100001, 'result': 0, 'timestamp': 1791549049268912}
ready {'condition': 'command acknowledgement'}
ready {'condition': 'nav_state=23'}
mode_confirmed {'mode': 23, 'px4_timestamp': 1791549049292914}
state_operation {'target': 'raptor', 'operation': 'release', 'response': {'request_id': 63316000, 'applied_us': 63320000, 'target': 1, 'operation': 7, 'result': 0, 'dimension': 26, 'active': True, 'holding': False, 'values': [-0.353687614, 0.0406722277, 0.28531903, 0.426958829, 0.318119466, 0.473862827, 0.280982703, -0.279243827, -0.792070389, 0.864098191, 0.363776416, 0.283165932, 0.246978462, -0.398673654, -0.543719411, -0.26983577, 0.465558648, 0.461482227, 0.478013515, 0.476034313, 0.0305319484, -0.0480479524, -3.0093658, 0, 0, 0]}}
hover_started {'label': 'neural_restored', 'duration_s': 5}
ready {'condition': 'simulation hover duration neural_restored'}
hover_ended {'label': 'neural_restored'}
handover_requested {'from_controller': 'N', 'to_controller': 'C', 'iteration': 1}
command_requested {'command': 100001, 'params': {'param1': 4}}
command_ack {'command': 100001, 'result': 0, 'timestamp': 1791549054704913}
ready {'condition': 'command acknowledgement'}
ready {'condition': 'nav_state=4'}
mode_confirmed {'mode': 4, 'px4_timestamp': 1791549054716913}
hover_started {'label': 'classic_after_restore', 'duration_s': 10}
ready {'condition': 'simulation hover duration classic_after_restore'}
hover_ended {'label': 'classic_after_restore'}
command_requested {'command': 21, 'params': {}}
command_ack {'command': 21, 'result': 0, 'timestamp': 1791549065132914}
ready {'condition': 'command acknowledgement'}
ready {'condition': 'landing'}
ready {'condition': 'disarmed'}
process_stopped {'name': 'agent-reconnected', 'pid': 789931, 'exit_code': -2}
process_stopped {'name': 'px4', 'pid': 789405, 'exit_code': 0}
process_stopped {'name': 'tegrastats', 'pid': 789369, 'exit_code': -2}
process_stopped {'name': 'gz-stats', 'pid': 789368, 'exit_code': 0}
process_stopped {'name': 'gazebo', 'pid': 789367, 'exit_code': 0}
process_stopped {'name': 'agent', 'pid': 789366, 'exit_code': -2}
/home/car/uav_handover/data/verified-state_restore PASS
