created {'thresholds': {'seed': 42, 'instance': 21, 'ros_domain_id': 71, 'agent_port': 18888, 'startup_timeout_s': 90, 'takeoff_timeout_s': 45, 'landing_timeout_s': 60, 'hover_s': 10, 'neural_s': 5, 'repetitions': 3, 'altitude_m': 3, 'hover_max_error_m': 1.0, 'hover_max_tilt_deg': 15, 'safety_radius_m': 10, 'safety_altitude_m': 8, 'safety_tilt_deg': 45, 'safety_angular_rate_rad_s': 8, 'inference_p99_us': 2500, 'settling_band_m': 0.2, 'settling_dwell_s': 2.0}}
process_started {'name': 'agent', 'pid': 791210, 'command': ['/home/car/uav_handover/uav_lab/scripts/MicroXRCEAgent', 'udp4', '-p', '18888', '-v', '4']}
process_started {'name': 'gazebo', 'pid': 791211, 'command': ['gz', 'sim', '-r', '-s', '-v', '3', '/home/car/uav_handover/uav_lab/.local/checkouts/px4-raptor/Tools/simulation/gz/worlds/default.sdf']}
process_started {'name': 'gz-stats', 'pid': 791212, 'command': ['gz', 'topic', '-e', '-t', '/world/default/stats']}
process_started {'name': 'tegrastats', 'pid': 791213, 'command': ['/usr/bin/tegrastats', '--interval', '1000']}
process_started {'name': 'px4', 'pid': 791250, 'command': ['/home/car/uav_handover/uav_lab/.local/checkouts/px4-raptor/build/px4_sitl_raptor/bin/px4', '-d', '-i', '21', '-w', '/home/car/uav_handover/data/verified-state_injection/rootfs', '/home/car/uav_handover/data/verified-state_injection/rootfs/etc']}
command_ack {'command': 211, 'result': 0, 'timestamp': 1791549083585122}
ready {'condition': 'PX4 DDS telemetry'}
mavlink_identity {'system_id': 22, 'autopilot': 12, 'udp_port': 18591}
process_started {'name': 'agent-reconnected', 'pid': 791772, 'command': ['/home/car/uav_handover/uav_lab/scripts/MicroXRCEAgent', 'udp4', '-p', '18888', '-v', '4']}
command_ack {'command': 211, 'result': 0, 'timestamp': 1791549083585122}
ready {'condition': 'DDS Client reconnection with fresh telemetry'}
command_requested {'command': 176, 'params': {'param1': 1, 'param2': 4, 'param3': 3}}
command_ack {'command': 176, 'result': 0, 'timestamp': 1791549099501132}
ready {'condition': 'command acknowledgement'}
command_requested {'command': 100001, 'params': {'param1': 14}}
command_ack {'command': 100001, 'result': 0, 'timestamp': 1791549100605132}
ready {'condition': 'command acknowledgement'}
ready {'condition': 'nav_state=14'}
mode_confirmed {'mode': 14, 'px4_timestamp': 1791549100617132}
command_requested {'command': 100001, 'params': {'param1': 4}}
command_ack {'command': 100001, 'result': 0, 'timestamp': 1791549101085132}
ready {'condition': 'command acknowledgement'}
ready {'condition': 'nav_state=4'}
mode_confirmed {'mode': 4, 'px4_timestamp': 1791549101097132}
state_operation {'target': 'raptor', 'operation': 'read', 'response': {'request_id': 22976000, 'applied_us': 22980000, 'target': 1, 'operation': 1, 'result': 1, 'dimension': 26, 'active': False, 'holding': False, 'values': [-0.210340127, -0.232813269, -0.366234034, -0.67264986, -0.391937524, -0.395867556, -0.381682187, -0.177909911, -0.83043164, 0.972748399, -0.00950972736, -0.512791395, 0.619365513, 0.874545217, -0.546509385, 0.661263466, -0.77842176, -0.737281203, -0.607919395, -0.618491471, -0.0061535961, 0.00250498648, -0.0411229767, -0.000511777704, -0.000511785853, 0.699488103]}}
ready {'condition': 'valid local position'}
state_operation {'target': 'raptor', 'operation': 'hold', 'response': {'request_id': 27112000, 'applied_us': 27116000, 'target': 1, 'operation': 4, 'result': 0, 'dimension': 26, 'active': False, 'holding': True, 'values': [-0.215696782, -0.239637583, -0.371530294, -0.66877073, -0.396989942, -0.393907189, -0.387380511, -0.173292354, -0.832182825, 0.973015428, -0.029568404, -0.52066642, 0.622214019, 0.875739992, -0.546099842, 0.660074294, -0.779861748, -0.752308667, -0.616074383, -0.61529094, -0.00736868195, 0.0301812161, -0.0325161293, 0.00103380647, 0.00103177212, 0.698848009]}}
state_operation {'target': 'raptor', 'operation': 'read', 'response': {'request_id': 27132000, 'applied_us': 27136000, 'target': 1, 'operation': 1, 'result': 0, 'dimension': 26, 'active': False, 'holding': True, 'values': [-0.215696782, -0.239637583, -0.371530294, -0.66877073, -0.396989942, -0.393907189, -0.387380511, -0.173292354, -0.832182825, 0.973015428, -0.029568404, -0.52066642, 0.622214019, 0.875739992, -0.546099842, 0.660074294, -0.779861748, -0.752308667, -0.616074383, -0.61529094, -0.00736868195, 0.0301812161, -0.0325161293, 0.00103380647, 0.00103177212, 0.698848009]}}
state_operation {'target': 'raptor', 'operation': 'inject', 'response': {'request_id': 27156000, 'applied_us': 27160000, 'target': 1, 'operation': 6, 'result': 0, 'dimension': 26, 'active': False, 'holding': True, 'values': [0.0500000007, 0.0500000007, 0.0500000007, 0.0500000007, 0.0500000007, 0.0500000007, 0.0500000007, 0.0500000007, 0.0500000007, 0.0500000007, 0.0500000007, 0.0500000007, 0.0500000007, 0.0500000007, 0.0500000007, 0.0500000007, 0.0299999993, 0.0299999993, 0.0299999993, 0.0299999993, -0.00736868195, 0.0301812161, -0.0325161293, 0.00103380647, 0.00103177212, 0.698848009]}}
state_operation {'target': 'raptor', 'operation': 'read', 'response': {'request_id': 27176000, 'applied_us': 27180000, 'target': 1, 'operation': 1, 'result': 0, 'dimension': 26, 'active': False, 'holding': True, 'values': [0.0500000007, 0.0500000007, 0.0500000007, 0.0500000007, 0.0500000007, 0.0500000007, 0.0500000007, 0.0500000007, 0.0500000007, 0.0500000007, 0.0500000007, 0.0500000007, 0.0500000007, 0.0500000007, 0.0500000007, 0.0500000007, 0.0299999993, 0.0299999993, 0.0299999993, 0.0299999993, -0.00736868195, 0.0301812161, -0.0325161293, 0.00103380647, 0.00103177212, 0.698848009]}}
state_operation {'target': 'raptor', 'operation': 'snapshot', 'response': {'request_id': 27196000, 'applied_us': 27200000, 'target': 1, 'operation': 2, 'result': 0, 'dimension': 26, 'active': False, 'holding': True, 'values': [0.0500000007, 0.0500000007, 0.0500000007, 0.0500000007, 0.0500000007, 0.0500000007, 0.0500000007, 0.0500000007, 0.0500000007, 0.0500000007, 0.0500000007, 0.0500000007, 0.0500000007, 0.0500000007, 0.0500000007, 0.0500000007, 0.0299999993, 0.0299999993, 0.0299999993, 0.0299999993, -0.00736868195, 0.0301812161, -0.0325161293, 0.00103380647, 0.00103177212, 0.698848009]}}
state_operation {'target': 'raptor', 'operation': 'reset', 'response': {'request_id': 27216000, 'applied_us': 27220000, 'target': 1, 'operation': 3, 'result': 0, 'dimension': 26, 'active': False, 'holding': True, 'values': [0, 0, 0, 0, 0, 0, 0, 0, 0, 0, 0, 0, 0, 0, 0, 0, 0, 0, 0, 0, -0.00736868195, 0.0301812161, -0.0325161293, 0.00103380647, 0.00103177212, 0.698848009]}}
state_operation {'target': 'raptor', 'operation': 'restore', 'response': {'request_id': 27236000, 'applied_us': 27240000, 'target': 1, 'operation': 5, 'result': 0, 'dimension': 26, 'active': False, 'holding': True, 'values': [0.0500000007, 0.0500000007, 0.0500000007, 0.0500000007, 0.0500000007, 0.0500000007, 0.0500000007, 0.0500000007, 0.0500000007, 0.0500000007, 0.0500000007, 0.0500000007, 0.0500000007, 0.0500000007, 0.0500000007, 0.0500000007, 0.0299999993, 0.0299999993, 0.0299999993, 0.0299999993, -0.00736868195, 0.0301812161, -0.0325161293, 0.00103380647, 0.00103177212, 0.698848009]}}
state_operation {'target': 'raptor', 'operation': 'inject', 'response': {'request_id': 27256000, 'applied_us': 27260000, 'target': 1, 'operation': 6, 'result': 3, 'dimension': 26, 'active': False, 'holding': True, 'values': [0.0500000007, 0.0500000007, 0.0500000007, 0.0500000007, 0.0500000007, 0.0500000007, 0.0500000007, 0.0500000007, 0.0500000007, 0.0500000007, 0.0500000007, 0.0500000007, 0.0500000007, 0.0500000007, 0.0500000007, 0.0500000007, 0.0299999993, 0.0299999993, 0.0299999993, 0.0299999993, -0.00736868195, 0.0301812161, -0.0325161293, 0.00103380647, 0.00103177212, 0.698848009]}}
state_operation {'target': 'raptor', 'operation': 'inject', 'response': {'request_id': 27276000, 'applied_us': 27280000, 'target': 1, 'operation': 6, 'result': 4, 'dimension': 26, 'active': False, 'holding': True, 'values': [0.0500000007, 0.0500000007, 0.0500000007, 0.0500000007, 0.0500000007, 0.0500000007, 0.0500000007, 0.0500000007, 0.0500000007, 0.0500000007, 0.0500000007, 0.0500000007, 0.0500000007, 0.0500000007, 0.0500000007, 0.0500000007, 0.0299999993, 0.0299999993, 0.0299999993, 0.0299999993, -0.00736868195, 0.0301812161, -0.0325161293, 0.00103380647, 0.00103177212, 0.698848009]}}
state_operation {'target': 'raptor', 'operation': 'inject', 'response': {'request_id': 27300000, 'applied_us': 27300000, 'target': 1, 'operation': 6, 'result': 5, 'dimension': 26, 'active': False, 'holding': True, 'values': [0.0500000007, 0.0500000007, 0.0500000007, 0.0500000007, 0.0500000007, 0.0500000007, 0.0500000007, 0.0500000007, 0.0500000007, 0.0500000007, 0.0500000007, 0.0500000007, 0.0500000007, 0.0500000007, 0.0500000007, 0.0500000007, 0.0299999993, 0.0299999993, 0.0299999993, 0.0299999993, -0.00736868195, 0.0301812161, -0.0325161293, 0.00103380647, 0.00103177212, 0.698848009]}}
state_operation {'target': 'raptor', 'operation': 'reset', 'response': {'request_id': 27320000, 'applied_us': 27324000, 'target': 1, 'operation': 3, 'result': 0, 'dimension': 26, 'active': False, 'holding': True, 'values': [0, 0, 0, 0, 0, 0, 0, 0, 0, 0, 0, 0, 0, 0, 0, 0, 0, 0, 0, 0, -0.00736868195, 0.0301812161, -0.0325161293, 0.00103380647, 0.00103177212, 0.698848009]}}
state_operation {'target': 'raptor', 'operation': 'release', 'response': {'request_id': 27340000, 'applied_us': 27344000, 'target': 1, 'operation': 7, 'result': 0, 'dimension': 26, 'active': False, 'holding': False, 'values': [0, 0, 0, 0, 0, 0, 0, 0, 0, 0, 0, 0, 0, 0, 0, 0, 0, 0, 0, 0, -0.00736868195, 0.0301812161, -0.0325161293, 0.00103380647, 0.00103177212, 0.698848009]}}
state_operation {'target': 'rate', 'operation': 'hold', 'response': {'request_id': 27360000, 'applied_us': 27364000, 'target': 2, 'operation': 4, 'result': 0, 'dimension': 3, 'active': False, 'holding': True, 'values': [0, 0, 0]}}
state_operation {'target': 'rate', 'operation': 'read', 'response': {'request_id': 27380000, 'applied_us': 27384000, 'target': 2, 'operation': 1, 'result': 0, 'dimension': 3, 'active': False, 'holding': True, 'values': [0, 0, 0]}}
state_operation {'target': 'rate', 'operation': 'inject', 'response': {'request_id': 27400000, 'applied_us': 27404000, 'target': 2, 'operation': 6, 'result': 0, 'dimension': 3, 'active': False, 'holding': True, 'values': [0.00999999978, -0.00999999978, 0.0149999997]}}
state_operation {'target': 'rate', 'operation': 'read', 'response': {'request_id': 27420000, 'applied_us': 27424000, 'target': 2, 'operation': 1, 'result': 0, 'dimension': 3, 'active': False, 'holding': True, 'values': [0.00999999978, -0.00999999978, 0.0149999997]}}
state_operation {'target': 'rate', 'operation': 'snapshot', 'response': {'request_id': 27440000, 'applied_us': 27444000, 'target': 2, 'operation': 2, 'result': 0, 'dimension': 3, 'active': False, 'holding': True, 'values': [0.00999999978, -0.00999999978, 0.0149999997]}}
state_operation {'target': 'rate', 'operation': 'reset', 'response': {'request_id': 27464000, 'applied_us': 27468000, 'target': 2, 'operation': 3, 'result': 0, 'dimension': 3, 'active': False, 'holding': True, 'values': [0, 0, 0]}}
state_operation {'target': 'rate', 'operation': 'restore', 'response': {'request_id': 27484000, 'applied_us': 27488000, 'target': 2, 'operation': 5, 'result': 0, 'dimension': 3, 'active': False, 'holding': True, 'values': [0.00999999978, -0.00999999978, 0.0149999997]}}
state_operation {'target': 'rate', 'operation': 'inject', 'response': {'request_id': 27504000, 'applied_us': 27508000, 'target': 2, 'operation': 6, 'result': 3, 'dimension': 3, 'active': False, 'holding': True, 'values': [0.00999999978, -0.00999999978, 0.0149999997]}}
state_operation {'target': 'rate', 'operation': 'inject', 'response': {'request_id': 27524000, 'applied_us': 27528000, 'target': 2, 'operation': 6, 'result': 4, 'dimension': 3, 'active': False, 'holding': True, 'values': [0.00999999978, -0.00999999978, 0.0149999997]}}
state_operation {'target': 'rate', 'operation': 'inject', 'response': {'request_id': 27544000, 'applied_us': 27548000, 'target': 2, 'operation': 6, 'result': 5, 'dimension': 3, 'active': False, 'holding': True, 'values': [0.00999999978, -0.00999999978, 0.0149999997]}}
state_operation {'target': 'rate', 'operation': 'reset', 'response': {'request_id': 27564000, 'applied_us': 27568000, 'target': 2, 'operation': 3, 'result': 0, 'dimension': 3, 'active': False, 'holding': True, 'values': [0, 0, 0]}}
state_operation {'target': 'rate', 'operation': 'release', 'response': {'request_id': 27584000, 'applied_us': 27588000, 'target': 2, 'operation': 7, 'result': 0, 'dimension': 3, 'active': False, 'holding': False, 'values': [0, 0, 0]}}
state_operation {'target': 'velocity', 'operation': 'hold', 'response': {'request_id': 27604000, 'applied_us': 27608000, 'target': 3, 'operation': 4, 'result': 0, 'dimension': 3, 'active': False, 'holding': True, 'values': [0, 0, 0]}}
state_operation {'target': 'velocity', 'operation': 'read', 'response': {'request_id': 27624000, 'applied_us': 27632000, 'target': 3, 'operation': 1, 'result': 0, 'dimension': 3, 'active': False, 'holding': True, 'values': [0, 0, 0]}}
state_operation {'target': 'velocity', 'operation': 'inject', 'response': {'request_id': 27648000, 'applied_us': 27656000, 'target': 3, 'operation': 6, 'result': 0, 'dimension': 3, 'active': False, 'holding': True, 'values': [0.00999999978, -0.00999999978, 0.0149999997]}}
state_operation {'target': 'velocity', 'operation': 'read', 'response': {'request_id': 27676000, 'applied_us': 27680000, 'target': 3, 'operation': 1, 'result': 0, 'dimension': 3, 'active': False, 'holding': True, 'values': [0.00999999978, -0.00999999978, 0.0149999997]}}
state_operation {'target': 'velocity', 'operation': 'snapshot', 'response': {'request_id': 27696000, 'applied_us': 27704000, 'target': 3, 'operation': 2, 'result': 0, 'dimension': 3, 'active': False, 'holding': True, 'values': [0.00999999978, -0.00999999978, 0.0149999997]}}
state_operation {'target': 'velocity', 'operation': 'reset', 'response': {'request_id': 27720000, 'applied_us': 27728000, 'target': 3, 'operation': 3, 'result': 0, 'dimension': 3, 'active': False, 'holding': True, 'values': [0, 0, 0]}}
state_operation {'target': 'velocity', 'operation': 'restore', 'response': {'request_id': 27744000, 'applied_us': 27752000, 'target': 3, 'operation': 5, 'result': 0, 'dimension': 3, 'active': False, 'holding': True, 'values': [0.00999999978, -0.00999999978, 0.0149999997]}}
state_operation {'target': 'velocity', 'operation': 'inject', 'response': {'request_id': 27768000, 'applied_us': 27776000, 'target': 3, 'operation': 6, 'result': 3, 'dimension': 3, 'active': False, 'holding': True, 'values': [0.00999999978, -0.00999999978, 0.0149999997]}}
state_operation {'target': 'velocity', 'operation': 'inject', 'response': {'request_id': 27792000, 'applied_us': 27800000, 'target': 3, 'operation': 6, 'result': 4, 'dimension': 3, 'active': False, 'holding': True, 'values': [0.00999999978, -0.00999999978, 0.0149999997]}}
state_operation {'target': 'velocity', 'operation': 'inject', 'response': {'request_id': 27816000, 'applied_us': 27824000, 'target': 3, 'operation': 6, 'result': 5, 'dimension': 3, 'active': False, 'holding': True, 'values': [0.00999999978, -0.00999999978, 0.0149999997]}}
state_operation {'target': 'velocity', 'operation': 'reset', 'response': {'request_id': 27840000, 'applied_us': 27848000, 'target': 3, 'operation': 3, 'result': 0, 'dimension': 3, 'active': False, 'holding': True, 'values': [0, 0, 0]}}
state_operation {'target': 'velocity', 'operation': 'release', 'response': {'request_id': 27860000, 'applied_us': 27864000, 'target': 3, 'operation': 7, 'result': 0, 'dimension': 3, 'active': False, 'holding': False, 'values': [0, 0, 0]}}
command_requested {'command': 400, 'params': {'param1': 1}}
command_ack {'command': 400, 'result': 0, 'timestamp': 1791549106221133}
ready {'condition': 'command acknowledgement'}
command_requested {'command': 22, 'params': {'param4': None, 'param5': None, 'param6': None, 'param7': None}}
command_ack {'command': 22, 'result': 0, 'timestamp': 1791549106329133}
ready {'condition': 'command acknowledgement'}
ready {'condition': 'takeoff altitude'}
command_requested {'command': 100001, 'params': {'param1': 4}}
command_ack {'command': 100001, 'result': 0, 'timestamp': 1791549114561136}
ready {'condition': 'command acknowledgement'}
ready {'condition': 'nav_state=4'}
mode_confirmed {'mode': 4, 'px4_timestamp': 1791549114561136}
hover_started {'label': 'classic_before', 'duration_s': 10}
ready {'condition': 'simulation hover duration classic_before'}
hover_ended {'label': 'classic_before'}
state_capture_started {'label': 'classic_before_handover'}
state_operation {'target': 'raptor', 'operation': 'read', 'response': {'request_id': 46644000, 'applied_us': 46648000, 'target': 1, 'operation': 1, 'result': 0, 'dimension': 26, 'active': False, 'holding': False, 'values': [-0.267627627, -0.0759138539, -0.0887148753, -0.178286731, -0.182768613, -0.024678193, 0.365602911, -0.0894376636, -0.723659992, 0.801856279, 0.0982021764, -0.321717173, 0.217700586, 0.27256608, -0.53289479, 0.00530421734, -0.224284098, -0.223871619, -0.205036893, -0.204789773, -0.00909697637, 0.0138671296, -3.04634953, -1.29394784e-05, 3.29102659e-06, -0.00118255615]}}
state_operation {'target': 'rate', 'operation': 'read', 'response': {'request_id': 46664000, 'applied_us': 46668000, 'target': 2, 'operation': 1, 'result': 0, 'dimension': 3, 'active': True, 'holding': False, 'values': [5.21789589e-05, 1.2448264e-05, 1.50060432e-05]}}
state_operation {'target': 'velocity', 'operation': 'read', 'response': {'request_id': 46684000, 'applied_us': 46688000, 'target': 3, 'operation': 1, 'result': 0, 'dimension': 3, 'active': True, 'holding': False, 'values': [0.00430557411, -0.00264331535, 0.0148206009]}}
state_capture_finished {'label': 'classic_before_handover'}
state_operation {'target': 'rate', 'operation': 'snapshot', 'response': {'request_id': 46704000, 'applied_us': 46708000, 'target': 2, 'operation': 2, 'result': 0, 'dimension': 3, 'active': True, 'holding': False, 'values': [6.07035581e-05, 6.19787897e-06, 1.44896167e-05]}}
state_operation {'target': 'velocity', 'operation': 'snapshot', 'response': {'request_id': 46724000, 'applied_us': 46728000, 'target': 3, 'operation': 2, 'result': 0, 'dimension': 3, 'active': True, 'holding': False, 'values': [0.00444589416, -0.00270716241, 0.0143958637]}}
state_operation {'target': 'raptor', 'operation': 'hold', 'response': {'request_id': 46760000, 'applied_us': 46764000, 'target': 1, 'operation': 4, 'result': 0, 'dimension': 26, 'active': False, 'holding': True, 'values': [-0.265567482, -0.0772531927, -0.0843847841, -0.173075393, -0.174584478, -0.0279018022, 0.36511296, -0.0874210075, -0.728554666, 0.804428816, 0.100441396, -0.312031835, 0.21856831, 0.261929631, -0.532647967, 0.00672974112, -0.224309757, -0.21411702, -0.186306119, -0.194873899, -0.00909847394, 0.0138675105, -3.04648566, -1.2015209e-05, 3.05604226e-06, -0.00111293793]}}
state_operation {'target': 'raptor', 'operation': 'read', 'response': {'request_id': 46780000, 'applied_us': 46784000, 'target': 1, 'operation': 1, 'result': 0, 'dimension': 26, 'active': False, 'holding': True, 'values': [-0.265567482, -0.0772531927, -0.0843847841, -0.173075393, -0.174584478, -0.0279018022, 0.36511296, -0.0874210075, -0.728554666, 0.804428816, 0.100441396, -0.312031835, 0.21856831, 0.261929631, -0.532647967, 0.00672974112, -0.224309757, -0.21411702, -0.186306119, -0.194873899, -0.00909847394, 0.0138675105, -3.04648566, -1.2015209e-05, 3.05604226e-06, -0.00111293793]}}
state_operation {'target': 'raptor', 'operation': 'inject', 'response': {'request_id': 46800000, 'applied_us': 46804000, 'target': 1, 'operation': 6, 'result': 0, 'dimension': 26, 'active': False, 'holding': True, 'values': [0.0199999996, 0.0199999996, 0.0199999996, 0.0199999996, 0.0199999996, 0.0199999996, 0.0199999996, 0.0199999996, 0.0199999996, 0.0199999996, 0.0199999996, 0.0199999996, 0.0199999996, 0.0199999996, 0.0199999996, 0.0199999996, -0.224309757, -0.21411702, -0.186306119, -0.194873899, -0.00909847394, 0.0138675105, -3.04648566, -1.2015209e-05, 3.05604226e-06, -0.00111293793]}}
handover_requested {'from_controller': 'C', 'to_controller': 'N', 'iteration': 0}
command_requested {'command': 100001, 'params': {'param1': 23}}
command_ack {'command': 100001, 'result': 0, 'timestamp': 1791549125169138}
ready {'condition': 'command acknowledgement'}
ready {'condition': 'nav_state=23'}
mode_confirmed {'mode': 23, 'px4_timestamp': 1791549125193138}
ready {'condition': 'RAPTOR active diagnostic DDS'}
state_capture_started {'label': 'neural_after_entry'}
state_operation {'target': 'raptor', 'operation': 'read', 'response': {'request_id': 47152000, 'applied_us': 47156000, 'target': 1, 'operation': 1, 'result': 0, 'dimension': 26, 'active': True, 'holding': True, 'values': [0.0199999996, 0.0199999996, 0.0199999996, 0.0199999996, 0.0199999996, 0.0199999996, 0.0199999996, 0.0199999996, 0.0199999996, 0.0199999996, 0.0199999996, 0.0199999996, 0.0199999996, 0.0199999996, 0.0199999996, 0.0199999996, -0.224309757, -0.21411702, -0.186306119, -0.194873899, -0.00909847394, 0.0138675105, -3.04648566, -1.2015209e-05, 3.05604226e-06, -0.00111293793]}}
state_operation {'target': 'rate', 'operation': 'read', 'response': {'request_id': 47172000, 'applied_us': 47176000, 'target': 2, 'operation': 1, 'result': 0, 'dimension': 3, 'active': False, 'holding': False, 'values': [7.20043463e-05, -2.09534537e-05, 1.41178689e-05]}}
state_operation {'target': 'velocity', 'operation': 'read', 'response': {'request_id': 47192000, 'applied_us': 47200000, 'target': 3, 'operation': 1, 'result': 0, 'dimension': 3, 'active': False, 'holding': False, 'values': [0, 0, 0]}}
state_capture_finished {'label': 'neural_after_entry'}
state_operation {'target': 'raptor', 'operation': 'restore', 'response': {'request_id': 47220000, 'applied_us': 47224000, 'target': 1, 'operation': 5, 'result': 2, 'dimension': 26, 'active': True, 'holding': True, 'values': [0.0199999996, 0.0199999996, 0.0199999996, 0.0199999996, 0.0199999996, 0.0199999996, 0.0199999996, 0.0199999996, 0.0199999996, 0.0199999996, 0.0199999996, 0.0199999996, 0.0199999996, 0.0199999996, 0.0199999996, 0.0199999996, -0.224309757, -0.21411702, -0.186306119, -0.194873899, -0.00909847394, 0.0138675105, -3.04648566, -1.2015209e-05, 3.05604226e-06, -0.00111293793]}}
state_operation {'target': 'raptor', 'operation': 'inject', 'response': {'request_id': 47236000, 'applied_us': 47240000, 'target': 1, 'operation': 6, 'result': 2, 'dimension': 26, 'active': True, 'holding': True, 'values': [0.0199999996, 0.0199999996, 0.0199999996, 0.0199999996, 0.0199999996, 0.0199999996, 0.0199999996, 0.0199999996, 0.0199999996, 0.0199999996, 0.0199999996, 0.0199999996, 0.0199999996, 0.0199999996, 0.0199999996, 0.0199999996, -0.224309757, -0.21411702, -0.186306119, -0.194873899, -0.00909847394, 0.0138675105, -3.04648566, -1.2015209e-05, 3.05604226e-06, -0.00111293793]}}
state_operation {'target': 'raptor', 'operation': 'release', 'response': {'request_id': 47256000, 'applied_us': 47260000, 'target': 1, 'operation': 7, 'result': 0, 'dimension': 26, 'active': True, 'holding': False, 'values': [0.0199999996, 0.0199999996, 0.0199999996, 0.0199999996, 0.0199999996, 0.0199999996, 0.0199999996, 0.0199999996, 0.0199999996, 0.0199999996, 0.0199999996, 0.0199999996, 0.0199999996, 0.0199999996, 0.0199999996, 0.0199999996, -0.224309757, -0.21411702, -0.186306119, -0.194873899, -0.00909847394, 0.0138675105, -3.04648566, -1.2015209e-05, 3.05604226e-06, -0.00111293793]}}
hover_started {'label': 'neural', 'duration_s': 5}
ready {'condition': 'simulation hover duration neural'}
hover_ended {'label': 'neural'}
state_capture_started {'label': 'neural_before_exit'}
state_operation {'target': 'raptor', 'operation': 'read', 'response': {'request_id': 52392000, 'applied_us': 52396000, 'target': 1, 'operation': 1, 'result': 0, 'dimension': 26, 'active': True, 'holding': False, 'values': [-0.355606884, 0.0444935858, 0.270142764, 0.412594527, 0.313498348, 0.45885396, 0.283213019, -0.263396204, -0.796189129, 0.866093397, 0.355204582, 0.263470322, 0.240701571, -0.397848606, -0.556346059, -0.272039801, 0.460095227, 0.458407968, 0.459891319, 0.460763693, -0.00909847394, 0.0138675105, -3.04648566, -1.2015209e-05, 3.05604226e-06, -0.00111293793]}}
state_operation {'target': 'rate', 'operation': 'read', 'response': {'request_id': 52412000, 'applied_us': 52416000, 'target': 2, 'operation': 1, 'result': 0, 'dimension': 3, 'active': False, 'holding': False, 'values': [7.20043463e-05, -2.09534537e-05, 1.41178689e-05]}}
state_operation {'target': 'velocity', 'operation': 'read', 'response': {'request_id': 52432000, 'applied_us': 52440000, 'target': 3, 'operation': 1, 'result': 0, 'dimension': 3, 'active': False, 'holding': False, 'values': [0, 0, 0]}}
state_capture_finished {'label': 'neural_before_exit'}
handover_requested {'from_controller': 'N', 'to_controller': 'C', 'iteration': 0}
command_requested {'command': 100001, 'params': {'param1': 4}}
command_ack {'command': 100001, 'result': 0, 'timestamp': 1791549130797140}
ready {'condition': 'command acknowledgement'}
ready {'condition': 'nav_state=4'}
mode_confirmed {'mode': 4, 'px4_timestamp': 1791549130809140}
state_capture_started {'label': 'classic_after_entry'}
state_operation {'target': 'raptor', 'operation': 'read', 'response': {'request_id': 52656000, 'applied_us': 52660000, 'target': 1, 'operation': 1, 'result': 0, 'dimension': 26, 'active': False, 'holding': False, 'values': [-0.334741622, 0.0311321896, 0.189135313, 0.26996696, 0.242987394, 0.350070298, 0.262539059, -0.23683092, -0.790132642, 0.867630422, 0.312422216, 0.187024742, 0.27131483, -0.283151358, -0.527353227, -0.174052775, 0.303872257, 0.32921046, 0.347936094, 0.319031954, -0.0262069684, 0.0209145416, -3.03159785, 0.00541352713, 0.00164407503, -0.000176429749]}}
state_operation {'target': 'rate', 'operation': 'read', 'response': {'request_id': 52676000, 'applied_us': 52680000, 'target': 2, 'operation': 1, 'result': 0, 'dimension': 3, 'active': True, 'holding': False, 'values': [-0.00010459347, -0.000272096688, -3.67506364e-05]}}
state_operation {'target': 'velocity', 'operation': 'read', 'response': {'request_id': 52696000, 'applied_us': 52704000, 'target': 3, 'operation': 1, 'result': 0, 'dimension': 3, 'active': True, 'holding': False, 'values': [-0.000654412375, -0.000459018775, 0.000968416571]}}
state_capture_finished {'label': 'classic_after_entry'}
hover_started {'label': 'classic_after', 'duration_s': 10}
ready {'condition': 'simulation hover duration classic_after'}
hover_ended {'label': 'classic_after'}
command_requested {'command': 21, 'params': {}}
command_ack {'command': 21, 'result': 0, 'timestamp': 1791549141225145}
ready {'condition': 'command acknowledgement'}
ready {'condition': 'landing'}
ready {'condition': 'disarmed'}
process_stopped {'name': 'agent-reconnected', 'pid': 791772, 'exit_code': -2}
process_stopped {'name': 'px4', 'pid': 791250, 'exit_code': 0}
process_stopped {'name': 'tegrastats', 'pid': 791213, 'exit_code': -2}
process_stopped {'name': 'gz-stats', 'pid': 791212, 'exit_code': 0}
process_stopped {'name': 'gazebo', 'pid': 791211, 'exit_code': 0}
process_stopped {'name': 'agent', 'pid': 791210, 'exit_code': -2}
/home/car/uav_handover/data/verified-state_injection PASS
